f=318 addr=9C55 ptr=9C53 yidx=02 ypos=B7 tile=A0 bankSel=87 bankData=19
f=318 addr=9822 ptr=9820 yidx=02 ypos=3B tile=2A bankSel=87 bankData=29
f=318 addr=9A41 ptr=9A3F yidx=02 ypos=3B tile=AA bankSel=87 bankData=29
f=318 addr=83D3 ptr=83D1 yidx=02 ypos=1A tile=86 bankSel=87 bankData=09
f=318 addr=8369 ptr=8367 yidx=02 ypos=19 tile=A1 bankSel=87 bankData=09
f=318 addr=83C5 ptr=83C3 yidx=02 ypos=53 tile=8F bankSel=87 bankData=09
f=319 addr=9C55 ptr=9C53 yidx=02 ypos=B7 tile=A0 bankSel=87 bankData=19
f=319 addr=9822 ptr=9820 yidx=02 ypos=3B tile=2A bankSel=87 bankData=29
f=319 addr=9A41 ptr=9A3F yidx=02 ypos=3B tile=AA bankSel=87 bankData=29
f=319 addr=83EB ptr=83E9 yidx=02 ypos=1A tile=8A bankSel=87 bankData=09
f=319 addr=83C0 ptr=83BE yidx=02 ypos=7D tile=8E bankSel=87 bankData=09
f=319 addr=83CA ptr=83C8 yidx=02 ypos=4F tile=90 bankSel=87 bankData=09
f=320 addr=9C55 ptr=9C53 yidx=02 ypos=B7 tile=A0 bankSel=87 bankData=19
f=320 addr=9822 ptr=9820 yidx=02 ypos=3B tile=2A bankSel=87 bankData=29
f=320 addr=9A41 ptr=9A3F yidx=02 ypos=3B tile=AA bankSel=87 bankData=29
f=320 addr=83EB ptr=83E9 yidx=02 ypos=1A tile=8A bankSel=87 bankData=09
f=320 addr=83C0 ptr=83BE yidx=02 ypos=7D tile=8E bankSel=87 bankData=09
f=320 addr=83CA ptr=83C8 yidx=02 ypos=4F tile=90 bankSel=87 bankData=09
f=321 addr=9C55 ptr=9C53 yidx=02 ypos=B7 tile=A0 bankSel=87 bankData=19
f=321 addr=9822 ptr=9820 yidx=02 ypos=3B tile=2A bankSel=87 bankData=29
f=321 addr=9A41 ptr=9A3F yidx=02 ypos=3B tile=AA bankSel=87 bankData=29
f=321 addr=8369 ptr=8367 yidx=02 ypos=1F tile=A1 bankSel=87 bankData=09
f=321 addr=83C5 ptr=83C3 yidx=02 ypos=7D tile=8F bankSel=87 bankData=09
f=321 addr=83D3 ptr=83D1 yidx=02 ypos=4B tile=86 bankSel=87 bankData=09
f=322 addr=9C55 ptr=9C53 yidx=02 ypos=B7 tile=A0 bankSel=87 bankData=19
f=322 addr=9822 ptr=9820 yidx=02 ypos=3B tile=2A bankSel=87 bankData=29
f=322 addr=9A41 ptr=9A3F yidx=02 ypos=3B tile=AA bankSel=87 bankData=29
f=322 addr=8369 ptr=8367 yidx=02 ypos=1F tile=A1 bankSel=87 bankData=09
f=322 addr=83C5 ptr=83C3 yidx=02 ypos=7D tile=8F bankSel=87 bankData=09
f=322 addr=83D3 ptr=83D1 yidx=02 ypos=4B tile=86 bankSel=87 bankData=09
f=323 addr=9C55 ptr=9C53 yidx=02 ypos=B7 tile=A0 bankSel=87 bankData=19
f=323 addr=9822 ptr=9820 yidx=02 ypos=3B tile=2A bankSel=87 bankData=29
f=323 addr=9A41 ptr=9A3F yidx=02 ypos=3B tile=AA bankSel=87 bankData=29
f=323 addr=83C0 ptr=83BE yidx=02 ypos=68 tile=8E bankSel=87 bankData=09
f=323 addr=83CA ptr=83C8 yidx=02 ypos=79 tile=90 bankSel=87 bankData=09
f=323 addr=83EB ptr=83E9 yidx=02 ypos=4B tile=8A bankSel=87 bankData=09
f=324 addr=9C55 ptr=9C53 yidx=02 ypos=B7 tile=A0 bankSel=87 bankData=19
f=324 addr=9822 ptr=9820 yidx=02 ypos=3B tile=2A bankSel=87 bankData=29
f=324 addr=9A41 ptr=9A3F yidx=02 ypos=3B tile=AA bankSel=87 bankData=29
f=324 addr=83C0 ptr=83BE yidx=02 ypos=68 tile=8E bankSel=87 bankData=09
f=324 addr=83CA ptr=83C8 yidx=02 ypos=79 tile=90 bankSel=87 bankData=09
f=324 addr=83EB ptr=83E9 yidx=02 ypos=4B tile=8A bankSel=87 bankData=09
f=325 addr=9C55 ptr=9C53 yidx=02 ypos=B7 tile=A0 bankSel=87 bankData=19
f=325 addr=9822 ptr=9820 yidx=02 ypos=3B tile=2A bankSel=87 bankData=29
f=325 addr=9A41 ptr=9A3F yidx=02 ypos=3B tile=AA bankSel=87 bankData=29
f=325 addr=83C5 ptr=83C3 yidx=02 ypos=68 tile=8F bankSel=87 bankData=09
f=325 addr=83D3 ptr=83D1 yidx=02 ypos=75 tile=86 bankSel=87 bankData=09
f=325 addr=8369 ptr=8367 yidx=02 ypos=50 tile=A1 bankSel=87 bankData=09
