first=235 tile=A1 obj=0E p30=15 mask=80 ptr=8367 y=4D oam=02C5 pc=D23A
first=235 tile=A2 obj=0E p30=15 mask=80 ptr=8367 y=2A oam=02F9 pc=D23A
first=235 tile=A3 obj=0E p30=15 mask=80 ptr=8367 y=32 oam=026D pc=D23A
first=235 tile=A4 obj=0E p30=15 mask=80 ptr=8367 y=56 oam=02A1 pc=D23A
first=235 tile=A5 obj=0E p30=15 mask=80 ptr=8367 y=3C oam=02D5 pc=D23A
first=235 tile=A6 obj=0E p30=15 mask=80 ptr=8367 y=44 oam=0249 pc=D23A
first=235 tile=A7 obj=0E p30=15 mask=80 ptr=8367 y=2C oam=027D pc=D23A
first=235 tile=A8 obj=0E p30=15 mask=80 ptr=8367 y=34 oam=02B1 pc=D23A
first=235 tile=A9 obj=0E p30=15 mask=80 ptr=8367 y=3C oam=02E5 pc=D23A
first=237 tile=91 obj=0E p30=16 mask=80 ptr=8376 y=47 oam=026D pc=D23A
first=237 tile=92 obj=0E p30=16 mask=80 ptr=8376 y=47 oam=02A1 pc=D23A
first=237 tile=93 obj=0E p30=16 mask=80 ptr=8376 y=4F oam=02D5 pc=D23A
first=237 tile=94 obj=0E p30=16 mask=80 ptr=8376 y=4F oam=0249 pc=D23A
first=237 tile=95 obj=0E p30=16 mask=80 ptr=8376 y=4F oam=027D pc=D23A
first=237 tile=96 obj=0E p30=16 mask=80 ptr=8376 y=57 oam=02B1 pc=D23A
first=237 tile=97 obj=0E p30=16 mask=80 ptr=8376 y=57 oam=02E5 pc=D23A
first=237 tile=98 obj=0E p30=16 mask=80 ptr=8376 y=57 oam=0259 pc=D23A
first=239 tile=99 obj=0E p30=17 mask=80 ptr=839A y=44 oam=02D5 pc=D23A
first=239 tile=9A obj=0E p30=17 mask=80 ptr=839A y=4C oam=0249 pc=D23A
first=239 tile=9B obj=0E p30=17 mask=80 ptr=839A y=4C oam=027D pc=D23A
first=239 tile=9C obj=0E p30=17 mask=80 ptr=839A y=54 oam=02B1 pc=D23A
first=239 tile=9D obj=0E p30=17 mask=80 ptr=839A y=54 oam=02E5 pc=D23A
first=239 tile=9E obj=0E p30=17 mask=80 ptr=839A y=5C oam=0259 pc=D23A
first=239 tile=9F obj=0E p30=17 mask=80 ptr=839A y=5C oam=028D pc=D23A
first=239 tile=A0 obj=0E p30=17 mask=80 ptr=839A y=44 oam=02C1 pc=D23A
first=291 tile=8E obj=0F p30=18 mask=80 ptr=83BE y=4D oam=0275 pc=D23A
first=293 tile=8F obj=0F p30=19 mask=80 ptr=83C3 y=F4 oam=02CD pc=D23A
first=295 tile=90 obj=0F p30=1A mask=80 ptr=83C8 y=2A oam=0269 pc=D23A
first=297 tile=86 obj=0F p30=1B mask=80 ptr=83D1 y=54 oam=02D1 pc=D23A
first=297 tile=87 obj=0F p30=1B mask=80 ptr=83D1 y=5C oam=0245 pc=D23A
first=297 tile=88 obj=0F p30=1B mask=80 ptr=83D1 y=5C oam=0279 pc=D23A
first=297 tile=89 obj=0F p30=1B mask=80 ptr=83D1 y=F4 oam=02AD pc=D23A
first=299 tile=8A obj=0F p30=1C mask=80 ptr=83E9 y=44 oam=0249 pc=D23A
first=299 tile=8B obj=0F p30=1C mask=80 ptr=83E9 y=2C oam=027D pc=D23A
first=299 tile=8C obj=0F p30=1C mask=80 ptr=83E9 y=34 oam=02B1 pc=D23A
first=299 tile=8D obj=0F p30=1C mask=80 ptr=83E9 y=3C oam=02E5 pc=D23A
tiles=86,87,88,89,8A,8B,8C,8D,8E,8F,90,91,92,93,94,95,96,97,98,99,9A,9B,9C,9D,9E,9F,A0,A1,A2,A3,A4,A5,A6,A7,A8,A9
