loaded R0=FC R1=FC UI_R0=FC UI_R1=12
S00: y=B7 tile=A0 attr=01 x=10
S04: y=B7 tile=A1 attr=01 x=18
S08: y=B7 tile=A2 attr=01 x=20
S0C: y=B7 tile=A3 attr=01 x=28
S10: y=BF tile=A4 attr=01 x=10
S14: y=BF tile=A5 attr=01 x=18
S18: y=BF tile=A6 attr=01 x=20
S1C: y=BF tile=A7 attr=01 x=28
S20: y=C7 tile=A8 attr=01 x=10
S24: y=C7 tile=A9 attr=01 x=18
S28: y=C7 tile=AA attr=01 x=20
S2C: y=C7 tile=AB attr=01 x=28
S30: y=CF tile=AC attr=01 x=10
S34: y=CF tile=AD attr=01 x=18
S38: y=CF tile=AE attr=01 x=20
S3C: y=CF tile=AF attr=01 x=28
S48: y=75 tile=8A attr=00 x=6E
S58: y=75 tile=8A attr=40 x=7E
S68: y=85 tile=8A attr=80 x=6E
S7C: y=75 tile=8B attr=00 x=76
S8C: y=85 tile=8B attr=80 x=76
S9C: y=7A tile=8E attr=00 x=A1
SB0: y=7D tile=8C attr=00 x=6E
SC0: y=7D tile=8C attr=40 x=7E
SE4: y=7D tile=8D attr=00 x=76
SF4: y=85 tile=8A attr=C0 x=7E
after=00 R0=FC R1=FC UI_R0=FC UI_R1=12
S00: y=B7 tile=A0 attr=01 x=10
S04: y=B7 tile=A1 attr=01 x=18
S08: y=B7 tile=A2 attr=01 x=20
S0C: y=B7 tile=A3 attr=01 x=28
S10: y=BF tile=A4 attr=01 x=10
S14: y=BF tile=A5 attr=01 x=18
S18: y=BF tile=A6 attr=01 x=20
S1C: y=BF tile=A7 attr=01 x=28
S20: y=C7 tile=A8 attr=01 x=10
S24: y=C7 tile=A9 attr=01 x=18
S28: y=C7 tile=AA attr=01 x=20
S2C: y=C7 tile=AB attr=01 x=28
S30: y=CF tile=AC attr=01 x=10
S34: y=CF tile=AD attr=01 x=18
S38: y=CF tile=AE attr=01 x=20
S3C: y=CF tile=AF attr=01 x=28
S48: y=75 tile=8A attr=00 x=6E
S58: y=75 tile=8A attr=40 x=7E
S68: y=85 tile=8A attr=80 x=6E
S7C: y=75 tile=8B attr=00 x=76
S8C: y=85 tile=8B attr=80 x=76
S9C: y=7A tile=8E attr=00 x=A1
SB0: y=7D tile=8C attr=00 x=6E
SC0: y=7D tile=8C attr=40 x=7E
SE4: y=7D tile=8D attr=00 x=76
SF4: y=85 tile=8A attr=C0 x=7E
after=01 R0=FC R1=FC UI_R0=FC UI_R1=12
S00: y=B7 tile=A0 attr=01 x=10
S04: y=B7 tile=A1 attr=01 x=18
S08: y=B7 tile=A2 attr=01 x=20
S0C: y=B7 tile=A3 attr=01 x=28
S10: y=BF tile=A4 attr=01 x=10
S14: y=BF tile=A5 attr=01 x=18
S18: y=BF tile=A6 attr=01 x=20
S1C: y=BF tile=A7 attr=01 x=28
S20: y=C7 tile=A8 attr=01 x=10
S24: y=C7 tile=A9 attr=01 x=18
S28: y=C7 tile=AA attr=01 x=20
S2C: y=C7 tile=AB attr=01 x=28
S30: y=CF tile=AC attr=01 x=10
S34: y=CF tile=AD attr=01 x=18
S38: y=CF tile=AE attr=01 x=20
S3C: y=CF tile=AF attr=01 x=28
S58: y=7D tile=4D attr=00 x=76
S68: y=85 tile=4A attr=C0 x=7E
S7C: y=75 tile=4A attr=00 x=6E
S8C: y=75 tile=4A attr=40 x=7E
S9C: y=85 tile=4A attr=80 x=6E
SB0: y=75 tile=4B attr=00 x=76
SC0: y=85 tile=4B attr=80 x=76
SD0: y=7A tile=4E attr=00 x=A1
SE4: y=7D tile=4C attr=00 x=6E
SF4: y=7D tile=4C attr=40 x=7E
after=02 R0=FC R1=FC UI_R0=FC UI_R1=12
S00: y=B7 tile=A0 attr=01 x=10
S04: y=B7 tile=A1 attr=01 x=18
S08: y=B7 tile=A2 attr=01 x=20
S0C: y=B7 tile=A3 attr=01 x=28
S10: y=BF tile=A4 attr=01 x=10
S14: y=BF tile=A5 attr=01 x=18
S18: y=BF tile=A6 attr=01 x=20
S1C: y=BF tile=A7 attr=01 x=28
S20: y=C7 tile=A8 attr=01 x=10
S24: y=C7 tile=A9 attr=01 x=18
S28: y=C7 tile=AA attr=01 x=20
S2C: y=C7 tile=AB attr=01 x=28
S30: y=CF tile=AC attr=01 x=10
S34: y=CF tile=AD attr=01 x=18
S38: y=CF tile=AE attr=01 x=20
S3C: y=CF tile=AF attr=01 x=28
S44: y=8A tile=67 attr=00 x=6E
S58: y=70 tile=46 attr=80 x=FE
S68: y=82 tile=64 attr=00 x=6E
S78: y=8A tile=68 attr=00 x=76
S8C: y=7A tile=61 attr=00 x=6E
S9C: y=82 tile=65 attr=00 x=76
SAC: y=8A tile=69 attr=00 x=7E
SB0: y=60 tile=46 attr=00 x=FE
SC0: y=7A tile=62 attr=00 x=76
SD0: y=82 tile=66 attr=00 x=7E
SE0: y=7A tile=4F attr=00 x=A1
SE4: y=68 tile=48 attr=00 x=FE
SF4: y=7A tile=63 attr=00 x=7E
after=03 R0=FC R1=FC UI_R0=FC UI_R1=12
S00: y=B7 tile=A0 attr=01 x=10
S04: y=B7 tile=A1 attr=01 x=18
S08: y=B7 tile=A2 attr=01 x=20
S0C: y=B7 tile=A3 attr=01 x=28
S10: y=BF tile=A4 attr=01 x=10
S14: y=BF tile=A5 attr=01 x=18
S18: y=BF tile=A6 attr=01 x=20
S1C: y=BF tile=A7 attr=01 x=28
S20: y=C7 tile=A8 attr=01 x=10
S24: y=C7 tile=A9 attr=01 x=18
S28: y=C7 tile=AA attr=01 x=20
S2C: y=C7 tile=AB attr=01 x=28
S30: y=CF tile=AC attr=01 x=10
S34: y=CF tile=AD attr=01 x=18
S38: y=CF tile=AE attr=01 x=20
S3C: y=CF tile=AF attr=01 x=28
S44: y=82 tile=66 attr=00 x=7E
S54: y=7A tile=4F attr=00 x=A1
S58: y=68 tile=48 attr=00 x=FE
S68: y=7A tile=63 attr=00 x=7E
S78: y=8A tile=67 attr=00 x=6E
S8C: y=70 tile=46 attr=80 x=FE
S9C: y=82 tile=64 attr=00 x=6E
SAC: y=8A tile=68 attr=00 x=76
SC0: y=7A tile=61 attr=00 x=6E
SD0: y=82 tile=65 attr=00 x=76
SE0: y=8A tile=69 attr=00 x=7E
SE4: y=60 tile=46 attr=00 x=FE
SF4: y=7A tile=62 attr=00 x=76
after=04 R0=FC R1=FC UI_R0=FC UI_R1=12
S00: y=B7 tile=A0 attr=01 x=10
S04: y=B7 tile=A1 attr=01 x=18
S08: y=B7 tile=A2 attr=01 x=20
S0C: y=B7 tile=A3 attr=01 x=28
S10: y=BF tile=A4 attr=01 x=10
S14: y=BF tile=A5 attr=01 x=18
S18: y=BF tile=A6 attr=01 x=20
S1C: y=BF tile=A7 attr=01 x=28
S20: y=C7 tile=A8 attr=01 x=10
S24: y=C7 tile=A9 attr=01 x=18
S28: y=C7 tile=AA attr=01 x=20
S2C: y=C7 tile=AB attr=01 x=28
S30: y=CF tile=AC attr=01 x=10
S34: y=CF tile=AD attr=01 x=18
S38: y=CF tile=AE attr=01 x=20
S3C: y=CF tile=AF attr=01 x=28
S4C: y=68 tile=4C attr=00 x=FE
S5C: y=76 tile=50 attr=40 x=A5
S80: y=70 tile=4A attr=80 x=FE
S90: y=7E tile=50 attr=80 x=9D
SC4: y=7E tile=50 attr=C0 x=A5
SD8: y=60 tile=4A attr=00 x=FE
SE8: y=76 tile=50 attr=00 x=9D
after=05 R0=FC R1=FC UI_R0=FC UI_R1=12
S00: y=B7 tile=A0 attr=01 x=10
S04: y=B7 tile=A1 attr=01 x=18
S08: y=B7 tile=A2 attr=01 x=20
S0C: y=B7 tile=A3 attr=01 x=28
S10: y=BF tile=A4 attr=01 x=10
S14: y=BF tile=A5 attr=01 x=18
S18: y=BF tile=A6 attr=01 x=20
S1C: y=BF tile=A7 attr=01 x=28
S20: y=C7 tile=A8 attr=01 x=10
S24: y=C7 tile=A9 attr=01 x=18
S28: y=C7 tile=AA attr=01 x=20
S2C: y=C7 tile=AB attr=01 x=28
S30: y=CF tile=AC attr=01 x=10
S34: y=CF tile=AD attr=01 x=18
S38: y=CF tile=AE attr=01 x=20
S3C: y=CF tile=AF attr=01 x=28
S4C: y=60 tile=4A attr=00 x=FE
S5C: y=76 tile=50 attr=00 x=9D
S80: y=68 tile=4C attr=00 x=FE
S90: y=76 tile=50 attr=40 x=A5
SB4: y=70 tile=4A attr=80 x=FE
SC4: y=7E tile=50 attr=80 x=9D
SF8: y=7E tile=50 attr=C0 x=A5
ppu-frame=01
P00: y=B7 tile=A0 attr=01 x=10
P04: y=B7 tile=A1 attr=01 x=18
P08: y=B7 tile=A2 attr=01 x=20
P0C: y=B7 tile=A3 attr=01 x=28
P10: y=BF tile=A4 attr=01 x=10
P14: y=BF tile=A5 attr=01 x=18
P18: y=BF tile=A6 attr=01 x=20
P1C: y=BF tile=A7 attr=01 x=28
P20: y=C7 tile=A8 attr=01 x=10
P24: y=C7 tile=A9 attr=01 x=18
P28: y=C7 tile=AA attr=01 x=20
P2C: y=C7 tile=AB attr=01 x=28
P30: y=CF tile=AC attr=01 x=10
P34: y=CF tile=AD attr=01 x=18
P38: y=CF tile=AE attr=01 x=20
P3C: y=CF tile=AF attr=01 x=28
P48: y=75 tile=8A attr=00 x=6E
P58: y=75 tile=8A attr=40 x=7E
P68: y=85 tile=8A attr=80 x=6E
P7C: y=75 tile=8B attr=00 x=76
P8C: y=85 tile=8B attr=80 x=76
P9C: y=7A tile=8E attr=00 x=A1
PB0: y=7D tile=8C attr=00 x=6E
PC0: y=7D tile=8C attr=40 x=7E
PE4: y=7D tile=8D attr=00 x=76
PF4: y=85 tile=8A attr=C0 x=7E
ppu-frame=02
P00: y=B7 tile=A0 attr=01 x=10
P04: y=B7 tile=A1 attr=01 x=18
P08: y=B7 tile=A2 attr=01 x=20
P0C: y=B7 tile=A3 attr=01 x=28
P10: y=BF tile=A4 attr=01 x=10
P14: y=BF tile=A5 attr=01 x=18
P18: y=BF tile=A6 attr=01 x=20
P1C: y=BF tile=A7 attr=01 x=28
P20: y=C7 tile=A8 attr=01 x=10
P24: y=C7 tile=A9 attr=01 x=18
P28: y=C7 tile=AA attr=01 x=20
P2C: y=C7 tile=AB attr=01 x=28
P30: y=CF tile=AC attr=01 x=10
P34: y=CF tile=AD attr=01 x=18
P38: y=CF tile=AE attr=01 x=20
P3C: y=CF tile=AF attr=01 x=28
P58: y=7D tile=4D attr=00 x=76
P68: y=85 tile=4A attr=C0 x=7E
P7C: y=75 tile=4A attr=00 x=6E
P8C: y=75 tile=4A attr=40 x=7E
P9C: y=85 tile=4A attr=80 x=6E
PB0: y=75 tile=4B attr=00 x=76
PC0: y=85 tile=4B attr=80 x=76
PD0: y=7A tile=4E attr=00 x=A1
PE4: y=7D tile=4C attr=00 x=6E
PF4: y=7D tile=4C attr=40 x=7E
ppu-frame=03
P00: y=B7 tile=A0 attr=01 x=10
P04: y=B7 tile=A1 attr=01 x=18
P08: y=B7 tile=A2 attr=01 x=20
P0C: y=B7 tile=A3 attr=01 x=28
P10: y=BF tile=A4 attr=01 x=10
P14: y=BF tile=A5 attr=01 x=18
P18: y=BF tile=A6 attr=01 x=20
P1C: y=BF tile=A7 attr=01 x=28
P20: y=C7 tile=A8 attr=01 x=10
P24: y=C7 tile=A9 attr=01 x=18
P28: y=C7 tile=AA attr=01 x=20
P2C: y=C7 tile=AB attr=01 x=28
P30: y=CF tile=AC attr=01 x=10
P34: y=CF tile=AD attr=01 x=18
P38: y=CF tile=AE attr=01 x=20
P3C: y=CF tile=AF attr=01 x=28
P44: y=8A tile=67 attr=00 x=6E
P58: y=70 tile=46 attr=80 x=FE
P68: y=82 tile=64 attr=00 x=6E
P78: y=8A tile=68 attr=00 x=76
P8C: y=7A tile=61 attr=00 x=6E
P9C: y=82 tile=65 attr=00 x=76
PAC: y=8A tile=69 attr=00 x=7E
PB0: y=60 tile=46 attr=00 x=FE
PC0: y=7A tile=62 attr=00 x=76
PD0: y=82 tile=66 attr=00 x=7E
PE0: y=7A tile=4F attr=00 x=A1
PE4: y=68 tile=48 attr=00 x=FE
PF4: y=7A tile=63 attr=00 x=7E
ppu-frame=04
P00: y=B7 tile=A0 attr=01 x=10
P04: y=B7 tile=A1 attr=01 x=18
P08: y=B7 tile=A2 attr=01 x=20
P0C: y=B7 tile=A3 attr=01 x=28
P10: y=BF tile=A4 attr=01 x=10
P14: y=BF tile=A5 attr=01 x=18
P18: y=BF tile=A6 attr=01 x=20
P1C: y=BF tile=A7 attr=01 x=28
P20: y=C7 tile=A8 attr=01 x=10
P24: y=C7 tile=A9 attr=01 x=18
P28: y=C7 tile=AA attr=01 x=20
P2C: y=C7 tile=AB attr=01 x=28
P30: y=CF tile=AC attr=01 x=10
P34: y=CF tile=AD attr=01 x=18
P38: y=CF tile=AE attr=01 x=20
P3C: y=CF tile=AF attr=01 x=28
P44: y=82 tile=66 attr=00 x=7E
P54: y=7A tile=4F attr=00 x=A1
P58: y=68 tile=48 attr=00 x=FE
P68: y=7A tile=63 attr=00 x=7E
P78: y=8A tile=67 attr=00 x=6E
P8C: y=70 tile=46 attr=80 x=FE
P9C: y=82 tile=64 attr=00 x=6E
PAC: y=8A tile=68 attr=00 x=76
PC0: y=7A tile=61 attr=00 x=6E
PD0: y=82 tile=65 attr=00 x=76
PE0: y=8A tile=69 attr=00 x=7E
PE4: y=60 tile=46 attr=00 x=FE
PF4: y=7A tile=62 attr=00 x=76
ppu-frame=05
P00: y=B7 tile=A0 attr=01 x=10
P04: y=B7 tile=A1 attr=01 x=18
P08: y=B7 tile=A2 attr=01 x=20
P0C: y=B7 tile=A3 attr=01 x=28
P10: y=BF tile=A4 attr=01 x=10
P14: y=BF tile=A5 attr=01 x=18
P18: y=BF tile=A6 attr=01 x=20
P1C: y=BF tile=A7 attr=01 x=28
P20: y=C7 tile=A8 attr=01 x=10
P24: y=C7 tile=A9 attr=01 x=18
P28: y=C7 tile=AA attr=01 x=20
P2C: y=C7 tile=AB attr=01 x=28
P30: y=CF tile=AC attr=01 x=10
P34: y=CF tile=AD attr=01 x=18
P38: y=CF tile=AE attr=01 x=20
P3C: y=CF tile=AF attr=01 x=28
P4C: y=68 tile=4C attr=00 x=FE
P5C: y=76 tile=50 attr=40 x=A5
P80: y=70 tile=4A attr=80 x=FE
P90: y=7E tile=50 attr=80 x=9D
PC4: y=7E tile=50 attr=C0 x=A5
PD8: y=60 tile=4A attr=00 x=FE
PE8: y=76 tile=50 attr=00 x=9D
