frame=330
00: y=B7 tile=A0 attr=01 x=10
04: y=B7 tile=A1 attr=01 x=18
08: y=B7 tile=A2 attr=01 x=20
0C: y=B7 tile=A3 attr=01 x=28
10: y=BF tile=A4 attr=01 x=10
14: y=BF tile=A5 attr=01 x=18
18: y=BF tile=A6 attr=01 x=20
1C: y=BF tile=A7 attr=01 x=28
20: y=C7 tile=A8 attr=01 x=10
24: y=C7 tile=A9 attr=01 x=18
28: y=C7 tile=AA attr=01 x=20
2C: y=C7 tile=AB attr=01 x=28
30: y=CF tile=AC attr=01 x=10
34: y=CF tile=AD attr=01 x=18
38: y=CF tile=AE attr=01 x=20
3C: y=CF tile=AF attr=01 x=28
4C: y=7A tile=4F attr=00 x=A1
50: y=68 tile=48 attr=00 x=FE
60: y=7A tile=63 attr=00 x=7E
70: y=8A tile=67 attr=00 x=6E
84: y=70 tile=46 attr=80 x=FE
94: y=82 tile=64 attr=00 x=6E
A4: y=8A tile=68 attr=00 x=76
B8: y=7A tile=61 attr=00 x=6E
C8: y=82 tile=65 attr=00 x=76
D8: y=8A tile=69 attr=00 x=7E
DC: y=60 tile=46 attr=00 x=FE
EC: y=7A tile=62 attr=00 x=76
FC: y=82 tile=66 attr=00 x=7E
frame=331
00: y=B7 tile=A0 attr=01 x=10
04: y=B7 tile=A1 attr=01 x=18
08: y=B7 tile=A2 attr=01 x=20
0C: y=B7 tile=A3 attr=01 x=28
10: y=BF tile=A4 attr=01 x=10
14: y=BF tile=A5 attr=01 x=18
18: y=BF tile=A6 attr=01 x=20
1C: y=BF tile=A7 attr=01 x=28
20: y=C7 tile=A8 attr=01 x=10
24: y=C7 tile=A9 attr=01 x=18
28: y=C7 tile=AA attr=01 x=20
2C: y=C7 tile=AB attr=01 x=28
30: y=CF tile=AC attr=01 x=10
34: y=CF tile=AD attr=01 x=18
38: y=CF tile=AE attr=01 x=20
3C: y=CF tile=AF attr=01 x=28
4C: y=8A tile=69 attr=00 x=7E
50: y=60 tile=46 attr=00 x=FE
60: y=7A tile=62 attr=00 x=76
70: y=82 tile=66 attr=00 x=7E
80: y=7A tile=4F attr=00 x=A1
84: y=68 tile=48 attr=00 x=FE
94: y=7A tile=63 attr=00 x=7E
A4: y=8A tile=67 attr=00 x=6E
B8: y=70 tile=46 attr=80 x=FE
C8: y=82 tile=64 attr=00 x=6E
D8: y=8A tile=68 attr=00 x=76
EC: y=7A tile=61 attr=00 x=6E
FC: y=82 tile=65 attr=00 x=76
frame=332
00: y=B7 tile=A0 attr=01 x=10
04: y=B7 tile=A1 attr=01 x=18
08: y=B7 tile=A2 attr=01 x=20
0C: y=B7 tile=A3 attr=01 x=28
10: y=BF tile=A4 attr=01 x=10
14: y=BF tile=A5 attr=01 x=18
18: y=BF tile=A6 attr=01 x=20
1C: y=BF tile=A7 attr=01 x=28
20: y=C7 tile=A8 attr=01 x=10
24: y=C7 tile=A9 attr=01 x=18
28: y=C7 tile=AA attr=01 x=20
2C: y=C7 tile=AB attr=01 x=28
30: y=CF tile=AC attr=01 x=10
34: y=CF tile=AD attr=01 x=18
38: y=CF tile=AE attr=01 x=20
3C: y=CF tile=AF attr=01 x=28
70: y=7E tile=50 attr=C0 x=A5
84: y=60 tile=4A attr=00 x=FE
94: y=76 tile=50 attr=00 x=9D
B8: y=68 tile=4C attr=00 x=FE
C8: y=76 tile=50 attr=40 x=A5
EC: y=70 tile=4A attr=80 x=FE
FC: y=7E tile=50 attr=80 x=9D
frame=333
00: y=B7 tile=A0 attr=01 x=10
04: y=B7 tile=A1 attr=01 x=18
08: y=B7 tile=A2 attr=01 x=20
0C: y=B7 tile=A3 attr=01 x=28
10: y=BF tile=A4 attr=01 x=10
14: y=BF tile=A5 attr=01 x=18
18: y=BF tile=A6 attr=01 x=20
1C: y=BF tile=A7 attr=01 x=28
20: y=C7 tile=A8 attr=01 x=10
24: y=C7 tile=A9 attr=01 x=18
28: y=C7 tile=AA attr=01 x=20
2C: y=C7 tile=AB attr=01 x=28
30: y=CF tile=AC attr=01 x=10
34: y=CF tile=AD attr=01 x=18
38: y=CF tile=AE attr=01 x=20
3C: y=CF tile=AF attr=01 x=28
60: y=70 tile=4A attr=80 x=FE
70: y=7E tile=50 attr=80 x=9D
A4: y=7E tile=50 attr=C0 x=A5
B8: y=60 tile=4A attr=00 x=FE
C8: y=76 tile=50 attr=00 x=9D
EC: y=68 tile=4C attr=00 x=FE
FC: y=76 tile=50 attr=40 x=A5
frame=334
00: y=B7 tile=A0 attr=01 x=10
04: y=B7 tile=A1 attr=01 x=18
08: y=B7 tile=A2 attr=01 x=20
0C: y=B7 tile=A3 attr=01 x=28
10: y=BF tile=A4 attr=01 x=10
14: y=BF tile=A5 attr=01 x=18
18: y=BF tile=A6 attr=01 x=20
1C: y=BF tile=A7 attr=01 x=28
20: y=C7 tile=A8 attr=01 x=10
24: y=C7 tile=A9 attr=01 x=18
28: y=C7 tile=AA attr=01 x=20
2C: y=C7 tile=AB attr=01 x=28
30: y=CF tile=AC attr=01 x=10
34: y=CF tile=AD attr=01 x=18
38: y=CF tile=AE attr=01 x=20
3C: y=CF tile=AF attr=01 x=28
4C: y=72 tile=46 attr=40 x=A9
5C: y=82 tile=46 attr=C0 x=A9
60: y=6D tile=64 attr=00 x=FE
70: y=72 tile=47 attr=00 x=A1
80: y=82 tile=47 attr=80 x=A1
94: y=75 tile=67 attr=00 x=FE
A4: y=7A tile=48 attr=00 x=99
B4: y=7A tile=48 attr=40 x=A9
D8: y=7A tile=49 attr=00 x=A1
E8: y=82 tile=46 attr=80 x=99
EC: y=65 tile=61 attr=00 x=FE
FC: y=72 tile=46 attr=00 x=99
frame=335
00: y=B7 tile=A0 attr=01 x=10
04: y=B7 tile=A1 attr=01 x=18
08: y=B7 tile=A2 attr=01 x=20
0C: y=B7 tile=A3 attr=01 x=28
10: y=BF tile=A4 attr=01 x=10
14: y=BF tile=A5 attr=01 x=18
18: y=BF tile=A6 attr=01 x=20
1C: y=BF tile=A7 attr=01 x=28
20: y=C7 tile=A8 attr=01 x=10
24: y=C7 tile=A9 attr=01 x=18
28: y=C7 tile=AA attr=01 x=20
2C: y=C7 tile=AB attr=01 x=28
30: y=CF tile=AC attr=01 x=10
34: y=CF tile=AD attr=01 x=18
38: y=CF tile=AE attr=01 x=20
3C: y=CF tile=AF attr=01 x=28
40: y=72 tile=46 attr=40 x=A9
50: y=82 tile=46 attr=C0 x=A9
54: y=6D tile=64 attr=00 x=FE
64: y=72 tile=47 attr=00 x=A1
74: y=82 tile=47 attr=80 x=A1
88: y=75 tile=67 attr=00 x=FE
98: y=7A tile=48 attr=00 x=99
A8: y=7A tile=48 attr=40 x=A9
CC: y=7A tile=49 attr=00 x=A1
DC: y=82 tile=46 attr=80 x=99
E0: y=65 tile=61 attr=00 x=FE
F0: y=72 tile=46 attr=00 x=99
frame=336
00: y=B7 tile=A0 attr=01 x=10
04: y=B7 tile=A1 attr=01 x=18
08: y=B7 tile=A2 attr=01 x=20
0C: y=B7 tile=A3 attr=01 x=28
10: y=BF tile=A4 attr=01 x=10
14: y=BF tile=A5 attr=01 x=18
18: y=BF tile=A6 attr=01 x=20
1C: y=BF tile=A7 attr=01 x=28
20: y=C7 tile=A8 attr=01 x=10
24: y=C7 tile=A9 attr=01 x=18
28: y=C7 tile=AA attr=01 x=20
2C: y=C7 tile=AB attr=01 x=28
30: y=CF tile=AC attr=01 x=10
34: y=CF tile=AD attr=01 x=18
38: y=CF tile=AE attr=01 x=20
3C: y=CF tile=AF attr=01 x=28
40: y=7A tile=4C attr=00 x=99
50: y=7A tile=4C attr=40 x=A9
54: y=5E tile=4E attr=00 x=12
74: y=7A tile=4D attr=00 x=A1
84: y=82 tile=4A attr=C0 x=A9
98: y=72 tile=4A attr=00 x=99
A8: y=72 tile=4A attr=40 x=A9
B8: y=82 tile=4A attr=80 x=99
CC: y=72 tile=4B attr=00 x=A1
DC: y=82 tile=4B attr=80 x=A1
frame=337
00: y=B7 tile=A0 attr=01 x=10
04: y=B7 tile=A1 attr=01 x=18
08: y=B7 tile=A2 attr=01 x=20
0C: y=B7 tile=A3 attr=01 x=28
10: y=BF tile=A4 attr=01 x=10
14: y=BF tile=A5 attr=01 x=18
18: y=BF tile=A6 attr=01 x=20
1C: y=BF tile=A7 attr=01 x=28
20: y=C7 tile=A8 attr=01 x=10
24: y=C7 tile=A9 attr=01 x=18
28: y=C7 tile=AA attr=01 x=20
2C: y=C7 tile=AB attr=01 x=28
30: y=CF tile=AC attr=01 x=10
34: y=CF tile=AD attr=01 x=18
38: y=CF tile=AE attr=01 x=20
3C: y=CF tile=AF attr=01 x=28
40: y=72 tile=4B attr=00 x=A1
50: y=82 tile=4B attr=80 x=A1
74: y=7A tile=4C attr=00 x=99
84: y=7A tile=4C attr=40 x=A9
88: y=5E tile=4E attr=00 x=12
A8: y=7A tile=4D attr=00 x=A1
B8: y=82 tile=4A attr=C0 x=A9
CC: y=72 tile=4A attr=00 x=99
DC: y=72 tile=4A attr=40 x=A9
EC: y=82 tile=4A attr=80 x=99
frame=338
00: y=B7 tile=A0 attr=01 x=10
04: y=B7 tile=A1 attr=01 x=18
08: y=B7 tile=A2 attr=01 x=20
0C: y=B7 tile=A3 attr=01 x=28
10: y=BF tile=A4 attr=01 x=10
14: y=BF tile=A5 attr=01 x=18
18: y=BF tile=A6 attr=01 x=20
1C: y=BF tile=A7 attr=01 x=28
20: y=C7 tile=A8 attr=01 x=10
24: y=C7 tile=A9 attr=01 x=18
28: y=C7 tile=AA attr=01 x=20
2C: y=C7 tile=AB attr=01 x=28
30: y=CF tile=AC attr=01 x=10
34: y=CF tile=AD attr=01 x=18
38: y=CF tile=AE attr=01 x=20
3C: y=CF tile=AF attr=01 x=28
60: y=7F tile=64 attr=00 x=99
70: y=87 tile=68 attr=00 x=A1
84: y=77 tile=61 attr=00 x=99
94: y=7F tile=65 attr=00 x=A1
A4: y=87 tile=69 attr=00 x=A9
B8: y=77 tile=62 attr=00 x=A1
BC: y=5E tile=4F attr=00 x=12
C8: y=7F tile=66 attr=00 x=A9
EC: y=77 tile=63 attr=00 x=A9
FC: y=87 tile=67 attr=00 x=99
frame=339
00: y=B7 tile=A0 attr=01 x=10
04: y=B7 tile=A1 attr=01 x=18
08: y=B7 tile=A2 attr=01 x=20
0C: y=B7 tile=A3 attr=01 x=28
10: y=BF tile=A4 attr=01 x=10
14: y=BF tile=A5 attr=01 x=18
18: y=BF tile=A6 attr=01 x=20
1C: y=BF tile=A7 attr=01 x=28
20: y=C7 tile=A8 attr=01 x=10
24: y=C7 tile=A9 attr=01 x=18
28: y=C7 tile=AA attr=01 x=20
2C: y=C7 tile=AB attr=01 x=28
30: y=CF tile=AC attr=01 x=10
34: y=CF tile=AD attr=01 x=18
38: y=CF tile=AE attr=01 x=20
3C: y=CF tile=AF attr=01 x=28
60: y=77 tile=63 attr=00 x=A9
70: y=87 tile=67 attr=00 x=99
94: y=7F tile=64 attr=00 x=99
A4: y=87 tile=68 attr=00 x=A1
B8: y=77 tile=61 attr=00 x=99
C8: y=7F tile=65 attr=00 x=A1
D8: y=87 tile=69 attr=00 x=A9
EC: y=77 tile=62 attr=00 x=A1
F0: y=5E tile=4F attr=00 x=12
FC: y=7F tile=66 attr=00 x=A9
frame=340
00: y=B7 tile=A0 attr=01 x=10
04: y=B7 tile=A1 attr=01 x=18
08: y=B7 tile=A2 attr=01 x=20
0C: y=B7 tile=A3 attr=01 x=28
10: y=BF tile=A4 attr=01 x=10
14: y=BF tile=A5 attr=01 x=18
18: y=BF tile=A6 attr=01 x=20
1C: y=BF tile=A7 attr=01 x=28
20: y=C7 tile=A8 attr=01 x=10
24: y=C7 tile=A9 attr=01 x=18
28: y=C7 tile=AA attr=01 x=20
2C: y=C7 tile=AB attr=01 x=28
30: y=CF tile=AC attr=01 x=10
34: y=CF tile=AD attr=01 x=18
38: y=CF tile=AE attr=01 x=20
3C: y=CF tile=AF attr=01 x=28
40: y=8A tile=57 attr=00 x=93
50: y=7A tile=54 attr=40 x=A3
58: y=5A tile=50 attr=40 x=16
64: y=7A tile=54 attr=00 x=9B
74: y=8A tile=58 attr=00 x=9B
84: y=7A tile=53 attr=40 x=AB
88: y=72 tile=51 attr=00 x=93
8C: y=62 tile=50 attr=80 x=0E
98: y=82 tile=55 attr=00 x=93
A8: y=72 tile=52 attr=40 x=A3
B8: y=82 tile=56 attr=40 x=A3
BC: y=72 tile=52 attr=00 x=9B
C0: y=62 tile=50 attr=C0 x=16
CC: y=82 tile=56 attr=00 x=9B
DC: y=72 tile=51 attr=40 x=AB
E4: y=5A tile=50 attr=00 x=0E
EC: y=82 tile=55 attr=40 x=AB
F0: y=7A tile=53 attr=00 x=93
frame=341
00: y=B7 tile=A0 attr=01 x=10
04: y=B7 tile=A1 attr=01 x=18
08: y=B7 tile=A2 attr=01 x=20
0C: y=B7 tile=A3 attr=01 x=28
10: y=BF tile=A4 attr=01 x=10
14: y=BF tile=A5 attr=01 x=18
18: y=BF tile=A6 attr=01 x=20
1C: y=BF tile=A7 attr=01 x=28
20: y=C7 tile=A8 attr=01 x=10
24: y=C7 tile=A9 attr=01 x=18
28: y=C7 tile=AA attr=01 x=20
2C: y=C7 tile=AB attr=01 x=28
30: y=CF tile=AC attr=01 x=10
34: y=CF tile=AD attr=01 x=18
38: y=CF tile=AE attr=01 x=20
3C: y=CF tile=AF attr=01 x=28
40: y=82 tile=56 attr=00 x=9B
50: y=72 tile=51 attr=40 x=AB
58: y=5A tile=50 attr=00 x=0E
60: y=82 tile=55 attr=40 x=AB
64: y=7A tile=53 attr=00 x=93
74: y=8A tile=57 attr=00 x=93
84: y=7A tile=54 attr=40 x=A3
8C: y=5A tile=50 attr=40 x=16
98: y=7A tile=54 attr=00 x=9B
A8: y=8A tile=58 attr=00 x=9B
B8: y=7A tile=53 attr=40 x=AB
BC: y=72 tile=51 attr=00 x=93
C0: y=62 tile=50 attr=80 x=0E
CC: y=82 tile=55 attr=00 x=93
DC: y=72 tile=52 attr=40 x=A3
EC: y=82 tile=56 attr=40 x=A3
F0: y=72 tile=52 attr=00 x=9B
F4: y=62 tile=50 attr=C0 x=16
frame=342
00: y=B7 tile=A0 attr=01 x=10
04: y=B7 tile=A1 attr=01 x=18
08: y=B7 tile=A2 attr=01 x=20
0C: y=B7 tile=A3 attr=01 x=28
10: y=BF tile=A4 attr=01 x=10
14: y=BF tile=A5 attr=01 x=18
18: y=BF tile=A6 attr=01 x=20
1C: y=BF tile=A7 attr=01 x=28
20: y=C7 tile=A8 attr=01 x=10
24: y=C7 tile=A9 attr=01 x=18
28: y=C7 tile=AA attr=01 x=20
2C: y=C7 tile=AB attr=01 x=28
30: y=CF tile=AC attr=01 x=10
34: y=CF tile=AD attr=01 x=18
38: y=CF tile=AE attr=01 x=20
3C: y=CF tile=AF attr=01 x=28
44: y=5E tile=48 attr=40 x=1A
50: y=7A tile=5C attr=00 x=9D
60: y=8A tile=60 attr=00 x=9D
68: y=5E tile=49 attr=00 x=12
74: y=72 tile=59 attr=00 x=95
78: y=66 tile=46 attr=80 x=0A
84: y=82 tile=5D attr=00 x=95
94: y=72 tile=5A attr=40 x=A5
A8: y=72 tile=5A attr=00 x=9D
AC: y=66 tile=46 attr=C0 x=1A
B8: y=82 tile=5E attr=00 x=9D
D0: y=66 tile=47 attr=80 x=12
DC: y=7A tile=5B attr=00 x=95
EC: y=8A tile=5F attr=00 x=95
F4: y=5E tile=48 attr=00 x=0A
frame=343
00: y=B7 tile=A0 attr=01 x=10
04: y=B7 tile=A1 attr=01 x=18
08: y=B7 tile=A2 attr=01 x=20
0C: y=B7 tile=A3 attr=01 x=28
10: y=BF tile=A4 attr=01 x=10
14: y=BF tile=A5 attr=01 x=18
18: y=BF tile=A6 attr=01 x=20
1C: y=BF tile=A7 attr=01 x=28
20: y=C7 tile=A8 attr=01 x=10
24: y=C7 tile=A9 attr=01 x=18
28: y=C7 tile=AA attr=01 x=20
2C: y=C7 tile=AB attr=01 x=28
30: y=CF tile=AC attr=01 x=10
34: y=CF tile=AD attr=01 x=18
38: y=CF tile=AE attr=01 x=20
3C: y=CF tile=AF attr=01 x=28
44: y=66 tile=47 attr=80 x=12
50: y=7A tile=5B attr=00 x=95
60: y=8A tile=5F attr=00 x=95
68: y=5E tile=48 attr=00 x=0A
78: y=5E tile=48 attr=40 x=1A
84: y=7A tile=5C attr=00 x=9D
94: y=8A tile=60 attr=00 x=9D
9C: y=5E tile=49 attr=00 x=12
A8: y=72 tile=59 attr=00 x=95
AC: y=66 tile=46 attr=80 x=0A
B8: y=82 tile=5D attr=00 x=95
C8: y=72 tile=5A attr=40 x=A5
DC: y=72 tile=5A attr=00 x=9D
E0: y=66 tile=46 attr=C0 x=1A
EC: y=82 tile=5E attr=00 x=9D
frame=344
00: y=B7 tile=A0 attr=01 x=10
04: y=B7 tile=A1 attr=01 x=18
08: y=B7 tile=A2 attr=01 x=20
0C: y=B7 tile=A3 attr=01 x=28
10: y=BF tile=A4 attr=01 x=10
14: y=BF tile=A5 attr=01 x=18
18: y=BF tile=A6 attr=01 x=20
1C: y=BF tile=A7 attr=01 x=28
20: y=C7 tile=A8 attr=01 x=10
24: y=C7 tile=A9 attr=01 x=18
28: y=C7 tile=AA attr=01 x=20
2C: y=C7 tile=AB attr=01 x=28
30: y=CF tile=AC attr=01 x=10
34: y=CF tile=AD attr=01 x=18
38: y=CF tile=AE attr=01 x=20
3C: y=CF tile=AF attr=01 x=28
54: y=66 tile=4A attr=80 x=0A
78: y=66 tile=4B attr=80 x=12
9C: y=5E tile=4C attr=00 x=0A
AC: y=5E tile=4C attr=40 x=1A
C8: y=77 tile=61 attr=00 x=99
D0: y=5E tile=4D attr=00 x=12
E0: y=66 tile=4A attr=C0 x=1A
FC: y=77 tile=62 attr=00 x=A1
frame=345
00: y=B7 tile=A0 attr=01 x=10
04: y=B7 tile=A1 attr=01 x=18
08: y=B7 tile=A2 attr=01 x=20
0C: y=B7 tile=A3 attr=01 x=28
10: y=BF tile=A4 attr=01 x=10
14: y=BF tile=A5 attr=01 x=18
18: y=BF tile=A6 attr=01 x=20
1C: y=BF tile=A7 attr=01 x=28
20: y=C7 tile=A8 attr=01 x=10
24: y=C7 tile=A9 attr=01 x=18
28: y=C7 tile=AA attr=01 x=20
2C: y=C7 tile=AB attr=01 x=28
30: y=CF tile=AC attr=01 x=10
34: y=CF tile=AD attr=01 x=18
38: y=CF tile=AE attr=01 x=20
3C: y=CF tile=AF attr=01 x=28
48: y=66 tile=4A attr=80 x=0A
6C: y=66 tile=4B attr=80 x=12
90: y=5E tile=4C attr=00 x=0A
A0: y=5E tile=4C attr=40 x=1A
BC: y=77 tile=61 attr=00 x=99
C4: y=5E tile=4D attr=00 x=12
D4: y=66 tile=4A attr=C0 x=1A
F0: y=77 tile=62 attr=00 x=A1
frame=346
00: y=B7 tile=A0 attr=01 x=10
04: y=B7 tile=A1 attr=01 x=18
08: y=B7 tile=A2 attr=01 x=20
0C: y=B7 tile=A3 attr=01 x=28
10: y=BF tile=A4 attr=01 x=10
14: y=BF tile=A5 attr=01 x=18
18: y=BF tile=A6 attr=01 x=20
1C: y=BF tile=A7 attr=01 x=28
20: y=C7 tile=A8 attr=01 x=10
24: y=C7 tile=A9 attr=01 x=18
28: y=C7 tile=AA attr=01 x=20
2C: y=C7 tile=AB attr=01 x=28
30: y=CF tile=AC attr=01 x=10
34: y=CF tile=AD attr=01 x=18
38: y=CF tile=AE attr=01 x=20
3C: y=CF tile=AF attr=01 x=28
48: y=6B tile=68 attr=00 x=12
5C: y=5B tile=61 attr=00 x=0A
64: y=72 tile=52 attr=00 x=9B
6C: y=63 tile=65 attr=00 x=12
7C: y=6B tile=69 attr=00 x=1A
90: y=5B tile=62 attr=00 x=12
A0: y=63 tile=66 attr=00 x=1A
C4: y=5B tile=63 attr=00 x=1A
D4: y=6B tile=67 attr=00 x=0A
F0: y=72 tile=51 attr=00 x=93
F8: y=63 tile=64 attr=00 x=0A
frame=347
00: y=B7 tile=A0 attr=01 x=10
04: y=B7 tile=A1 attr=01 x=18
08: y=B7 tile=A2 attr=01 x=20
0C: y=B7 tile=A3 attr=01 x=28
10: y=BF tile=A4 attr=01 x=10
14: y=BF tile=A5 attr=01 x=18
18: y=BF tile=A6 attr=01 x=20
1C: y=BF tile=A7 attr=01 x=28
20: y=C7 tile=A8 attr=01 x=10
24: y=C7 tile=A9 attr=01 x=18
28: y=C7 tile=AA attr=01 x=20
2C: y=C7 tile=AB attr=01 x=28
30: y=CF tile=AC attr=01 x=10
34: y=CF tile=AD attr=01 x=18
38: y=CF tile=AE attr=01 x=20
3C: y=CF tile=AF attr=01 x=28
48: y=6B tile=67 attr=00 x=0A
64: y=72 tile=51 attr=00 x=93
6C: y=63 tile=64 attr=00 x=0A
7C: y=6B tile=68 attr=00 x=12
90: y=5B tile=61 attr=00 x=0A
98: y=72 tile=52 attr=00 x=9B
A0: y=63 tile=65 attr=00 x=12
B0: y=6B tile=69 attr=00 x=1A
C4: y=5B tile=62 attr=00 x=12
D4: y=63 tile=66 attr=00 x=1A
F8: y=5B tile=63 attr=00 x=1A
frame=348
00: y=B7 tile=A0 attr=01 x=10
04: y=B7 tile=A1 attr=01 x=18
08: y=B7 tile=A2 attr=01 x=20
0C: y=B7 tile=A3 attr=01 x=28
10: y=BF tile=A4 attr=01 x=10
14: y=BF tile=A5 attr=01 x=18
18: y=BF tile=A6 attr=01 x=20
1C: y=BF tile=A7 attr=01 x=28
20: y=C7 tile=A8 attr=01 x=10
24: y=C7 tile=A9 attr=01 x=18
28: y=C7 tile=AA attr=01 x=20
2C: y=C7 tile=AB attr=01 x=28
30: y=CF tile=AC attr=01 x=10
34: y=CF tile=AD attr=01 x=18
38: y=CF tile=AE attr=01 x=20
3C: y=CF tile=AF attr=01 x=28
48: y=66 tile=56 attr=00 x=0C
68: y=66 tile=55 attr=40 x=1C
6C: y=5E tile=53 attr=00 x=04
7C: y=6E tile=57 attr=00 x=04
8C: y=5E tile=54 attr=40 x=14
98: y=72 tile=59 attr=00 x=95
9C: y=6E tile=58 attr=40 x=14
A0: y=5E tile=54 attr=00 x=0C
B0: y=6E tile=58 attr=00 x=0C
C0: y=5E tile=53 attr=40 x=1C
CC: y=72 tile=5A attr=00 x=9D
D0: y=6E tile=57 attr=40 x=1C
D4: y=66 tile=55 attr=00 x=04
F4: y=66 tile=56 attr=40 x=14
frame=349
00: y=B7 tile=A0 attr=01 x=10
04: y=B7 tile=A1 attr=01 x=18
08: y=B7 tile=A2 attr=01 x=20
0C: y=B7 tile=A3 attr=01 x=28
10: y=BF tile=A4 attr=01 x=10
14: y=BF tile=A5 attr=01 x=18
18: y=BF tile=A6 attr=01 x=20
1C: y=BF tile=A7 attr=01 x=28
20: y=C7 tile=A8 attr=01 x=10
24: y=C7 tile=A9 attr=01 x=18
28: y=C7 tile=AA attr=01 x=20
2C: y=C7 tile=AB attr=01 x=28
30: y=CF tile=AC attr=01 x=10
34: y=CF tile=AD attr=01 x=18
38: y=CF tile=AE attr=01 x=20
3C: y=CF tile=AF attr=01 x=28
40: y=72 tile=5A attr=00 x=9D
44: y=6E tile=57 attr=40 x=1C
48: y=66 tile=55 attr=00 x=04
68: y=66 tile=56 attr=40 x=14
7C: y=66 tile=56 attr=00 x=0C
9C: y=66 tile=55 attr=40 x=1C
A0: y=5E tile=53 attr=00 x=04
B0: y=6E tile=57 attr=00 x=04
C0: y=5E tile=54 attr=40 x=14
CC: y=72 tile=59 attr=00 x=95
D0: y=6E tile=58 attr=40 x=14
D4: y=5E tile=54 attr=00 x=0C
E4: y=6E tile=58 attr=00 x=0C
F4: y=5E tile=53 attr=40 x=1C
frame=350
00: y=B7 tile=A0 attr=01 x=10
04: y=B7 tile=A1 attr=01 x=18
08: y=B7 tile=A2 attr=01 x=20
0C: y=B7 tile=A3 attr=01 x=28
10: y=BF tile=A4 attr=01 x=10
14: y=BF tile=A5 attr=01 x=18
18: y=BF tile=A6 attr=01 x=20
1C: y=BF tile=A7 attr=01 x=28
20: y=C7 tile=A8 attr=01 x=10
24: y=C7 tile=A9 attr=01 x=18
28: y=C7 tile=AA attr=01 x=20
2C: y=C7 tile=AB attr=01 x=28
30: y=CF tile=AC attr=01 x=10
34: y=CF tile=AD attr=01 x=18
38: y=CF tile=AE attr=01 x=20
3C: y=CF tile=AF attr=01 x=28
5C: y=66 tile=5E attr=40 x=16
70: y=66 tile=5E attr=00 x=0E
90: y=66 tile=5D attr=40 x=1E
94: y=5E tile=5B attr=00 x=06
A4: y=6E tile=5F attr=00 x=06
B4: y=5E tile=5C attr=40 x=16
C4: y=6E tile=60 attr=40 x=16
C8: y=5E tile=5C attr=00 x=0E
D8: y=6E tile=60 attr=00 x=0E
E8: y=5E tile=5B attr=40 x=1E
F8: y=6E tile=5F attr=40 x=1E
FC: y=66 tile=5D attr=00 x=06
