[    0.1s] launched pid=15548
[    0.1s] === stage A: launcher -> main window (no ROM) ===
[    3.1s] top window: {'hwnd': 459104, 'title': 'SRW2修改器V1.5', 'class': 'WTWindow', 'rect': {'left': 571, 'top': 244, 'right': 1346, 'bottom': 843, 'width': 775, 'height': 599}, 'pid': 15548}
[    4.1s] dump A01_启动器: title='SRW2修改器V1.5' class='WTWindow' controls=8 shot=ok
[   10.8s] main window hwnd=1117112 title='SRW2扩容版修改器V1.0'
[   12.3s] dump A02_主窗口_未载入ROM: title='SRW2扩容版修改器V1.0' class='WTWindow' controls=63 shot=ok
[   16.8s] menu 文件(F): could not open menu via Alt+F
[   21.4s] menu 帮助(H): could not open menu via Alt+H
[   21.9s] === stage LOAD: load ROM copy only ===
[   22.9s] dump LOAD01_打开ROM对话框: title='打开文件' class='#32770' controls=51 shot=ok
[   23.4s] open dialog confirmed gone=True
[   30.4s] ROM loaded without main-window sweep, title='SRW2扩容版修改器V1.0：D:\\GIT\\mmc3\\output\\build\\legacy-ui-probe\\f3-option-02-run7.nes'
[   31.4s] dump LOAD02_主窗口_载入后: title='SRW2扩容版修改器V1.0：D:\\GIT\\mmc3\\output\\build\\legacy-ui-probe\\f3-option-02-run7.nes' class='WTWindow' controls=63 shot=ok
[   31.4s] === stage DBSAVEF3: isolated F3 insertion/save golden ===
[   32.6s] 数据库: hwnd=590618 title='数据库'
[   41.5s] weapon selector activation: validated_popup_item
[   53.1s] weapon selector activation: validated_popup_item
[   64.7s] weapon selector activation: validated_popup_item
[   68.3s] stage DBSAVEF3 FAILED: RuntimeError('weapon instruction selector did not open')
[   68.5s] terminated owned pid=15548
