[    0.1s] launched pid=15668
[    0.1s] === stage A: launcher -> main window (no ROM) ===
[    3.1s] top window: {'hwnd': 656188, 'title': 'SRW2修改器V1.5', 'class': 'WTWindow', 'rect': {'left': 571, 'top': 244, 'right': 1346, 'bottom': 843, 'width': 775, 'height': 599}, 'pid': 15668}
[    4.1s] dump A01_启动器: title='SRW2修改器V1.5' class='WTWindow' controls=8 shot=ok
[    6.9s] main window hwnd=1182654 title='SRW2扩容版修改器V1.0'
[    8.5s] dump A02_主窗口_未载入ROM: title='SRW2扩容版修改器V1.0' class='WTWindow' controls=63 shot=ok
[   13.0s] menu 文件(F): could not open menu via Alt+F
[   17.6s] menu 帮助(H): could not open menu via Alt+H
[   18.1s] === stage LOAD: load ROM copy only ===
[   19.1s] dump LOAD01_打开ROM对话框: title='打开文件' class='#32770' controls=51 shot=ok
[   19.6s] open dialog confirmed gone=True
[   26.6s] ROM loaded without main-window sweep, title='SRW2扩容版修改器V1.0：D:\\GIT\\mmc3\\output\\build\\legacy-ui-probe\\f3-option-02-run8.nes'
[   27.6s] dump LOAD02_主窗口_载入后: title='SRW2扩容版修改器V1.0：D:\\GIT\\mmc3\\output\\build\\legacy-ui-probe\\f3-option-02-run8.nes' class='WTWindow' controls=63 shot=ok
[   27.6s] === stage DBCMD: database context-command descendants ===
[   28.8s] 数据库: hwnd=917776 title='数据库'
[   39.5s] dump DBCMD_01_武器修改_插入_1: title='武器指令' class='WTWindow' controls=13 shot=ok
[   49.8s] dump DBCMD_02_武器修改_编辑_1: title='定义声音' class='WTWindow' controls=29 shot=ok
[   53.3s] dump DBCMD_03_机体修改_导出机体_1: title='导出机体' class='#32770' controls=51 shot=ok
[   60.4s] dump DBCMD_04_人物修改_导出人物_1: title='导出头像' class='#32770' controls=51 shot=ok
[   60.8s] DBCMD complete: 4 commands
[   60.8s] === stage DBSAVEF3: isolated F3 insertion/save golden ===
[   62.1s] 数据库: hwnd=917776 title='数据库'
[   71.2s] weapon selector activation: wm_command_after_validated_popup
[   72.8s] dump DBSAVEF3_参数_修改前: title='定义光束规律' class='WTWindow' controls=29 shot=ok
[   79.2s] DBSAVEF3 complete: option=1 diffs=2623
[   79.5s] terminated owned pid=15668
