usage: legacy_ui_probe.py [-h] [--stage STAGE] [--pid PID] [--rom ROM]
                          [--dbins-option DBINS_OPTION]
                          [--dbins-button DBINS_BUTTON]
                          [--dbins-confirm {yes,no}]
                          [--dbins-value DBINS_VALUE]
                          [--dbins-value2 DBINS_VALUE2]
                          [--dbins-rule-family {42,c2}]
                          [--dbins-rule-variant {0,1}]
                          [--db-weapon-record DB_WEAPON_RECORD]
                          [--db-instruction-row DB_INSTRUCTION_ROW]
                          [--db-animation-kind {ally,enemy}]
                          [--db-ff-expect-noop]
                          [--db-ff-action {left,keyboard,right}]
                          [--db-context-case {cut,paste,paste-all,delete,clear}]
                          [--wrule-case {beam-xy,beam-code,movement1-code,movement1-increment,movement2-code,movement2-increment,picture-xy,picture-code,beam-puzzle-replace,beam-puzzle-noop,beam-puzzle-delete,picture-puzzle-move,picture-puzzle-flip,picture-puzzle-hflip,picture-puzzle-vflip}]
                          [--wrule-value WRULE_VALUE]
                          [--wrule-value2 WRULE_VALUE2]
                          [--wrule-record WRULE_RECORD]
                          [--wrule-puzzle-start {40,80}]
                          [--wrule-library-x {1,2,3,4,5,6,7,8,9,10,11,12,13,14,15,16,17,18,19,20,21,22,23,24,25,26,27,28,29,30,31,32,33,34,35,36,37,38,39,40,41,42,43,44,45,46,47,48,49,50,51,52,53,54,55,56,57,58,59,60,61,62,63,64,65,66,67,68,69,70,71,72,73,74,75,76,77,78,79,80,81,82,83,84,85,86,87,88,89,90,91,92,93,94,95,96,97,98,99}]
                          [--wrule-library-y {1,2,3,4,5,6,7,8,9,10,11,12,13,14,15,16,17,18,19,20,21,22,23,24,25,26,27,28,29,30,31,32,33,34,35,36,37,38,39,40,41,42,43,44,45,46,47,48,49,50,51,52,53,54,55,56,57,58,59,60,61,62,63,64,65,66,67,68,69,70,71,72,73,74,75,76,77,78,79,80,81,82,83,84,85,86,87,88,89,90,91,92,93,94,95,96,97,98,99}]
                          [--wrule-effect-x {1,2,3,4,5,6,7,8,9,10,11,12,13,14,15,16,17,18,19,20,21,22,23,24,25,26,27,28,29,30,31,32,33,34,35,36,37,38,39,40,41,42,43,44,45,46,47,48,49,50,51,52,53,54,55,56,57,58,59,60,61,62,63,64,65,66,67,68,69,70,71,72,73,74,75,76,77,78,79,80,81,82,83,84,85,86,87,88,89,90,91,92,93,94,95,96,97,98,99}]
                          [--wrule-effect-y {1,2,3,4,5,6,7,8,9,10,11,12,13,14,15,16,17,18,19,20,21,22,23,24,25,26,27,28,29,30,31,32,33,34,35,36,37,38,39,40,41,42,43,44,45,46,47,48,49,50,51,52,53,54,55,56,57,58,59,60,61,62,63,64,65,66,67,68,69,70,71,72,73,74,75,76,77,78,79,80,81,82,83,84,85,86,87,88,89,90,91,92,93,94,95,96,97,98,99}]
                          [--wrule-code WRULE_CODE] [--wrule-expect-noop]
                          [--wrule-page-index {0,1,2,3}]
                          [--wrule-button-id WRULE_BUTTON_ID]
                          [--wrule-button-action {left,right,keyboard}]
                          [--evidence-tag EVIDENCE_TAG] [--fast-launch]
                          [--keep-open] [--keep-open-attach]
legacy_ui_probe.py: error: --evidence-tag must be a short lowercase slug
