[    0.0s] launched pid=11940
[    0.0s] === stage A: launcher -> main window (no ROM) ===
[    3.0s] top window: {'hwnd': 8194808, 'title': 'SRW2修改器V1.5', 'class': 'WTWindow', 'rect': {'left': 571, 'top': 244, 'right': 1346, 'bottom': 843, 'width': 775, 'height': 599}, 'pid': 11940}
[    4.0s] dump A01_启动器: title='SRW2修改器V1.5' class='WTWindow' controls=8 shot=ok
[    6.0s] main window hwnd=7277518 title='SRW2扩容版修改器V1.0'
[    7.5s] dump A02_主窗口_未载入ROM: title='SRW2扩容版修改器V1.0' class='WTWindow' controls=63 shot=ok
[   12.1s] menu 文件(F): could not open menu via Alt+F
[   16.7s] menu 帮助(H): could not open menu via Alt+H
[   17.2s] === stage LOAD: load ROM copy only ===
[   18.1s] dump LOAD01_打开ROM对话框: title='打开文件' class='#32770' controls=51 shot=ok
[   18.6s] open dialog confirmed gone=True
[   25.7s] ROM loaded without main-window sweep, title='SRW2扩容版修改器V1.0：D:\\GIT\\mmc3\\output\\build\\legacy-ui-probe\\weapon-rule-save-beam-puzzle-delete.nes'
[   26.6s] dump LOAD02_主窗口_载入后: title='SRW2扩容版修改器V1.0：D:\\GIT\\mmc3\\output\\build\\legacy-ui-probe\\weapon-rule-save-beam-puzzle-delete.nes' class='WTWindow' controls=63 shot=ok
[   26.6s] === stage DBWRULESAVE: beam-puzzle-delete ===
[   27.3s] 数据库: hwnd=22218130 title='数据库'
[   55.3s] dump DBWRULESAVE_beam-puzzle-delete_拼图动作前: title='光束拼图' class='WTWindow' controls=20 shot=ok
[   56.8s] dump DBWRULESAVE_beam-puzzle-delete_拼图动作后: title='光束拼图' class='WTWindow' controls=20 shot=ok
[   57.9s] dump DBWRULESAVE_beam-puzzle-delete_修改后: title='规律' class='WTWindow' controls=73 shot=ok
[   63.5s] stage DBWRULESAVE FAILED: RuntimeError('weapon rule save golden did not validate')
[   63.7s] terminated owned pid=11940
