[    0.0s] launched pid=17548
[    0.0s] === stage A: launcher -> main window (no ROM) ===
[    3.0s] top window: {'hwnd': 13042790, 'title': 'SRW2修改器V1.5', 'class': 'WTWindow', 'rect': {'left': 571, 'top': 244, 'right': 1346, 'bottom': 843, 'width': 775, 'height': 599}, 'pid': 17548}
[    4.0s] dump A01_启动器: title='SRW2修改器V1.5' class='WTWindow' controls=8 shot=ok
[    6.8s] main window hwnd=9964416 title='SRW2扩容版修改器V1.0'
[    8.3s] dump A02_主窗口_未载入ROM: title='SRW2扩容版修改器V1.0' class='WTWindow' controls=63 shot=ok
[   12.8s] menu 文件(F): could not open menu via Alt+F
[   17.5s] menu 帮助(H): could not open menu via Alt+H
[   18.0s] === stage LOAD: load ROM copy only ===
[   18.9s] dump LOAD01_打开ROM对话框: title='打开文件' class='#32770' controls=51 shot=ok
[   19.4s] open dialog confirmed gone=True
[   26.4s] ROM loaded without main-window sweep, title='SRW2扩容版修改器V1.0：D:\\GIT\\mmc3\\output\\build\\legacy-ui-probe\\weapon-rule-save-wrulebeam-r0-s40-tl-01.nes'
[   27.3s] dump LOAD02_主窗口_载入后: title='SRW2扩容版修改器V1.0：D:\\GIT\\mmc3\\output\\build\\legacy-ui-probe\\weapon-rule-save-wrulebeam-r0-s40-tl-01.nes' class='WTWindow' controls=63 shot=ok
[   27.3s] === stage DBWRULESAVE: beam-puzzle-replace ===
[   28.1s] 数据库: hwnd=13566396 title='数据库'
[   56.2s] dump DBWRULESAVE_beam-puzzle-replace_拼图动作前: title='光束拼图' class='WTWindow' controls=20 shot=ok
[   58.5s] dump DBWRULESAVE_beam-puzzle-replace_拼图动作后: title='光束拼图' class='WTWindow' controls=20 shot=ok
[   59.6s] dump DBWRULESAVE_beam-puzzle-replace_修改后: title='规律' class='WTWindow' controls=73 shot=ok
[   65.2s] DBWRULESAVE complete: case=beam-puzzle-replace diffs=6184
[   65.5s] terminated owned pid=17548
