[    0.0s] launched pid=7492
[    0.0s] === stage A: launcher -> main window (no ROM) ===
[    3.0s] top window: {'hwnd': 14024990, 'title': 'SRW2修改器V1.5', 'class': 'WTWindow', 'rect': {'left': 571, 'top': 244, 'right': 1346, 'bottom': 843, 'width': 775, 'height': 599}, 'pid': 7492}
[    4.0s] dump A01_启动器: title='SRW2修改器V1.5' class='WTWindow' controls=8 shot=ok
[    6.5s] main window hwnd=7801762 title='SRW2扩容版修改器V1.0'
[    8.0s] dump A02_主窗口_未载入ROM: title='SRW2扩容版修改器V1.0' class='WTWindow' controls=63 shot=ok
[   12.5s] menu 文件(F): could not open menu via Alt+F
[   17.1s] menu 帮助(H): could not open menu via Alt+H
[   17.6s] === stage LOAD: load ROM copy only ===
[   18.6s] dump LOAD01_打开ROM对话框: title='打开文件' class='#32770' controls=51 shot=ok
[   19.1s] open dialog confirmed gone=True
[   26.1s] ROM loaded without main-window sweep, title='SRW2扩容版修改器V1.0：D:\\GIT\\mmc3\\output\\build\\legacy-ui-probe\\weapon-rule-save-picture-puzzle-vflip.nes'
[   27.0s] dump LOAD02_主窗口_载入后: title='SRW2扩容版修改器V1.0：D:\\GIT\\mmc3\\output\\build\\legacy-ui-probe\\weapon-rule-save-picture-puzzle-vflip.nes' class='WTWindow' controls=63 shot=ok
[   27.0s] === stage DBWRULESAVE: picture-puzzle-vflip ===
[   28.0s] 数据库: hwnd=5571726 title='数据库'
[   55.9s] dump DBWRULESAVE_picture-puzzle-vflip_拼图动作前: title='物理拼图' class='WTWindow' controls=22 shot=ok
[   57.1s] dump DBWRULESAVE_picture-puzzle-vflip_拼图动作后: title='物理拼图' class='WTWindow' controls=22 shot=ok
[   58.2s] dump DBWRULESAVE_picture-puzzle-vflip_修改后: title='规律' class='WTWindow' controls=73 shot=ok
[   63.9s] DBWRULESAVE complete: case=picture-puzzle-vflip diffs=11031
[   64.1s] terminated owned pid=7492
