[    0.0s] launched pid=11856
[    0.0s] === stage A: launcher -> main window (no ROM) ===
[    3.0s] top window: {'hwnd': 9373962, 'title': 'SRW2修改器V1.5', 'class': 'WTWindow', 'rect': {'left': 571, 'top': 244, 'right': 1346, 'bottom': 843, 'width': 775, 'height': 599}, 'pid': 11856}
[    4.0s] dump A01_启动器: title='SRW2修改器V1.5' class='WTWindow' controls=8 shot=ok
[    6.4s] main window hwnd=657416 title='SRW2扩容版修改器V1.0'
[    7.9s] dump A02_主窗口_未载入ROM: title='SRW2扩容版修改器V1.0' class='WTWindow' controls=63 shot=ok
[   12.5s] menu 文件(F): could not open menu via Alt+F
[   17.1s] menu 帮助(H): could not open menu via Alt+H
[   17.6s] === stage LOAD: load ROM copy only ===
[   18.5s] dump LOAD01_打开ROM对话框: title='打开文件' class='#32770' controls=51 shot=ok
[   19.0s] open dialog confirmed gone=True
[   26.1s] ROM loaded without main-window sweep, title='SRW2扩容版修改器V1.0：D:\\GIT\\mmc3\\output\\build\\legacy-ui-probe\\probe.nes'
[   27.0s] dump LOAD02_主窗口_载入后: title='SRW2扩容版修改器V1.0：D:\\GIT\\mmc3\\output\\build\\legacy-ui-probe\\probe.nes' class='WTWindow' controls=63 shot=ok
[   27.0s] === stage DBWINSTR: weapon instruction descendants ===
[   28.0s] 数据库: hwnd=135923122 title='数据库'
[   38.6s] dump DBWINSTR_01_F4定义声音_1: title='定义声音' class='WTWindow' controls=29 shot=ok
[   49.4s] dump DBWINSTR_02_F0定义颜色_1: title='定义颜色' class='WTWindow' controls=29 shot=ok
[   60.1s] dump DBWINSTR_03_F2定义光束图库_1: title='定义光束规律图库' class='WTWindow' controls=29 shot=ok
[   70.9s] dump DBWINSTR_04_F3定义光束规律_1: title='定义光束规律' class='WTWindow' controls=29 shot=ok
[   81.6s] dump DBWINSTR_05_E0切换00区域的图库号_1: title='切换精灵图库0' class='WTWindow' controls=29 shot=ok
[   92.6s] dump DBWINSTR_06_E1切换01区域的图库号_1: title='切换精灵图库1' class='WTWindow' controls=29 shot=ok
[  103.2s] dump DBWINSTR_07_FD移动屏幕_1: title='移动屏幕' class='WTWindow' controls=27 shot=ok
[  113.9s] dump DBWINSTR_08_FE跳转重复_1: title='跳转重复' class='WTWindow' controls=29 shot=ok
[  124.8s] dump DBWINSTR_09_F9创建物体_1: title='创建物体' class='WTWindow' controls=29 shot=ok
[  135.4s] dump DBWINSTR_10_42_C2定义物体运行规律_1: title='运行规律' class='WTWindow' controls=29 shot=ok
[  146.5s] dump DBWINSTR_11_等待_帧__1: title='等待(帧)' class='WTWindow' controls=29 shot=ok
[  156.7s] DBWINSTR complete: 12/12 buttons
[  156.9s] terminated owned pid=11856
