[    0.0s] launched pid=2772
[    0.0s] === stage A: launcher -> main window (no ROM) ===
[    3.0s] top window: {'hwnd': 9372106, 'title': 'SRW2修改器V1.5', 'class': 'WTWindow', 'rect': {'left': 571, 'top': 244, 'right': 1346, 'bottom': 843, 'width': 775, 'height': 599}, 'pid': 2772}
[    4.0s] dump A01_启动器: title='SRW2修改器V1.5' class='WTWindow' controls=8 shot=ok
[   10.3s] main window hwnd=9898942 title='SRW2扩容版修改器V1.0'
[   11.8s] dump A02_主窗口_未载入ROM: title='SRW2扩容版修改器V1.0' class='WTWindow' controls=63 shot=ok
[   16.3s] menu 文件(F): could not open menu via Alt+F
[   21.0s] menu 帮助(H): could not open menu via Alt+H
[   21.5s] === stage LOAD: load ROM copy only ===
[   22.4s] dump LOAD01_打开ROM对话框: title='打开文件' class='#32770' controls=51 shot=ok
[   22.9s] open dialog confirmed gone=True
[   29.9s] ROM loaded without main-window sweep, title='SRW2扩容版修改器V1.0：D:\\GIT\\mmc3\\output\\build\\legacy-ui-probe\\weapon-rule-save-beam-puzzle-noop.nes'
[   30.8s] dump LOAD02_主窗口_载入后: title='SRW2扩容版修改器V1.0：D:\\GIT\\mmc3\\output\\build\\legacy-ui-probe\\weapon-rule-save-beam-puzzle-noop.nes' class='WTWindow' controls=63 shot=ok
[   30.8s] === stage DBWRULESAVE: beam-puzzle-noop ===
[   31.6s] 数据库: hwnd=6096284 title='数据库'
[   59.6s] dump DBWRULESAVE_beam-puzzle-noop_拼图动作前: title='光束拼图' class='WTWindow' controls=20 shot=ok
[   60.4s] dump DBWRULESAVE_beam-puzzle-noop_拼图动作后: title='光束拼图' class='WTWindow' controls=20 shot=ok
[   61.6s] dump DBWRULESAVE_beam-puzzle-noop_修改后: title='规律' class='WTWindow' controls=73 shot=ok
[   67.1s] DBWRULESAVE complete: case=beam-puzzle-noop diffs=0
[   67.4s] terminated owned pid=2772
