[    0.0s] launched pid=7356
[    0.0s] === stage A: launcher -> main window (no ROM) ===
[    3.0s] top window: {'hwnd': 14156282, 'title': 'SRW2修改器V1.5', 'class': 'WTWindow', 'rect': {'left': 571, 'top': 244, 'right': 1346, 'bottom': 843, 'width': 775, 'height': 599}, 'pid': 7356}
[    4.0s] dump A01_启动器: title='SRW2修改器V1.5' class='WTWindow' controls=8 shot=ok
[    7.7s] main window hwnd=10422852 title='SRW2扩容版修改器V1.0'
[    9.1s] dump A02_主窗口_未载入ROM: title='SRW2扩容版修改器V1.0' class='WTWindow' controls=63 shot=ok
[   13.7s] menu 文件(F): could not open menu via Alt+F
[   18.3s] menu 帮助(H): could not open menu via Alt+H
[   18.8s] === stage LOAD: load ROM copy only ===
[   19.7s] dump LOAD01_打开ROM对话框: title='打开文件' class='#32770' controls=51 shot=ok
[   20.2s] open dialog confirmed gone=True
[   27.2s] ROM loaded without main-window sweep, title='SRW2扩容版修改器V1.0：D:\\GIT\\mmc3\\output\\build\\legacy-ui-probe\\weapon-context-paste-all-save.nes'
[   28.2s] dump LOAD02_主窗口_载入后: title='SRW2扩容版修改器V1.0：D:\\GIT\\mmc3\\output\\build\\legacy-ui-probe\\weapon-context-paste-all-save.nes' class='WTWindow' controls=63 shot=ok
[   28.2s] === stage DBCONTEXTSAVE: case=paste-all ===
[   28.9s] 数据库: hwnd=11142598 title='数据库'
[   38.4s] weapon instruction row requested=0 selected=0 top=0 target_y=11
[   38.5s] weapon selector activation: wm_command_after_validated_popup
[   41.7s] dump DBCONTEXTSAVE_paste-all_草稿: title='数据库' class='WTWindow' controls=300 shot=ok
[   47.1s] DBCONTEXTSAVE complete: case=paste-all diffs=1617
[   47.2s] terminated owned pid=7356
