[    0.0s] launched pid=10412
[    0.0s] === stage A: launcher -> main window (no ROM) ===
[    3.0s] top window: {'hwnd': 13435272, 'title': 'SRW2修改器V1.5', 'class': 'WTWindow', 'rect': {'left': 571, 'top': 244, 'right': 1346, 'bottom': 843, 'width': 775, 'height': 599}, 'pid': 10412}
[    4.0s] dump A01_启动器: title='SRW2修改器V1.5' class='WTWindow' controls=8 shot=ok
[    6.5s] main window hwnd=12845526 title='SRW2扩容版修改器V1.0'
[    7.9s] dump A02_主窗口_未载入ROM: title='SRW2扩容版修改器V1.0' class='WTWindow' controls=63 shot=ok
[   12.5s] menu 文件(F): could not open menu via Alt+F
[   17.1s] menu 帮助(H): could not open menu via Alt+H
[   17.6s] === stage LOAD: load ROM copy only ===
[   18.5s] dump LOAD01_打开ROM对话框: title='打开文件' class='#32770' controls=51 shot=ok
[   19.0s] open dialog confirmed gone=True
[   26.0s] ROM loaded without main-window sweep, title='SRW2扩容版修改器V1.0：D:\\GIT\\mmc3\\output\\build\\legacy-ui-probe\\weapon-command-cancel-all.nes'
[   27.0s] dump LOAD02_主窗口_载入后: title='SRW2扩容版修改器V1.0：D:\\GIT\\mmc3\\output\\build\\legacy-ui-probe\\weapon-command-cancel-all.nes' class='WTWindow' controls=63 shot=ok
[   27.0s] === stage DBCANCELALL: all weapon parameter cancel paths ===
[   27.7s] 数据库: hwnd=10551986 title='数据库'
[   36.8s] weapon instruction row requested=0 selected=0 top=0 target_y=11
[   37.0s] weapon selector activation: wm_command_after_validated_popup
[   46.2s] weapon instruction row requested=0 selected=0 top=0 target_y=11
[   46.2s] weapon selector activation: wm_command_after_validated_popup
[   55.5s] weapon instruction row requested=0 selected=0 top=0 target_y=11
[   55.6s] weapon selector activation: wm_command_after_validated_popup
[   64.8s] weapon instruction row requested=0 selected=0 top=0 target_y=11
[   64.9s] weapon selector activation: wm_command_after_validated_popup
[   74.1s] weapon instruction row requested=0 selected=0 top=0 target_y=11
[   74.2s] weapon selector activation: wm_command_after_validated_popup
[   83.4s] weapon instruction row requested=0 selected=0 top=0 target_y=11
[   83.5s] weapon selector activation: wm_command_after_validated_popup
[   92.7s] weapon instruction row requested=0 selected=0 top=0 target_y=11
[   92.8s] weapon selector activation: wm_command_after_validated_popup
[  102.0s] weapon instruction row requested=0 selected=0 top=0 target_y=11
[  102.1s] weapon selector activation: wm_command_after_validated_popup
[  111.3s] weapon instruction row requested=0 selected=0 top=0 target_y=11
[  111.5s] weapon selector activation: wm_command_after_validated_popup
[  120.7s] weapon instruction row requested=0 selected=0 top=0 target_y=11
[  120.8s] weapon selector activation: wm_command_after_validated_popup
[  130.2s] weapon instruction row requested=0 selected=0 top=0 target_y=11
[  130.3s] weapon selector activation: wm_command_after_validated_popup
[  135.6s] DBCANCELALL complete: commands=11 diffs=0
[  135.8s] terminated owned pid=10412
