[    0.1s] launched pid=19192
[    0.1s] === stage A: launcher -> main window (no ROM) ===
[    3.1s] top window: {'hwnd': 13501754, 'title': 'SRW2修改器V1.5', 'class': 'WTWindow', 'rect': {'left': 571, 'top': 244, 'right': 1346, 'bottom': 843, 'width': 775, 'height': 599}, 'pid': 19192}
[    4.0s] dump A01_启动器: title='SRW2修改器V1.5' class='WTWindow' controls=8 shot=ok
[    7.2s] main window hwnd=1248650 title='SRW2扩容版修改器V1.0'
[    8.7s] dump A02_主窗口_未载入ROM: title='SRW2扩容版修改器V1.0' class='WTWindow' controls=63 shot=ok
[   13.2s] menu 文件(F): could not open menu via Alt+F
[   17.9s] menu 帮助(H): could not open menu via Alt+H
[   18.4s] === stage LOAD: load ROM copy only ===
[   19.3s] dump LOAD01_打开ROM对话框: title='打开文件' class='#32770' controls=51 shot=ok
[   19.8s] open dialog confirmed gone=True
[   26.8s] ROM loaded without main-window sweep, title='SRW2扩容版修改器V1.0：D:\\GIT\\mmc3\\output\\build\\legacy-ui-probe\\probe.nes'
[   27.8s] dump LOAD02_主窗口_载入后: title='SRW2扩容版修改器V1.0：D:\\GIT\\mmc3\\output\\build\\legacy-ui-probe\\probe.nes' class='WTWindow' controls=63 shot=ok
[   27.8s] === stage DBWINSTR: weapon instruction descendants ===
[   28.8s] 数据库: hwnd=8457354 title='数据库'
[   38.8s] dump DBWINSTR_01_F4定义声音_1: title='定义声音' class='WTWindow' controls=29 shot=ok
[   49.7s] dump DBWINSTR_02_F0定义颜色_1: title='定义颜色' class='WTWindow' controls=29 shot=ok
[   60.9s] dump DBWINSTR_03_F2定义光束图库_1: title='定义光束规律图库' class='WTWindow' controls=29 shot=ok
[   72.4s] dump DBWINSTR_04_F3定义光束规律_1: title='定义光束规律' class='WTWindow' controls=29 shot=ok
[   84.1s] dump DBWINSTR_05_E0切换00区域的图库号_1: title='切换精灵图库0' class='WTWindow' controls=29 shot=ok
[   95.2s] dump DBWINSTR_06_E1切换01区域的图库号_1: title='切换精灵图库1' class='WTWindow' controls=29 shot=ok
[  106.4s] dump DBWINSTR_07_FD移动屏幕_1: title='移动屏幕' class='WTWindow' controls=27 shot=ok
[  118.1s] dump DBWINSTR_08_FE跳转重复_1: title='跳转重复' class='WTWindow' controls=29 shot=ok
[  129.1s] dump DBWINSTR_09_F9创建物体_1: title='创建物体' class='WTWindow' controls=29 shot=ok
[  140.7s] dump DBWINSTR_10_42_C2定义物体运行规律_1: title='运行规律' class='WTWindow' controls=29 shot=ok
[  153.0s] dump DBWINSTR_11_等待_帧__1: title='等待(帧)' class='WTWindow' controls=29 shot=ok
[  164.0s] DBWINSTR complete: 12/12 buttons
[  164.2s] terminated owned pid=19192
