[    0.0s] launched pid=10616
[    0.0s] === stage A: launcher -> main window (no ROM) ===
[    3.0s] top window: {'hwnd': 23068908, 'title': 'SRW2修改器V1.5', 'class': 'WTWindow', 'rect': {'left': 571, 'top': 244, 'right': 1346, 'bottom': 843, 'width': 775, 'height': 599}, 'pid': 10616}
[    4.0s] dump A01_启动器: title='SRW2修改器V1.5' class='WTWindow' controls=8 shot=ok
[    7.2s] main window hwnd=7408542 title='SRW2扩容版修改器V1.0'
[    8.8s] dump A02_主窗口_未载入ROM: title='SRW2扩容版修改器V1.0' class='WTWindow' controls=63 shot=ok
[   13.3s] menu 文件(F): could not open menu via Alt+F
[   17.9s] menu 帮助(H): could not open menu via Alt+H
[   18.4s] === stage LOAD: load ROM copy only ===
[   19.3s] dump LOAD01_打开ROM对话框: title='打开文件' class='#32770' controls=51 shot=ok
[   19.8s] open dialog confirmed gone=True
[   26.9s] ROM loaded without main-window sweep, title='SRW2扩容版修改器V1.0：D:\\GIT\\mmc3\\output\\build\\legacy-ui-probe\\weapon-rule-save-picture-puzzle-hflip.nes'
[   27.8s] dump LOAD02_主窗口_载入后: title='SRW2扩容版修改器V1.0：D:\\GIT\\mmc3\\output\\build\\legacy-ui-probe\\weapon-rule-save-picture-puzzle-hflip.nes' class='WTWindow' controls=63 shot=ok
[   27.8s] === stage DBWRULESAVE: picture-puzzle-hflip ===
[   28.8s] 数据库: hwnd=9372054 title='数据库'
[   56.6s] dump DBWRULESAVE_picture-puzzle-hflip_拼图动作前: title='物理拼图' class='WTWindow' controls=22 shot=ok
[   57.8s] dump DBWRULESAVE_picture-puzzle-hflip_拼图动作后: title='物理拼图' class='WTWindow' controls=22 shot=ok
[   59.0s] dump DBWRULESAVE_picture-puzzle-hflip_修改后: title='规律' class='WTWindow' controls=73 shot=ok
[   64.6s] DBWRULESAVE complete: case=picture-puzzle-hflip diffs=10891
[   64.8s] terminated owned pid=10616
