[    0.0s] launched pid=18296
[    0.0s] === stage A: launcher -> main window (no ROM) ===
[    3.0s] top window: {'hwnd': 16908678, 'title': 'SRW2修改器V1.5', 'class': 'WTWindow', 'rect': {'left': 571, 'top': 244, 'right': 1346, 'bottom': 843, 'width': 775, 'height': 599}, 'pid': 18296}
[    4.0s] dump A01_启动器: title='SRW2修改器V1.5' class='WTWindow' controls=8 shot=ok
[    6.5s] main window hwnd=9243526 title='SRW2扩容版修改器V1.0'
[    8.0s] dump A02_主窗口_未载入ROM: title='SRW2扩容版修改器V1.0' class='WTWindow' controls=63 shot=ok
[   12.5s] menu 文件(F): could not open menu via Alt+F
[   17.1s] menu 帮助(H): could not open menu via Alt+H
[   17.6s] === stage LOAD: load ROM copy only ===
[   18.5s] dump LOAD01_打开ROM对话框: title='打开文件' class='#32770' controls=51 shot=ok
[   19.0s] open dialog confirmed gone=True
[   26.1s] ROM loaded without main-window sweep, title='SRW2扩容版修改器V1.0：D:\\GIT\\mmc3\\output\\build\\legacy-ui-probe\\weapon-rule-save-wrulebeam-r0-s80-br-01.nes'
[   27.0s] dump LOAD02_主窗口_载入后: title='SRW2扩容版修改器V1.0：D:\\GIT\\mmc3\\output\\build\\legacy-ui-probe\\weapon-rule-save-wrulebeam-r0-s80-br-01.nes' class='WTWindow' controls=63 shot=ok
[   27.0s] === stage DBWRULESAVE: beam-puzzle-replace ===
[   27.8s] 数据库: hwnd=15532686 title='数据库'
[   55.8s] dump DBWRULESAVE_beam-puzzle-replace_拼图动作前: title='光束拼图' class='WTWindow' controls=20 shot=ok
[   58.2s] dump DBWRULESAVE_beam-puzzle-replace_拼图动作后: title='光束拼图' class='WTWindow' controls=20 shot=ok
[   59.3s] dump DBWRULESAVE_beam-puzzle-replace_修改后: title='规律' class='WTWindow' controls=73 shot=ok
[   64.9s] DBWRULESAVE complete: case=beam-puzzle-replace diffs=6835
[   65.1s] terminated owned pid=18296
