[    0.0s] launched pid=17464
[    0.0s] === stage A: launcher -> main window (no ROM) ===
[    3.1s] top window: {'hwnd': 10879646, 'title': 'SRW2修改器V1.5', 'class': 'WTWindow', 'rect': {'left': 571, 'top': 244, 'right': 1346, 'bottom': 843, 'width': 775, 'height': 599}, 'pid': 17464}
[    4.0s] dump A01_启动器: title='SRW2修改器V1.5' class='WTWindow' controls=8 shot=ok
[    6.1s] main window hwnd=10685374 title='SRW2扩容版修改器V1.0'
[    7.6s] dump A02_主窗口_未载入ROM: title='SRW2扩容版修改器V1.0' class='WTWindow' controls=63 shot=ok
[   12.1s] menu 文件(F): could not open menu via Alt+F
[   16.7s] menu 帮助(H): could not open menu via Alt+H
[   17.2s] === stage LOAD: load ROM copy only ===
[   18.2s] dump LOAD01_打开ROM对话框: title='打开文件' class='#32770' controls=51 shot=ok
[   18.7s] open dialog confirmed gone=True
[   25.7s] ROM loaded without main-window sweep, title='SRW2扩容版修改器V1.0：D:\\GIT\\mmc3\\output\\build\\legacy-ui-probe\\weapon-command-ff-enemy-w29-r26.nes'
[   26.6s] dump LOAD02_主窗口_载入后: title='SRW2扩容版修改器V1.0：D:\\GIT\\mmc3\\output\\build\\legacy-ui-probe\\weapon-command-ff-enemy-w29-r26.nes' class='WTWindow' controls=63 shot=ok
[   26.6s] === stage DBSAVEFF: isolated direct FF insertion/save golden ===
[   27.6s] 数据库: hwnd=28640490 title='数据库'
[   40.5s] weapon instruction row requested=26 selected=26 target_y=333
[   40.5s] weapon selector activation: popup_unavailable_wm_command_fallback
[   42.0s] dump DBSAVE_FF_直接插入后: title='数据库' class='WTWindow' controls=300 shot=ok
[   47.3s] stage DBSAVEFF FAILED: RuntimeError('FF direct insertion save golden did not validate')
[   47.5s] terminated owned pid=17464
