[    0.0s] launched pid=15480
[    0.0s] === stage A: launcher -> main window (no ROM) ===
[    3.0s] top window: {'hwnd': 13762990, 'title': 'SRW2修改器V1.5', 'class': 'WTWindow', 'rect': {'left': 571, 'top': 244, 'right': 1346, 'bottom': 843, 'width': 775, 'height': 599}, 'pid': 15480}
[    4.0s] dump A01_启动器: title='SRW2修改器V1.5' class='WTWindow' controls=8 shot=ok
[    6.4s] main window hwnd=8522628 title='SRW2扩容版修改器V1.0'
[    7.9s] dump A02_主窗口_未载入ROM: title='SRW2扩容版修改器V1.0' class='WTWindow' controls=63 shot=ok
[   12.5s] menu 文件(F): could not open menu via Alt+F
[   17.1s] menu 帮助(H): could not open menu via Alt+H
[   17.6s] === stage LOAD: load ROM copy only ===
[   18.5s] dump LOAD01_打开ROM对话框: title='打开文件' class='#32770' controls=51 shot=ok
[   19.0s] open dialog confirmed gone=True
[   26.0s] ROM loaded without main-window sweep, title='SRW2扩容版修改器V1.0：D:\\GIT\\mmc3\\output\\build\\legacy-ui-probe\\weapon-context-cut-save.nes'
[   27.0s] dump LOAD02_主窗口_载入后: title='SRW2扩容版修改器V1.0：D:\\GIT\\mmc3\\output\\build\\legacy-ui-probe\\weapon-context-cut-save.nes' class='WTWindow' controls=63 shot=ok
[   27.0s] === stage DBCONTEXTSAVE: case=cut ===
[   27.7s] 数据库: hwnd=8913994 title='数据库'
[   37.2s] weapon instruction row requested=0 selected=0 top=0 target_y=11
[   37.4s] weapon selector activation: wm_command_after_validated_popup
[   39.4s] dump DBCONTEXTSAVE_cut_草稿: title='数据库' class='WTWindow' controls=300 shot=ok
[   44.8s] DBCONTEXTSAVE complete: case=cut diffs=2621
[   45.0s] terminated owned pid=15480
