[    0.0s] launched pid=15964
[    0.0s] === stage A: launcher -> main window (no ROM) ===
[    3.0s] top window: {'hwnd': 11208886, 'title': 'SRW2修改器V1.5', 'class': 'WTWindow', 'rect': {'left': 571, 'top': 244, 'right': 1346, 'bottom': 843, 'width': 775, 'height': 599}, 'pid': 15964}
[    4.0s] dump A01_启动器: title='SRW2修改器V1.5' class='WTWindow' controls=8 shot=ok
[    6.8s] main window hwnd=198408 title='SRW2扩容版修改器V1.0'
[    8.3s] dump A02_主窗口_未载入ROM: title='SRW2扩容版修改器V1.0' class='WTWindow' controls=63 shot=ok
[   12.8s] menu 文件(F): could not open menu via Alt+F
[   17.5s] menu 帮助(H): could not open menu via Alt+H
[   18.0s] === stage LOAD: load ROM copy only ===
[   19.4s] dump LOAD01_打开ROM对话框: title='打开文件' class='#32770' controls=51 shot=ok
[   19.9s] open dialog confirmed gone=True
[   25.9s] ROM loaded without main-window sweep, title='SRW2扩容版修改器V1.0：D:\\GIT\\mmc3\\output\\build\\legacy-ui-probe\\probe.nes'
[   26.9s] dump LOAD02_主窗口_载入后: title='SRW2扩容版修改器V1.0：D:\\GIT\\mmc3\\output\\build\\legacy-ui-probe\\probe.nes' class='WTWindow' controls=63 shot=ok
[   26.9s] === stage DBCTX: recursive database context-menu discovery ===
[   27.9s] dump DIAG_阻塞弹窗1: title='数据库' class='WTWindow' controls=300 shot=ok
[   27.9s] dismissed 1 blocking popup(s)
[   42.8s] dump DIAG_阻塞弹窗1: title='错误' class='#32770' controls=4 shot=ok
[   43.0s] dismissed 1 blocking popup(s)
[   43.0s] 数据库: window did not appear (cmd 20008)
[   43.0s] stage DBCTX FAILED: RuntimeError('database window did not appear')
[   43.2s] terminated owned pid=15964
