M05 reference retry started: 2026-09-20T00:06:10.0666459+08:00

=== M05-movement-cold-start-01.json ===
D:\GIT\mmc3\.venv\Lib\site-packages\pywinauto\application.py:1085: UserWarning: 32-bit application should be automated using 32-bit Python (you use 64-bit Python)
  warnings.warn(
D:\GIT\mmc3\.venv\Lib\site-packages\pywinauto\application.py:1085: UserWarning: 32-bit application should be automated using 32-bit Python (you use 64-bit Python)
  warnings.warn(
在线采集完成：M05/movement/cold_start_01 PID 15572→17244，耗时 30.667s，passed=False
- 用例目录：D:\GIT\mmc3\output\build\legacy-diff-audit\cases\legacy_live\M05\movement\cold_start_01
黄金档案归档完成：76/76 用例（golden 71，discovery 5），耗时 4.72s
- 通过 golden：70；未通过 golden：1
- 快照缺失：0
- 未登记快照目录：5 -> output/build/legacy-diff-audit/cases/diagnostic/retry_history/20260920T000547/M05/movement/cold_start_01；output/build/legacy-diff-audit/cases/diagnostic/retry_history/20260920T000547/M05/speed/cold_start_01；output/build/legacy-diff-audit/cases/global_hit_threshold；output/build/legacy-diff-audit/cases/item_price_01；output/build/legacy-diff-audit/cases/legacy_other1/experience_level_98
- 存量差分不一致预警：0
- 孤儿档案（不被注册表引用，仅报告未删除）：1 -> M05-speed-cold_start_01.json
- 档案目录：output/build/legacy-diff-audit/golden（76 个 JSON + index.json）
- 注册表：tools/golden_pipeline/cases/field_registry.json
G1 黄金对照覆盖率：69/74 = 93.24%（分母口径 registered_fields；最终口径为主文档第 4/5 章全量字段数）
G2 逐字段差分通过率：71/71 = 100.00%
用例计数：golden 71（通过 70/未通过 1），discovery 5，待解释 6
报告：output/reports/golden-coverage-report.json / output/reports/golden-coverage-report.md
exit_code=1

=== M05-speed-cold-start-01.json ===
D:\GIT\mmc3\.venv\Lib\site-packages\pywinauto\application.py:1085: UserWarning: 32-bit application should be automated using 32-bit Python (you use 64-bit Python)
  warnings.warn(
D:\GIT\mmc3\.venv\Lib\site-packages\pywinauto\application.py:1085: UserWarning: 32-bit application should be automated using 32-bit Python (you use 64-bit Python)
  warnings.warn(
在线采集完成：M05/speed/cold_start_01 PID 4160→2604，耗时 20.901s，passed=True
- 用例目录：D:\GIT\mmc3\output\build\legacy-diff-audit\cases\legacy_live\M05\speed\cold_start_01
黄金档案归档完成：77/77 用例（golden 72，discovery 5），耗时 4.68s
- 通过 golden：71；未通过 golden：1
- 快照缺失：0
- 未登记快照目录：5 -> output/build/legacy-diff-audit/cases/diagnostic/retry_history/20260920T000547/M05/movement/cold_start_01；output/build/legacy-diff-audit/cases/diagnostic/retry_history/20260920T000547/M05/speed/cold_start_01；output/build/legacy-diff-audit/cases/global_hit_threshold；output/build/legacy-diff-audit/cases/item_price_01；output/build/legacy-diff-audit/cases/legacy_other1/experience_level_98
- 存量差分不一致预警：0
- 孤儿档案（不被注册表引用）：0
- 档案目录：output/build/legacy-diff-audit/golden（77 个 JSON + index.json）
- 注册表：tools/golden_pipeline/cases/field_registry.json
G1 黄金对照覆盖率：70/75 = 93.33%（分母口径 registered_fields；最终口径为主文档第 4/5 章全量字段数）
G2 逐字段差分通过率：72/72 = 100.00%
用例计数：golden 72（通过 71/未通过 1），discovery 5，待解释 6
报告：output/reports/golden-coverage-report.json / output/reports/golden-coverage-report.md

=== M05-hp-cold-start-01.json ===
D:\GIT\mmc3\.venv\Lib\site-packages\pywinauto\application.py:1085: UserWarning: 32-bit application should be automated using 32-bit Python (you use 64-bit Python)
  warnings.warn(
D:\GIT\mmc3\.venv\Lib\site-packages\pywinauto\application.py:1085: UserWarning: 32-bit application should be automated using 32-bit Python (you use 64-bit Python)
  warnings.warn(
在线采集完成：M05/hp/cold_start_01 PID 15620→7728，耗时 21.185s，passed=True
- 用例目录：D:\GIT\mmc3\output\build\legacy-diff-audit\cases\legacy_live\M05\hp\cold_start_01
黄金档案归档完成：78/78 用例（golden 73，discovery 5），耗时 4.51s
- 通过 golden：72；未通过 golden：1
- 快照缺失：0
- 未登记快照目录：5 -> output/build/legacy-diff-audit/cases/diagnostic/retry_history/20260920T000547/M05/movement/cold_start_01；output/build/legacy-diff-audit/cases/diagnostic/retry_history/20260920T000547/M05/speed/cold_start_01；output/build/legacy-diff-audit/cases/global_hit_threshold；output/build/legacy-diff-audit/cases/item_price_01；output/build/legacy-diff-audit/cases/legacy_other1/experience_level_98
- 存量差分不一致预警：0
- 孤儿档案（不被注册表引用）：0
- 档案目录：output/build/legacy-diff-audit/golden（78 个 JSON + index.json）
- 注册表：tools/golden_pipeline/cases/field_registry.json
G1 黄金对照覆盖率：71/76 = 93.42%（分母口径 registered_fields；最终口径为主文档第 4/5 章全量字段数）
G2 逐字段差分通过率：73/73 = 100.00%
用例计数：golden 73（通过 72/未通过 1），discovery 5，待解释 6
报告：output/reports/golden-coverage-report.json / output/reports/golden-coverage-report.md

M05 reference retry finished: 2026-09-20T00:07:37.4230448+08:00; failed=1
