M05 appearance batch started: 2026-09-20T01:13:46.1545362+08:00

=== M05-body-color-1-cold-start-01.json ===
skip: completed live case already exists

=== M05-body-color-2-cold-start-01.json ===
在线采集完成：M05/body_color_2/cold_start_01 PID 17712→3252，耗时 22.597s，passed=True
- 用例目录：D:\GIT\mmc3\output\build\legacy-diff-audit\cases\legacy_live\M05\body_color_2\cold_start_01
黄金档案归档完成：89/89 用例（golden 84，discovery 5），耗时 5.35s
- 通过 golden：84；未通过 golden：0
- 快照缺失：0
- 未登记快照目录：3 -> output/build/legacy-diff-audit/cases/global_hit_threshold；output/build/legacy-diff-audit/cases/item_price_01；output/build/legacy-diff-audit/cases/legacy_other1/experience_level_98
- 存量差分不一致预警：0
- 孤儿档案（不被注册表引用，仅报告未删除）：3 -> M05-body_bank_1-cold_start_01.json；M05-fragment_bank-cold_start_01.json；M05-fragment_color_1-cold_start_01.json
- 档案目录：output/build/legacy-diff-audit/golden（89 个 JSON + index.json）
- 注册表：tools/golden_pipeline/cases/field_registry.json
G1 黄金对照覆盖率：83/87 = 95.40%（分母口径 registered_fields；最终口径为主文档第 4/5 章全量字段数）
G2 逐字段差分通过率：84/84 = 100.00%
用例计数：golden 84（通过 84/未通过 0），discovery 5，待解释 5
报告：output/reports/golden-coverage-report.json / output/reports/golden-coverage-report.md
D:\GIT\mmc3\.venv\Lib\site-packages\pywinauto\application.py:1085: UserWarning: 32-bit application should be automated using 32-bit Python (you use 64-bit Python)
  warnings.warn(
D:\GIT\mmc3\.venv\Lib\site-packages\pywinauto\application.py:1085: UserWarning: 32-bit application should be automated using 32-bit Python (you use 64-bit Python)
  warnings.warn(
exit_code=

=== M05-body-color-3-cold-start-01.json ===
skip: completed live case already exists

=== M05-fragment-color-1-cold-start-01.json ===
在线采集完成：M05/fragment_color_1/cold_start_01 PID 6536→3432，耗时 31.669s，passed=False
- 用例目录：D:\GIT\mmc3\output\build\legacy-diff-audit\cases\legacy_live\M05\fragment_color_1\cold_start_01
黄金档案归档完成：90/90 用例（golden 85，discovery 5），耗时 5.42s
- 通过 golden：84；未通过 golden：1
- 快照缺失：0
- 未登记快照目录：3 -> output/build/legacy-diff-audit/cases/global_hit_threshold；output/build/legacy-diff-audit/cases/item_price_01；output/build/legacy-diff-audit/cases/legacy_other1/experience_level_98
- 存量差分不一致预警：0
- 孤儿档案（不被注册表引用，仅报告未删除）：2 -> M05-body_bank_1-cold_start_01.json；M05-fragment_bank-cold_start_01.json
- 档案目录：output/build/legacy-diff-audit/golden（90 个 JSON + index.json）
- 注册表：tools/golden_pipeline/cases/field_registry.json
G1 黄金对照覆盖率：83/88 = 94.32%（分母口径 registered_fields；最终口径为主文档第 4/5 章全量字段数）
G2 逐字段差分通过率：85/85 = 100.00%
用例计数：golden 85（通过 84/未通过 1），discovery 5，待解释 6
报告：output/reports/golden-coverage-report.json / output/reports/golden-coverage-report.md
D:\GIT\mmc3\.venv\Lib\site-packages\pywinauto\application.py:1085: UserWarning: 32-bit application should be automated using 32-bit Python (you use 64-bit Python)
  warnings.warn(
D:\GIT\mmc3\.venv\Lib\site-packages\pywinauto\application.py:1085: UserWarning: 32-bit application should be automated using 32-bit Python (you use 64-bit Python)
  warnings.warn(
exit_code=

=== M05-fragment-color-2-cold-start-01.json ===
skip: completed live case already exists

=== M05-fragment-color-3-cold-start-01.json ===
skip: completed live case already exists

M05 appearance batch finished: 2026-09-20T01:14:51.8843864+08:00; failed=2
