M05 reference batch started: 2026-09-19T23:57:13.0958259+08:00

=== M05-speed-cold-start-01.json ===
D:\GIT\mmc3\.venv\Lib\site-packages\pywinauto\application.py:1085: UserWarning: 32-bit application should be automated using 32-bit Python (you use 64-bit Python)
  warnings.warn(
D:\GIT\mmc3\.venv\Lib\site-packages\pywinauto\application.py:1085: UserWarning: 32-bit application should be automated using 32-bit Python (you use 64-bit Python)
  warnings.warn(
在线采集完成：M05/speed/cold_start_01 PID 8460→15908，耗时 31.131s，passed=True
- 用例目录：D:\GIT\mmc3\output\build\legacy-diff-audit\cases\legacy_live\M05\speed\cold_start_01
黄金档案归档完成：67/67 用例（golden 62，discovery 5），耗时 4.46s
- 通过 golden：61；未通过 golden：1
- 快照缺失：0
- 未登记快照目录：3 -> output/build/legacy-diff-audit/cases/global_hit_threshold；output/build/legacy-diff-audit/cases/item_price_01；output/build/legacy-diff-audit/cases/legacy_other1/experience_level_98
- 存量差分不一致预警：0
- 孤儿档案（不被注册表引用）：0
- 档案目录：output/build/legacy-diff-audit/golden（67 个 JSON + index.json）
- 注册表：tools/golden_pipeline/cases/field_registry.json
G1 黄金对照覆盖率：60/65 = 92.31%（分母口径 registered_fields；最终口径为主文档第 4/5 章全量字段数）
G2 逐字段差分通过率：62/62 = 100.00%
用例计数：golden 62（通过 61/未通过 1），discovery 5，待解释 6
报告：output/reports/golden-coverage-report.json / output/reports/golden-coverage-report.md

=== M05-strength-cold-start-01.json ===
D:\GIT\mmc3\.venv\Lib\site-packages\pywinauto\application.py:1085: UserWarning: 32-bit application should be automated using 32-bit Python (you use 64-bit Python)
  warnings.warn(
D:\GIT\mmc3\.venv\Lib\site-packages\pywinauto\application.py:1085: UserWarning: 32-bit application should be automated using 32-bit Python (you use 64-bit Python)
  warnings.warn(
在线采集完成：M05/strength/cold_start_01 PID 6132→8848，耗时 21.023s，passed=True
- 用例目录：D:\GIT\mmc3\output\build\legacy-diff-audit\cases\legacy_live\M05\strength\cold_start_01
黄金档案归档完成：68/68 用例（golden 63，discovery 5），耗时 3.88s
- 通过 golden：62；未通过 golden：1
- 快照缺失：0
- 未登记快照目录：3 -> output/build/legacy-diff-audit/cases/global_hit_threshold；output/build/legacy-diff-audit/cases/item_price_01；output/build/legacy-diff-audit/cases/legacy_other1/experience_level_98
- 存量差分不一致预警：0
- 孤儿档案（不被注册表引用）：0
- 档案目录：output/build/legacy-diff-audit/golden（68 个 JSON + index.json）
- 注册表：tools/golden_pipeline/cases/field_registry.json
G1 黄金对照覆盖率：61/66 = 92.42%（分母口径 registered_fields；最终口径为主文档第 4/5 章全量字段数）
G2 逐字段差分通过率：63/63 = 100.00%
用例计数：golden 63（通过 62/未通过 1），discovery 5，待解释 6
报告：output/reports/golden-coverage-report.json / output/reports/golden-coverage-report.md

=== M05-defense-cold-start-01.json ===
D:\GIT\mmc3\.venv\Lib\site-packages\pywinauto\application.py:1085: UserWarning: 32-bit application should be automated using 32-bit Python (you use 64-bit Python)
  warnings.warn(
D:\GIT\mmc3\.venv\Lib\site-packages\pywinauto\application.py:1085: UserWarning: 32-bit application should be automated using 32-bit Python (you use 64-bit Python)
  warnings.warn(
在线采集完成：M05/defense/cold_start_01 PID 9876→16824，耗时 21.154s，passed=True
- 用例目录：D:\GIT\mmc3\output\build\legacy-diff-audit\cases\legacy_live\M05\defense\cold_start_01
黄金档案归档完成：69/69 用例（golden 64，discovery 5），耗时 4.16s
- 通过 golden：63；未通过 golden：1
- 快照缺失：0
- 未登记快照目录：3 -> output/build/legacy-diff-audit/cases/global_hit_threshold；output/build/legacy-diff-audit/cases/item_price_01；output/build/legacy-diff-audit/cases/legacy_other1/experience_level_98
- 存量差分不一致预警：0
- 孤儿档案（不被注册表引用）：0
- 档案目录：output/build/legacy-diff-audit/golden（69 个 JSON + index.json）
- 注册表：tools/golden_pipeline/cases/field_registry.json
G1 黄金对照覆盖率：62/67 = 92.54%（分母口径 registered_fields；最终口径为主文档第 4/5 章全量字段数）
G2 逐字段差分通过率：64/64 = 100.00%
用例计数：golden 64（通过 63/未通过 1），discovery 5，待解释 6
报告：output/reports/golden-coverage-report.json / output/reports/golden-coverage-report.md

=== M05-money-cold-start-01.json ===
D:\GIT\mmc3\.venv\Lib\site-packages\pywinauto\application.py:1085: UserWarning: 32-bit application should be automated using 32-bit Python (you use 64-bit Python)
  warnings.warn(
D:\GIT\mmc3\.venv\Lib\site-packages\pywinauto\application.py:1085: UserWarning: 32-bit application should be automated using 32-bit Python (you use 64-bit Python)
  warnings.warn(
在线采集完成：M05/money/cold_start_01 PID 1940→3104，耗时 20.875s，passed=True
- 用例目录：D:\GIT\mmc3\output\build\legacy-diff-audit\cases\legacy_live\M05\money\cold_start_01
黄金档案归档完成：70/70 用例（golden 65，discovery 5），耗时 4.14s
- 通过 golden：64；未通过 golden：1
- 快照缺失：0
- 未登记快照目录：3 -> output/build/legacy-diff-audit/cases/global_hit_threshold；output/build/legacy-diff-audit/cases/item_price_01；output/build/legacy-diff-audit/cases/legacy_other1/experience_level_98
- 存量差分不一致预警：0
- 孤儿档案（不被注册表引用）：0
- 档案目录：output/build/legacy-diff-audit/golden（70 个 JSON + index.json）
- 注册表：tools/golden_pipeline/cases/field_registry.json
G1 黄金对照覆盖率：63/68 = 92.65%（分母口径 registered_fields；最终口径为主文档第 4/5 章全量字段数）
G2 逐字段差分通过率：65/65 = 100.00%
用例计数：golden 65（通过 64/未通过 1），discovery 5，待解释 6
报告：output/reports/golden-coverage-report.json / output/reports/golden-coverage-report.md

=== M05-hp-cold-start-01.json ===
D:\GIT\mmc3\.venv\Lib\site-packages\pywinauto\application.py:1085: UserWarning: 32-bit application should be automated using 32-bit Python (you use 64-bit Python)
  warnings.warn(
在线采集失败：
exit_code=2

=== M05-experience-cold-start-01.json ===
D:\GIT\mmc3\.venv\Lib\site-packages\pywinauto\application.py:1085: UserWarning: 32-bit application should be automated using 32-bit Python (you use 64-bit Python)
  warnings.warn(
D:\GIT\mmc3\.venv\Lib\site-packages\pywinauto\application.py:1085: UserWarning: 32-bit application should be automated using 32-bit Python (you use 64-bit Python)
  warnings.warn(
在线采集完成：M05/experience/cold_start_01 PID 3500→6720，耗时 21.075s，passed=True
- 用例目录：D:\GIT\mmc3\output\build\legacy-diff-audit\cases\legacy_live\M05\experience\cold_start_01
黄金档案归档完成：71/71 用例（golden 66，discovery 5），耗时 4.17s
- 通过 golden：65；未通过 golden：1
- 快照缺失：0
- 未登记快照目录：3 -> output/build/legacy-diff-audit/cases/global_hit_threshold；output/build/legacy-diff-audit/cases/item_price_01；output/build/legacy-diff-audit/cases/legacy_other1/experience_level_98
- 存量差分不一致预警：0
- 孤儿档案（不被注册表引用）：0
- 档案目录：output/build/legacy-diff-audit/golden（71 个 JSON + index.json）
- 注册表：tools/golden_pipeline/cases/field_registry.json
G1 黄金对照覆盖率：64/69 = 92.75%（分母口径 registered_fields；最终口径为主文档第 4/5 章全量字段数）
G2 逐字段差分通过率：66/66 = 100.00%
用例计数：golden 66（通过 65/未通过 1），discovery 5，待解释 6
报告：output/reports/golden-coverage-report.json / output/reports/golden-coverage-report.md

=== M05-speed-growth-cold-start-01.json ===
D:\GIT\mmc3\.venv\Lib\site-packages\pywinauto\application.py:1085: UserWarning: 32-bit application should be automated using 32-bit Python (you use 64-bit Python)
  warnings.warn(
D:\GIT\mmc3\.venv\Lib\site-packages\pywinauto\application.py:1085: UserWarning: 32-bit application should be automated using 32-bit Python (you use 64-bit Python)
  warnings.warn(
在线采集完成：M05/speed_growth/cold_start_01 PID 18276→14568，耗时 21.577s，passed=True
- 用例目录：D:\GIT\mmc3\output\build\legacy-diff-audit\cases\legacy_live\M05\speed_growth\cold_start_01
黄金档案归档完成：72/72 用例（golden 67，discovery 5），耗时 4.27s
- 通过 golden：66；未通过 golden：1
- 快照缺失：0
- 未登记快照目录：3 -> output/build/legacy-diff-audit/cases/global_hit_threshold；output/build/legacy-diff-audit/cases/item_price_01；output/build/legacy-diff-audit/cases/legacy_other1/experience_level_98
- 存量差分不一致预警：0
- 孤儿档案（不被注册表引用）：0
- 档案目录：output/build/legacy-diff-audit/golden（72 个 JSON + index.json）
- 注册表：tools/golden_pipeline/cases/field_registry.json
G1 黄金对照覆盖率：65/70 = 92.86%（分母口径 registered_fields；最终口径为主文档第 4/5 章全量字段数）
G2 逐字段差分通过率：67/67 = 100.00%
用例计数：golden 67（通过 66/未通过 1），discovery 5，待解释 6
报告：output/reports/golden-coverage-report.json / output/reports/golden-coverage-report.md

=== M05-strength-growth-cold-start-01.json ===
D:\GIT\mmc3\.venv\Lib\site-packages\pywinauto\application.py:1085: UserWarning: 32-bit application should be automated using 32-bit Python (you use 64-bit Python)
  warnings.warn(
D:\GIT\mmc3\.venv\Lib\site-packages\pywinauto\application.py:1085: UserWarning: 32-bit application should be automated using 32-bit Python (you use 64-bit Python)
  warnings.warn(
在线采集完成：M05/strength_growth/cold_start_01 PID 14572→17260，耗时 22.811s，passed=True
- 用例目录：D:\GIT\mmc3\output\build\legacy-diff-audit\cases\legacy_live\M05\strength_growth\cold_start_01
黄金档案归档完成：73/73 用例（golden 68，discovery 5），耗时 4.48s
- 通过 golden：67；未通过 golden：1
- 快照缺失：0
- 未登记快照目录：3 -> output/build/legacy-diff-audit/cases/global_hit_threshold；output/build/legacy-diff-audit/cases/item_price_01；output/build/legacy-diff-audit/cases/legacy_other1/experience_level_98
- 存量差分不一致预警：0
- 孤儿档案（不被注册表引用）：0
- 档案目录：output/build/legacy-diff-audit/golden（73 个 JSON + index.json）
- 注册表：tools/golden_pipeline/cases/field_registry.json
G1 黄金对照覆盖率：66/71 = 92.96%（分母口径 registered_fields；最终口径为主文档第 4/5 章全量字段数）
G2 逐字段差分通过率：68/68 = 100.00%
用例计数：golden 68（通过 67/未通过 1），discovery 5，待解释 6
报告：output/reports/golden-coverage-report.json / output/reports/golden-coverage-report.md

=== M05-defense-growth-cold-start-01.json ===
D:\GIT\mmc3\.venv\Lib\site-packages\pywinauto\application.py:1085: UserWarning: 32-bit application should be automated using 32-bit Python (you use 64-bit Python)
  warnings.warn(
D:\GIT\mmc3\.venv\Lib\site-packages\pywinauto\application.py:1085: UserWarning: 32-bit application should be automated using 32-bit Python (you use 64-bit Python)
  warnings.warn(
在线采集完成：M05/defense_growth/cold_start_01 PID 5280→5300，耗时 21.181s，passed=True
- 用例目录：D:\GIT\mmc3\output\build\legacy-diff-audit\cases\legacy_live\M05\defense_growth\cold_start_01
黄金档案归档完成：74/74 用例（golden 69，discovery 5），耗时 4.49s
- 通过 golden：68；未通过 golden：1
- 快照缺失：0
- 未登记快照目录：3 -> output/build/legacy-diff-audit/cases/global_hit_threshold；output/build/legacy-diff-audit/cases/item_price_01；output/build/legacy-diff-audit/cases/legacy_other1/experience_level_98
- 存量差分不一致预警：0
- 孤儿档案（不被注册表引用）：0
- 档案目录：output/build/legacy-diff-audit/golden（74 个 JSON + index.json）
- 注册表：tools/golden_pipeline/cases/field_registry.json
G1 黄金对照覆盖率：67/72 = 93.06%（分母口径 registered_fields；最终口径为主文档第 4/5 章全量字段数）
G2 逐字段差分通过率：69/69 = 100.00%
用例计数：golden 69（通过 68/未通过 1），discovery 5，待解释 6
报告：output/reports/golden-coverage-report.json / output/reports/golden-coverage-report.md

=== M05-hp-growth-cold-start-01.json ===
D:\GIT\mmc3\.venv\Lib\site-packages\pywinauto\application.py:1085: UserWarning: 32-bit application should be automated using 32-bit Python (you use 64-bit Python)
  warnings.warn(
D:\GIT\mmc3\.venv\Lib\site-packages\pywinauto\application.py:1085: UserWarning: 32-bit application should be automated using 32-bit Python (you use 64-bit Python)
  warnings.warn(
在线采集完成：M05/hp_growth/cold_start_01 PID 16408→15292，耗时 21.142s，passed=True
- 用例目录：D:\GIT\mmc3\output\build\legacy-diff-audit\cases\legacy_live\M05\hp_growth\cold_start_01
黄金档案归档完成：75/75 用例（golden 70，discovery 5），耗时 4.44s
- 通过 golden：69；未通过 golden：1
- 快照缺失：0
- 未登记快照目录：3 -> output/build/legacy-diff-audit/cases/global_hit_threshold；output/build/legacy-diff-audit/cases/item_price_01；output/build/legacy-diff-audit/cases/legacy_other1/experience_level_98
- 存量差分不一致预警：0
- 孤儿档案（不被注册表引用）：0
- 档案目录：output/build/legacy-diff-audit/golden（75 个 JSON + index.json）
- 注册表：tools/golden_pipeline/cases/field_registry.json
G1 黄金对照覆盖率：68/73 = 93.15%（分母口径 registered_fields；最终口径为主文档第 4/5 章全量字段数）
G2 逐字段差分通过率：70/70 = 100.00%
用例计数：golden 70（通过 69/未通过 1），discovery 5，待解释 6
报告：output/reports/golden-coverage-report.json / output/reports/golden-coverage-report.md

=== M05-terrain-cold-start-01.json ===
D:\GIT\mmc3\.venv\Lib\site-packages\pywinauto\application.py:1085: UserWarning: 32-bit application should be automated using 32-bit Python (you use 64-bit Python)
  warnings.warn(
D:\GIT\mmc3\.venv\Lib\site-packages\pywinauto\application.py:1085: UserWarning: 32-bit application should be automated using 32-bit Python (you use 64-bit Python)
  warnings.warn(
在线采集完成：M05/terrain/cold_start_01 PID 17324→13416，耗时 20.918s，passed=True
- 用例目录：D:\GIT\mmc3\output\build\legacy-diff-audit\cases\legacy_live\M05\terrain\cold_start_01
黄金档案归档完成：76/76 用例（golden 71，discovery 5），耗时 4.56s
- 通过 golden：70；未通过 golden：1
- 快照缺失：0
- 未登记快照目录：3 -> output/build/legacy-diff-audit/cases/global_hit_threshold；output/build/legacy-diff-audit/cases/item_price_01；output/build/legacy-diff-audit/cases/legacy_other1/experience_level_98
- 存量差分不一致预警：0
- 孤儿档案（不被注册表引用）：0
- 档案目录：output/build/legacy-diff-audit/golden（76 个 JSON + index.json）
- 注册表：tools/golden_pipeline/cases/field_registry.json
G1 黄金对照覆盖率：69/74 = 93.24%（分母口径 registered_fields；最终口径为主文档第 4/5 章全量字段数）
G2 逐字段差分通过率：71/71 = 100.00%
用例计数：golden 71（通过 70/未通过 1），discovery 5，待解释 6
报告：output/reports/golden-coverage-report.json / output/reports/golden-coverage-report.md

=== M05-transform-cold-start-01.json ===
D:\GIT\mmc3\.venv\Lib\site-packages\pywinauto\application.py:1085: UserWarning: 32-bit application should be automated using 32-bit Python (you use 64-bit Python)
  warnings.warn(
D:\GIT\mmc3\.venv\Lib\site-packages\pywinauto\application.py:1085: UserWarning: 32-bit application should be automated using 32-bit Python (you use 64-bit Python)
  warnings.warn(
在线采集完成：M05/transform/cold_start_01 PID 16740→9012，耗时 20.875s，passed=True
- 用例目录：D:\GIT\mmc3\output\build\legacy-diff-audit\cases\legacy_live\M05\transform\cold_start_01
黄金档案归档完成：77/77 用例（golden 72，discovery 5），耗时 4.48s
- 通过 golden：71；未通过 golden：1
- 快照缺失：0
- 未登记快照目录：3 -> output/build/legacy-diff-audit/cases/global_hit_threshold；output/build/legacy-diff-audit/cases/item_price_01；output/build/legacy-diff-audit/cases/legacy_other1/experience_level_98
- 存量差分不一致预警：0
- 孤儿档案（不被注册表引用）：0
- 档案目录：output/build/legacy-diff-audit/golden（77 个 JSON + index.json）
- 注册表：tools/golden_pipeline/cases/field_registry.json
G1 黄金对照覆盖率：70/75 = 93.33%（分母口径 registered_fields；最终口径为主文档第 4/5 章全量字段数）
G2 逐字段差分通过率：72/72 = 100.00%
用例计数：golden 72（通过 71/未通过 1），discovery 5，待解释 6
报告：output/reports/golden-coverage-report.json / output/reports/golden-coverage-report.md

M05 reference batch finished: 2026-09-20T00:02:17.1702932+08:00; failed=1
