M05 special-skill batch started: 2026-09-20T00:37:37.3146965+08:00

=== M05-special-skill-base-cold-start-01.json ===
skip: completed live case already exists

=== M05-special-skill-twist-cold-start-01.json ===
在线采集完成：M05/special_skill_twist/cold_start_01 PID 2172→15424，耗时 22.599s，passed=True
- 用例目录：D:\GIT\mmc3\output\build\legacy-diff-audit\cases\legacy_live\M05\special_skill_twist\cold_start_01
黄金档案归档完成：82/82 用例（golden 77，discovery 5），耗时 4.78s
- 通过 golden：77；未通过 golden：0
- 快照缺失：0
- 未登记快照目录：3 -> output/build/legacy-diff-audit/cases/global_hit_threshold；output/build/legacy-diff-audit/cases/item_price_01；output/build/legacy-diff-audit/cases/legacy_other1/experience_level_98
- 存量差分不一致预警：0
- 孤儿档案（不被注册表引用，仅报告未删除）：1 -> M05-special_skill_reflect-cold_start_01.json
- 档案目录：output/build/legacy-diff-audit/golden（82 个 JSON + index.json）
- 注册表：tools/golden_pipeline/cases/field_registry.json
G1 黄金对照覆盖率：76/80 = 95.00%（分母口径 registered_fields；最终口径为主文档第 4/5 章全量字段数）
G2 逐字段差分通过率：77/77 = 100.00%
用例计数：golden 77（通过 77/未通过 0），discovery 5，待解释 5
报告：output/reports/golden-coverage-report.json / output/reports/golden-coverage-report.md
D:\GIT\mmc3\.venv\Lib\site-packages\pywinauto\application.py:1085: UserWarning: 32-bit application should be automated using 32-bit Python (you use 64-bit Python)
  warnings.warn(
D:\GIT\mmc3\.venv\Lib\site-packages\pywinauto\application.py:1085: UserWarning: 32-bit application should be automated using 32-bit Python (you use 64-bit Python)
  warnings.warn(
exit_code=

=== M05-special-skill-hit-and-away-cold-start-01.json ===
在线采集完成：M05/special_skill_hit_and_away/cold_start_01 PID 9636→9440，耗时 23.13s，passed=True
- 用例目录：D:\GIT\mmc3\output\build\legacy-diff-audit\cases\legacy_live\M05\special_skill_hit_and_away\cold_start_01
黄金档案归档完成：83/83 用例（golden 78，discovery 5），耗时 4.79s
- 通过 golden：78；未通过 golden：0
- 快照缺失：0
- 未登记快照目录：3 -> output/build/legacy-diff-audit/cases/global_hit_threshold；output/build/legacy-diff-audit/cases/item_price_01；output/build/legacy-diff-audit/cases/legacy_other1/experience_level_98
- 存量差分不一致预警：0
- 孤儿档案（不被注册表引用，仅报告未删除）：1 -> M05-special_skill_reflect-cold_start_01.json
- 档案目录：output/build/legacy-diff-audit/golden（83 个 JSON + index.json）
- 注册表：tools/golden_pipeline/cases/field_registry.json
G1 黄金对照覆盖率：77/81 = 95.06%（分母口径 registered_fields；最终口径为主文档第 4/5 章全量字段数）
G2 逐字段差分通过率：78/78 = 100.00%
用例计数：golden 78（通过 78/未通过 0），discovery 5，待解释 5
报告：output/reports/golden-coverage-report.json / output/reports/golden-coverage-report.md
D:\GIT\mmc3\.venv\Lib\site-packages\pywinauto\application.py:1085: UserWarning: 32-bit application should be automated using 32-bit Python (you use 64-bit Python)
  warnings.warn(
D:\GIT\mmc3\.venv\Lib\site-packages\pywinauto\application.py:1085: UserWarning: 32-bit application should be automated using 32-bit Python (you use 64-bit Python)
  warnings.warn(
exit_code=

=== M05-special-skill-reflect-cold-start-01.json ===
在线采集完成：M05/special_skill_reflect/cold_start_01 PID 7060→12508，耗时 22.618s，passed=True
- 用例目录：D:\GIT\mmc3\output\build\legacy-diff-audit\cases\legacy_live\M05\special_skill_reflect\cold_start_01
黄金档案归档完成：84/84 用例（golden 79，discovery 5），耗时 5.01s
- 通过 golden：79；未通过 golden：0
- 快照缺失：0
- 未登记快照目录：3 -> output/build/legacy-diff-audit/cases/global_hit_threshold；output/build/legacy-diff-audit/cases/item_price_01；output/build/legacy-diff-audit/cases/legacy_other1/experience_level_98
- 存量差分不一致预警：0
- 孤儿档案（不被注册表引用）：0
- 档案目录：output/build/legacy-diff-audit/golden（84 个 JSON + index.json）
- 注册表：tools/golden_pipeline/cases/field_registry.json
G1 黄金对照覆盖率：78/82 = 95.12%（分母口径 registered_fields；最终口径为主文档第 4/5 章全量字段数）
G2 逐字段差分通过率：79/79 = 100.00%
用例计数：golden 79（通过 79/未通过 0），discovery 5，待解释 5
报告：output/reports/golden-coverage-report.json / output/reports/golden-coverage-report.md
D:\GIT\mmc3\.venv\Lib\site-packages\pywinauto\application.py:1085: UserWarning: 32-bit application should be automated using 32-bit Python (you use 64-bit Python)
  warnings.warn(
D:\GIT\mmc3\.venv\Lib\site-packages\pywinauto\application.py:1085: UserWarning: 32-bit application should be automated using 32-bit Python (you use 64-bit Python)
  warnings.warn(
exit_code=

=== M05-special-skill-first-strike-cold-start-01.json ===
skip: completed live case already exists

M05 special-skill batch finished: 2026-09-20T00:39:01.0850584+08:00; failed=3
