M06 numeric discovery started: 2026-09-20T01:59:10.8597794+08:00

=== M06-growth-fixed-discovery-cold-start-01.json ===
D:\GIT\mmc3\.venv\Lib\site-packages\pywinauto\application.py:1085: UserWarning: 32-bit application should be automated using 32-bit Python (you use 64-bit Python)
  warnings.warn(
D:\GIT\mmc3\.venv\Lib\site-packages\pywinauto\application.py:1085: UserWarning: 32-bit application should be automated using 32-bit Python (you use 64-bit Python)
  warnings.warn(
在线采集完成：M06/growth_fixed/cold_start_01 PID 3472→3872，耗时 23.133s，passed=False
- 用例目录：D:\GIT\mmc3\output\build\legacy-diff-audit\cases\legacy_live\M06\growth_fixed\cold_start_01
Traceback (most recent call last):
  File "D:\GIT\mmc3\tools\report_golden_coverage.py", line 967, in <module>
    raise SystemExit(main())
                     ^^^^^^
  File "D:\GIT\mmc3\tools\report_golden_coverage.py", line 963, in main
    return int(args.handler(args))
               ^^^^^^^^^^^^^^^^^^
  File "D:\GIT\mmc3\tools\report_golden_coverage.py", line 256, in cmd_collect
    if cmd_archive(args) or cmd_stats(args):
       ^^^^^^^^^^^^^^^^^
  File "D:\GIT\mmc3\tools\report_golden_coverage.py", line 265, in cmd_archive
    records = load_family_records(repo)
              ^^^^^^^^^^^^^^^^^^^^^^^^^
  File "D:\GIT\mmc3\tools\golden_pipeline_core.py", line 521, in load_family_records
    records.extend(_adapt_live(json.loads(live_path.read_text(encoding="utf-8"))))
                   ^^^^^^^^^^^^^^^^^^^^^^^^^^^^^^^^^^^^^^^^^^^^^^^^^^^^^^^^^^^^^^
  File "D:\GIT\mmc3\tools\golden_pipeline_core.py", line 476, in _adapt_live
    raise ValueError("Live required/optional offsets do not partition expected")
ValueError: Live required/optional offsets do not partition expected
exit_code=1

=== M06-strength-bonus-discovery-cold-start-01.json ===
D:\GIT\mmc3\.venv\Lib\site-packages\pywinauto\application.py:1085: UserWarning: 32-bit application should be automated using 32-bit Python (you use 64-bit Python)
  warnings.warn(
D:\GIT\mmc3\.venv\Lib\site-packages\pywinauto\application.py:1085: UserWarning: 32-bit application should be automated using 32-bit Python (you use 64-bit Python)
  warnings.warn(
Traceback (most recent call last):
  File "D:\GIT\mmc3\tools\report_golden_coverage.py", line 967, in <module>
在线采集完成：M06/strength_bonus/cold_start_01 PID 17064→16108，耗时 23.264s，passed=False
- 用例目录：D:\GIT\mmc3\output\build\legacy-diff-audit\cases\legacy_live\M06\strength_bonus\cold_start_01
    raise SystemExit(main())
                     ^^^^^^
  File "D:\GIT\mmc3\tools\report_golden_coverage.py", line 963, in main
    return int(args.handler(args))
               ^^^^^^^^^^^^^^^^^^
  File "D:\GIT\mmc3\tools\report_golden_coverage.py", line 256, in cmd_collect
    if cmd_archive(args) or cmd_stats(args):
       ^^^^^^^^^^^^^^^^^
  File "D:\GIT\mmc3\tools\report_golden_coverage.py", line 265, in cmd_archive
    records = load_family_records(repo)
              ^^^^^^^^^^^^^^^^^^^^^^^^^
  File "D:\GIT\mmc3\tools\golden_pipeline_core.py", line 521, in load_family_records
    records.extend(_adapt_live(json.loads(live_path.read_text(encoding="utf-8"))))
                   ^^^^^^^^^^^^^^^^^^^^^^^^^^^^^^^^^^^^^^^^^^^^^^^^^^^^^^^^^^^^^^
  File "D:\GIT\mmc3\tools\golden_pipeline_core.py", line 476, in _adapt_live
    raise ValueError("Live required/optional offsets do not partition expected")
ValueError: Live required/optional offsets do not partition expected
exit_code=1

=== M06-mobility-bonus-discovery-cold-start-01.json ===
D:\GIT\mmc3\.venv\Lib\site-packages\pywinauto\application.py:1085: UserWarning: 32-bit application should be automated using 32-bit Python (you use 64-bit Python)
  warnings.warn(
D:\GIT\mmc3\.venv\Lib\site-packages\pywinauto\application.py:1085: UserWarning: 32-bit application should be automated using 32-bit Python (you use 64-bit Python)
  warnings.warn(
在线采集完成：M06/mobility_bonus/cold_start_01 PID 15524→10080，耗时 24.646s，passed=False
- 用例目录：D:\GIT\mmc3\output\build\legacy-diff-audit\cases\legacy_live\M06\mobility_bonus\cold_start_01
Traceback (most recent call last):
  File "D:\GIT\mmc3\tools\report_golden_coverage.py", line 967, in <module>
    raise SystemExit(main())
                     ^^^^^^
  File "D:\GIT\mmc3\tools\report_golden_coverage.py", line 963, in main
    return int(args.handler(args))
               ^^^^^^^^^^^^^^^^^^
  File "D:\GIT\mmc3\tools\report_golden_coverage.py", line 256, in cmd_collect
    if cmd_archive(args) or cmd_stats(args):
       ^^^^^^^^^^^^^^^^^
  File "D:\GIT\mmc3\tools\report_golden_coverage.py", line 265, in cmd_archive
    records = load_family_records(repo)
              ^^^^^^^^^^^^^^^^^^^^^^^^^
  File "D:\GIT\mmc3\tools\golden_pipeline_core.py", line 521, in load_family_records
    records.extend(_adapt_live(json.loads(live_path.read_text(encoding="utf-8"))))
                   ^^^^^^^^^^^^^^^^^^^^^^^^^^^^^^^^^^^^^^^^^^^^^^^^^^^^^^^^^^^^^^
  File "D:\GIT\mmc3\tools\golden_pipeline_core.py", line 476, in _adapt_live
    raise ValueError("Live required/optional offsets do not partition expected")
ValueError: Live required/optional offsets do not partition expected
exit_code=1

=== M06-defense-bonus-discovery-cold-start-01.json ===
D:\GIT\mmc3\.venv\Lib\site-packages\pywinauto\application.py:1085: UserWarning: 32-bit application should be automated using 32-bit Python (you use 64-bit Python)
  warnings.warn(
D:\GIT\mmc3\.venv\Lib\site-packages\pywinauto\application.py:1085: UserWarning: 32-bit application should be automated using 32-bit Python (you use 64-bit Python)
  warnings.warn(
在线采集完成：M06/defense_bonus/cold_start_01 PID 6500→15292，耗时 23.123s，passed=False
- 用例目录：D:\GIT\mmc3\output\build\legacy-diff-audit\cases\legacy_live\M06\defense_bonus\cold_start_01
Traceback (most recent call last):
  File "D:\GIT\mmc3\tools\report_golden_coverage.py", line 967, in <module>
    raise SystemExit(main())
                     ^^^^^^
  File "D:\GIT\mmc3\tools\report_golden_coverage.py", line 963, in main
    return int(args.handler(args))
               ^^^^^^^^^^^^^^^^^^
  File "D:\GIT\mmc3\tools\report_golden_coverage.py", line 256, in cmd_collect
    if cmd_archive(args) or cmd_stats(args):
       ^^^^^^^^^^^^^^^^^
  File "D:\GIT\mmc3\tools\report_golden_coverage.py", line 265, in cmd_archive
    records = load_family_records(repo)
              ^^^^^^^^^^^^^^^^^^^^^^^^^
  File "D:\GIT\mmc3\tools\golden_pipeline_core.py", line 521, in load_family_records
    records.extend(_adapt_live(json.loads(live_path.read_text(encoding="utf-8"))))
                   ^^^^^^^^^^^^^^^^^^^^^^^^^^^^^^^^^^^^^^^^^^^^^^^^^^^^^^^^^^^^^^
  File "D:\GIT\mmc3\tools\golden_pipeline_core.py", line 476, in _adapt_live
    raise ValueError("Live required/optional offsets do not partition expected")
ValueError: Live required/optional offsets do not partition expected
exit_code=1

=== M06-hp-bonus-discovery-cold-start-01.json ===
D:\GIT\mmc3\.venv\Lib\site-packages\pywinauto\application.py:1085: UserWarning: 32-bit application should be automated using 32-bit Python (you use 64-bit Python)
  warnings.warn(
D:\GIT\mmc3\.venv\Lib\site-packages\pywinauto\application.py:1085: UserWarning: 32-bit application should be automated using 32-bit Python (you use 64-bit Python)
  warnings.warn(
Traceback (most recent call last):
在线采集完成：M06/hp_bonus/cold_start_01 PID 14728→11172，耗时 24.079s，passed=False
- 用例目录：D:\GIT\mmc3\output\build\legacy-diff-audit\cases\legacy_live\M06\hp_bonus\cold_start_01
  File "D:\GIT\mmc3\tools\report_golden_coverage.py", line 967, in <module>
    raise SystemExit(main())
                     ^^^^^^
  File "D:\GIT\mmc3\tools\report_golden_coverage.py", line 963, in main
    return int(args.handler(args))
               ^^^^^^^^^^^^^^^^^^
  File "D:\GIT\mmc3\tools\report_golden_coverage.py", line 256, in cmd_collect
    if cmd_archive(args) or cmd_stats(args):
       ^^^^^^^^^^^^^^^^^
  File "D:\GIT\mmc3\tools\report_golden_coverage.py", line 265, in cmd_archive
    records = load_family_records(repo)
              ^^^^^^^^^^^^^^^^^^^^^^^^^
  File "D:\GIT\mmc3\tools\golden_pipeline_core.py", line 521, in load_family_records
    records.extend(_adapt_live(json.loads(live_path.read_text(encoding="utf-8"))))
                   ^^^^^^^^^^^^^^^^^^^^^^^^^^^^^^^^^^^^^^^^^^^^^^^^^^^^^^^^^^^^^^
  File "D:\GIT\mmc3\tools\golden_pipeline_core.py", line 476, in _adapt_live
    raise ValueError("Live required/optional offsets do not partition expected")
ValueError: Live required/optional offsets do not partition expected
exit_code=1

=== M06-speed-bonus-discovery-cold-start-01.json ===
D:\GIT\mmc3\.venv\Lib\site-packages\pywinauto\application.py:1085: UserWarning: 32-bit application should be automated using 32-bit Python (you use 64-bit Python)
  warnings.warn(
D:\GIT\mmc3\.venv\Lib\site-packages\pywinauto\application.py:1085: UserWarning: 32-bit application should be automated using 32-bit Python (you use 64-bit Python)
  warnings.warn(
在线采集完成：M06/speed_bonus/cold_start_01 PID 14460→4048，耗时 23.502s，passed=False
- 用例目录：D:\GIT\mmc3\output\build\legacy-diff-audit\cases\legacy_live\M06\speed_bonus\cold_start_01
Traceback (most recent call last):
  File "D:\GIT\mmc3\tools\report_golden_coverage.py", line 967, in <module>
    raise SystemExit(main())
                     ^^^^^^
  File "D:\GIT\mmc3\tools\report_golden_coverage.py", line 963, in main
    return int(args.handler(args))
               ^^^^^^^^^^^^^^^^^^
  File "D:\GIT\mmc3\tools\report_golden_coverage.py", line 256, in cmd_collect
    if cmd_archive(args) or cmd_stats(args):
       ^^^^^^^^^^^^^^^^^
  File "D:\GIT\mmc3\tools\report_golden_coverage.py", line 265, in cmd_archive
    records = load_family_records(repo)
              ^^^^^^^^^^^^^^^^^^^^^^^^^
  File "D:\GIT\mmc3\tools\golden_pipeline_core.py", line 521, in load_family_records
    records.extend(_adapt_live(json.loads(live_path.read_text(encoding="utf-8"))))
                   ^^^^^^^^^^^^^^^^^^^^^^^^^^^^^^^^^^^^^^^^^^^^^^^^^^^^^^^^^^^^^^
  File "D:\GIT\mmc3\tools\golden_pipeline_core.py", line 476, in _adapt_live
    raise ValueError("Live required/optional offsets do not partition expected")
ValueError: Live required/optional offsets do not partition expected
exit_code=1

M06 numeric discovery finished: 2026-09-20T02:01:39.6636900+08:00
