M06 spirit representative discovery started: 2026-09-20T03:14:27.2952157+08:00

=== M06-spirit-02-discovery-cold-start-01.json ===
在线采集完成：M06/spirit_02/cold_start_01 PID 12704→4904，耗时 32.871s，passed=False
- 用例目录：D:\GIT\mmc3\output\build\legacy-diff-audit\cases\legacy_live\M06\spirit_02\cold_start_01
黄金档案归档完成：120/120 用例（golden 114，discovery 6），耗时 9.43s
- 通过 golden：114；未通过 golden：0
- 快照缺失：0
- 未登记快照目录：3 -> output/build/legacy-diff-audit/cases/global_hit_threshold；output/build/legacy-diff-audit/cases/item_price_01；output/build/legacy-diff-audit/cases/legacy_other1/experience_level_98
- 存量差分不一致预警：0
- 孤儿档案（不被注册表引用，仅报告未删除）：3 -> M06-spirit_cost_02-cold_start_01.json；M06-spirit_cost_09-cold_start_01.json；M06-spirit_cost_17-cold_start_01.json
- 档案目录：output/build/legacy-diff-audit/golden（120 个 JSON + index.json）
- 注册表：tools/golden_pipeline/cases/field_registry.json
G1 黄金对照覆盖率：113/118 = 95.76%（分母口径 registered_fields；最终口径为主文档第 4/5 章全量字段数）
G2 逐字段差分通过率：114/114 = 100.00%
用例计数：golden 114（通过 114/未通过 0），discovery 6，待解释 6
报告：output/reports/golden-coverage-report.json / output/reports/golden-coverage-report.md
D:\GIT\mmc3\.venv\Lib\site-packages\pywinauto\application.py:1085: UserWarning: 32-bit application should be automated using 32-bit Python (you use 64-bit Python)
  warnings.warn(
D:\GIT\mmc3\.venv\Lib\site-packages\pywinauto\application.py:1085: UserWarning: 32-bit application should be automated using 32-bit Python (you use 64-bit Python)
  warnings.warn(

=== M06-spirit-09-discovery-cold-start-01.json ===
D:\GIT\mmc3\.venv\Lib\site-packages\pywinauto\application.py:1085: UserWarning: 32-bit application should be automated using 32-bit Python (you use 64-bit Python)
  warnings.warn(
在线采集失败：Baseline display differs: expected 0, got 1

=== M06-spirit-17-discovery-cold-start-01.json ===
D:\GIT\mmc3\.venv\Lib\site-packages\pywinauto\application.py:1085: UserWarning: 32-bit application should be automated using 32-bit Python (you use 64-bit Python)
  warnings.warn(
在线采集失败：Baseline display differs: expected 0, got 1

=== M06-spirit-cost-02-discovery-cold-start-01.json ===
D:\GIT\mmc3\.venv\Lib\site-packages\pywinauto\application.py:1085: UserWarning: 32-bit application should be automated using 32-bit Python (you use 64-bit Python)
  warnings.warn(
在线采集失败：

=== M06-spirit-cost-09-discovery-cold-start-01.json ===
D:\GIT\mmc3\.venv\Lib\site-packages\pywinauto\application.py:1085: UserWarning: 32-bit application should be automated using 32-bit Python (you use 64-bit Python)
  warnings.warn(
D:\GIT\mmc3\.venv\Lib\site-packages\pywinauto\application.py:1085: UserWarning: 32-bit application should be automated using 32-bit Python (you use 64-bit Python)
  warnings.warn(
在线采集失败：

=== M06-spirit-cost-17-discovery-cold-start-01.json ===
在线采集完成：M06/spirit_cost_17/cold_start_01 PID 13524→18364，耗时 25.0s，passed=False
- 用例目录：D:\GIT\mmc3\output\build\legacy-diff-audit\cases\legacy_live\M06\spirit_cost_17\cold_start_01
黄金档案归档完成：121/121 用例（golden 114，discovery 7），耗时 9.46s
- 通过 golden：114；未通过 golden：0
- 快照缺失：0
- 未登记快照目录：3 -> output/build/legacy-diff-audit/cases/global_hit_threshold；output/build/legacy-diff-audit/cases/item_price_01；output/build/legacy-diff-audit/cases/legacy_other1/experience_level_98
- 存量差分不一致预警：0
- 孤儿档案（不被注册表引用，仅报告未删除）：2 -> M06-spirit_cost_02-cold_start_01.json；M06-spirit_cost_09-cold_start_01.json
- 档案目录：output/build/legacy-diff-audit/golden（121 个 JSON + index.json）
- 注册表：tools/golden_pipeline/cases/field_registry.json
G1 黄金对照覆盖率：113/119 = 94.96%（分母口径 registered_fields；最终口径为主文档第 4/5 章全量字段数）
G2 逐字段差分通过率：114/114 = 100.00%
用例计数：golden 114（通过 114/未通过 0），discovery 7，待解释 7
报告：output/reports/golden-coverage-report.json / output/reports/golden-coverage-report.md
D:\GIT\mmc3\.venv\Lib\site-packages\pywinauto\application.py:1085: UserWarning: 32-bit application should be automated using 32-bit Python (you use 64-bit Python)
  warnings.warn(
D:\GIT\mmc3\.venv\Lib\site-packages\pywinauto\application.py:1085: UserWarning: 32-bit application should be automated using 32-bit Python (you use 64-bit Python)
  warnings.warn(

M06 spirit representative discovery finished: 2026-09-20T03:17:00.8819844+08:00
