M06 numeric formal batch started: 2026-09-20T02:10:35.6185742+08:00

=== M06-growth-fixed-cold-start-01.json ===
skip: completed live case already exists

=== M06-strength-bonus-cold-start-01.json ===
skip: completed live case already exists

=== M06-mobility-bonus-cold-start-01.json ===
skip: completed live case already exists

=== M06-defense-bonus-cold-start-01.json ===
在线采集完成：M06/defense_bonus/cold_start_01 PID 17028→4092，耗时 23.587s，passed=True
- 用例目录：D:\GIT\mmc3\output\build\legacy-diff-audit\cases\legacy_live\M06\defense_bonus\cold_start_01
黄金档案归档完成：104/104 用例（golden 99，discovery 5），耗时 7.60s
- 通过 golden：99；未通过 golden：0
- 快照缺失：0
- 未登记快照目录：3 -> output/build/legacy-diff-audit/cases/global_hit_threshold；output/build/legacy-diff-audit/cases/item_price_01；output/build/legacy-diff-audit/cases/legacy_other1/experience_level_98
- 存量差分不一致预警：0
- 孤儿档案（不被注册表引用）：0
- 档案目录：output/build/legacy-diff-audit/golden（104 个 JSON + index.json）
- 注册表：tools/golden_pipeline/cases/field_registry.json
G1 黄金对照覆盖率：98/102 = 96.08%（分母口径 registered_fields；最终口径为主文档第 4/5 章全量字段数）
G2 逐字段差分通过率：99/99 = 100.00%
用例计数：golden 99（通过 99/未通过 0），discovery 5，待解释 5
报告：output/reports/golden-coverage-report.json / output/reports/golden-coverage-report.md
D:\GIT\mmc3\.venv\Lib\site-packages\pywinauto\application.py:1085: UserWarning: 32-bit application should be automated using 32-bit Python (you use 64-bit Python)
  warnings.warn(
D:\GIT\mmc3\.venv\Lib\site-packages\pywinauto\application.py:1085: UserWarning: 32-bit application should be automated using 32-bit Python (you use 64-bit Python)
  warnings.warn(

=== M06-hp-bonus-cold-start-01.json ===
在线采集完成：M06/hp_bonus/cold_start_01 PID 14236→14452，耗时 23.631s，passed=True
- 用例目录：D:\GIT\mmc3\output\build\legacy-diff-audit\cases\legacy_live\M06\hp_bonus\cold_start_01
黄金档案归档完成：105/105 用例（golden 100，discovery 5），耗时 7.96s
- 通过 golden：100；未通过 golden：0
- 快照缺失：0
- 未登记快照目录：3 -> output/build/legacy-diff-audit/cases/global_hit_threshold；output/build/legacy-diff-audit/cases/item_price_01；output/build/legacy-diff-audit/cases/legacy_other1/experience_level_98
- 存量差分不一致预警：0
- 孤儿档案（不被注册表引用）：0
- 档案目录：output/build/legacy-diff-audit/golden（105 个 JSON + index.json）
- 注册表：tools/golden_pipeline/cases/field_registry.json
G1 黄金对照覆盖率：99/103 = 96.12%（分母口径 registered_fields；最终口径为主文档第 4/5 章全量字段数）
G2 逐字段差分通过率：100/100 = 100.00%
用例计数：golden 100（通过 100/未通过 0），discovery 5，待解释 5
报告：output/reports/golden-coverage-report.json / output/reports/golden-coverage-report.md
D:\GIT\mmc3\.venv\Lib\site-packages\pywinauto\application.py:1085: UserWarning: 32-bit application should be automated using 32-bit Python (you use 64-bit Python)
  warnings.warn(
D:\GIT\mmc3\.venv\Lib\site-packages\pywinauto\application.py:1085: UserWarning: 32-bit application should be automated using 32-bit Python (you use 64-bit Python)
  warnings.warn(

=== M06-speed-bonus-cold-start-01.json ===
skip: completed live case already exists

M06 numeric formal batch finished: 2026-09-20T02:11:44.9309700+08:00; failed=0
