M06 spirit representative formal batch started: 2026-09-20T03:24:37.4353766+08:00

=== M06-spirit-02-cold-start-01.json ===
在线采集完成：M06/spirit_02/cold_start_01 PID 13160→14080，耗时 34.124s，passed=False
- 用例目录：D:\GIT\mmc3\output\build\legacy-diff-audit\cases\legacy_live\M06\spirit_02\cold_start_01
黄金档案归档完成：120/120 用例（golden 115，discovery 5），耗时 9.42s
- 通过 golden：114；未通过 golden：1
- 快照缺失：0
- 未登记快照目录：3 -> output/build/legacy-diff-audit/cases/global_hit_threshold；output/build/legacy-diff-audit/cases/item_price_01；output/build/legacy-diff-audit/cases/legacy_other1/experience_level_98
- 存量差分不一致预警：0
- 孤儿档案（不被注册表引用，仅报告未删除）：5 -> M06-spirit_09-cold_start_01.json；M06-spirit_17-cold_start_01.json；M06-spirit_cost_02-cold_start_01.json；M06-spirit_cost_09-cold_start_01.json；M06-spirit_cost_17-cold_start_01.json
- 档案目录：output/build/legacy-diff-audit/golden（120 个 JSON + index.json）
- 注册表：tools/golden_pipeline/cases/field_registry.json
G1 黄金对照覆盖率：113/118 = 95.76%（分母口径 registered_fields；最终口径为主文档第 4/5 章全量字段数）
G2 逐字段差分通过率：115/115 = 100.00%
用例计数：golden 115（通过 114/未通过 1），discovery 5，待解释 6
报告：output/reports/golden-coverage-report.json / output/reports/golden-coverage-report.md
D:\GIT\mmc3\.venv\Lib\site-packages\pywinauto\application.py:1085: UserWarning: 32-bit application should be automated using 32-bit Python (you use 64-bit Python)
  warnings.warn(
D:\GIT\mmc3\.venv\Lib\site-packages\pywinauto\application.py:1085: UserWarning: 32-bit application should be automated using 32-bit Python (you use 64-bit Python)
  warnings.warn(

=== M06-spirit-09-cold-start-01.json ===
在线采集完成：M06/spirit_09/cold_start_01 PID 14804→16820，耗时 23.672s，passed=True
- 用例目录：D:\GIT\mmc3\output\build\legacy-diff-audit\cases\legacy_live\M06\spirit_09\cold_start_01
黄金档案归档完成：121/121 用例（golden 116，discovery 5），耗时 9.64s
- 通过 golden：115；未通过 golden：1
- 快照缺失：0
- 未登记快照目录：3 -> output/build/legacy-diff-audit/cases/global_hit_threshold；output/build/legacy-diff-audit/cases/item_price_01；output/build/legacy-diff-audit/cases/legacy_other1/experience_level_98
- 存量差分不一致预警：0
- 孤儿档案（不被注册表引用，仅报告未删除）：4 -> M06-spirit_17-cold_start_01.json；M06-spirit_cost_02-cold_start_01.json；M06-spirit_cost_09-cold_start_01.json；M06-spirit_cost_17-cold_start_01.json
- 档案目录：output/build/legacy-diff-audit/golden（121 个 JSON + index.json）
- 注册表：tools/golden_pipeline/cases/field_registry.json
G1 黄金对照覆盖率：114/119 = 95.80%（分母口径 registered_fields；最终口径为主文档第 4/5 章全量字段数）
G2 逐字段差分通过率：116/116 = 100.00%
用例计数：golden 116（通过 115/未通过 1），discovery 5，待解释 6
报告：output/reports/golden-coverage-report.json / output/reports/golden-coverage-report.md
D:\GIT\mmc3\.venv\Lib\site-packages\pywinauto\application.py:1085: UserWarning: 32-bit application should be automated using 32-bit Python (you use 64-bit Python)
  warnings.warn(
D:\GIT\mmc3\.venv\Lib\site-packages\pywinauto\application.py:1085: UserWarning: 32-bit application should be automated using 32-bit Python (you use 64-bit Python)
  warnings.warn(

=== M06-spirit-17-cold-start-01.json ===
在线采集完成：M06/spirit_17/cold_start_01 PID 16320→5636，耗时 33.098s，passed=False
- 用例目录：D:\GIT\mmc3\output\build\legacy-diff-audit\cases\legacy_live\M06\spirit_17\cold_start_01
黄金档案归档完成：122/122 用例（golden 117，discovery 5），耗时 10.06s
- 通过 golden：115；未通过 golden：2
- 快照缺失：0
- 未登记快照目录：3 -> output/build/legacy-diff-audit/cases/global_hit_threshold；output/build/legacy-diff-audit/cases/item_price_01；output/build/legacy-diff-audit/cases/legacy_other1/experience_level_98
- 存量差分不一致预警：0
- 孤儿档案（不被注册表引用，仅报告未删除）：3 -> M06-spirit_cost_02-cold_start_01.json；M06-spirit_cost_09-cold_start_01.json；M06-spirit_cost_17-cold_start_01.json
- 档案目录：output/build/legacy-diff-audit/golden（122 个 JSON + index.json）
- 注册表：tools/golden_pipeline/cases/field_registry.json
G1 黄金对照覆盖率：114/120 = 95.00%（分母口径 registered_fields；最终口径为主文档第 4/5 章全量字段数）
G2 逐字段差分通过率：117/117 = 100.00%
用例计数：golden 117（通过 115/未通过 2），discovery 5，待解释 7
报告：output/reports/golden-coverage-report.json / output/reports/golden-coverage-report.md
D:\GIT\mmc3\.venv\Lib\site-packages\pywinauto\application.py:1085: UserWarning: 32-bit application should be automated using 32-bit Python (you use 64-bit Python)
  warnings.warn(
D:\GIT\mmc3\.venv\Lib\site-packages\pywinauto\application.py:1085: UserWarning: 32-bit application should be automated using 32-bit Python (you use 64-bit Python)
  warnings.warn(

=== M06-spirit-cost-02-cold-start-01.json ===
在线采集完成：M06/spirit_cost_02/cold_start_01 PID 12388→17248，耗时 34.556s，passed=False
- 用例目录：D:\GIT\mmc3\output\build\legacy-diff-audit\cases\legacy_live\M06\spirit_cost_02\cold_start_01
黄金档案归档完成：123/123 用例（golden 118，discovery 5），耗时 9.79s
- 通过 golden：115；未通过 golden：3
- 快照缺失：0
- 未登记快照目录：3 -> output/build/legacy-diff-audit/cases/global_hit_threshold；output/build/legacy-diff-audit/cases/item_price_01；output/build/legacy-diff-audit/cases/legacy_other1/experience_level_98
- 存量差分不一致预警：0
- 孤儿档案（不被注册表引用，仅报告未删除）：2 -> M06-spirit_cost_09-cold_start_01.json；M06-spirit_cost_17-cold_start_01.json
- 档案目录：output/build/legacy-diff-audit/golden（123 个 JSON + index.json）
- 注册表：tools/golden_pipeline/cases/field_registry.json
G1 黄金对照覆盖率：114/121 = 94.21%（分母口径 registered_fields；最终口径为主文档第 4/5 章全量字段数）
G2 逐字段差分通过率：118/118 = 100.00%
用例计数：golden 118（通过 115/未通过 3），discovery 5，待解释 8
报告：output/reports/golden-coverage-report.json / output/reports/golden-coverage-report.md
D:\GIT\mmc3\.venv\Lib\site-packages\pywinauto\application.py:1085: UserWarning: 32-bit application should be automated using 32-bit Python (you use 64-bit Python)
  warnings.warn(
D:\GIT\mmc3\.venv\Lib\site-packages\pywinauto\application.py:1085: UserWarning: 32-bit application should be automated using 32-bit Python (you use 64-bit Python)
  warnings.warn(

=== M06-spirit-cost-09-cold-start-01.json ===
在线采集完成：M06/spirit_cost_09/cold_start_01 PID 14044→10076，耗时 24.925s，passed=True
- 用例目录：D:\GIT\mmc3\output\build\legacy-diff-audit\cases\legacy_live\M06\spirit_cost_09\cold_start_01
黄金档案归档完成：124/124 用例（golden 119，discovery 5），耗时 9.77s
- 通过 golden：116；未通过 golden：3
- 快照缺失：0
- 未登记快照目录：3 -> output/build/legacy-diff-audit/cases/global_hit_threshold；output/build/legacy-diff-audit/cases/item_price_01；output/build/legacy-diff-audit/cases/legacy_other1/experience_level_98
- 存量差分不一致预警：0
- 孤儿档案（不被注册表引用，仅报告未删除）：1 -> M06-spirit_cost_17-cold_start_01.json
- 档案目录：output/build/legacy-diff-audit/golden（124 个 JSON + index.json）
- 注册表：tools/golden_pipeline/cases/field_registry.json
G1 黄金对照覆盖率：115/122 = 94.26%（分母口径 registered_fields；最终口径为主文档第 4/5 章全量字段数）
G2 逐字段差分通过率：119/119 = 100.00%
用例计数：golden 119（通过 116/未通过 3），discovery 5，待解释 8
报告：output/reports/golden-coverage-report.json / output/reports/golden-coverage-report.md
D:\GIT\mmc3\.venv\Lib\site-packages\pywinauto\application.py:1085: UserWarning: 32-bit application should be automated using 32-bit Python (you use 64-bit Python)
  warnings.warn(
D:\GIT\mmc3\.venv\Lib\site-packages\pywinauto\application.py:1085: UserWarning: 32-bit application should be automated using 32-bit Python (you use 64-bit Python)
  warnings.warn(

=== M06-spirit-cost-17-cold-start-01.json ===
timeout

M06 spirit representative formal batch finished: 2026-09-20T03:29:15.0984492+08:00
