M06 spirit representative formal retry started: 2026-09-20T03:35:26.0481786+08:00

=== M06-spirit-02-cold-start-01.json ===
在线采集完成：M06/spirit_02/cold_start_01 PID 13524→420，耗时 23.631s，passed=True
- 用例目录：D:\GIT\mmc3\output\build\legacy-diff-audit\cases\legacy_live\M06\spirit_02\cold_start_01
D:\GIT\mmc3\.venv\Lib\site-packages\pywinauto\application.py:1085: UserWarning: 32-bit application should be automated using 32-bit Python (you use 64-bit Python)
  warnings.warn(
D:\GIT\mmc3\.venv\Lib\site-packages\pywinauto\application.py:1085: UserWarning: 32-bit application should be automated using 32-bit Python (you use 64-bit Python)
  warnings.warn(

=== M06-spirit-cost-17-cold-start-01.json ===
在线采集完成：M06/spirit_cost_17/cold_start_01 PID 12896→15144，耗时 34.653s，passed=False
- 用例目录：D:\GIT\mmc3\output\build\legacy-diff-audit\cases\legacy_live\M06\spirit_cost_17\cold_start_01
D:\GIT\mmc3\.venv\Lib\site-packages\pywinauto\application.py:1085: UserWarning: 32-bit application should be automated using 32-bit Python (you use 64-bit Python)
  warnings.warn(
D:\GIT\mmc3\.venv\Lib\site-packages\pywinauto\application.py:1085: UserWarning: 32-bit application should be automated using 32-bit Python (you use 64-bit Python)
  warnings.warn(
黄金档案归档完成：125/125 用例（golden 120，discovery 5），耗时 10.20s
- 通过 golden：119；未通过 golden：1
- 快照缺失：0
- 未登记快照目录：3 -> output/build/legacy-diff-audit/cases/global_hit_threshold；output/build/legacy-diff-audit/cases/item_price_01；output/build/legacy-diff-audit/cases/legacy_other1/experience_level_98
- 存量差分不一致预警：0
- 孤儿档案（不被注册表引用）：0
- 档案目录：output/build/legacy-diff-audit/golden（125 个 JSON + index.json）
- 注册表：tools/golden_pipeline/cases/field_registry.json
G1 黄金对照覆盖率：118/123 = 95.93%（分母口径 registered_fields；最终口径为主文档第 4/5 章全量字段数）
G2 逐字段差分通过率：120/120 = 100.00%
用例计数：golden 120（通过 119/未通过 1），discovery 5，待解释 6
报告：output/reports/golden-coverage-report.json / output/reports/golden-coverage-report.md

M06 spirit representative formal retry finished: 2026-09-20T03:36:42.2329672+08:00
