M06 music formal batch started: 2026-09-20T02:25:44.6711725+08:00

=== M06-ally-music-cold-start-01.json ===
在线采集完成：M06/ally_music/cold_start_01 PID 16524→15100，耗时 23.639s，passed=True
- 用例目录：D:\GIT\mmc3\output\build\legacy-diff-audit\cases\legacy_live\M06\ally_music\cold_start_01
黄金档案归档完成：109/109 用例（golden 104，discovery 5），耗时 8.54s
- 通过 golden：104；未通过 golden：0
- 快照缺失：0
- 未登记快照目录：3 -> output/build/legacy-diff-audit/cases/global_hit_threshold；output/build/legacy-diff-audit/cases/item_price_01；output/build/legacy-diff-audit/cases/legacy_other1/experience_level_98
- 存量差分不一致预警：0
- 孤儿档案（不被注册表引用）：0
- 档案目录：output/build/legacy-diff-audit/golden（109 个 JSON + index.json）
- 注册表：tools/golden_pipeline/cases/field_registry.json
G1 黄金对照覆盖率：103/107 = 96.26%（分母口径 registered_fields；最终口径为主文档第 4/5 章全量字段数）
G2 逐字段差分通过率：104/104 = 100.00%
用例计数：golden 104（通过 104/未通过 0），discovery 5，待解释 5
报告：output/reports/golden-coverage-report.json / output/reports/golden-coverage-report.md
D:\GIT\mmc3\.venv\Lib\site-packages\pywinauto\application.py:1085: UserWarning: 32-bit application should be automated using 32-bit Python (you use 64-bit Python)
  warnings.warn(
D:\GIT\mmc3\.venv\Lib\site-packages\pywinauto\application.py:1085: UserWarning: 32-bit application should be automated using 32-bit Python (you use 64-bit Python)
  warnings.warn(

=== M06-enemy-music-cold-start-01.json ===
在线采集完成：M06/enemy_music/cold_start_01 PID 5332→5720，耗时 23.124s，passed=True
- 用例目录：D:\GIT\mmc3\output\build\legacy-diff-audit\cases\legacy_live\M06\enemy_music\cold_start_01
黄金档案归档完成：110/110 用例（golden 105，discovery 5），耗时 8.47s
- 通过 golden：105；未通过 golden：0
- 快照缺失：0
- 未登记快照目录：3 -> output/build/legacy-diff-audit/cases/global_hit_threshold；output/build/legacy-diff-audit/cases/item_price_01；output/build/legacy-diff-audit/cases/legacy_other1/experience_level_98
- 存量差分不一致预警：0
- 孤儿档案（不被注册表引用）：0
- 档案目录：output/build/legacy-diff-audit/golden（110 个 JSON + index.json）
- 注册表：tools/golden_pipeline/cases/field_registry.json
G1 黄金对照覆盖率：104/108 = 96.30%（分母口径 registered_fields；最终口径为主文档第 4/5 章全量字段数）
G2 逐字段差分通过率：105/105 = 100.00%
用例计数：golden 105（通过 105/未通过 0），discovery 5，待解释 5
报告：output/reports/golden-coverage-report.json / output/reports/golden-coverage-report.md
D:\GIT\mmc3\.venv\Lib\site-packages\pywinauto\application.py:1085: UserWarning: 32-bit application should be automated using 32-bit Python (you use 64-bit Python)
  warnings.warn(
D:\GIT\mmc3\.venv\Lib\site-packages\pywinauto\application.py:1085: UserWarning: 32-bit application should be automated using 32-bit Python (you use 64-bit Python)
  warnings.warn(

M06 music formal batch finished: 2026-09-20T02:26:55.1793241+08:00
