M07 direct-field formal batch started: 2026-09-20T07:31:46.2218878+08:00

=== M07-max-range-cold-start-01.json ===
在线采集完成：M07/max_range/cold_start_01 PID 11912→5808，耗时 22.503s，passed=True
- 用例目录：D:\GIT\mmc3\output\build\legacy-diff-audit\cases\legacy_live\M07\max_range\cold_start_01
黄金档案归档完成：207/207 用例（golden 200，discovery 7），耗时 19.22s
- 通过 golden：200；未通过 golden：0
- 快照缺失：0
- 未登记快照目录：3 -> output/build/legacy-diff-audit/cases/global_hit_threshold；output/build/legacy-diff-audit/cases/item_price_01；output/build/legacy-diff-audit/cases/legacy_other1/experience_level_98
- 存量差分不一致预警：0
- 孤儿档案（不被注册表引用，仅报告未删除）：13 -> M07-distance_correction-cold_start_01.json；M07-distance_correction-cold_start_02.json；M07-hit-cold_start_01.json；M07-hit-cold_start_02.json；M07-max_range-cold_start_02.json；M07-power_air-cold_start_01.json；M07-power_air-cold_start_02.json；M07-power_land-cold_start_01.json；M07-power_land-cold_start_02.json；M07-power_sea-cold_start_01.json；M07-power_sea-cold_start_02.json；M07-weapon_skill-cold_start_01.json；M07-weapon_skill-cold_start_02.json
- 档案目录：output/build/legacy-diff-audit/golden（207 个 JSON + index.json）
- 注册表：tools/golden_pipeline/cases/field_registry.json
G1 黄金对照覆盖率：199/204 = 97.55%（分母口径 registered_fields；最终口径为主文档第 4/5 章全量字段数）
G2 逐字段差分通过率：200/200 = 100.00%
用例计数：golden 200（通过 200/未通过 0），discovery 7，待解释 7
报告：output/reports/golden-coverage-report.json / output/reports/golden-coverage-report.md
D:\GIT\mmc3\.venv\Lib\site-packages\pywinauto\application.py:1085: UserWarning: 32-bit application should be automated using 32-bit Python (you use 64-bit Python)
  warnings.warn(
D:\GIT\mmc3\.venv\Lib\site-packages\pywinauto\application.py:1085: UserWarning: 32-bit application should be automated using 32-bit Python (you use 64-bit Python)
  warnings.warn(

=== M07-hit-cold-start-01.json ===
在线采集完成：M07/hit/cold_start_01 PID 13896→3808，耗时 22.539s，passed=True
- 用例目录：D:\GIT\mmc3\output\build\legacy-diff-audit\cases\legacy_live\M07\hit\cold_start_01
黄金档案归档完成：208/208 用例（golden 201，discovery 7），耗时 18.32s
- 通过 golden：201；未通过 golden：0
- 快照缺失：0
- 未登记快照目录：3 -> output/build/legacy-diff-audit/cases/global_hit_threshold；output/build/legacy-diff-audit/cases/item_price_01；output/build/legacy-diff-audit/cases/legacy_other1/experience_level_98
- 存量差分不一致预警：0
- 孤儿档案（不被注册表引用，仅报告未删除）：12 -> M07-distance_correction-cold_start_01.json；M07-distance_correction-cold_start_02.json；M07-hit-cold_start_02.json；M07-max_range-cold_start_02.json；M07-power_air-cold_start_01.json；M07-power_air-cold_start_02.json；M07-power_land-cold_start_01.json；M07-power_land-cold_start_02.json；M07-power_sea-cold_start_01.json；M07-power_sea-cold_start_02.json；M07-weapon_skill-cold_start_01.json；M07-weapon_skill-cold_start_02.json
- 档案目录：output/build/legacy-diff-audit/golden（208 个 JSON + index.json）
- 注册表：tools/golden_pipeline/cases/field_registry.json
G1 黄金对照覆盖率：200/205 = 97.56%（分母口径 registered_fields；最终口径为主文档第 4/5 章全量字段数）
G2 逐字段差分通过率：201/201 = 100.00%
用例计数：golden 201（通过 201/未通过 0），discovery 7，待解释 7
报告：output/reports/golden-coverage-report.json / output/reports/golden-coverage-report.md
D:\GIT\mmc3\.venv\Lib\site-packages\pywinauto\application.py:1085: UserWarning: 32-bit application should be automated using 32-bit Python (you use 64-bit Python)
  warnings.warn(
D:\GIT\mmc3\.venv\Lib\site-packages\pywinauto\application.py:1085: UserWarning: 32-bit application should be automated using 32-bit Python (you use 64-bit Python)
  warnings.warn(

=== M07-distance-correction-cold-start-01.json ===
在线采集完成：M07/distance_correction/cold_start_01 PID 3596→17068，耗时 22.458s，passed=True
- 用例目录：D:\GIT\mmc3\output\build\legacy-diff-audit\cases\legacy_live\M07\distance_correction\cold_start_01
黄金档案归档完成：209/209 用例（golden 202，discovery 7），耗时 20.04s
- 通过 golden：202；未通过 golden：0
- 快照缺失：0
- 未登记快照目录：3 -> output/build/legacy-diff-audit/cases/global_hit_threshold；output/build/legacy-diff-audit/cases/item_price_01；output/build/legacy-diff-audit/cases/legacy_other1/experience_level_98
- 存量差分不一致预警：0
- 孤儿档案（不被注册表引用，仅报告未删除）：11 -> M07-distance_correction-cold_start_02.json；M07-hit-cold_start_02.json；M07-max_range-cold_start_02.json；M07-power_air-cold_start_01.json；M07-power_air-cold_start_02.json；M07-power_land-cold_start_01.json；M07-power_land-cold_start_02.json；M07-power_sea-cold_start_01.json；M07-power_sea-cold_start_02.json；M07-weapon_skill-cold_start_01.json；M07-weapon_skill-cold_start_02.json
- 档案目录：output/build/legacy-diff-audit/golden（209 个 JSON + index.json）
- 注册表：tools/golden_pipeline/cases/field_registry.json
G1 黄金对照覆盖率：201/206 = 97.57%（分母口径 registered_fields；最终口径为主文档第 4/5 章全量字段数）
G2 逐字段差分通过率：202/202 = 100.00%
用例计数：golden 202（通过 202/未通过 0），discovery 7，待解释 7
报告：output/reports/golden-coverage-report.json / output/reports/golden-coverage-report.md
D:\GIT\mmc3\.venv\Lib\site-packages\pywinauto\application.py:1085: UserWarning: 32-bit application should be automated using 32-bit Python (you use 64-bit Python)
  warnings.warn(
D:\GIT\mmc3\.venv\Lib\site-packages\pywinauto\application.py:1085: UserWarning: 32-bit application should be automated using 32-bit Python (you use 64-bit Python)
  warnings.warn(

=== M07-power-air-cold-start-01.json ===
在线采集完成：M07/power_air/cold_start_01 PID 12220→16004，耗时 22.434s，passed=True
- 用例目录：D:\GIT\mmc3\output\build\legacy-diff-audit\cases\legacy_live\M07\power_air\cold_start_01
黄金档案归档完成：210/210 用例（golden 203，discovery 7），耗时 19.05s
- 通过 golden：203；未通过 golden：0
- 快照缺失：0
- 未登记快照目录：3 -> output/build/legacy-diff-audit/cases/global_hit_threshold；output/build/legacy-diff-audit/cases/item_price_01；output/build/legacy-diff-audit/cases/legacy_other1/experience_level_98
- 存量差分不一致预警：0
- 孤儿档案（不被注册表引用，仅报告未删除）：10 -> M07-distance_correction-cold_start_02.json；M07-hit-cold_start_02.json；M07-max_range-cold_start_02.json；M07-power_air-cold_start_02.json；M07-power_land-cold_start_01.json；M07-power_land-cold_start_02.json；M07-power_sea-cold_start_01.json；M07-power_sea-cold_start_02.json；M07-weapon_skill-cold_start_01.json；M07-weapon_skill-cold_start_02.json
- 档案目录：output/build/legacy-diff-audit/golden（210 个 JSON + index.json）
- 注册表：tools/golden_pipeline/cases/field_registry.json
G1 黄金对照覆盖率：202/207 = 97.58%（分母口径 registered_fields；最终口径为主文档第 4/5 章全量字段数）
G2 逐字段差分通过率：203/203 = 100.00%
用例计数：golden 203（通过 203/未通过 0），discovery 7，待解释 7
报告：output/reports/golden-coverage-report.json / output/reports/golden-coverage-report.md
D:\GIT\mmc3\.venv\Lib\site-packages\pywinauto\application.py:1085: UserWarning: 32-bit application should be automated using 32-bit Python (you use 64-bit Python)
  warnings.warn(
D:\GIT\mmc3\.venv\Lib\site-packages\pywinauto\application.py:1085: UserWarning: 32-bit application should be automated using 32-bit Python (you use 64-bit Python)
  warnings.warn(

=== M07-power-land-cold-start-01.json ===
在线采集完成：M07/power_land/cold_start_01 PID 9820→12240，耗时 22.74s，passed=True
- 用例目录：D:\GIT\mmc3\output\build\legacy-diff-audit\cases\legacy_live\M07\power_land\cold_start_01
黄金档案归档完成：211/211 用例（golden 204，discovery 7），耗时 19.31s
- 通过 golden：204；未通过 golden：0
- 快照缺失：0
- 未登记快照目录：3 -> output/build/legacy-diff-audit/cases/global_hit_threshold；output/build/legacy-diff-audit/cases/item_price_01；output/build/legacy-diff-audit/cases/legacy_other1/experience_level_98
- 存量差分不一致预警：0
- 孤儿档案（不被注册表引用，仅报告未删除）：9 -> M07-distance_correction-cold_start_02.json；M07-hit-cold_start_02.json；M07-max_range-cold_start_02.json；M07-power_air-cold_start_02.json；M07-power_land-cold_start_02.json；M07-power_sea-cold_start_01.json；M07-power_sea-cold_start_02.json；M07-weapon_skill-cold_start_01.json；M07-weapon_skill-cold_start_02.json
- 档案目录：output/build/legacy-diff-audit/golden（211 个 JSON + index.json）
- 注册表：tools/golden_pipeline/cases/field_registry.json
G1 黄金对照覆盖率：203/208 = 97.60%（分母口径 registered_fields；最终口径为主文档第 4/5 章全量字段数）
G2 逐字段差分通过率：204/204 = 100.00%
用例计数：golden 204（通过 204/未通过 0），discovery 7，待解释 7
报告：output/reports/golden-coverage-report.json / output/reports/golden-coverage-report.md
D:\GIT\mmc3\.venv\Lib\site-packages\pywinauto\application.py:1085: UserWarning: 32-bit application should be automated using 32-bit Python (you use 64-bit Python)
  warnings.warn(
D:\GIT\mmc3\.venv\Lib\site-packages\pywinauto\application.py:1085: UserWarning: 32-bit application should be automated using 32-bit Python (you use 64-bit Python)
  warnings.warn(

=== M07-power-sea-cold-start-01.json ===
在线采集完成：M07/power_sea/cold_start_01 PID 10564→11644，耗时 22.464s，passed=True
- 用例目录：D:\GIT\mmc3\output\build\legacy-diff-audit\cases\legacy_live\M07\power_sea\cold_start_01
黄金档案归档完成：212/212 用例（golden 205，discovery 7），耗时 18.99s
- 通过 golden：205；未通过 golden：0
- 快照缺失：0
- 未登记快照目录：3 -> output/build/legacy-diff-audit/cases/global_hit_threshold；output/build/legacy-diff-audit/cases/item_price_01；output/build/legacy-diff-audit/cases/legacy_other1/experience_level_98
- 存量差分不一致预警：0
- 孤儿档案（不被注册表引用，仅报告未删除）：8 -> M07-distance_correction-cold_start_02.json；M07-hit-cold_start_02.json；M07-max_range-cold_start_02.json；M07-power_air-cold_start_02.json；M07-power_land-cold_start_02.json；M07-power_sea-cold_start_02.json；M07-weapon_skill-cold_start_01.json；M07-weapon_skill-cold_start_02.json
- 档案目录：output/build/legacy-diff-audit/golden（212 个 JSON + index.json）
- 注册表：tools/golden_pipeline/cases/field_registry.json
G1 黄金对照覆盖率：204/209 = 97.61%（分母口径 registered_fields；最终口径为主文档第 4/5 章全量字段数）
G2 逐字段差分通过率：205/205 = 100.00%
用例计数：golden 205（通过 205/未通过 0），discovery 7，待解释 7
报告：output/reports/golden-coverage-report.json / output/reports/golden-coverage-report.md
D:\GIT\mmc3\.venv\Lib\site-packages\pywinauto\application.py:1085: UserWarning: 32-bit application should be automated using 32-bit Python (you use 64-bit Python)
  warnings.warn(
D:\GIT\mmc3\.venv\Lib\site-packages\pywinauto\application.py:1085: UserWarning: 32-bit application should be automated using 32-bit Python (you use 64-bit Python)
  warnings.warn(

=== M07-weapon-skill-cold-start-01.json ===
在线采集完成：M07/weapon_skill/cold_start_01 PID 15780→9440，耗时 23.0s，passed=True
- 用例目录：D:\GIT\mmc3\output\build\legacy-diff-audit\cases\legacy_live\M07\weapon_skill\cold_start_01
黄金档案归档完成：213/213 用例（golden 206，discovery 7），耗时 18.94s
- 通过 golden：206；未通过 golden：0
- 快照缺失：0
- 未登记快照目录：3 -> output/build/legacy-diff-audit/cases/global_hit_threshold；output/build/legacy-diff-audit/cases/item_price_01；output/build/legacy-diff-audit/cases/legacy_other1/experience_level_98
- 存量差分不一致预警：0
- 孤儿档案（不被注册表引用，仅报告未删除）：7 -> M07-distance_correction-cold_start_02.json；M07-hit-cold_start_02.json；M07-max_range-cold_start_02.json；M07-power_air-cold_start_02.json；M07-power_land-cold_start_02.json；M07-power_sea-cold_start_02.json；M07-weapon_skill-cold_start_02.json
- 档案目录：output/build/legacy-diff-audit/golden（213 个 JSON + index.json）
- 注册表：tools/golden_pipeline/cases/field_registry.json
G1 黄金对照覆盖率：205/210 = 97.62%（分母口径 registered_fields；最终口径为主文档第 4/5 章全量字段数）
G2 逐字段差分通过率：206/206 = 100.00%
用例计数：golden 206（通过 206/未通过 0），discovery 7，待解释 7
报告：output/reports/golden-coverage-report.json / output/reports/golden-coverage-report.md
D:\GIT\mmc3\.venv\Lib\site-packages\pywinauto\application.py:1085: UserWarning: 32-bit application should be automated using 32-bit Python (you use 64-bit Python)
  warnings.warn(
D:\GIT\mmc3\.venv\Lib\site-packages\pywinauto\application.py:1085: UserWarning: 32-bit application should be automated using 32-bit Python (you use 64-bit Python)
  warnings.warn(

M07 direct-field formal batch finished: 2026-09-20T07:37:12.8418561+08:00; failed=7
