M08 representative formal started: 2026-09-20T08:35:22.9989521+08:00

=== M08-battle-01-row000-variant000-cold-start-01.json ===

=== M08-battle-04-row000-variant001-cold-start-01.json ===
在线采集完成：M08/battle_04_row000_variant001/cold_start_01 PID 17808→17572，耗时 23.617s，passed=True
- 用例目录：D:\GIT\mmc3\output\build\legacy-diff-audit\cases\legacy_live\M08\battle_04_row000_variant001\cold_start_01
D:\GIT\mmc3\.venv\Lib\site-packages\pywinauto\application.py:1085: UserWarning: 32-bit application should be automated using 32-bit Python (you use 64-bit Python)
  warnings.warn(
D:\GIT\mmc3\.venv\Lib\site-packages\pywinauto\application.py:1085: UserWarning: 32-bit application should be automated using 32-bit Python (you use 64-bit Python)
  warnings.warn(

=== M08-battle-05-row001-variant000-cold-start-01.json ===
在线采集完成：M08/battle_05_row001_variant000/cold_start_01 PID 17344→10316，耗时 23.683s，passed=True
- 用例目录：D:\GIT\mmc3\output\build\legacy-diff-audit\cases\legacy_live\M08\battle_05_row001_variant000\cold_start_01
D:\GIT\mmc3\.venv\Lib\site-packages\pywinauto\application.py:1085: UserWarning: 32-bit application should be automated using 32-bit Python (you use 64-bit Python)
  warnings.warn(
D:\GIT\mmc3\.venv\Lib\site-packages\pywinauto\application.py:1085: UserWarning: 32-bit application should be automated using 32-bit Python (you use 64-bit Python)
  warnings.warn(

=== M08-battle-07-alias-row000-variant000-cold-start-01.json ===
在线采集完成：M08/battle_07_alias_row000_variant000/cold_start_01 PID 7244→11016，耗时 23.814s，passed=True
- 用例目录：D:\GIT\mmc3\output\build\legacy-diff-audit\cases\legacy_live\M08\battle_07_alias_row000_variant000\cold_start_01
D:\GIT\mmc3\.venv\Lib\site-packages\pywinauto\application.py:1085: UserWarning: 32-bit application should be automated using 32-bit Python (you use 64-bit Python)
  warnings.warn(
D:\GIT\mmc3\.venv\Lib\site-packages\pywinauto\application.py:1085: UserWarning: 32-bit application should be automated using 32-bit Python (you use 64-bit Python)
  warnings.warn(
黄金档案归档完成：218/218 用例（golden 211，discovery 7），耗时 20.42s
- 通过 golden：211；未通过 golden：0
- 快照缺失：0
- 未登记快照目录：4 -> output/build/legacy-diff-audit/cases/global_hit_threshold；output/build/legacy-diff-audit/cases/item_price_01；output/build/legacy-diff-audit/cases/legacy_live/M08/battle_01_row000_variant000/cold_start_01；output/build/legacy-diff-audit/cases/legacy_other1/experience_level_98
- 存量差分不一致预警：0
- 孤儿档案（不被注册表引用）：0
- 档案目录：output/build/legacy-diff-audit/golden（218 个 JSON + index.json）
- 注册表：tools/golden_pipeline/cases/field_registry.json
G1 黄金对照覆盖率：210/215 = 97.67%（分母口径 registered_fields；最终口径为主文档第 4/5 章全量字段数）
G2 逐字段差分通过率：211/211 = 100.00%
用例计数：golden 211（通过 211/未通过 0），discovery 7，待解释 7
报告：output/reports/golden-coverage-report.json / output/reports/golden-coverage-report.md
M08 representative formal finished: 2026-09-20T08:38:10.6684406+08:00; failed=4
