M08 representative collection started: 2026-09-20T08:26:51.7003008+08:00

=== M08-battle-00-row000-variant000-cold-start-01.json ===
在线采集完成：M08/battle_00_row000_variant000/cold_start_01 PID 18196→16544，耗时 25.073s，passed=True
- 用例目录：D:\GIT\mmc3\output\build\legacy-diff-audit\cases\legacy_live\M08\battle_00_row000_variant000\cold_start_01
D:\GIT\mmc3\.venv\Lib\site-packages\pywinauto\application.py:1085: UserWarning: 32-bit application should be automated using 32-bit Python (you use 64-bit Python)
  warnings.warn(
D:\GIT\mmc3\.venv\Lib\site-packages\pywinauto\application.py:1085: UserWarning: 32-bit application should be automated using 32-bit Python (you use 64-bit Python)
  warnings.warn(

=== M08-battle-01-row000-variant000-discovery-cold-start-01.json ===
D:\GIT\mmc3\.venv\Lib\site-packages\pywinauto\application.py:1085: UserWarning: 32-bit application should be automated using 32-bit Python (you use 64-bit Python)
  warnings.warn(
在线采集失败：

=== M08-battle-01-row000-variant000-discovery-cold-start-02.json ===
在线采集完成：M08/battle_01_row000_variant000/cold_start_02 PID 12020→3920，耗时 23.288s，passed=False
- 用例目录：D:\GIT\mmc3\output\build\legacy-diff-audit\cases\legacy_live\M08\battle_01_row000_variant000\cold_start_02
D:\GIT\mmc3\.venv\Lib\site-packages\pywinauto\application.py:1085: UserWarning: 32-bit application should be automated using 32-bit Python (you use 64-bit Python)
  warnings.warn(
D:\GIT\mmc3\.venv\Lib\site-packages\pywinauto\application.py:1085: UserWarning: 32-bit application should be automated using 32-bit Python (you use 64-bit Python)
  warnings.warn(

=== M08-battle-04-row000-variant001-discovery-cold-start-01.json ===
在线采集完成：M08/battle_04_row000_variant001/cold_start_01 PID 15980→3124，耗时 23.793s，passed=False
- 用例目录：D:\GIT\mmc3\output\build\legacy-diff-audit\cases\legacy_live\M08\battle_04_row000_variant001\cold_start_01
D:\GIT\mmc3\.venv\Lib\site-packages\pywinauto\application.py:1085: UserWarning: 32-bit application should be automated using 32-bit Python (you use 64-bit Python)
  warnings.warn(
D:\GIT\mmc3\.venv\Lib\site-packages\pywinauto\application.py:1085: UserWarning: 32-bit application should be automated using 32-bit Python (you use 64-bit Python)
  warnings.warn(

=== M08-battle-04-row000-variant001-discovery-cold-start-02.json ===
在线采集完成：M08/battle_04_row000_variant001/cold_start_02 PID 9648→7060，耗时 23.449s，passed=False
- 用例目录：D:\GIT\mmc3\output\build\legacy-diff-audit\cases\legacy_live\M08\battle_04_row000_variant001\cold_start_02
D:\GIT\mmc3\.venv\Lib\site-packages\pywinauto\application.py:1085: UserWarning: 32-bit application should be automated using 32-bit Python (you use 64-bit Python)
  warnings.warn(
D:\GIT\mmc3\.venv\Lib\site-packages\pywinauto\application.py:1085: UserWarning: 32-bit application should be automated using 32-bit Python (you use 64-bit Python)
  warnings.warn(

=== M08-battle-05-row001-variant000-discovery-cold-start-01.json ===
在线采集完成：M08/battle_05_row001_variant000/cold_start_01 PID 4224→2768，耗时 19.333s，passed=False
- 用例目录：D:\GIT\mmc3\output\build\legacy-diff-audit\cases\legacy_live\M08\battle_05_row001_variant000\cold_start_01
D:\GIT\mmc3\.venv\Lib\site-packages\pywinauto\application.py:1085: UserWarning: 32-bit application should be automated using 32-bit Python (you use 64-bit Python)
  warnings.warn(
D:\GIT\mmc3\.venv\Lib\site-packages\pywinauto\application.py:1085: UserWarning: 32-bit application should be automated using 32-bit Python (you use 64-bit Python)
  warnings.warn(

=== M08-battle-05-row001-variant000-discovery-cold-start-02.json ===
在线采集完成：M08/battle_05_row001_variant000/cold_start_02 PID 12472→1720，耗时 23.394s，passed=False
- 用例目录：D:\GIT\mmc3\output\build\legacy-diff-audit\cases\legacy_live\M08\battle_05_row001_variant000\cold_start_02
D:\GIT\mmc3\.venv\Lib\site-packages\pywinauto\application.py:1085: UserWarning: 32-bit application should be automated using 32-bit Python (you use 64-bit Python)
  warnings.warn(
D:\GIT\mmc3\.venv\Lib\site-packages\pywinauto\application.py:1085: UserWarning: 32-bit application should be automated using 32-bit Python (you use 64-bit Python)
  warnings.warn(

=== M08-battle-07-alias-row000-variant000-discovery-cold-start-01.json ===
在线采集完成：M08/battle_07_alias_row000_variant000/cold_start_01 PID 13768→7132，耗时 23.715s，passed=False
- 用例目录：D:\GIT\mmc3\output\build\legacy-diff-audit\cases\legacy_live\M08\battle_07_alias_row000_variant000\cold_start_01
D:\GIT\mmc3\.venv\Lib\site-packages\pywinauto\application.py:1085: UserWarning: 32-bit application should be automated using 32-bit Python (you use 64-bit Python)
  warnings.warn(
D:\GIT\mmc3\.venv\Lib\site-packages\pywinauto\application.py:1085: UserWarning: 32-bit application should be automated using 32-bit Python (you use 64-bit Python)
  warnings.warn(

=== M08-battle-07-alias-row000-variant000-discovery-cold-start-02.json ===
在线采集完成：M08/battle_07_alias_row000_variant000/cold_start_02 PID 8952→1336，耗时 23.655s，passed=False
- 用例目录：D:\GIT\mmc3\output\build\legacy-diff-audit\cases\legacy_live\M08\battle_07_alias_row000_variant000\cold_start_02
D:\GIT\mmc3\.venv\Lib\site-packages\pywinauto\application.py:1085: UserWarning: 32-bit application should be automated using 32-bit Python (you use 64-bit Python)
  warnings.warn(
D:\GIT\mmc3\.venv\Lib\site-packages\pywinauto\application.py:1085: UserWarning: 32-bit application should be automated using 32-bit Python (you use 64-bit Python)
  warnings.warn(
黄金档案归档完成：222/222 用例（golden 208，discovery 14），耗时 20.24s
- 通过 golden：208；未通过 golden：0
- 快照缺失：0
- 未登记快照目录：3 -> output/build/legacy-diff-audit/cases/global_hit_threshold；output/build/legacy-diff-audit/cases/item_price_01；output/build/legacy-diff-audit/cases/legacy_other1/experience_level_98
- 存量差分不一致预警：0
- 孤儿档案（不被注册表引用，仅报告未删除）：1 -> M08-battle_00_row000_variant000-cold_start_02.json
- 档案目录：output/build/legacy-diff-audit/golden（222 个 JSON + index.json）
- 注册表：tools/golden_pipeline/cases/field_registry.json
G1 黄金对照覆盖率：207/216 = 95.83%（分母口径 registered_fields；最终口径为主文档第 4/5 章全量字段数）
G2 逐字段差分通过率：208/208 = 100.00%
用例计数：golden 208（通过 208/未通过 0），discovery 14，待解释 14
报告：output/reports/golden-coverage-report.json / output/reports/golden-coverage-report.md
M08 representative collection finished: 2026-09-20T08:31:10.3588396+08:00; failed=9
