f=290 pc=D23A a=026D y=F4 t=AA x=FC attr=43
f=290 pc=D23A a=02A1 y=F4 t=AB x=F4 attr=43
f=290 pc=D23A a=02D5 y=F4 t=AC x=FC attr=43
f=290 pc=D23A a=0249 y=F4 t=AD x=E4 attr=43
f=290 pc=D23A a=027D y=F4 t=AE x=EC attr=43
f=290 pc=D23A a=02B1 y=F4 t=AF x=E4 attr=43
f=290 pc=D23A a=02F1 y=4D t=A1 x=59 attr=00
f=290 pc=D23A a=0265 y=2A t=A4 x=58 attr=00
f=290 pc=D23A a=0299 y=32 t=A7 x=58 attr=00
f=290 pc=D23A a=02CD y=56 t=A1 x=58 attr=00
f=290 pc=D23A a=0241 y=3C t=A4 x=55 attr=00
f=290 pc=D23A a=0275 y=44 t=A7 x=55 attr=00
f=291 pc=D23A a=0265 y=55 t=91 x=F8 attr=00
f=291 pc=D23A a=0299 y=5D t=93 x=F8 attr=00
f=291 pc=D23A a=02CD y=3D t=95 x=F8 attr=00
f=291 pc=D23A a=0241 y=45 t=97 x=F8 attr=00
f=291 pc=D23A a=0275 y=4D t=8E x=F8 attr=00
f=292 pc=D23A a=0299 y=4F t=8E x=FA attr=00
f=293 pc=D23A a=02CD y=F4 t=8F x=FA attr=00
f=294 pc=D23A a=0241 y=F4 t=8F x=FA attr=00
f=295 pc=D23A a=02F5 y=4D t=8E x=9F attr=00
f=295 pc=D23A a=0269 y=2A t=90 x=A0 attr=00
f=295 pc=D23A a=029D y=32 t=90 x=A0 attr=40
f=295 pc=D23A a=02D1 y=56 t=90 x=A0 attr=80
f=295 pc=D23A a=0245 y=3C t=90 x=A3 attr=C0
f=296 pc=D23A a=0269 y=54 t=8E x=9A attr=00
f=296 pc=D23A a=029D y=54 t=90 x=A2 attr=00
f=296 pc=D23A a=02D1 y=5C t=90 x=9A attr=40
f=296 pc=D23A a=0245 y=5C t=90 x=A2 attr=80
f=296 pc=D23A a=0279 y=F4 t=90 x=A3 attr=C0
f=297 pc=D23A a=029D y=54 t=8F x=9A attr=00
f=297 pc=D23A a=02D1 y=54 t=86 x=A2 attr=00
f=297 pc=D23A a=0245 y=5C t=87 x=9A attr=00
f=297 pc=D23A a=0279 y=5C t=88 x=A2 attr=00
f=297 pc=D23A a=02AD y=F4 t=89 x=A8 attr=00
f=297 pc=D23A a=02E1 y=F4 t=86 x=AB attr=40
f=297 pc=D23A a=0255 y=F4 t=87 x=AB attr=80
f=297 pc=D23A a=0289 y=F4 t=88 x=AB attr=40
f=297 pc=D23A a=02BD y=F4 t=86 x=B0 attr=80
f=297 pc=D23A a=02F1 y=F4 t=86 x=C6 attr=C0
f=298 pc=D23A a=02D1 y=50 t=8F x=96 attr=00
f=298 pc=D23A a=0245 y=50 t=86 x=9E attr=00
f=298 pc=D23A a=0279 y=58 t=87 x=96 attr=00
f=298 pc=D23A a=02AD y=58 t=88 x=9E attr=00
f=298 pc=D23A a=02E1 y=50 t=89 x=A6 attr=00
f=298 pc=D23A a=0255 y=60 t=86 x=9E attr=40
f=298 pc=D23A a=0289 y=58 t=87 x=A6 attr=80
f=298 pc=D23A a=02BD y=60 t=88 x=96 attr=40
f=298 pc=D23A a=02F1 y=60 t=86 x=A6 attr=80
f=298 pc=D23A a=0265 y=F4 t=86 x=C7 attr=C0
f=299 pc=D23A a=02C5 y=4D t=8E x=9F attr=00
f=299 pc=D23A a=02F9 y=2A t=90 x=A0 attr=00
f=299 pc=D23A a=026D y=32 t=90 x=A0 attr=40
f=299 pc=D23A a=02A1 y=56 t=90 x=A0 attr=80
f=299 pc=D23A a=02D5 y=3C t=90 x=A3 attr=C0
f=299 pc=D23A a=0249 y=44 t=8A x=A3 attr=00
f=299 pc=D23A a=027D y=2C t=8B x=A8 attr=00
f=299 pc=D23A a=02B1 y=34 t=8C x=AB attr=00
f=299 pc=D23A a=02E5 y=3C t=8D x=AB attr=00
f=299 pc=D23A a=0259 y=4C t=8A x=AB attr=40
f=299 pc=D23A a=028D y=2E t=8B x=B0 attr=80
f=299 pc=D23A a=02C1 y=37 t=8C x=C6 attr=40
f=299 pc=D23A a=02F5 y=38 t=8A x=C7 attr=C0
f=299 pc=D23A a=0269 y=39 t=8A x=C8 attr=80
f=300 pc=D23A a=02F9 y=33 t=8E x=CE attr=00
f=300 pc=D23A a=026D y=33 t=90 x=D6 attr=00
f=300 pc=D23A a=02A1 y=3B t=90 x=CE attr=40
f=300 pc=D23A a=02D5 y=3B t=90 x=D6 attr=80
f=300 pc=D23A a=0249 y=50 t=90 x=96 attr=C0
f=300 pc=D23A a=027D y=50 t=8A x=9E attr=00
f=300 pc=D23A a=02B1 y=58 t=8B x=96 attr=00
f=300 pc=D23A a=02E5 y=58 t=8C x=9E attr=00
f=300 pc=D23A a=0259 y=50 t=8D x=A6 attr=00
f=300 pc=D23A a=028D y=60 t=8A x=9E attr=40
f=300 pc=D23A a=02C1 y=58 t=8B x=A6 attr=80
f=300 pc=D23A a=02F5 y=60 t=8C x=A6 attr=40
f=300 pc=D23A a=0269 y=60 t=8A x=96 attr=C0
f=300 pc=D23A a=029D y=F4 t=8A x=D0 attr=80
f=301 pc=D23A a=026D y=33 t=8F x=CE attr=00
f=301 pc=D23A a=02A1 y=33 t=86 x=D6 attr=00
f=301 pc=D23A a=02D5 y=3B t=87 x=CE attr=00
f=301 pc=D23A a=0249 y=3B t=88 x=D6 attr=00
f=301 pc=D23A a=027D y=50 t=89 x=96 attr=00
f=301 pc=D23A a=02B1 y=50 t=86 x=9E attr=40
f=301 pc=D23A a=02E5 y=58 t=87 x=96 attr=80
f=301 pc=D23A a=0259 y=58 t=88 x=9E attr=40
f=301 pc=D23A a=028D y=50 t=86 x=A6 attr=80
f=301 pc=D23A a=02C1 y=60 t=86 x=9E attr=C0
f=301 pc=D23A a=02F5 y=58 t=A1 x=A6 attr=00
f=301 pc=D23A a=0269 y=60 t=A2 x=A6 attr=00
f=301 pc=D23A a=029D y=60 t=A3 x=96 attr=00
f=301 pc=D23A a=02D1 y=F4 t=A4 x=D2 attr=00
f=301 pc=D23A a=0245 y=F4 t=A5 x=96 attr=00
f=301 pc=D23A a=0279 y=F4 t=A6 x=9E attr=00
f=301 pc=D23A a=02AD y=F4 t=A7 x=96 attr=00
f=301 pc=D23A a=02E1 y=F4 t=A8 x=9E attr=00
f=301 pc=D23A a=0255 y=F4 t=A9 x=A6 attr=00
f=302 pc=D23A a=02A1 y=2F t=8F x=CA attr=00
f=302 pc=D23A a=02D5 y=2F t=86 x=D2 attr=00
f=302 pc=D23A a=0249 y=37 t=87 x=CA attr=00
f=302 pc=D23A a=027D y=37 t=88 x=D2 attr=00
f=302 pc=D23A a=02B1 y=2F t=89 x=DA attr=00
f=302 pc=D23A a=02E5 y=3F t=86 x=D2 attr=40
f=302 pc=D23A a=0259 y=37 t=87 x=DA attr=80
f=302 pc=D23A a=028D y=3F t=88 x=CA attr=40
f=302 pc=D23A a=02C1 y=3F t=86 x=DA attr=80
f=302 pc=D23A a=02F5 y=55 t=86 x=96 attr=C0
f=302 pc=D23A a=0269 y=55 t=A1 x=9E attr=00
f=302 pc=D23A a=029D y=55 t=A2 x=A6 attr=00
f=302 pc=D23A a=02D1 y=5D t=A3 x=96 attr=00
f=302 pc=D23A a=0245 y=5D t=A4 x=9E attr=00
f=302 pc=D23A a=0279 y=5D t=A5 x=A6 attr=00
f=302 pc=D23A a=02AD y=65 t=A6 x=96 attr=00
f=302 pc=D23A a=02E1 y=65 t=A7 x=9E attr=00
f=302 pc=D23A a=0255 y=65 t=A8 x=A6 attr=00
f=302 pc=D23A a=0289 y=F4 t=A9 x=9E attr=00
f=303 pc=D23A a=02D5 y=2F t=90 x=CA attr=00
f=303 pc=D23A a=0249 y=2F t=90 x=D2 attr=40
f=303 pc=D23A a=027D y=37 t=90 x=CA attr=80
f=303 pc=D23A a=02B1 y=37 t=90 x=D2 attr=C0
f=303 pc=D23A a=02E5 y=2F t=8A x=DA attr=00
f=303 pc=D23A a=0259 y=3F t=8B x=D2 attr=00
f=303 pc=D23A a=028D y=37 t=8C x=DA attr=00
f=303 pc=D23A a=02C1 y=3F t=8D x=CA attr=00
f=303 pc=D23A a=02F5 y=3F t=8A x=DA attr=40
f=303 pc=D23A a=0269 y=55 t=8B x=96 attr=80
f=303 pc=D23A a=029D y=55 t=8C x=9E attr=40
f=303 pc=D23A a=02D1 y=55 t=8A x=A6 attr=C0
f=303 pc=D23A a=0245 y=5D t=8A x=96 attr=80
f=303 pc=D23A a=0279 y=5D t=8E x=9E attr=00
f=304 pc=D23A a=02C9 y=4D t=90 x=9F attr=00
f=304 pc=D23A a=02FD y=2A t=90 x=A0 attr=40
f=304 pc=D23A a=0271 y=32 t=90 x=A0 attr=80
f=304 pc=D23A a=02A5 y=56 t=90 x=A0 attr=C0
f=304 pc=D23A a=02D9 y=3C t=8A x=A3 attr=00
f=304 pc=D23A a=024D y=44 t=8B x=A3 attr=00
f=304 pc=D23A a=0281 y=2C t=8C x=A8 attr=00
f=304 pc=D23A a=02B5 y=34 t=8D x=AB attr=00
f=304 pc=D23A a=02E9 y=3C t=8A x=AB attr=40
f=304 pc=D23A a=025D y=4C t=8B x=AB attr=80
f=304 pc=D23A a=0291 y=2E t=8C x=B0 attr=40
f=304 pc=D23A a=02C5 y=37 t=8A x=C6 attr=C0
f=304 pc=D23A a=02F9 y=38 t=8A x=C7 attr=80
f=304 pc=D23A a=026D y=39 t=8E x=C8 attr=00
f=305 pc=D23A a=02FD y=3C t=86 x=75 attr=00
f=305 pc=D23A a=0271 y=44 t=87 x=6D attr=00
f=305 pc=D23A a=02A5 y=44 t=88 x=75 attr=00
f=305 pc=D23A a=02D9 y=2F t=89 x=CA attr=00
f=305 pc=D23A a=024D y=2F t=86 x=D2 attr=40
f=305 pc=D23A a=0281 y=37 t=87 x=CA attr=80
f=305 pc=D23A a=02B5 y=37 t=88 x=D2 attr=40
f=305 pc=D23A a=02E9 y=2F t=86 x=DA attr=80
f=305 pc=D23A a=025D y=3F t=86 x=D2 attr=C0
f=305 pc=D23A a=0291 y=37 t=A1 x=DA attr=00
f=305 pc=D23A a=02C5 y=3F t=A2 x=DA attr=00
f=305 pc=D23A a=02F9 y=3F t=A3 x=CA attr=00
f=305 pc=D23A a=026D y=52 t=A4 x=83 attr=00
f=305 pc=D23A a=02A1 y=F4 t=A5 x=D0 attr=00
f=305 pc=D23A a=02D5 y=F4 t=A6 x=6D attr=00
f=305 pc=D23A a=0249 y=F4 t=A7 x=75 attr=00
f=305 pc=D23A a=027D y=F4 t=A8 x=6D attr=00
f=305 pc=D23A a=02B1 y=F4 t=A9 x=75 attr=00
f=305 pc=D23A a=02E5 y=F4 t=8F x=CA attr=00
f=306 pc=D23A a=0271 y=38 t=86 x=71 attr=00
f=306 pc=D23A a=02A5 y=40 t=87 x=69 attr=00
f=306 pc=D23A a=02D9 y=40 t=88 x=71 attr=00
f=306 pc=D23A a=024D y=38 t=89 x=79 attr=00
f=306 pc=D23A a=0281 y=48 t=86 x=71 attr=40
f=306 pc=D23A a=02B5 y=40 t=87 x=79 attr=80
f=306 pc=D23A a=02E9 y=48 t=88 x=69 attr=40
f=306 pc=D23A a=025D y=48 t=86 x=79 attr=80
f=306 pc=D23A a=0291 y=34 t=86 x=CA attr=C0
f=306 pc=D23A a=02C5 y=34 t=A1 x=D2 attr=00
f=306 pc=D23A a=02F9 y=34 t=A2 x=DA attr=00
f=306 pc=D23A a=026D y=3C t=A3 x=CA attr=00
f=306 pc=D23A a=02A1 y=3C t=A4 x=D2 attr=00
f=306 pc=D23A a=02D5 y=3C t=A5 x=DA attr=00
f=306 pc=D23A a=0249 y=44 t=A6 x=CA attr=00
f=306 pc=D23A a=027D y=44 t=A7 x=D2 attr=00
f=306 pc=D23A a=02B1 y=44 t=A8 x=DA attr=00
f=306 pc=D23A a=02E5 y=52 t=A9 x=83 attr=00
f=306 pc=D23A a=0259 y=F4 t=8F x=D2 attr=00
f=307 pc=D23A a=02A5 y=38 t=8A x=71 attr=00
f=307 pc=D23A a=02D9 y=40 t=8B x=69 attr=00
f=307 pc=D23A a=024D y=40 t=8C x=71 attr=00
f=307 pc=D23A a=0281 y=38 t=8D x=79 attr=00
f=307 pc=D23A a=02B5 y=48 t=8A x=71 attr=40
f=307 pc=D23A a=02E9 y=40 t=8B x=79 attr=80
f=307 pc=D23A a=025D y=48 t=8C x=69 attr=40
f=307 pc=D23A a=0291 y=48 t=8A x=79 attr=C0
f=307 pc=D23A a=02C5 y=34 t=8A x=CA attr=80
f=307 pc=D23A a=02F9 y=34 t=8E x=D2 attr=00
f=307 pc=D23A a=026D y=34 t=90 x=DA attr=00
f=307 pc=D23A a=02A1 y=3C t=90 x=CA attr=40
f=307 pc=D23A a=02D5 y=3C t=90 x=D2 attr=80
f=307 pc=D23A a=0249 y=3C t=90 x=DA attr=C0
f=308 pc=D23A a=02D9 y=38 t=8A x=71 attr=00
f=308 pc=D23A a=024D y=40 t=8B x=69 attr=00
f=308 pc=D23A a=0281 y=40 t=8C x=71 attr=00
f=308 pc=D23A a=02B5 y=38 t=8D x=79 attr=00
f=308 pc=D23A a=02E9 y=48 t=8A x=71 attr=40
f=308 pc=D23A a=025D y=40 t=8B x=79 attr=80
f=308 pc=D23A a=0291 y=48 t=8C x=79 attr=40
f=308 pc=D23A a=02C5 y=48 t=8A x=69 attr=C0
f=308 pc=D23A a=02F9 y=1C t=8A x=44 attr=80
f=308 pc=D23A a=026D y=4E t=8E x=7F attr=00
f=308 pc=D23A a=02A1 y=4E t=90 x=87 attr=00
f=308 pc=D23A a=02D5 y=56 t=90 x=7F attr=40
f=308 pc=D23A a=0249 y=56 t=90 x=87 attr=80
f=308 pc=D23A a=027D y=F4 t=90 x=CA attr=C0
f=309 pc=D23A a=02CD y=4D t=A1 x=9F attr=00
f=309 pc=D23A a=0241 y=2A t=A2 x=A0 attr=00
f=309 pc=D23A a=0275 y=32 t=A3 x=A0 attr=00
f=309 pc=D23A a=02A9 y=56 t=A4 x=A0 attr=00
f=309 pc=D23A a=02DD y=3C t=A5 x=A3 attr=00
f=309 pc=D23A a=0251 y=44 t=A6 x=A3 attr=00
f=309 pc=D23A a=0285 y=2C t=A7 x=A8 attr=00
f=309 pc=D23A a=02B9 y=34 t=A8 x=AB attr=00
f=309 pc=D23A a=02ED y=3C t=A9 x=AB attr=00
f=309 pc=D23A a=0261 y=4C t=8F x=AB attr=00
f=309 pc=D23A a=0295 y=2E t=86 x=B0 attr=00
f=309 pc=D23A a=02C9 y=37 t=87 x=C6 attr=00
f=309 pc=D23A a=02FD y=38 t=88 x=C7 attr=00
f=309 pc=D23A a=0271 y=39 t=89 x=C8 attr=00
f=309 pc=D23A a=02A5 y=39 t=86 x=D0 attr=40
f=309 pc=D23A a=02D9 y=38 t=87 x=69 attr=80
f=309 pc=D23A a=024D y=38 t=88 x=71 attr=40
f=309 pc=D23A a=0281 y=40 t=86 x=69 attr=80
f=309 pc=D23A a=02B5 y=40 t=86 x=71 attr=C0
f=310 pc=D23A a=0241 y=3D t=A1 x=71 attr=00
f=310 pc=D23A a=0275 y=3D t=A2 x=79 attr=00
f=310 pc=D23A a=02A9 y=45 t=A3 x=69 attr=00
f=310 pc=D23A a=02DD y=45 t=A4 x=71 attr=00
f=310 pc=D23A a=0251 y=45 t=A5 x=79 attr=00
f=310 pc=D23A a=0285 y=4D t=A6 x=69 attr=00
f=310 pc=D23A a=02B9 y=4D t=A7 x=71 attr=00
f=310 pc=D23A a=02ED y=4D t=A8 x=79 attr=00
f=310 pc=D23A a=0261 y=1C t=A9 x=44 attr=00
f=310 pc=D23A a=0295 y=4A t=8F x=7B attr=00
f=310 pc=D23A a=02C9 y=4A t=86 x=83 attr=00
f=310 pc=D23A a=02FD y=52 t=87 x=7B attr=00
f=310 pc=D23A a=0271 y=52 t=88 x=83 attr=00
f=310 pc=D23A a=02A5 y=4A t=89 x=8B attr=00
f=310 pc=D23A a=02D9 y=5A t=86 x=83 attr=40
f=310 pc=D23A a=024D y=52 t=87 x=8B attr=80
f=310 pc=D23A a=0281 y=5A t=88 x=7B attr=40
f=310 pc=D23A a=02B5 y=5A t=86 x=8B attr=80
f=310 pc=D23A a=02E9 y=F4 t=86 x=79 attr=C0
f=311 pc=D23A a=0275 y=3D t=8E x=71 attr=00
f=311 pc=D23A a=02A9 y=3D t=90 x=79 attr=00
f=311 pc=D23A a=02DD y=45 t=90 x=69 attr=40
f=311 pc=D23A a=0251 y=45 t=90 x=71 attr=80
f=311 pc=D23A a=0285 y=45 t=90 x=79 attr=C0
f=311 pc=D23A a=02B9 y=4D t=8A x=69 attr=00
f=311 pc=D23A a=02ED y=4D t=8B x=71 attr=00
f=311 pc=D23A a=0261 y=4D t=8C x=79 attr=00
f=311 pc=D23A a=0295 y=1C t=8D x=44 attr=00
f=311 pc=D23A a=02C9 y=4A t=8A x=7B attr=40
f=311 pc=D23A a=02FD y=4A t=8B x=83 attr=80
f=311 pc=D23A a=0271 y=52 t=8C x=7B attr=40
f=311 pc=D23A a=02A5 y=52 t=8A x=83 attr=C0
f=311 pc=D23A a=02D9 y=4A t=8A x=8B attr=80
f=312 pc=D23A a=02A9 y=18 t=8E x=40 attr=00
f=312 pc=D23A a=02DD y=18 t=90 x=48 attr=00
f=312 pc=D23A a=0251 y=20 t=90 x=40 attr=40
f=312 pc=D23A a=0285 y=20 t=90 x=48 attr=80
f=312 pc=D23A a=02B9 y=4A t=90 x=7B attr=C0
f=312 pc=D23A a=02ED y=4A t=8A x=83 attr=00
f=312 pc=D23A a=0261 y=52 t=8B x=7B attr=00
f=312 pc=D23A a=0295 y=52 t=8C x=83 attr=00
f=312 pc=D23A a=02C9 y=4A t=8D x=8B attr=00
f=312 pc=D23A a=02FD y=5A t=8A x=83 attr=40
f=312 pc=D23A a=0271 y=52 t=8B x=8B attr=80
f=312 pc=D23A a=02A5 y=5A t=8C x=8B attr=40
f=312 pc=D23A a=02D9 y=5A t=8A x=7B attr=C0
f=312 pc=D23A a=024D y=F4 t=8A x=83 attr=80
f=313 pc=D23A a=02DD y=18 t=8F x=40 attr=00
f=313 pc=D23A a=0251 y=18 t=86 x=48 attr=00
f=313 pc=D23A a=0285 y=20 t=87 x=40 attr=00
f=313 pc=D23A a=02B9 y=20 t=88 x=48 attr=00
f=313 pc=D23A a=02ED y=4A t=89 x=7B attr=00
f=313 pc=D23A a=0261 y=4A t=86 x=83 attr=40
f=313 pc=D23A a=0295 y=52 t=87 x=7B attr=80
f=313 pc=D23A a=02C9 y=52 t=88 x=83 attr=40
f=313 pc=D23A a=02FD y=4A t=86 x=8B attr=80
f=313 pc=D23A a=0271 y=5A t=86 x=83 attr=C0
f=313 pc=D23A a=02A5 y=52 t=A1 x=8B attr=00
f=313 pc=D23A a=02D9 y=5A t=A2 x=8B attr=00
f=313 pc=D23A a=024D y=5A t=A3 x=7B attr=00
f=313 pc=D23A a=0281 y=F4 t=A4 x=8B attr=00
f=313 pc=D23A a=02B5 y=F4 t=A5 x=7B attr=00
f=313 pc=D23A a=02E9 y=F4 t=A6 x=8B attr=00
f=313 pc=D23A a=025D y=F4 t=A7 x=71 attr=00
f=313 pc=D23A a=0291 y=F4 t=A8 x=79 attr=00
f=313 pc=D23A a=02C5 y=F4 t=A9 x=79 attr=00
f=314 pc=D23A a=02D1 y=4D t=8F x=9F attr=00
f=314 pc=D23A a=0245 y=2A t=86 x=A0 attr=00
f=314 pc=D23A a=0279 y=32 t=87 x=A0 attr=00
f=314 pc=D23A a=02AD y=56 t=88 x=A0 attr=00
f=314 pc=D23A a=02E1 y=3C t=89 x=A3 attr=00
f=314 pc=D23A a=0255 y=44 t=86 x=A3 attr=40
f=314 pc=D23A a=0289 y=2C t=87 x=A8 attr=80
f=314 pc=D23A a=02BD y=34 t=88 x=AB attr=40
f=314 pc=D23A a=02F1 y=3C t=86 x=AB attr=80
f=314 pc=D23A a=0265 y=4C t=86 x=AB attr=C0
f=314 pc=D23A a=0299 y=2E t=A1 x=B0 attr=00
f=314 pc=D23A a=02CD y=37 t=A2 x=C6 attr=00
f=314 pc=D23A a=0241 y=38 t=A3 x=C7 attr=00
f=314 pc=D23A a=0275 y=39 t=A4 x=C8 attr=00
f=314 pc=D23A a=02A9 y=39 t=A5 x=D0 attr=00
f=314 pc=D23A a=02DD y=22 t=A6 x=99 attr=00
f=314 pc=D23A a=0251 y=14 t=A7 x=3C attr=00
f=314 pc=D23A a=0285 y=14 t=A8 x=44 attr=00
f=314 pc=D23A a=02B9 y=1C t=A9 x=3C attr=00
f=315 pc=D23A a=0245 y=14 t=90 x=3C attr=00
f=315 pc=D23A a=0279 y=14 t=90 x=44 attr=40
f=315 pc=D23A a=02AD y=1C t=90 x=3C attr=80
f=315 pc=D23A a=02E1 y=1C t=90 x=44 attr=C0
f=315 pc=D23A a=0255 y=14 t=8A x=4C attr=00
f=315 pc=D23A a=0289 y=24 t=8B x=44 attr=00
f=315 pc=D23A a=02BD y=1C t=8C x=4C attr=00
f=315 pc=D23A a=02F1 y=24 t=8D x=3C attr=00
f=315 pc=D23A a=0265 y=24 t=8A x=4C attr=40
f=315 pc=D23A a=0299 y=4F t=8B x=7B attr=80
f=315 pc=D23A a=02CD y=4F t=8C x=83 attr=40
f=315 pc=D23A a=0241 y=4F t=8A x=8B attr=C0
f=315 pc=D23A a=0275 y=57 t=8A x=7B attr=80
f=315 pc=D23A a=02A9 y=57 t=8E x=83 attr=00
f=316 pc=D23A a=0279 y=1E t=90 x=9D attr=00
f=316 pc=D23A a=02AD y=26 t=90 x=95 attr=40
f=316 pc=D23A a=02E1 y=26 t=90 x=9D attr=80
f=316 pc=D23A a=0255 y=14 t=90 x=3C attr=C0
f=316 pc=D23A a=0289 y=14 t=8A x=44 attr=00
f=316 pc=D23A a=02BD y=1C t=8B x=3C attr=00
f=316 pc=D23A a=02F1 y=1C t=8C x=44 attr=00
f=316 pc=D23A a=0265 y=14 t=8D x=4C attr=00
f=316 pc=D23A a=0299 y=24 t=8A x=44 attr=40
f=316 pc=D23A a=02CD y=1C t=8B x=4C attr=80
f=316 pc=D23A a=0241 y=24 t=8C x=4C attr=40
f=316 pc=D23A a=0275 y=24 t=8A x=3C attr=C0
f=316 pc=D23A a=02A9 y=53 t=8A x=65 attr=80
f=316 pc=D23A a=02DD y=F4 t=8E x=8B attr=00
f=317 pc=D23A a=02AD y=1E t=86 x=9D attr=00
f=317 pc=D23A a=02E1 y=26 t=87 x=95 attr=00
f=317 pc=D23A a=0255 y=26 t=88 x=9D attr=00
f=317 pc=D23A a=0289 y=14 t=89 x=3C attr=00
f=317 pc=D23A a=02BD y=14 t=86 x=44 attr=40
f=317 pc=D23A a=02F1 y=1C t=87 x=3C attr=80
f=317 pc=D23A a=0265 y=1C t=88 x=44 attr=40
f=317 pc=D23A a=0299 y=14 t=86 x=4C attr=80
f=317 pc=D23A a=02CD y=24 t=86 x=44 attr=C0
f=317 pc=D23A a=0241 y=1C t=A1 x=4C attr=00
f=317 pc=D23A a=0275 y=24 t=A2 x=4C attr=00
f=317 pc=D23A a=02A9 y=24 t=A3 x=3C attr=00
f=317 pc=D23A a=02DD y=53 t=A4 x=65 attr=00
f=317 pc=D23A a=0251 y=F4 t=A5 x=7B attr=00
f=317 pc=D23A a=0285 y=F4 t=A6 x=83 attr=00
f=317 pc=D23A a=02B9 y=F4 t=A7 x=8B attr=00
f=317 pc=D23A a=02ED y=F4 t=A8 x=44 attr=00
f=317 pc=D23A a=0261 y=F4 t=A9 x=4C attr=00
f=317 pc=D23A a=0295 y=F4 t=8F x=44 attr=00
f=318 pc=D23A a=02E1 y=1A t=86 x=99 attr=00
f=318 pc=D23A a=0255 y=22 t=87 x=91 attr=00
f=318 pc=D23A a=0289 y=22 t=88 x=99 attr=00
f=318 pc=D23A a=02BD y=1A t=89 x=A1 attr=00
f=318 pc=D23A a=02F1 y=2A t=86 x=99 attr=40
f=318 pc=D23A a=0265 y=22 t=87 x=A1 attr=80
f=318 pc=D23A a=0299 y=2A t=88 x=91 attr=40
f=318 pc=D23A a=02CD y=2A t=86 x=A1 attr=80
f=318 pc=D23A a=0241 y=19 t=86 x=3C attr=C0
f=318 pc=D23A a=0275 y=19 t=A1 x=44 attr=00
f=318 pc=D23A a=02A9 y=19 t=A2 x=4C attr=00
f=318 pc=D23A a=02DD y=21 t=A3 x=3C attr=00
f=318 pc=D23A a=0251 y=21 t=A4 x=44 attr=00
f=318 pc=D23A a=0285 y=21 t=A5 x=4C attr=00
f=318 pc=D23A a=02B9 y=29 t=A6 x=3C attr=00
f=318 pc=D23A a=02ED y=29 t=A7 x=44 attr=00
f=318 pc=D23A a=0261 y=29 t=A8 x=4C attr=00
f=318 pc=D23A a=0295 y=53 t=A9 x=65 attr=00
f=318 pc=D23A a=02C9 y=F4 t=8F x=4C attr=00
f=319 pc=D23A a=02D5 y=4D t=8A x=9F attr=00
f=319 pc=D23A a=0249 y=2A t=8B x=A0 attr=00
f=319 pc=D23A a=027D y=32 t=8C x=A0 attr=00
f=319 pc=D23A a=02B1 y=56 t=8D x=A0 attr=00
f=319 pc=D23A a=02E5 y=3C t=8A x=A3 attr=40
f=319 pc=D23A a=0259 y=44 t=8B x=A3 attr=80
f=319 pc=D23A a=028D y=2C t=8C x=A8 attr=40
f=319 pc=D23A a=02C1 y=34 t=8A x=AB attr=C0
f=319 pc=D23A a=02F5 y=3C t=8A x=AB attr=80
f=319 pc=D23A a=0269 y=4C t=8E x=AB attr=00
f=319 pc=D23A a=029D y=2E t=90 x=B0 attr=00
f=319 pc=D23A a=02D1 y=37 t=90 x=C6 attr=40
f=319 pc=D23A a=0245 y=38 t=90 x=C7 attr=80
f=319 pc=D23A a=0279 y=39 t=90 x=C8 attr=C0
f=320 pc=D23A a=0249 y=1A t=8A x=99 attr=00
f=320 pc=D23A a=027D y=22 t=8B x=91 attr=00
f=320 pc=D23A a=02B1 y=22 t=8C x=99 attr=00
f=320 pc=D23A a=02E5 y=1A t=8D x=A1 attr=00
f=320 pc=D23A a=0259 y=2A t=8A x=99 attr=40
f=320 pc=D23A a=028D y=22 t=8B x=A1 attr=80
f=320 pc=D23A a=02C1 y=2A t=8C x=A1 attr=40
f=320 pc=D23A a=02F5 y=2A t=8A x=91 attr=C0
f=320 pc=D23A a=0269 y=7D t=8A x=76 attr=80
f=320 pc=D23A a=029D y=4F t=8E x=61 attr=00
f=320 pc=D23A a=02D1 y=4F t=90 x=69 attr=00
f=320 pc=D23A a=0245 y=57 t=90 x=61 attr=40
f=320 pc=D23A a=0279 y=57 t=90 x=69 attr=80
f=320 pc=D23A a=02AD y=F4 t=90 x=D0 attr=C0
f=321 pc=D23A a=027D y=1A t=A1 x=99 attr=00
f=321 pc=D23A a=02B1 y=22 t=A2 x=91 attr=00
f=321 pc=D23A a=02E5 y=22 t=A3 x=99 attr=00
f=321 pc=D23A a=0259 y=1A t=A4 x=A1 attr=00
f=321 pc=D23A a=028D y=2A t=A5 x=99 attr=00
f=321 pc=D23A a=02C1 y=22 t=A6 x=A1 attr=00
f=321 pc=D23A a=02F5 y=2A t=A7 x=A1 attr=00
f=321 pc=D23A a=0269 y=2A t=A8 x=91 attr=00
f=321 pc=D23A a=029D y=7D t=A9 x=76 attr=00
f=321 pc=D23A a=02D1 y=4F t=8F x=61 attr=00
f=321 pc=D23A a=0245 y=4F t=86 x=69 attr=00
f=321 pc=D23A a=0279 y=57 t=87 x=61 attr=00
f=321 pc=D23A a=02AD y=57 t=88 x=69 attr=00
f=321 pc=D23A a=02E1 y=F4 t=89 x=91 attr=00
f=321 pc=D23A a=0255 y=F4 t=86 x=99 attr=40
f=321 pc=D23A a=0289 y=F4 t=87 x=91 attr=80
f=321 pc=D23A a=02BD y=F4 t=88 x=99 attr=40
f=321 pc=D23A a=02F1 y=F4 t=86 x=A1 attr=80
f=321 pc=D23A a=0265 y=F4 t=86 x=99 attr=C0
f=322 pc=D23A a=02B1 y=1F t=A1 x=99 attr=00
f=322 pc=D23A a=02E5 y=1F t=A2 x=A1 attr=00
f=322 pc=D23A a=0259 y=27 t=A3 x=91 attr=00
f=322 pc=D23A a=028D y=27 t=A4 x=99 attr=00
f=322 pc=D23A a=02C1 y=27 t=A5 x=A1 attr=00
f=322 pc=D23A a=02F5 y=2F t=A6 x=91 attr=00
f=322 pc=D23A a=0269 y=2F t=A7 x=99 attr=00
f=322 pc=D23A a=029D y=2F t=A8 x=A1 attr=00
f=322 pc=D23A a=02D1 y=7D t=A9 x=76 attr=00
f=322 pc=D23A a=0245 y=4B t=8F x=5D attr=00
f=322 pc=D23A a=0279 y=4B t=86 x=65 attr=00
f=322 pc=D23A a=02AD y=53 t=87 x=5D attr=00
f=322 pc=D23A a=02E1 y=53 t=88 x=65 attr=00
f=322 pc=D23A a=0255 y=4B t=89 x=6D attr=00
f=322 pc=D23A a=0289 y=5B t=86 x=65 attr=40
f=322 pc=D23A a=02BD y=53 t=87 x=6D attr=80
f=322 pc=D23A a=02F1 y=5B t=88 x=5D attr=40
f=322 pc=D23A a=0265 y=5B t=86 x=6D attr=80
f=322 pc=D23A a=0299 y=F4 t=86 x=A1 attr=C0
f=323 pc=D23A a=02E5 y=1F t=90 x=99 attr=00
f=323 pc=D23A a=0259 y=1F t=90 x=A1 attr=40
f=323 pc=D23A a=028D y=27 t=90 x=91 attr=80
f=323 pc=D23A a=02C1 y=27 t=90 x=99 attr=C0
f=323 pc=D23A a=02F5 y=27 t=8A x=A1 attr=00
f=323 pc=D23A a=0269 y=2F t=8B x=91 attr=00
f=323 pc=D23A a=029D y=2F t=8C x=99 attr=00
f=323 pc=D23A a=02D1 y=2F t=8D x=A1 attr=00
f=323 pc=D23A a=0245 y=7D t=8A x=76 attr=40
f=323 pc=D23A a=0279 y=4B t=8B x=5D attr=80
f=323 pc=D23A a=02AD y=4B t=8C x=65 attr=40
f=323 pc=D23A a=02E1 y=53 t=8A x=5D attr=C0
f=323 pc=D23A a=0255 y=53 t=8A x=65 attr=80
f=324 pc=D23A a=02D9 y=4D t=90 x=9F attr=00
f=324 pc=D23A a=024D y=2A t=90 x=A0 attr=40
f=324 pc=D23A a=0281 y=32 t=90 x=A0 attr=80
f=324 pc=D23A a=02B5 y=56 t=90 x=A0 attr=C0
f=324 pc=D23A a=02E9 y=3C t=8A x=A3 attr=00
f=324 pc=D23A a=025D y=44 t=8B x=A3 attr=00
f=324 pc=D23A a=0291 y=2C t=8C x=A8 attr=00
f=324 pc=D23A a=02C5 y=34 t=8D x=AB attr=00
f=324 pc=D23A a=02F9 y=3C t=8A x=AB attr=40
f=324 pc=D23A a=026D y=4C t=8B x=AB attr=80
f=324 pc=D23A a=02A1 y=2E t=8C x=B0 attr=40
f=324 pc=D23A a=02D5 y=37 t=8A x=C6 attr=C0
f=324 pc=D23A a=0249 y=38 t=8A x=C7 attr=80
f=325 pc=D23A a=024D y=79 t=86 x=7A attr=00
f=325 pc=D23A a=0281 y=81 t=87 x=72 attr=00
f=325 pc=D23A a=02B5 y=81 t=88 x=7A attr=00
f=325 pc=D23A a=02E9 y=4B t=89 x=5D attr=00
f=325 pc=D23A a=025D y=4B t=86 x=65 attr=40
f=325 pc=D23A a=0291 y=53 t=87 x=5D attr=80
f=325 pc=D23A a=02C5 y=53 t=88 x=65 attr=40
f=325 pc=D23A a=02F9 y=4B t=86 x=6D attr=80
f=325 pc=D23A a=026D y=5B t=86 x=65 attr=C0
f=325 pc=D23A a=02A1 y=53 t=A1 x=6D attr=00
f=325 pc=D23A a=02D5 y=5B t=A2 x=6D attr=00
f=325 pc=D23A a=0249 y=5B t=A3 x=5D attr=00
f=325 pc=D23A a=027D y=F4 t=A4 x=C8 attr=00
f=325 pc=D23A a=02B1 y=F4 t=A5 x=D0 attr=00
f=325 pc=D23A a=02E5 y=F4 t=A6 x=72 attr=00
f=325 pc=D23A a=0259 y=F4 t=A7 x=7A attr=00
f=325 pc=D23A a=028D y=F4 t=A8 x=72 attr=00
f=325 pc=D23A a=02C1 y=F4 t=A9 x=7A attr=00
f=326 pc=D23A a=0281 y=75 t=86 x=76 attr=00
f=326 pc=D23A a=02B5 y=7D t=87 x=6E attr=00
f=326 pc=D23A a=02E9 y=7D t=88 x=76 attr=00
f=326 pc=D23A a=025D y=75 t=89 x=7E attr=00
f=326 pc=D23A a=0291 y=85 t=86 x=76 attr=40
f=326 pc=D23A a=02C5 y=7D t=87 x=7E attr=80
f=326 pc=D23A a=02F9 y=85 t=88 x=6E attr=40
f=326 pc=D23A a=026D y=85 t=86 x=7E attr=80
f=326 pc=D23A a=02A1 y=50 t=86 x=5D attr=C0
f=326 pc=D23A a=02D5 y=50 t=A1 x=65 attr=00
f=326 pc=D23A a=0249 y=50 t=A2 x=6D attr=00
f=326 pc=D23A a=027D y=58 t=A3 x=5D attr=00
f=326 pc=D23A a=02B1 y=58 t=A4 x=65 attr=00
f=326 pc=D23A a=02E5 y=58 t=A5 x=6D attr=00
f=326 pc=D23A a=0259 y=60 t=A6 x=5D attr=00
f=326 pc=D23A a=028D y=60 t=A7 x=65 attr=00
f=326 pc=D23A a=02C1 y=60 t=A8 x=6D attr=00
f=326 pc=D23A a=02F5 y=F4 t=A9 x=5D attr=00
f=327 pc=D23A a=02B5 y=75 t=8A x=76 attr=00
f=327 pc=D23A a=02E9 y=7D t=8B x=6E attr=00
f=327 pc=D23A a=025D y=7D t=8C x=76 attr=00
f=327 pc=D23A a=0291 y=75 t=8D x=7E attr=00
f=327 pc=D23A a=02C5 y=85 t=8A x=76 attr=40
f=327 pc=D23A a=02F9 y=7D t=8B x=7E attr=80
f=327 pc=D23A a=026D y=85 t=8C x=6E attr=40
f=327 pc=D23A a=02A1 y=85 t=8A x=7E attr=C0
f=327 pc=D23A a=02D5 y=50 t=8A x=5D attr=80
f=327 pc=D23A a=0249 y=50 t=8E x=65 attr=00
f=328 pc=D23A a=02E9 y=75 t=8A x=76 attr=00
f=328 pc=D23A a=025D y=7D t=8B x=6E attr=00
f=328 pc=D23A a=0291 y=7D t=8C x=76 attr=00
f=328 pc=D23A a=02C5 y=75 t=8D x=7E attr=00
f=328 pc=D23A a=02F9 y=85 t=8A x=76 attr=40
f=328 pc=D23A a=026D y=7D t=8B x=7E attr=80
f=328 pc=D23A a=02A1 y=85 t=8C x=7E attr=40
f=328 pc=D23A a=02D5 y=85 t=8A x=6E attr=C0
f=328 pc=D23A a=0249 y=7A t=8A x=A1 attr=80
f=328 pc=D23A a=027D y=F4 t=8E x=6D attr=00
f=329 pc=D23A a=02DD y=4D t=86 x=9F attr=00
f=329 pc=D23A a=0251 y=2A t=88 x=A0 attr=00
f=329 pc=D23A a=0285 y=32 t=86 x=A0 attr=80
f=329 pc=D23A a=02B9 y=56 t=A1 x=A0 attr=00
f=329 pc=D23A a=02ED y=3C t=A2 x=A3 attr=00
f=329 pc=D23A a=0261 y=44 t=A3 x=A3 attr=00
f=329 pc=D23A a=0295 y=2C t=A4 x=A8 attr=00
f=329 pc=D23A a=02C9 y=34 t=A5 x=AB attr=00
f=329 pc=D23A a=02FD y=3C t=A6 x=AB attr=00
f=329 pc=D23A a=0271 y=4C t=A7 x=AB attr=00
f=329 pc=D23A a=02A5 y=2E t=A8 x=B0 attr=00
f=329 pc=D23A a=02D9 y=37 t=A9 x=C6 attr=00
f=329 pc=D23A a=024D y=38 t=8F x=C7 attr=00
f=330 pc=D23A a=0251 y=68 t=86 x=FE attr=00
f=330 pc=D23A a=0285 y=70 t=88 x=FE attr=00
f=330 pc=D23A a=02B9 y=7A t=86 x=6E attr=80
f=330 pc=D23A a=02ED y=7A t=A1 x=76 attr=00
f=330 pc=D23A a=0261 y=7A t=A2 x=7E attr=00
f=330 pc=D23A a=0295 y=82 t=A3 x=6E attr=00
f=330 pc=D23A a=02C9 y=82 t=A4 x=76 attr=00
f=330 pc=D23A a=02FD y=82 t=A5 x=7E attr=00
f=330 pc=D23A a=0271 y=8A t=A6 x=6E attr=00
f=330 pc=D23A a=02A5 y=8A t=A7 x=76 attr=00
f=330 pc=D23A a=02D9 y=8A t=A8 x=7E attr=00
f=330 pc=D23A a=024D y=7A t=A9 x=A1 attr=00
f=330 pc=D23A a=0281 y=F4 t=8F x=C8 attr=00
f=331 pc=D23A a=0285 y=68 t=8A x=FE attr=00
f=331 pc=D23A a=02B9 y=70 t=8C x=FE attr=00
f=331 pc=D23A a=02ED y=7A t=8A x=6E attr=80
f=331 pc=D23A a=0261 y=7A t=8E x=76 attr=00
f=331 pc=D23A a=0295 y=7A t=90 x=7E attr=00
f=331 pc=D23A a=02C9 y=82 t=90 x=6E attr=40
f=331 pc=D23A a=02FD y=82 t=90 x=76 attr=80
f=331 pc=D23A a=0271 y=82 t=90 x=7E attr=C0
f=332 pc=D23A a=02B9 y=68 t=8A x=FE attr=00
f=332 pc=D23A a=02ED y=70 t=8C x=FE attr=00
f=332 pc=D23A a=0261 y=42 t=8A x=B8 attr=80
f=332 pc=D23A a=0295 y=76 t=8E x=9D attr=00
f=332 pc=D23A a=02C9 y=76 t=90 x=A5 attr=00
f=332 pc=D23A a=02FD y=7E t=90 x=9D attr=40
f=332 pc=D23A a=0271 y=7E t=90 x=A5 attr=80
f=332 pc=D23A a=02A5 y=F4 t=90 x=6E attr=C0
f=333 pc=D23A a=02ED y=68 t=A1 x=FE attr=00
f=333 pc=D23A a=0261 y=70 t=A4 x=FE attr=00
f=333 pc=D23A a=0295 y=42 t=A7 x=B8 attr=00
f=333 pc=D23A a=02C9 y=76 t=8F x=9D attr=00
f=333 pc=D23A a=02FD y=76 t=86 x=A5 attr=00
f=333 pc=D23A a=0271 y=7E t=87 x=9D attr=00
f=333 pc=D23A a=02A5 y=7E t=88 x=A5 attr=00
f=333 pc=D23A a=02D9 y=F4 t=89 x=76 attr=00
f=333 pc=D23A a=024D y=F4 t=86 x=7E attr=40
f=333 pc=D23A a=0281 y=F4 t=87 x=A1 attr=80
f=333 pc=D23A a=02B5 y=F4 t=88 x=D0 attr=40
f=333 pc=D23A a=02E9 y=F4 t=86 x=6E attr=80
f=333 pc=D23A a=025D y=F4 t=86 x=76 attr=C0
f=334 pc=D23A a=02E1 y=4D t=A1 x=9F attr=00
f=334 pc=D23A a=0255 y=2A t=A4 x=A0 attr=00
f=334 pc=D23A a=0289 y=32 t=A7 x=A0 attr=00
f=334 pc=D23A a=02BD y=56 t=8F x=A0 attr=00
f=334 pc=D23A a=02F1 y=3C t=86 x=A3 attr=00
f=334 pc=D23A a=0265 y=44 t=87 x=A3 attr=00
f=334 pc=D23A a=0299 y=2C t=88 x=A8 attr=00
f=334 pc=D23A a=02CD y=34 t=89 x=AB attr=00
f=334 pc=D23A a=0241 y=3C t=86 x=AB attr=40
f=334 pc=D23A a=0275 y=4C t=87 x=AB attr=80
f=334 pc=D23A a=02A9 y=2E t=88 x=B0 attr=40
f=334 pc=D23A a=02DD y=37 t=86 x=C6 attr=80
f=334 pc=D23A a=0251 y=38 t=86 x=C7 attr=C0
f=335 pc=D23A a=0255 y=6D t=8E x=FE attr=00
f=335 pc=D23A a=0289 y=75 t=90 x=FE attr=00
f=335 pc=D23A a=02BD y=42 t=90 x=B8 attr=40
f=335 pc=D23A a=02F1 y=72 t=90 x=99 attr=80
f=335 pc=D23A a=0265 y=72 t=90 x=A1 attr=C0
f=335 pc=D23A a=0299 y=7A t=8A x=99 attr=00
f=335 pc=D23A a=02CD y=7A t=8B x=A1 attr=00
f=335 pc=D23A a=0241 y=72 t=8C x=A9 attr=00
f=335 pc=D23A a=0275 y=82 t=8D x=A1 attr=00
f=335 pc=D23A a=02A9 y=7A t=8A x=A9 attr=40
f=335 pc=D23A a=02DD y=82 t=8B x=99 attr=80
f=335 pc=D23A a=0251 y=82 t=8C x=A9 attr=40
f=335 pc=D23A a=0285 y=F4 t=8A x=C8 attr=C0
f=335 pc=D23A a=02B9 y=F4 t=8A x=D0 attr=80
f=336 pc=D23A a=0289 y=3E t=8E x=B4 attr=00
f=336 pc=D23A a=02BD y=3E t=90 x=BC attr=00
f=336 pc=D23A a=02F1 y=46 t=90 x=B4 attr=40
f=336 pc=D23A a=0265 y=46 t=90 x=BC attr=80
f=336 pc=D23A a=0299 y=72 t=90 x=99 attr=C0
f=336 pc=D23A a=02CD y=72 t=8A x=A1 attr=00
f=336 pc=D23A a=0241 y=7A t=8B x=99 attr=00
f=336 pc=D23A a=0275 y=7A t=8C x=A1 attr=00
f=336 pc=D23A a=02A9 y=72 t=8D x=A9 attr=00
f=336 pc=D23A a=02DD y=82 t=8A x=A1 attr=40
f=336 pc=D23A a=0251 y=7A t=8B x=A9 attr=80
f=336 pc=D23A a=0285 y=82 t=8C x=A9 attr=40
f=336 pc=D23A a=02B9 y=82 t=8A x=99 attr=C0
f=336 pc=D23A a=02ED y=F4 t=8A x=FE attr=80
f=337 pc=D23A a=02BD y=3E t=8F x=B4 attr=00
f=337 pc=D23A a=02F1 y=3E t=86 x=BC attr=00
f=337 pc=D23A a=0265 y=46 t=87 x=B4 attr=00
f=337 pc=D23A a=0299 y=46 t=88 x=BC attr=00
f=337 pc=D23A a=02CD y=72 t=89 x=99 attr=00
f=337 pc=D23A a=0241 y=72 t=86 x=A1 attr=40
f=337 pc=D23A a=0275 y=7A t=87 x=99 attr=80
f=337 pc=D23A a=02A9 y=7A t=88 x=A1 attr=40
f=337 pc=D23A a=02DD y=72 t=86 x=A9 attr=80
f=337 pc=D23A a=0251 y=82 t=86 x=A1 attr=C0
f=337 pc=D23A a=0285 y=7A t=A1 x=A9 attr=00
f=337 pc=D23A a=02B9 y=82 t=A2 x=A9 attr=00
f=337 pc=D23A a=02ED y=82 t=A3 x=99 attr=00
f=337 pc=D23A a=0261 y=F4 t=A4 x=FE attr=00
f=337 pc=D23A a=0295 y=F4 t=A5 x=FE attr=00
f=337 pc=D23A a=02C9 y=F4 t=A6 x=B8 attr=00
f=337 pc=D23A a=02FD y=F4 t=A7 x=99 attr=00
f=337 pc=D23A a=0271 y=F4 t=A8 x=A1 attr=00
f=337 pc=D23A a=02A5 y=F4 t=A9 x=99 attr=00
f=338 pc=D23A a=02F1 y=3A t=8F x=B0 attr=00
f=338 pc=D23A a=0265 y=3A t=86 x=B8 attr=00
f=338 pc=D23A a=0299 y=42 t=87 x=B0 attr=00
f=338 pc=D23A a=02CD y=42 t=88 x=B8 attr=00
f=338 pc=D23A a=0241 y=3A t=89 x=C0 attr=00
f=338 pc=D23A a=0275 y=4A t=86 x=B8 attr=40
f=338 pc=D23A a=02A9 y=42 t=87 x=C0 attr=80
f=338 pc=D23A a=02DD y=4A t=88 x=B0 attr=40
f=338 pc=D23A a=0251 y=4A t=86 x=C0 attr=80
f=338 pc=D23A a=0285 y=77 t=86 x=99 attr=C0
f=338 pc=D23A a=02B9 y=77 t=A1 x=A1 attr=00
f=338 pc=D23A a=02ED y=77 t=A2 x=A9 attr=00
f=338 pc=D23A a=0261 y=7F t=A3 x=99 attr=00
f=338 pc=D23A a=0295 y=7F t=A4 x=A1 attr=00
f=338 pc=D23A a=02C9 y=7F t=A5 x=A9 attr=00
f=338 pc=D23A a=02FD y=87 t=A6 x=99 attr=00
f=338 pc=D23A a=0271 y=87 t=A7 x=A1 attr=00
f=338 pc=D23A a=02A5 y=87 t=A8 x=A9 attr=00
f=338 pc=D23A a=02D9 y=F4 t=A9 x=A1 attr=00
f=339 pc=D23A a=02E5 y=4D t=90 x=9F attr=00
f=339 pc=D23A a=0259 y=2A t=90 x=A0 attr=40
f=339 pc=D23A a=028D y=32 t=90 x=A0 attr=80
f=339 pc=D23A a=02C1 y=56 t=90 x=A0 attr=C0
f=339 pc=D23A a=02F5 y=3C t=8A x=A3 attr=00
f=339 pc=D23A a=0269 y=44 t=8B x=A3 attr=00
f=339 pc=D23A a=029D y=2C t=8C x=A8 attr=00
f=339 pc=D23A a=02D1 y=34 t=8D x=AB attr=00
f=339 pc=D23A a=0245 y=3C t=8A x=AB attr=40
f=339 pc=D23A a=0279 y=4C t=8B x=AB attr=80
f=339 pc=D23A a=02AD y=2E t=8C x=B0 attr=40
f=339 pc=D23A a=02E1 y=37 t=8A x=C6 attr=C0
f=339 pc=D23A a=0255 y=38 t=8A x=C7 attr=80
f=339 pc=D23A a=0289 y=39 t=91 x=C8 attr=00
f=339 pc=D23A a=02BD y=39 t=92 x=D0 attr=00
f=339 pc=D23A a=02F1 y=5E t=93 x=12 attr=00
f=339 pc=D23A a=0265 y=3A t=94 x=B0 attr=00
f=339 pc=D23A a=0299 y=3A t=95 x=B8 attr=00
f=339 pc=D23A a=02CD y=42 t=96 x=B0 attr=00
f=339 pc=D23A a=0241 y=42 t=97 x=B8 attr=00
f=339 pc=D23A a=0275 y=3A t=98 x=C0 attr=00
f=339 pc=D23A a=02A9 y=4A t=92 x=B8 attr=40
f=339 pc=D23A a=02DD y=42 t=91 x=C0 attr=40
f=339 pc=D23A a=0251 y=4A t=94 x=B0 attr=40
f=339 pc=D23A a=0285 y=4A t=93 x=C0 attr=40
f=339 pc=D23A a=02B9 y=77 t=96 x=99 attr=40
f=339 pc=D23A a=02ED y=77 t=95 x=A1 attr=40
f=340 pc=D23A a=0259 y=5A t=90 x=16 attr=00
f=340 pc=D23A a=028D y=62 t=90 x=0E attr=40
f=340 pc=D23A a=02C1 y=62 t=90 x=16 attr=80
f=340 pc=D23A a=02F5 y=3A t=90 x=B0 attr=C0
f=340 pc=D23A a=0269 y=3A t=8A x=B8 attr=00
f=340 pc=D23A a=029D y=42 t=8B x=B0 attr=00
f=340 pc=D23A a=02D1 y=42 t=8C x=B8 attr=00
f=340 pc=D23A a=0245 y=3A t=8D x=C0 attr=00
f=340 pc=D23A a=0279 y=4A t=8A x=B8 attr=40
f=340 pc=D23A a=02AD y=42 t=8B x=C0 attr=80
f=340 pc=D23A a=02E1 y=4A t=8C x=C0 attr=40
f=340 pc=D23A a=0255 y=4A t=8A x=B0 attr=C0
f=340 pc=D23A a=0289 y=72 t=8A x=93 attr=80
f=340 pc=D23A a=02BD y=72 t=91 x=9B attr=00
f=340 pc=D23A a=02F1 y=7A t=92 x=93 attr=00
f=340 pc=D23A a=0265 y=7A t=93 x=9B attr=00
f=340 pc=D23A a=0299 y=82 t=94 x=93 attr=00
f=340 pc=D23A a=02CD y=82 t=95 x=9B attr=00
f=340 pc=D23A a=0241 y=8A t=96 x=93 attr=00
f=340 pc=D23A a=0275 y=8A t=97 x=9B attr=00
f=340 pc=D23A a=02A9 y=72 t=98 x=A3 attr=00
f=340 pc=D23A a=02DD y=72 t=92 x=AB attr=40
f=340 pc=D23A a=0251 y=7A t=91 x=A3 attr=40
f=340 pc=D23A a=0285 y=7A t=94 x=AB attr=40
f=340 pc=D23A a=02B9 y=82 t=93 x=A3 attr=40
f=340 pc=D23A a=02ED y=82 t=96 x=AB attr=40
f=340 pc=D23A a=0261 y=3B t=95 x=8C attr=40
f=341 pc=D23A a=028D y=5A t=86 x=16 attr=00
f=341 pc=D23A a=02C1 y=62 t=87 x=0E attr=00
f=341 pc=D23A a=02F5 y=62 t=88 x=16 attr=00
f=341 pc=D23A a=0269 y=3A t=89 x=B0 attr=00
f=341 pc=D23A a=029D y=3A t=86 x=B8 attr=40
f=341 pc=D23A a=02D1 y=42 t=87 x=B0 attr=80
f=341 pc=D23A a=0245 y=42 t=88 x=B8 attr=40
f=341 pc=D23A a=0279 y=3A t=86 x=C0 attr=80
f=341 pc=D23A a=02AD y=4A t=86 x=B8 attr=C0
f=341 pc=D23A a=02E1 y=42 t=A1 x=C0 attr=00
f=341 pc=D23A a=0255 y=4A t=A2 x=C0 attr=00
f=341 pc=D23A a=0289 y=4A t=A3 x=B0 attr=00
f=341 pc=D23A a=02BD y=72 t=A4 x=93 attr=00
f=341 pc=D23A a=02F1 y=72 t=A5 x=9B attr=00
f=341 pc=D23A a=0265 y=7A t=A6 x=93 attr=00
f=341 pc=D23A a=0299 y=7A t=A7 x=9B attr=00
f=341 pc=D23A a=02CD y=82 t=A8 x=93 attr=00
f=341 pc=D23A a=0241 y=82 t=A9 x=9B attr=00
f=341 pc=D23A a=0275 y=8A t=99 x=93 attr=00
f=341 pc=D23A a=02A9 y=8A t=9A x=9B attr=00
f=341 pc=D23A a=02DD y=72 t=9B x=A3 attr=00
f=341 pc=D23A a=0251 y=72 t=9C x=AB attr=00
f=341 pc=D23A a=0285 y=7A t=9D x=A3 attr=00
f=341 pc=D23A a=02B9 y=7A t=9E x=AB attr=00
f=341 pc=D23A a=02ED y=82 t=9F x=A3 attr=00
f=341 pc=D23A a=0261 y=82 t=A0 x=AB attr=00
f=341 pc=D23A a=0295 y=3B t=9A x=8C attr=40
f=342 pc=D23A a=02C1 y=56 t=86 x=12 attr=00
f=342 pc=D23A a=02F5 y=5E t=87 x=0A attr=00
f=342 pc=D23A a=0269 y=5E t=88 x=12 attr=00
f=342 pc=D23A a=029D y=56 t=89 x=1A attr=00
f=342 pc=D23A a=02D1 y=66 t=86 x=12 attr=40
f=342 pc=D23A a=0245 y=5E t=87 x=1A attr=80
f=342 pc=D23A a=0279 y=66 t=88 x=0A attr=40
f=342 pc=D23A a=02AD y=66 t=86 x=1A attr=80
f=342 pc=D23A a=02E1 y=3F t=86 x=B0 attr=C0
f=342 pc=D23A a=0255 y=3F t=A1 x=B8 attr=00
f=342 pc=D23A a=0289 y=3F t=A2 x=C0 attr=00
f=342 pc=D23A a=02BD y=47 t=A3 x=B0 attr=00
f=342 pc=D23A a=02F1 y=47 t=A4 x=B8 attr=00
f=342 pc=D23A a=0265 y=47 t=A5 x=C0 attr=00
f=342 pc=D23A a=0299 y=4F t=A6 x=B0 attr=00
f=342 pc=D23A a=02CD y=4F t=A7 x=B8 attr=00
f=342 pc=D23A a=0241 y=4F t=A8 x=C0 attr=00
f=342 pc=D23A a=0275 y=72 t=A9 x=95 attr=00
f=342 pc=D23A a=02A9 y=72 t=99 x=9D attr=00
f=342 pc=D23A a=02DD y=7A t=9A x=95 attr=00
f=342 pc=D23A a=0251 y=7A t=9B x=9D attr=00
f=342 pc=D23A a=0285 y=82 t=9C x=95 attr=00
f=342 pc=D23A a=02B9 y=82 t=9D x=9D attr=00
f=342 pc=D23A a=02ED y=8A t=9E x=95 attr=00
f=342 pc=D23A a=0261 y=8A t=9F x=9D attr=00
f=342 pc=D23A a=0295 y=72 t=A0 x=A5 attr=00
f=342 pc=D23A a=02C9 y=3B t=9A x=8C attr=40
f=343 pc=D23A a=02F5 y=56 t=8A x=12 attr=00
f=343 pc=D23A a=0269 y=5E t=8B x=0A attr=00
f=343 pc=D23A a=029D y=5E t=8C x=12 attr=00
f=343 pc=D23A a=02D1 y=56 t=8D x=1A attr=00
f=343 pc=D23A a=0245 y=66 t=8A x=12 attr=40
f=343 pc=D23A a=0279 y=5E t=8B x=1A attr=80
f=343 pc=D23A a=02AD y=66 t=8C x=0A attr=40
f=343 pc=D23A a=02E1 y=66 t=8A x=1A attr=C0
f=343 pc=D23A a=0255 y=3F t=8A x=B0 attr=80
f=343 pc=D23A a=0289 y=3F t=91 x=B8 attr=00
f=343 pc=D23A a=02BD y=3F t=92 x=C0 attr=00
f=343 pc=D23A a=02F1 y=47 t=93 x=B0 attr=00
f=343 pc=D23A a=0265 y=47 t=94 x=B8 attr=00
f=343 pc=D23A a=0299 y=47 t=95 x=C0 attr=00
f=343 pc=D23A a=02CD y=4F t=96 x=B0 attr=00
f=343 pc=D23A a=0241 y=4F t=97 x=B8 attr=00
f=343 pc=D23A a=0275 y=4F t=98 x=C0 attr=00
f=343 pc=D23A a=02A9 y=72 t=92 x=95 attr=40
f=343 pc=D23A a=02DD y=72 t=91 x=9D attr=40
f=343 pc=D23A a=0251 y=7A t=94 x=95 attr=40
f=343 pc=D23A a=0285 y=7A t=93 x=9D attr=40
f=343 pc=D23A a=02B9 y=82 t=96 x=95 attr=40
f=343 pc=D23A a=02ED y=82 t=95 x=9D attr=40
f=343 pc=D23A a=0261 y=8A t=98 x=95 attr=40
f=343 pc=D23A a=0295 y=8A t=97 x=9D attr=40
f=343 pc=D23A a=02C9 y=72 t=A1 x=A5 attr=00
f=343 pc=D23A a=02FD y=3B t=A2 x=8C attr=00
f=344 pc=D23A a=02E9 y=4D t=8A x=9F attr=00
f=344 pc=D23A a=025D y=2A t=8B x=A0 attr=00
f=344 pc=D23A a=0291 y=32 t=8C x=A0 attr=00
f=344 pc=D23A a=02C5 y=56 t=8D x=A0 attr=00
f=344 pc=D23A a=02F9 y=3C t=8A x=A3 attr=40
f=344 pc=D23A a=026D y=44 t=8B x=A3 attr=80
f=344 pc=D23A a=02A1 y=2C t=8C x=A8 attr=40
f=344 pc=D23A a=02D5 y=34 t=8A x=AB attr=C0
f=344 pc=D23A a=0249 y=3C t=8A x=AB attr=80
f=344 pc=D23A a=027D y=4C t=91 x=AB attr=00
f=344 pc=D23A a=02B1 y=2E t=92 x=B0 attr=00
f=344 pc=D23A a=02E5 y=37 t=93 x=C6 attr=00
f=344 pc=D23A a=0259 y=38 t=94 x=C7 attr=00
f=344 pc=D23A a=028D y=39 t=95 x=C8 attr=00
f=344 pc=D23A a=02C1 y=39 t=96 x=D0 attr=00
f=344 pc=D23A a=02F5 y=56 t=97 x=0A attr=00
f=344 pc=D23A a=0269 y=56 t=98 x=12 attr=00
f=344 pc=D23A a=029D y=5E t=92 x=0A attr=40
f=344 pc=D23A a=02D1 y=5E t=91 x=12 attr=40
f=344 pc=D23A a=0245 y=56 t=94 x=1A attr=40
f=344 pc=D23A a=0279 y=66 t=93 x=12 attr=40
f=344 pc=D23A a=02AD y=5E t=96 x=1A attr=40
f=344 pc=D23A a=02E1 y=66 t=95 x=1A attr=40
f=344 pc=D23A a=0255 y=66 t=98 x=0A attr=40
f=344 pc=D23A a=0289 y=3A t=97 x=AA attr=40
f=344 pc=D23A a=02BD y=3A t=A1 x=B2 attr=00
f=344 pc=D23A a=02F1 y=42 t=A2 x=AA attr=00
f=345 pc=D23A a=025D y=56 t=A1 x=12 attr=00
f=345 pc=D23A a=0291 y=5E t=A2 x=0A attr=00
f=345 pc=D23A a=02C5 y=5E t=A3 x=12 attr=00
f=345 pc=D23A a=02F9 y=56 t=A4 x=1A attr=00
f=345 pc=D23A a=026D y=66 t=A5 x=12 attr=00
f=345 pc=D23A a=02A1 y=5E t=A6 x=1A attr=00
f=345 pc=D23A a=02D5 y=66 t=A7 x=1A attr=00
f=345 pc=D23A a=0249 y=66 t=A8 x=0A attr=00
f=345 pc=D23A a=027D y=3A t=A9 x=AA attr=00
f=345 pc=D23A a=02B1 y=3A t=99 x=B2 attr=00
f=345 pc=D23A a=02E5 y=42 t=9A x=AA attr=00
f=345 pc=D23A a=0259 y=42 t=9B x=B2 attr=00
f=345 pc=D23A a=028D y=4A t=9C x=AA attr=00
f=345 pc=D23A a=02C1 y=4A t=9D x=B2 attr=00
f=345 pc=D23A a=02F5 y=52 t=9E x=AA attr=00
f=345 pc=D23A a=0269 y=52 t=9F x=B2 attr=00
f=345 pc=D23A a=029D y=3A t=A0 x=BA attr=00
f=345 pc=D23A a=02D1 y=3A t=9A x=C2 attr=40
f=345 pc=D23A a=0245 y=42 t=99 x=BA attr=40
f=345 pc=D23A a=0279 y=42 t=9C x=C2 attr=40
f=345 pc=D23A a=02AD y=4A t=9B x=BA attr=40
f=345 pc=D23A a=02E1 y=4A t=9E x=C2 attr=40
f=345 pc=D23A a=0255 y=52 t=9D x=BA attr=40
f=345 pc=D23A a=0289 y=52 t=A0 x=C2 attr=40
f=345 pc=D23A a=02BD y=77 t=9F x=99 attr=40
f=345 pc=D23A a=02F1 y=77 t=91 x=A1 attr=00
f=345 pc=D23A a=0265 y=3B t=92 x=8C attr=00
f=346 pc=D23A a=0291 y=5B t=A1 x=12 attr=00
f=346 pc=D23A a=02C5 y=5B t=A2 x=1A attr=00
f=346 pc=D23A a=02F9 y=63 t=A3 x=0A attr=00
f=346 pc=D23A a=026D y=63 t=A4 x=12 attr=00
f=346 pc=D23A a=02A1 y=63 t=A5 x=1A attr=00
f=346 pc=D23A a=02D5 y=6B t=A6 x=0A attr=00
f=346 pc=D23A a=0249 y=6B t=A7 x=12 attr=00
f=346 pc=D23A a=027D y=6B t=A8 x=1A attr=00
f=346 pc=D23A a=02B1 y=3A t=A9 x=AC attr=00
f=346 pc=D23A a=02E5 y=3A t=99 x=B4 attr=00
f=346 pc=D23A a=0259 y=42 t=9A x=AC attr=00
f=346 pc=D23A a=028D y=42 t=9B x=B4 attr=00
f=346 pc=D23A a=02C1 y=4A t=9C x=AC attr=00
f=346 pc=D23A a=02F5 y=4A t=9D x=B4 attr=00
f=346 pc=D23A a=0269 y=52 t=9E x=AC attr=00
f=346 pc=D23A a=029D y=52 t=9F x=B4 attr=00
f=346 pc=D23A a=02D1 y=3A t=A0 x=BC attr=00
f=346 pc=D23A a=0245 y=3A t=9A x=C4 attr=40
f=346 pc=D23A a=0279 y=42 t=99 x=BC attr=40
f=346 pc=D23A a=02AD y=42 t=9C x=C4 attr=40
f=346 pc=D23A a=02E1 y=4A t=9B x=BC attr=40
f=346 pc=D23A a=0255 y=4A t=9E x=C4 attr=40
f=346 pc=D23A a=0289 y=52 t=9D x=BC attr=40
f=346 pc=D23A a=02BD y=52 t=A0 x=C4 attr=40
f=346 pc=D23A a=02F1 y=72 t=9F x=93 attr=40
f=346 pc=D23A a=0265 y=72 t=91 x=9B attr=00
f=346 pc=D23A a=0299 y=3B t=92 x=8C attr=00
f=347 pc=D23A a=02C5 y=5B t=91 x=12 attr=00
f=347 pc=D23A a=02F9 y=5B t=92 x=1A attr=00
f=347 pc=D23A a=026D y=63 t=93 x=0A attr=00
f=347 pc=D23A a=02A1 y=63 t=94 x=12 attr=00
f=347 pc=D23A a=02D5 y=63 t=95 x=1A attr=00
f=347 pc=D23A a=0249 y=6B t=96 x=0A attr=00
f=347 pc=D23A a=027D y=6B t=97 x=12 attr=00
f=347 pc=D23A a=02B1 y=6B t=98 x=1A attr=00
f=347 pc=D23A a=02E5 y=3A t=92 x=AC attr=40
f=347 pc=D23A a=0259 y=3A t=91 x=B4 attr=40
f=347 pc=D23A a=028D y=42 t=94 x=AC attr=40
f=347 pc=D23A a=02C1 y=42 t=93 x=B4 attr=40
f=347 pc=D23A a=02F5 y=4A t=96 x=AC attr=40
f=347 pc=D23A a=0269 y=4A t=95 x=B4 attr=40
f=347 pc=D23A a=029D y=52 t=98 x=AC attr=40
f=347 pc=D23A a=02D1 y=52 t=97 x=B4 attr=40
f=347 pc=D23A a=0245 y=3A t=A1 x=BC attr=00
f=347 pc=D23A a=0279 y=3A t=A2 x=C4 attr=00
f=347 pc=D23A a=02AD y=42 t=A3 x=BC attr=00
f=347 pc=D23A a=02E1 y=42 t=A4 x=C4 attr=00
f=347 pc=D23A a=0255 y=4A t=A5 x=BC attr=00
f=347 pc=D23A a=0289 y=4A t=A6 x=C4 attr=00
f=347 pc=D23A a=02BD y=52 t=A7 x=BC attr=00
f=347 pc=D23A a=02F1 y=52 t=A8 x=C4 attr=00
f=347 pc=D23A a=0265 y=72 t=A9 x=93 attr=00
f=347 pc=D23A a=0299 y=72 t=99 x=9B attr=00
f=347 pc=D23A a=02CD y=3B t=9A x=8C attr=00
f=348 pc=D23A a=02F9 y=56 t=91 x=0C attr=00
f=348 pc=D23A a=026D y=5E t=92 x=04 attr=00
f=348 pc=D23A a=02A1 y=5E t=93 x=0C attr=00
f=348 pc=D23A a=02D5 y=66 t=94 x=04 attr=00
f=348 pc=D23A a=0249 y=66 t=95 x=0C attr=00
f=348 pc=D23A a=027D y=6E t=96 x=04 attr=00
f=348 pc=D23A a=02B1 y=6E t=97 x=0C attr=00
f=348 pc=D23A a=02E5 y=56 t=98 x=14 attr=00
f=348 pc=D23A a=0259 y=56 t=92 x=1C attr=40
f=348 pc=D23A a=028D y=5E t=91 x=14 attr=40
f=348 pc=D23A a=02C1 y=5E t=94 x=1C attr=40
f=348 pc=D23A a=02F5 y=66 t=93 x=14 attr=40
f=348 pc=D23A a=0269 y=66 t=96 x=1C attr=40
f=348 pc=D23A a=029D y=6E t=95 x=14 attr=40
f=348 pc=D23A a=02D1 y=6E t=98 x=1C attr=40
f=348 pc=D23A a=0245 y=3F t=97 x=B0 attr=40
f=348 pc=D23A a=0279 y=3F t=A1 x=B8 attr=00
f=348 pc=D23A a=02AD y=3F t=A2 x=C0 attr=00
f=348 pc=D23A a=02E1 y=47 t=A3 x=B0 attr=00
f=348 pc=D23A a=0255 y=47 t=A4 x=B8 attr=00
f=348 pc=D23A a=0289 y=47 t=A5 x=C0 attr=00
f=348 pc=D23A a=02BD y=4F t=A6 x=B0 attr=00
f=348 pc=D23A a=02F1 y=4F t=A7 x=B8 attr=00
f=348 pc=D23A a=0265 y=4F t=A8 x=C0 attr=00
f=348 pc=D23A a=0299 y=72 t=A9 x=95 attr=00
f=348 pc=D23A a=02CD y=72 t=99 x=9D attr=00
f=348 pc=D23A a=0241 y=3B t=9A x=8C attr=00
f=349 pc=D23A a=02ED y=4D t=99 x=9F attr=00
f=349 pc=D23A a=0261 y=2A t=9A x=A0 attr=00
f=349 pc=D23A a=0295 y=32 t=9B x=A0 attr=00
f=349 pc=D23A a=02C9 y=56 t=9C x=A0 attr=00
f=349 pc=D23A a=02FD y=3C t=9D x=A3 attr=00
f=349 pc=D23A a=0271 y=44 t=9E x=A3 attr=00
f=349 pc=D23A a=02A5 y=2C t=9F x=A8 attr=00
f=349 pc=D23A a=02D9 y=34 t=A0 x=AB attr=00
f=349 pc=D23A a=024D y=3C t=9A x=AB attr=40
f=349 pc=D23A a=0281 y=4C t=99 x=AB attr=40
f=349 pc=D23A a=02B5 y=2E t=9C x=B0 attr=40
f=349 pc=D23A a=02E9 y=37 t=9B x=C6 attr=40
f=349 pc=D23A a=025D y=38 t=9E x=C7 attr=40
f=349 pc=D23A a=0291 y=39 t=9D x=C8 attr=40
f=349 pc=D23A a=02C5 y=39 t=A0 x=D0 attr=40
f=349 pc=D23A a=02F9 y=56 t=9F x=04 attr=40
f=349 pc=D23A a=026D y=56 t=91 x=0C attr=00
f=349 pc=D23A a=02A1 y=5E t=92 x=04 attr=00
f=349 pc=D23A a=02D5 y=5E t=93 x=0C attr=00
f=349 pc=D23A a=0249 y=66 t=94 x=04 attr=00
f=349 pc=D23A a=027D y=66 t=95 x=0C attr=00
f=349 pc=D23A a=02B1 y=6E t=96 x=04 attr=00
f=349 pc=D23A a=02E5 y=6E t=97 x=0C attr=00
f=349 pc=D23A a=0259 y=56 t=98 x=14 attr=00
f=349 pc=D23A a=028D y=56 t=92 x=1C attr=40
f=349 pc=D23A a=02C1 y=5E t=91 x=14 attr=40
f=349 pc=D23A a=02F5 y=5E t=94 x=1C attr=40
f=350 pc=D23A a=0261 y=56 t=99 x=0E attr=00
f=350 pc=D23A a=0295 y=5E t=9A x=06 attr=00
f=350 pc=D23A a=02C9 y=5E t=9B x=0E attr=00
f=350 pc=D23A a=02FD y=66 t=9C x=06 attr=00
f=350 pc=D23A a=0271 y=66 t=9D x=0E attr=00
f=350 pc=D23A a=02A5 y=6E t=9E x=06 attr=00
f=350 pc=D23A a=02D9 y=6E t=9F x=0E attr=00
f=350 pc=D23A a=024D y=56 t=A0 x=16 attr=00
f=350 pc=D23A a=0281 y=56 t=9A x=1E attr=40
f=350 pc=D23A a=02B5 y=5E t=99 x=16 attr=40
f=350 pc=D23A a=02E9 y=5E t=9C x=1E attr=40
f=350 pc=D23A a=025D y=66 t=9B x=16 attr=40
f=350 pc=D23A a=0291 y=66 t=9E x=1E attr=40
f=350 pc=D23A a=02C5 y=6E t=9D x=16 attr=40
f=350 pc=D23A a=02F9 y=6E t=A0 x=1E attr=40
f=350 pc=D23A a=026D y=3A t=9F x=AA attr=40
f=350 pc=D23A a=02A1 y=3A t=91 x=B2 attr=00
f=350 pc=D23A a=02D5 y=42 t=92 x=AA attr=00
f=350 pc=D23A a=0249 y=42 t=93 x=B2 attr=00
f=350 pc=D23A a=027D y=4A t=94 x=AA attr=00
f=350 pc=D23A a=02B1 y=4A t=95 x=B2 attr=00
f=350 pc=D23A a=02E5 y=52 t=96 x=AA attr=00
f=350 pc=D23A a=0259 y=52 t=97 x=B2 attr=00
f=350 pc=D23A a=028D y=3A t=98 x=BA attr=00
f=350 pc=D23A a=02C1 y=3A t=92 x=C2 attr=40
f=350 pc=D23A a=02F5 y=42 t=91 x=BA attr=40
f=350 pc=D23A a=0269 y=3B t=94 x=8C attr=40
f=351 pc=D23A a=0295 y=56 t=A1 x=0E attr=00
f=351 pc=D23A a=02C9 y=5E t=A2 x=06 attr=00
f=351 pc=D23A a=02FD y=5E t=A3 x=0E attr=00
f=351 pc=D23A a=0271 y=66 t=A4 x=06 attr=00
f=351 pc=D23A a=02A5 y=66 t=A5 x=0E attr=00
f=351 pc=D23A a=02D9 y=6E t=A6 x=06 attr=00
f=351 pc=D23A a=024D y=6E t=A7 x=0E attr=00
f=351 pc=D23A a=0281 y=56 t=A8 x=16 attr=00
f=351 pc=D23A a=02B5 y=56 t=A9 x=1E attr=00
f=351 pc=D23A a=02E9 y=5E t=99 x=16 attr=00
f=351 pc=D23A a=025D y=5E t=9A x=1E attr=00
f=351 pc=D23A a=0291 y=66 t=9B x=16 attr=00
f=351 pc=D23A a=02C5 y=66 t=9C x=1E attr=00
f=351 pc=D23A a=02F9 y=6E t=9D x=16 attr=00
f=351 pc=D23A a=026D y=6E t=9E x=1E attr=00
f=351 pc=D23A a=02A1 y=3A t=9F x=AA attr=00
f=351 pc=D23A a=02D5 y=3A t=A0 x=B2 attr=00
f=351 pc=D23A a=0249 y=42 t=9A x=AA attr=40
f=351 pc=D23A a=027D y=42 t=99 x=B2 attr=40
f=351 pc=D23A a=02B1 y=4A t=9C x=AA attr=40
f=351 pc=D23A a=02E5 y=4A t=9B x=B2 attr=40
f=351 pc=D23A a=0259 y=52 t=9E x=AA attr=40
f=351 pc=D23A a=028D y=52 t=9D x=B2 attr=40
f=351 pc=D23A a=02C1 y=3A t=A0 x=BA attr=40
f=351 pc=D23A a=02F5 y=3A t=9F x=C2 attr=40
f=351 pc=D23A a=0269 y=42 t=91 x=BA attr=00
f=351 pc=D23A a=029D y=3B t=92 x=8C attr=00
f=352 pc=D23A a=02C9 y=5B t=A1 x=12 attr=00
f=352 pc=D23A a=02FD y=5B t=A2 x=1A attr=00
f=352 pc=D23A a=0271 y=63 t=A3 x=0A attr=00
f=352 pc=D23A a=02A5 y=63 t=A4 x=12 attr=00
f=352 pc=D23A a=02D9 y=63 t=A5 x=1A attr=00
f=352 pc=D23A a=024D y=6B t=A6 x=0A attr=00
f=352 pc=D23A a=0281 y=6B t=A7 x=12 attr=00
f=352 pc=D23A a=02B5 y=6B t=A8 x=1A attr=00
f=352 pc=D23A a=02E9 y=3A t=A9 x=AC attr=00
f=352 pc=D23A a=025D y=3A t=99 x=B4 attr=00
f=352 pc=D23A a=0291 y=42 t=9A x=AC attr=00
f=352 pc=D23A a=02C5 y=42 t=9B x=B4 attr=00
f=352 pc=D23A a=02F9 y=4A t=9C x=AC attr=00
f=352 pc=D23A a=026D y=4A t=9D x=B4 attr=00
f=352 pc=D23A a=02A1 y=52 t=9E x=AC attr=00
f=352 pc=D23A a=02D5 y=52 t=9F x=B4 attr=00
f=352 pc=D23A a=0249 y=3A t=A0 x=BC attr=00
f=352 pc=D23A a=027D y=3A t=9A x=C4 attr=40
f=352 pc=D23A a=02B1 y=42 t=99 x=BC attr=40
f=352 pc=D23A a=02E5 y=42 t=9C x=C4 attr=40
f=352 pc=D23A a=0259 y=4A t=9B x=BC attr=40
f=352 pc=D23A a=028D y=4A t=9E x=C4 attr=40
f=352 pc=D23A a=02C1 y=52 t=9D x=BC attr=40
f=352 pc=D23A a=02F5 y=52 t=A0 x=C4 attr=40
f=352 pc=D23A a=0269 y=72 t=9F x=93 attr=40
f=352 pc=D23A a=029D y=72 t=91 x=9B attr=00
f=352 pc=D23A a=02D1 y=3B t=92 x=8C attr=00
f=353 pc=D23A a=02FD y=5B t=91 x=12 attr=00
f=353 pc=D23A a=0271 y=5B t=92 x=1A attr=00
f=353 pc=D23A a=02A5 y=63 t=93 x=0A attr=00
f=353 pc=D23A a=02D9 y=63 t=94 x=12 attr=00
f=353 pc=D23A a=024D y=63 t=95 x=1A attr=00
f=353 pc=D23A a=0281 y=6B t=96 x=0A attr=00
f=353 pc=D23A a=02B5 y=6B t=97 x=12 attr=00
f=353 pc=D23A a=02E9 y=6B t=98 x=1A attr=00
f=353 pc=D23A a=025D y=3A t=92 x=AC attr=40
f=353 pc=D23A a=0291 y=3A t=91 x=B4 attr=40
f=353 pc=D23A a=02C5 y=42 t=94 x=AC attr=40
f=353 pc=D23A a=02F9 y=42 t=93 x=B4 attr=40
f=353 pc=D23A a=026D y=4A t=96 x=AC attr=40
f=353 pc=D23A a=02A1 y=4A t=95 x=B4 attr=40
f=353 pc=D23A a=02D5 y=52 t=98 x=AC attr=40
f=353 pc=D23A a=0249 y=52 t=97 x=B4 attr=40
f=353 pc=D23A a=027D y=3A t=A1 x=BC attr=00
f=353 pc=D23A a=02B1 y=3A t=A2 x=C4 attr=00
f=353 pc=D23A a=02E5 y=42 t=A3 x=BC attr=00
f=353 pc=D23A a=0259 y=42 t=A4 x=C4 attr=00
f=353 pc=D23A a=028D y=4A t=A5 x=BC attr=00
f=353 pc=D23A a=02C1 y=4A t=A6 x=C4 attr=00
f=353 pc=D23A a=02F5 y=52 t=A7 x=BC attr=00
f=353 pc=D23A a=0269 y=52 t=A8 x=C4 attr=00
f=353 pc=D23A a=029D y=72 t=A9 x=93 attr=00
f=353 pc=D23A a=02D1 y=72 t=99 x=9B attr=00
f=353 pc=D23A a=0245 y=3B t=9A x=8C attr=00
f=354 pc=D23A a=02F1 y=4D t=91 x=9F attr=00
f=354 pc=D23A a=0265 y=2A t=92 x=A0 attr=00
f=354 pc=D23A a=0299 y=32 t=93 x=A0 attr=00
f=354 pc=D23A a=02CD y=56 t=94 x=A0 attr=00
f=354 pc=D23A a=0241 y=3C t=95 x=A3 attr=00
f=354 pc=D23A a=0275 y=44 t=96 x=A3 attr=00
f=354 pc=D23A a=02A9 y=2C t=97 x=A8 attr=00
f=354 pc=D23A a=02DD y=34 t=98 x=AB attr=00
f=354 pc=D23A a=0251 y=3C t=92 x=AB attr=40
f=354 pc=D23A a=0285 y=4C t=91 x=AB attr=40
f=354 pc=D23A a=02B9 y=2E t=94 x=B0 attr=40
f=354 pc=D23A a=02ED y=37 t=93 x=C6 attr=40
f=354 pc=D23A a=0261 y=38 t=96 x=C7 attr=40
f=354 pc=D23A a=0295 y=39 t=95 x=C8 attr=40
f=354 pc=D23A a=02C9 y=39 t=98 x=D0 attr=40
f=354 pc=D23A a=02FD y=56 t=97 x=04 attr=40
f=354 pc=D23A a=0271 y=56 t=A1 x=0C attr=00
f=354 pc=D23A a=02A5 y=5E t=A2 x=04 attr=00
f=354 pc=D23A a=02D9 y=5E t=A3 x=0C attr=00
f=354 pc=D23A a=024D y=66 t=A4 x=04 attr=00
f=354 pc=D23A a=0281 y=66 t=A5 x=0C attr=00
f=354 pc=D23A a=02B5 y=6E t=A6 x=04 attr=00
f=354 pc=D23A a=02E9 y=6E t=A7 x=0C attr=00
f=354 pc=D23A a=025D y=56 t=A8 x=14 attr=00
f=354 pc=D23A a=0291 y=56 t=A9 x=1C attr=00
f=354 pc=D23A a=02C5 y=5E t=99 x=14 attr=00
f=354 pc=D23A a=02F9 y=5E t=9A x=1C attr=00
f=355 pc=D23A a=0265 y=56 t=99 x=0C attr=00
f=355 pc=D23A a=0299 y=5E t=9A x=04 attr=00
f=355 pc=D23A a=02CD y=5E t=9B x=0C attr=00
f=355 pc=D23A a=0241 y=66 t=9C x=04 attr=00
f=355 pc=D23A a=0275 y=66 t=9D x=0C attr=00
f=355 pc=D23A a=02A9 y=6E t=9E x=04 attr=00
f=355 pc=D23A a=02DD y=6E t=9F x=0C attr=00
f=355 pc=D23A a=0251 y=56 t=A0 x=14 attr=00
f=355 pc=D23A a=0285 y=56 t=9A x=1C attr=40
f=355 pc=D23A a=02B9 y=5E t=99 x=14 attr=40
f=355 pc=D23A a=02ED y=5E t=9C x=1C attr=40
f=355 pc=D23A a=0261 y=66 t=9B x=14 attr=40
f=355 pc=D23A a=0295 y=66 t=9E x=1C attr=40
f=355 pc=D23A a=02C9 y=6E t=9D x=14 attr=40
f=355 pc=D23A a=02FD y=6E t=A0 x=1C attr=40
f=355 pc=D23A a=0271 y=3F t=9F x=B0 attr=40
f=355 pc=D23A a=02A5 y=3F t=91 x=B8 attr=00
f=355 pc=D23A a=02D9 y=3F t=92 x=C0 attr=00
f=355 pc=D23A a=024D y=47 t=93 x=B0 attr=00
f=355 pc=D23A a=0281 y=47 t=94 x=B8 attr=00
f=355 pc=D23A a=02B5 y=47 t=95 x=C0 attr=00
f=355 pc=D23A a=02E9 y=4F t=96 x=B0 attr=00
f=355 pc=D23A a=025D y=4F t=97 x=B8 attr=00
f=355 pc=D23A a=0291 y=4F t=98 x=C0 attr=00
f=355 pc=D23A a=02C5 y=72 t=92 x=95 attr=40
f=355 pc=D23A a=02F9 y=72 t=91 x=9D attr=40
f=355 pc=D23A a=026D y=3B t=94 x=8C attr=40
f=356 pc=D23A a=0299 y=56 t=99 x=0E attr=00
f=356 pc=D23A a=02CD y=5E t=9A x=06 attr=00
f=356 pc=D23A a=0241 y=5E t=9B x=0E attr=00
f=356 pc=D23A a=0275 y=66 t=9C x=06 attr=00
f=356 pc=D23A a=02A9 y=66 t=9D x=0E attr=00
f=356 pc=D23A a=02DD y=6E t=9E x=06 attr=00
f=356 pc=D23A a=0251 y=6E t=9F x=0E attr=00
f=356 pc=D23A a=0285 y=56 t=A0 x=16 attr=00
f=356 pc=D23A a=02B9 y=56 t=9A x=1E attr=40
f=356 pc=D23A a=02ED y=5E t=99 x=16 attr=40
f=356 pc=D23A a=0261 y=5E t=9C x=1E attr=40
f=356 pc=D23A a=0295 y=66 t=9B x=16 attr=40
f=356 pc=D23A a=02C9 y=66 t=9E x=1E attr=40
f=356 pc=D23A a=02FD y=6E t=9D x=16 attr=40
f=356 pc=D23A a=0271 y=6E t=A0 x=1E attr=40
f=356 pc=D23A a=02A5 y=3A t=9F x=AA attr=40
f=356 pc=D23A a=02D9 y=3A t=91 x=B2 attr=00
f=356 pc=D23A a=024D y=42 t=92 x=AA attr=00
f=356 pc=D23A a=0281 y=42 t=93 x=B2 attr=00
f=356 pc=D23A a=02B5 y=4A t=94 x=AA attr=00
f=356 pc=D23A a=02E9 y=4A t=95 x=B2 attr=00
f=356 pc=D23A a=025D y=52 t=96 x=AA attr=00
f=356 pc=D23A a=0291 y=52 t=97 x=B2 attr=00
f=356 pc=D23A a=02C5 y=3A t=98 x=BA attr=00
f=356 pc=D23A a=02F9 y=3A t=92 x=C2 attr=40
f=356 pc=D23A a=026D y=42 t=91 x=BA attr=40
f=356 pc=D23A a=02A1 y=3B t=94 x=8C attr=40
f=357 pc=D23A a=02CD y=56 t=A1 x=0E attr=00
f=357 pc=D23A a=0241 y=5E t=A2 x=06 attr=00
f=357 pc=D23A a=0275 y=5E t=A3 x=0E attr=00
f=357 pc=D23A a=02A9 y=66 t=A4 x=06 attr=00
f=357 pc=D23A a=02DD y=66 t=A5 x=0E attr=00
f=357 pc=D23A a=0251 y=6E t=A6 x=06 attr=00
f=357 pc=D23A a=0285 y=6E t=A7 x=0E attr=00
f=357 pc=D23A a=02B9 y=56 t=A8 x=16 attr=00
f=357 pc=D23A a=02ED y=56 t=A9 x=1E attr=00
f=357 pc=D23A a=0261 y=5E t=99 x=16 attr=00
f=357 pc=D23A a=0295 y=5E t=9A x=1E attr=00
f=357 pc=D23A a=02C9 y=66 t=9B x=16 attr=00
f=357 pc=D23A a=02FD y=66 t=9C x=1E attr=00
f=357 pc=D23A a=0271 y=6E t=9D x=16 attr=00
f=357 pc=D23A a=02A5 y=6E t=9E x=1E attr=00
f=357 pc=D23A a=02D9 y=3A t=9F x=AA attr=00
f=357 pc=D23A a=024D y=3A t=A0 x=B2 attr=00
f=357 pc=D23A a=0281 y=42 t=9A x=AA attr=40
f=357 pc=D23A a=02B5 y=42 t=99 x=B2 attr=40
f=357 pc=D23A a=02E9 y=4A t=9C x=AA attr=40
f=357 pc=D23A a=025D y=4A t=9B x=B2 attr=40
f=357 pc=D23A a=0291 y=52 t=9E x=AA attr=40
f=357 pc=D23A a=02C5 y=52 t=9D x=B2 attr=40
f=357 pc=D23A a=02F9 y=3A t=A0 x=BA attr=40
f=357 pc=D23A a=026D y=3A t=9F x=C2 attr=40
f=357 pc=D23A a=02A1 y=42 t=86 x=BA attr=00
f=357 pc=D23A a=02D5 y=3B t=87 x=8C attr=00
f=358 pc=D23A a=0241 y=5B t=A1 x=12 attr=00
f=358 pc=D23A a=0275 y=5B t=A2 x=1A attr=00
f=358 pc=D23A a=02A9 y=63 t=A3 x=0A attr=00
f=358 pc=D23A a=02DD y=63 t=A4 x=12 attr=00
f=358 pc=D23A a=0251 y=63 t=A5 x=1A attr=00
f=358 pc=D23A a=0285 y=6B t=A6 x=0A attr=00
f=358 pc=D23A a=02B9 y=6B t=A7 x=12 attr=00
f=358 pc=D23A a=02ED y=6B t=A8 x=1A attr=00
f=358 pc=D23A a=0261 y=3A t=A9 x=AC attr=00
f=358 pc=D23A a=0295 y=3A t=99 x=B4 attr=00
f=358 pc=D23A a=02C9 y=42 t=9A x=AC attr=00
f=358 pc=D23A a=02FD y=42 t=9B x=B4 attr=00
f=358 pc=D23A a=0271 y=4A t=9C x=AC attr=00
f=358 pc=D23A a=02A5 y=4A t=9D x=B4 attr=00
f=358 pc=D23A a=02D9 y=52 t=9E x=AC attr=00
f=358 pc=D23A a=024D y=52 t=9F x=B4 attr=00
f=358 pc=D23A a=0281 y=3A t=A0 x=BC attr=00
f=358 pc=D23A a=02B5 y=3A t=9A x=C4 attr=40
f=358 pc=D23A a=02E9 y=42 t=99 x=BC attr=40
f=358 pc=D23A a=025D y=42 t=9C x=C4 attr=40
f=358 pc=D23A a=0291 y=4A t=9B x=BC attr=40
f=358 pc=D23A a=02C5 y=4A t=9E x=C4 attr=40
f=358 pc=D23A a=02F9 y=52 t=9D x=BC attr=40
f=358 pc=D23A a=026D y=52 t=A0 x=C4 attr=40
f=358 pc=D23A a=02A1 y=72 t=9F x=99 attr=40
f=358 pc=D23A a=02D5 y=72 t=86 x=A1 attr=00
f=358 pc=D23A a=0249 y=3B t=87 x=8C attr=00
f=359 pc=D23A a=02F5 y=4D t=91 x=9F attr=00
f=359 pc=D23A a=0269 y=2A t=92 x=A0 attr=00
f=359 pc=D23A a=029D y=32 t=93 x=A0 attr=00
f=359 pc=D23A a=02D1 y=56 t=94 x=A0 attr=00
f=359 pc=D23A a=0245 y=3C t=95 x=A3 attr=00
f=359 pc=D23A a=0279 y=44 t=96 x=A3 attr=00
f=359 pc=D23A a=02AD y=2C t=97 x=A8 attr=00
f=359 pc=D23A a=02E1 y=34 t=98 x=AB attr=00
f=359 pc=D23A a=0255 y=3C t=92 x=AB attr=40
f=359 pc=D23A a=0289 y=4C t=91 x=AB attr=40
f=359 pc=D23A a=02BD y=2E t=94 x=B0 attr=40
f=359 pc=D23A a=02F1 y=37 t=93 x=C6 attr=40
f=359 pc=D23A a=0265 y=38 t=96 x=C7 attr=40
f=359 pc=D23A a=0299 y=39 t=95 x=C8 attr=40
f=359 pc=D23A a=02CD y=39 t=98 x=D0 attr=40
f=359 pc=D23A a=0241 y=5B t=97 x=0A attr=40
f=359 pc=D23A a=0275 y=5B t=8A x=12 attr=00
f=359 pc=D23A a=02A9 y=5B t=8B x=1A attr=00
f=359 pc=D23A a=02DD y=63 t=8C x=0A attr=00
f=359 pc=D23A a=0251 y=63 t=8D x=12 attr=00
f=359 pc=D23A a=0285 y=63 t=8A x=1A attr=40
f=359 pc=D23A a=02B9 y=6B t=8B x=0A attr=80
f=359 pc=D23A a=02ED y=6B t=8C x=12 attr=40
f=359 pc=D23A a=0261 y=6B t=8A x=1A attr=C0
f=359 pc=D23A a=0295 y=3A t=8A x=AC attr=80
f=359 pc=D23A a=02C9 y=3A t=90 x=B4 attr=00
f=359 pc=D23A a=02FD y=42 t=90 x=AC attr=40
f=360 pc=D23A a=0269 y=56 t=91 x=0C attr=00
f=360 pc=D23A a=029D y=5E t=92 x=04 attr=00
f=360 pc=D23A a=02D1 y=5E t=93 x=0C attr=00
f=360 pc=D23A a=0245 y=66 t=94 x=04 attr=00
f=360 pc=D23A a=0279 y=66 t=95 x=0C attr=00
f=360 pc=D23A a=02AD y=6E t=96 x=04 attr=00
f=360 pc=D23A a=02E1 y=6E t=97 x=0C attr=00
f=360 pc=D23A a=0255 y=56 t=98 x=14 attr=00
f=360 pc=D23A a=0289 y=56 t=92 x=1C attr=40
f=360 pc=D23A a=02BD y=5E t=91 x=14 attr=40
f=360 pc=D23A a=02F1 y=5E t=94 x=1C attr=40
f=360 pc=D23A a=0265 y=66 t=93 x=14 attr=40
f=360 pc=D23A a=0299 y=66 t=96 x=1C attr=40
f=360 pc=D23A a=02CD y=6E t=95 x=14 attr=40
f=360 pc=D23A a=0241 y=6E t=98 x=1C attr=40
f=360 pc=D23A a=0275 y=3A t=97 x=B0 attr=40
f=360 pc=D23A a=02A9 y=3A t=8A x=B8 attr=00
f=360 pc=D23A a=02DD y=42 t=8B x=B0 attr=00
f=360 pc=D23A a=0251 y=42 t=8C x=B8 attr=00
f=360 pc=D23A a=0285 y=3A t=8D x=C0 attr=00
f=360 pc=D23A a=02B9 y=4A t=8A x=B8 attr=40
f=360 pc=D23A a=02ED y=42 t=8B x=C0 attr=80
f=360 pc=D23A a=0261 y=4A t=8C x=C0 attr=40
f=360 pc=D23A a=0295 y=4A t=8A x=B0 attr=C0
f=360 pc=D23A a=02C9 y=76 t=8A x=9D attr=80
f=360 pc=D23A a=02FD y=76 t=90 x=A5 attr=00
f=360 pc=D23A a=0271 y=3B t=90 x=8C attr=40
