f=318 x=02 mask=00 p30=07 p40=40
f=318 x=00 mask=00 p30=09 p40=41
f=318 x=01 mask=80 p30=87 p40=C1
f=318 x=0D mask=80 p30=1B p40=C2
f=318 x=0E mask=80 p30=15 p40=C2
f=318 x=0F mask=80 p30=19 p40=C2
f=319 x=02 mask=00 p30=07 p40=40
f=319 x=00 mask=00 p30=09 p40=41
f=319 x=01 mask=80 p30=87 p40=C1
f=319 x=0D mask=80 p30=1C p40=C2
f=319 x=0E mask=80 p30=18 p40=C2
f=319 x=0F mask=80 p30=1A p40=C2
f=320 x=02 mask=00 p30=07 p40=40
f=320 x=00 mask=00 p30=09 p40=41
f=320 x=01 mask=80 p30=87 p40=C1
f=320 x=0D mask=80 p30=1C p40=C2
f=320 x=0E mask=80 p30=18 p40=C2
f=320 x=0F mask=80 p30=1A p40=C2
f=321 x=02 mask=00 p30=07 p40=40
f=321 x=00 mask=00 p30=09 p40=41
f=321 x=01 mask=80 p30=87 p40=C1
f=321 x=0D mask=80 p30=15 p40=C2
f=321 x=0E mask=80 p30=19 p40=C2
f=321 x=0F mask=80 p30=1B p40=C2
f=322 x=02 mask=00 p30=07 p40=40
f=322 x=00 mask=00 p30=09 p40=41
f=322 x=01 mask=80 p30=87 p40=C1
f=322 x=0D mask=80 p30=15 p40=C2
f=322 x=0E mask=80 p30=19 p40=C2
f=322 x=0F mask=80 p30=1B p40=C2
f=323 x=02 mask=00 p30=07 p40=40
f=323 x=00 mask=00 p30=09 p40=41
f=323 x=01 mask=80 p30=87 p40=C1
f=323 x=0D mask=80 p30=18 p40=C2
f=323 x=0E mask=80 p30=1A p40=C2
f=323 x=0F mask=80 p30=1C p40=C2
f=324 x=02 mask=00 p30=07 p40=40
f=324 x=00 mask=00 p30=09 p40=41
f=324 x=01 mask=80 p30=87 p40=C1
f=324 x=0D mask=80 p30=18 p40=C2
f=324 x=0E mask=80 p30=1A p40=C2
f=324 x=0F mask=80 p30=1C p40=C2
f=325 x=02 mask=00 p30=07 p40=40
f=325 x=00 mask=00 p30=09 p40=41
f=325 x=01 mask=80 p30=87 p40=C1
f=325 x=0D mask=80 p30=19 p40=C2
f=325 x=0E mask=80 p30=1B p40=C2
f=325 x=0F mask=80 p30=15 p40=C2
