f=26 banks=FC,FC,B7,BD,BB,BF oam=0248:y68/t17;02B4:y68/t17;02D4:y68/t18;02E8:y68/t18
f=27 banks=FC,FC,B7,BD,BB,BF oam=0248:y69/t20;025C:y69/t20;027C:y69/t1F;02E8:y69/t1F
f=28 banks=FC,FC,B7,BD,BB,BF oam=025C:y6A/t1F;027C:y6A/t20;0290:y6A/t20;02B0:y6A/t1F
f=29 banks=FC,FC,B7,BD,BB,BF oam=0290:y68/t27;02C4:y68/t28;02F8:y68/t29
f=30 banks=FC,FC,B7,BD,BB,BF oam=0284:y69/t27;02B8:y69/t28;02EC:y69/t29
f=31 banks=FC,FC,B7,BD,BB,BF oam=024C:y6D/t17;02B8:y6D/t17;02D8:y6D/t18;02EC:y6D/t18
f=32 banks=FC,FC,B7,BD,BB,BF oam=024C:y6E/t18;0260:y6E/t18;0280:y6E/t17;02EC:y6E/t17
f=33 banks=FC,FC,B7,BD,BB,BF oam=0260:y6F/t1F;0280:y6F/t20;0294:y6F/t20;02B4:y6F/t1F
f=34 banks=FC,FC,B7,BD,BB,BF oam=024C:y68/t1E;0260:y68/t1E;0280:y68/t1D;0294:y70/t1F;02B4:y70/t20;02C8:y70/t20;02E8:y70/t1F;02EC:y68/t1D
f=35 banks=FC,FC,B7,BD,BB,BF oam=0288:y6E/t27;02BC:y6E/t28;02F0:y6E/t29
f=36 banks=FC,FC,B7,BD,BB,BF oam=0264:y6F/t29;02BC:y6F/t27;02F0:y6F/t28
f=37 banks=FC,FC,B7,BD,BB,BF oam=0250:y73/t18;0264:y73/t18;0284:y73/t17;0288:y6B/t15;02A8:y6B/t16;02BC:y6B/t16;02DC:y6B/t15;02F0:y73/t17
f=38 banks=FC,FC,B7,BD,BB,BF oam=0250:y6C/t15;0264:y74/t17;0284:y74/t18;0298:y74/t18;02B8:y74/t17;02BC:y6C/t15;02DC:y6C/t16;02F0:y6C/t16
f=39 banks=FC,FC,B7,BD,BB,BF oam=0250:y6D/t1E;0264:y6D/t1E;0284:y6D/t1D;0298:y75/t1F;02B8:y75/t20;02CC:y75/t20;02EC:y75/t1F;02F0:y6D/t1D
f=40 banks=FC,FC,B7,BD,BB,BF oam=0244:y6E/t1E;0258:y6E/t1E;0278:y6E/t1D;028C:y76/t1F;02AC:y76/t20;02C0:y76/t20;02E0:y76/t1F;02E4:y6E/t1D
f=41 banks=FC,FC,B7,BD,BB,BF oam=0258:y6C/t25;0268:y74/t29;028C:y6C/t26;02C0:y74/t27;02E4:y6C/t24;02F4:y74/t28
f=42 banks=FC,FC,B7,BD,BB,BF oam=0258:y6D/t24;0268:y75/t28;028C:y6D/t25;029C:y75/t29;02C0:y6D/t26;02F4:y75/t27
f=43 banks=FC,FC,B7,BD,BB,BF oam=0254:y6F/t15;0268:y77/t17;0288:y77/t18;029C:y77/t18;02BC:y77/t17;02C0:y6F/t15;02E0:y6F/t16;02F4:y6F/t16
f=44 banks=FC,FC,B7,BD,BB,BF oam=0254:y6E/t16;0268:y6E/t16;0288:y6E/t15;029C:y76/t17;02BC:y76/t18;02D0:y76/t18;02F0:y76/t17;02F4:y6E/t15
f=45 banks=FC,FC,B7,BD,BB,BF oam=0248:y6D/t1E;025C:y6D/t1E;027C:y6D/t1D;0290:y75/t1F;02B0:y75/t20;02C4:y75/t20;02E4:y75/t1F;02E8:y6D/t1D
f=46 banks=FC,FC,B7,BD,BB,BF oam=0258:y74/t1F;025C:y6C/t1D;027C:y6C/t1E;0290:y6C/t1E;02B0:y6C/t1D;02C4:y74/t1F;02E4:y74/t20;02F8:y74/t20
f=47 banks=FC,FC,B7,BD,BB,BF oam=025C:y68/t24;026C:y70/t28;0290:y68/t25;02A0:y70/t29;02C4:y68/t26;02F8:y70/t27
f=48 banks=FC,FC,B7,BD,BB,BF oam=026C:y6F/t27;02A0:y6F/t28;02D4:y6F/t29
f=49 banks=FC,FC,B7,BD,BB,BF oam=0258:y69/t16;026C:y69/t16;028C:y69/t15;02A0:y71/t17;02C0:y71/t18;02D4:y71/t18;02F4:y71/t17;02F8:y69/t15
f=50 banks=FC,FC,B7,BD,BB,BF oam=024C:y68/t16;0260:y68/t16;0280:y68/t15;0294:y70/t17;02B4:y70/t18;02C8:y70/t18;02E8:y70/t17;02EC:y68/t15
f=51 banks=FC,FC,B7,BD,BB,BF oam=025C:y6F/t1F;02C8:y6F/t1F;02E8:y6F/t20;02FC:y6F/t20
f=52 banks=FC,FC,B7,BD,BB,BF oam=025C:y6E/t20;0270:y6E/t20;0290:y6E/t1F;02FC:y6E/t1F
f=53 banks=FC,FC,B7,BD,BB,BF oam=0270:y6A/t27;02A4:y6A/t28;02D8:y6A/t29
f=54 banks=FC,FC,B7,BD,BB,BF oam=024C:y69/t29;02A4:y69/t27;02D8:y69/t28
f=55 banks=FC,FC,B7,BD,BB,BF oam=0298:y6B/t17;02B8:y6B/t18;02CC:y6B/t18;02EC:y6B/t17
f=56 banks=FC,FC,B7,BD,BB,BF oam=0240:y6A/t18;0260:y6A/t17;02CC:y6A/t17;02EC:y6A/t18
f=57 banks=FC,FC,B7,BD,BB,BF oam=0240:y69/t1F;0260:y69/t20;0274:y69/t20;0294:y69/t1F
f=58 banks=FC,FC,B7,BD,BB,BF oam=0274:y68/t1F;0294:y68/t20;02A8:y68/t20;02C8:y68/t1F
f=71 banks=FC,FC,B7,BD,BB,BF oam=0260:y7B/t0E;0270:y69/t10;02FC:y69/t10
f=72 banks=FC,FC,B7,BD,BB,BF oam=0270:y69/t10;0294:y7B/t0E;02A4:y69/t10
f=73 banks=FC,FC,B7,BD,BB,BF oam=025C:y6D/t06;0280:y6D/t07;02C8:y7B/t0F;02E8:y6D/t06
f=74 banks=FC,FC,B7,BD,BB,BF oam=025C:y6D/t06;0290:y6D/t06;02B4:y6D/t07;02FC:y7B/t0F
f=75 banks=FC,FC,B7,BD,BB,BF oam=0240:y7F/t10;0260:y6D/t0A;0264:y77/t10;0294:y6D/t0A;0298:y77/t10;02B8:y6D/t0B;02CC:y7F/t10
f=76 banks=FC,FC,B7,BD,BB,BF oam=0240:y7F/t10;0274:y7F/t10;0294:y6D/t0A;0298:y77/t10;02C8:y6D/t0A;02CC:y77/t10;02EC:y6D/t0B
f=77 banks=FC,FC,B7,BD,BB,BF oam=0240:y73/t07;024C:y72/t28;0250:y83/t07;0270:y6A/t25;0274:y7B/t08;0280:y72/t29;0284:y7B/t08;02A4:y6A/t26;02A8:y7B/t09;02B8:y83/t06;02CC:y73/t06;02D8:y72/t27;02DC:y73/t06;02EC:y83/t06;02FC:y6A/t24
f=78 banks=FC,FC,B7,BD,BB,BF oam=0240:y73/t06;024C:y72/t27;0250:y73/t06;0260:y83/t06;0270:y6A/t24;0274:y73/t07;0280:y72/t28;0284:y83/t07;02A4:y6A/t25;02A8:y7B/t08;02B4:y72/t29;02B8:y7B/t08;02D8:y6A/t26;02DC:y7B/t09;02EC:y83/t06
f=79 banks=FC,FC,B7,BD,BB,BF oam=0250:y73/t0A;0260:y73/t0A;0270:y83/t0A;0284:y73/t0B;0294:y83/t0B;02B8:y7B/t0C;02C8:y7B/t0C;02EC:y7B/t0D;02FC:y83/t0A
f=80 banks=FC,FC,B7,BD,BB,BF oam=0244:y73/t0A;0254:y73/t0A;0264:y83/t0A;0278:y73/t0B;0288:y83/t0B;02AC:y7B/t0C;02BC:y7B/t0C;02E0:y7B/t0D;02F0:y83/t0A
f=81 banks=FC,FC,B7,BD,BB,BF oam=0240:y80/t26;0264:y78/t23;0274:y88/t27;0298:y80/t24;02A8:y88/t28;02BC:y78/t21;02CC:y80/t25;02DC:y88/t29;02F0:y78/t22
f=82 banks=FC,FC,B7,BD,BB,BF oam=0240:y80/t25;0250:y88/t29;0264:y78/t22;0274:y80/t26;0298:y78/t23;02A8:y88/t27;02CC:y80/t24;02DC:y88/t28;02F0:y78/t21
