f=26 banks=FC,FC,B7,BD,BB,BF oam=0248:y68/t17;02B4:y68/t17;02D4:y68/t18;02E8:y68/t18
f=27 banks=FC,FC,B7,BD,BB,BF oam=0248:y69/t20;025C:y69/t20;027C:y69/t1F;02E8:y69/t1F
f=28 banks=FC,FC,B7,BD,BB,BF oam=025C:y6A/t1F;027C:y6A/t20;0290:y6A/t20;02B0:y6A/t1F
f=29 banks=FC,FC,B7,BD,BB,BF oam=0290:y68/t27;02C4:y68/t28;02F8:y68/t29
f=30 banks=FC,FC,B7,BD,BB,BF oam=0284:y69/t27;02B8:y69/t28;02EC:y69/t29
f=31 banks=FC,FC,B7,BD,BB,BF oam=024C:y6D/t17;02B8:y6D/t17;02D8:y6D/t18;02EC:y6D/t18
f=32 banks=FC,FC,B7,BD,BB,BF oam=024C:y6E/t18;0260:y6E/t18;0280:y6E/t17;02EC:y6E/t17
f=33 banks=FC,FC,B7,BD,BB,BF oam=0260:y6F/t1F;0280:y6F/t20;0294:y6F/t20;02B4:y6F/t1F
f=34 banks=FC,FC,B7,BD,BB,BF oam=024C:y68/t1E;0260:y68/t1E;0280:y68/t1D;0294:y70/t1F;02B4:y70/t20;02C8:y70/t20;02E8:y70/t1F;02EC:y68/t1D
f=35 banks=FC,FC,B7,BD,BB,BF oam=0288:y6E/t27;02BC:y6E/t28;02F0:y6E/t29
f=36 banks=FC,FC,B7,BD,BB,BF oam=0264:y6F/t29;02BC:y6F/t27;02F0:y6F/t28
f=37 banks=FC,FC,B7,BD,BB,BF oam=0250:y73/t18;0264:y73/t18;0284:y73/t17;0288:y6B/t15;02A8:y6B/t16;02BC:y6B/t16;02DC:y6B/t15;02F0:y73/t17
f=38 banks=FC,FC,B7,BD,BB,BF oam=0250:y6C/t15;0264:y74/t17;0284:y74/t18;0298:y74/t18;02B8:y74/t17;02BC:y6C/t15;02DC:y6C/t16;02F0:y6C/t16
f=39 banks=FC,FC,B7,BD,BB,BF oam=0250:y6D/t1E;0264:y6D/t1E;0284:y6D/t1D;0298:y75/t1F;02B8:y75/t20;02CC:y75/t20;02EC:y75/t1F;02F0:y6D/t1D
f=40 banks=FC,FC,B7,BD,BB,BF oam=0244:y6E/t1E;0258:y6E/t1E;0278:y6E/t1D;028C:y76/t1F;02AC:y76/t20;02C0:y76/t20;02E0:y76/t1F;02E4:y6E/t1D
f=41 banks=FC,FC,B7,BD,BB,BF oam=0258:y6C/t25;0268:y74/t29;028C:y6C/t26;02C0:y74/t27;02E4:y6C/t24;02F4:y74/t28
f=42 banks=FC,FC,B7,BD,BB,BF oam=0258:y6D/t24;0268:y75/t28;028C:y6D/t25;029C:y75/t29;02C0:y6D/t26;02F4:y75/t27
f=43 banks=FC,FC,B7,BD,BB,BF oam=0254:y6F/t15;0268:y77/t17;0288:y77/t18;029C:y77/t18;02BC:y77/t17;02C0:y6F/t15;02E0:y6F/t16;02F4:y6F/t16
f=44 banks=FC,FC,B7,BD,BB,BF oam=0254:y6E/t16;0268:y6E/t16;0288:y6E/t15;029C:y76/t17;02BC:y76/t18;02D0:y76/t18;02F0:y76/t17;02F4:y6E/t15
f=45 banks=FC,FC,B7,BD,BB,BF oam=0248:y6D/t1E;025C:y6D/t1E;027C:y6D/t1D;0290:y75/t1F;02B0:y75/t20;02C4:y75/t20;02E4:y75/t1F;02E8:y6D/t1D
f=46 banks=FC,FC,B7,BD,BB,BF oam=0258:y74/t1F;025C:y6C/t1D;027C:y6C/t1E;0290:y6C/t1E;02B0:y6C/t1D;02C4:y74/t1F;02E4:y74/t20;02F8:y74/t20
f=47 banks=FC,FC,B7,BD,BB,BF oam=025C:y68/t24;026C:y70/t28;0290:y68/t25;02A0:y70/t29;02C4:y68/t26;02F8:y70/t27
f=48 banks=FC,FC,B7,BD,BB,BF oam=026C:y6F/t27;02A0:y6F/t28;02D4:y6F/t29
f=49 banks=FC,FC,B7,BD,BB,BF oam=0258:y69/t16;026C:y69/t16;028C:y69/t15;02A0:y71/t17;02C0:y71/t18;02D4:y71/t18;02F4:y71/t17;02F8:y69/t15
f=50 banks=FC,FC,B7,BD,BB,BF oam=024C:y68/t16;0260:y68/t16;0280:y68/t15;0294:y70/t17;02B4:y70/t18;02C8:y70/t18;02E8:y70/t17;02EC:y68/t15
f=51 banks=FC,FC,B7,BD,BB,BF oam=025C:y6F/t1F;02C8:y6F/t1F;02E8:y6F/t20;02FC:y6F/t20
f=52 banks=FC,FC,B7,BD,BB,BF oam=025C:y6E/t20;0270:y6E/t20;0290:y6E/t1F;02FC:y6E/t1F
f=53 banks=FC,FC,B7,BD,BB,BF oam=0270:y6A/t27;02A4:y6A/t28;02D8:y6A/t29
f=54 banks=FC,FC,B7,BD,BB,BF oam=024C:y69/t29;02A4:y69/t27;02D8:y69/t28
f=55 banks=FC,FC,B7,BD,BB,BF oam=0298:y6B/t17;02B8:y6B/t18;02CC:y6B/t18;02EC:y6B/t17
f=56 banks=FC,FC,B7,BD,BB,BF oam=0240:y6A/t18;0260:y6A/t17;02CC:y6A/t17;02EC:y6A/t18
f=57 banks=FC,FC,B7,BD,BB,BF oam=0240:y69/t1F;0260:y69/t20;0274:y69/t20;0294:y69/t1F
f=58 banks=FC,FC,B7,BD,BB,BF oam=0274:y68/t1F;0294:y68/t20;02A8:y68/t20;02C8:y68/t1F
f=71 banks=FC,FC,B7,BD,BB,BF oam=0260:y7B/t0E;0270:y69/t10;02FC:y69/t10
f=72 banks=FC,FC,B7,BD,BB,BF oam=0270:y69/t10;0294:y7B/t0E;02A4:y69/t10
f=73 banks=FC,FC,B7,BD,BB,BF oam=025C:y6D/t06;0280:y6D/t07;02C8:y7B/t0F;02E8:y6D/t06
f=74 banks=FC,FC,B7,BD,BB,BF oam=025C:y6D/t06;0290:y6D/t06;02B4:y6D/t07;02FC:y7B/t0F
f=75 banks=FC,FC,B7,BD,BB,BF oam=0240:y7F/t10;0260:y6D/t0A;0264:y77/t10;0294:y6D/t0A;0298:y77/t10;02B8:y6D/t0B;02CC:y7F/t10
f=76 banks=FC,FC,B7,BD,BB,BF oam=0240:y7F/t10;0274:y7F/t10;0294:y6D/t0A;0298:y77/t10;02C8:y6D/t0A;02CC:y77/t10;02EC:y6D/t0B
f=77 banks=FC,FC,B7,BD,BB,BF oam=0240:y73/t07;024C:y72/t28;0250:y83/t07;0270:y6A/t25;0274:y7B/t08;0280:y72/t29;0284:y7B/t08;02A4:y6A/t26;02A8:y7B/t09;02B8:y83/t06;02CC:y73/t06;02D8:y72/t27;02DC:y73/t06;02EC:y83/t06;02FC:y6A/t24
f=78 banks=FC,FC,B7,BD,BB,BF oam=0240:y73/t06;024C:y72/t27;0250:y73/t06;0260:y83/t06;0270:y6A/t24;0274:y73/t07;0280:y72/t28;0284:y83/t07;02A4:y6A/t25;02A8:y7B/t08;02B4:y72/t29;02B8:y7B/t08;02D8:y6A/t26;02DC:y7B/t09;02EC:y83/t06
f=79 banks=FC,FC,B7,BD,BB,BF oam=0250:y73/t0A;0260:y73/t0A;0270:y83/t0A;0284:y73/t0B;0294:y83/t0B;02B8:y7B/t0C;02C8:y7B/t0C;02EC:y7B/t0D;02FC:y83/t0A
f=80 banks=FC,FC,B7,BD,BB,BF oam=0244:y73/t0A;0254:y73/t0A;0264:y83/t0A;0278:y73/t0B;0288:y83/t0B;02AC:y7B/t0C;02BC:y7B/t0C;02E0:y7B/t0D;02F0:y83/t0A
f=81 banks=FC,FC,B7,BD,BB,BF oam=0240:y80/t26;0264:y78/t23;0274:y88/t27;0298:y80/t24;02A8:y88/t28;02BC:y78/t21;02CC:y80/t25;02DC:y88/t29;02F0:y78/t22
f=82 banks=FC,FC,B7,BD,BB,BF oam=0240:y80/t25;0250:y88/t29;0264:y78/t22;0274:y80/t26;0298:y78/t23;02A8:y88/t27;02CC:y80/t24;02DC:y88/t28;02F0:y78/t21
f=266 banks=FC,FC,B7,BD,BB,BF oam=0294:y68/t17;02B4:y68/t18;02C8:y68/t18;02E8:y68/t17
f=267 banks=FC,FC,B7,BD,BB,BF oam=025C:y69/t1F;02C8:y69/t1F;02E8:y69/t20;02FC:y69/t20
f=268 banks=FC,FC,B7,BD,BB,BF oam=025C:y6A/t20;0270:y6A/t20;0290:y6A/t1F;02FC:y6A/t1F
f=269 banks=FC,FC,B7,BD,BB,BF oam=0270:y68/t27;02A4:y68/t28;02D8:y68/t29
f=270 banks=FC,FC,B7,BD,BB,BF oam=024C:y69/t29;02A4:y69/t27;02D8:y69/t28
f=271 banks=FC,FC,B7,BD,BB,BF oam=0298:y6D/t17;02B8:y6D/t18;02CC:y6D/t18;02EC:y6D/t17
f=272 banks=FC,FC,B7,BD,BB,BF oam=0240:y6E/t18;0260:y6E/t17;02CC:y6E/t17;02EC:y6E/t18
f=273 banks=FC,FC,B7,BD,BB,BF oam=0240:y6F/t1F;0260:y6F/t20;0274:y6F/t20;0294:y6F/t1F
f=274 banks=FC,FC,B7,BD,BB,BF oam=0240:y68/t1E;0260:y68/t1D;0274:y70/t1F;0294:y70/t20;02A8:y70/t20;02C8:y70/t1F;02CC:y68/t1D;02EC:y68/t1E
f=275 banks=FC,FC,B7,BD,BB,BF oam=0250:y6E/t29;02A8:y6E/t27;02DC:y6E/t28
f=276 banks=FC,FC,B7,BD,BB,BF oam=0244:y6F/t29;029C:y6F/t27;02D0:y6F/t28
f=277 banks=FC,FC,B7,BD,BB,BF oam=0244:y73/t18;0264:y73/t17;0268:y6B/t15;0288:y6B/t16;029C:y6B/t16;02BC:y6B/t15;02D0:y73/t17;02F0:y73/t18
f=278 banks=FC,FC,B7,BD,BB,BF oam=0244:y74/t17;0264:y74/t18;0278:y74/t18;0298:y74/t17;029C:y6C/t15;02BC:y6C/t16;02D0:y6C/t16;02F0:y6C/t15
f=279 banks=FC,FC,B7,BD,BB,BF oam=0244:y6D/t1E;0264:y6D/t1D;0278:y75/t1F;0298:y75/t20;02AC:y75/t20;02CC:y75/t1F;02D0:y6D/t1D;02F0:y6D/t1E
f=280 banks=FC,FC,B7,BD,BB,BF oam=0240:y76/t1F;0244:y6E/t1D;0264:y6E/t1E;0278:y6E/t1E;0298:y6E/t1D;02AC:y76/t1F;02CC:y76/t20;02E0:y76/t20
f=281 banks=FC,FC,B7,BD,BB,BF oam=0248:y74/t29;026C:y6C/t26;02A0:y74/t27;02C4:y6C/t24;02D4:y74/t28;02F8:y6C/t25
f=282 banks=FC,FC,B7,BD,BB,BF oam=0248:y75/t28;026C:y6D/t25;027C:y75/t29;02A0:y6D/t26;02D4:y75/t27;02F8:y6D/t24
f=283 banks=FC,FC,B7,BD,BB,BF oam=0248:y77/t17;0268:y77/t18;027C:y77/t18;029C:y77/t17;02A0:y6F/t15;02C0:y6F/t16;02D4:y6F/t16;02F4:y6F/t15
f=284 banks=FC,FC,B7,BD,BB,BF oam=0248:y6E/t16;0268:y6E/t15;027C:y76/t17;029C:y76/t18;02B0:y76/t18;02D0:y76/t17;02D4:y6E/t15;02F4:y6E/t16
f=285 banks=FC,FC,B7,BD,BB,BF oam=0244:y75/t1F;0248:y6D/t1D;0268:y6D/t1E;027C:y6D/t1E;029C:y6D/t1D;02B0:y75/t1F;02D0:y75/t20;02E4:y75/t20
f=286 banks=FC,FC,B7,BD,BB,BF oam=025C:y6C/t1E;0270:y6C/t1E;0290:y6C/t1D;02A4:y74/t1F;02C4:y74/t20;02D8:y74/t20;02F8:y74/t1F;02FC:y6C/t1D
f=287 banks=FC,FC,B7,BD,BB,BF oam=024C:y70/t28;0270:y68/t25;0280:y70/t29;02A4:y68/t26;02D8:y70/t27;02FC:y68/t24
f=288 banks=FC,FC,B7,BD,BB,BF oam=024C:y6F/t27;0280:y6F/t28;02B4:y6F/t29
f=289 banks=FC,FC,B7,BD,BB,BF oam=024C:y69/t16;026C:y69/t15;0280:y71/t17;02A0:y71/t18;02B4:y71/t18;02D4:y71/t17;02D8:y69/t15;02F8:y69/t16
f=290 banks=FC,FC,B7,BD,BB,BF oam=0248:y70/t17;024C:y68/t15;026C:y68/t16;0280:y68/t16;02A0:y68/t15;02B4:y70/t17;02D4:y70/t18;02E8:y70/t18
f=291 banks=FC,FC,B7,BD,BB,BF oam=02A8:y6F/t1F;02C8:y6F/t20;02DC:y6F/t20;02FC:y6F/t1F
f=292 banks=FC,FC,B7,BD,BB,BF oam=0250:y6E/t20;0270:y6E/t1F;02DC:y6E/t1F;02FC:y6E/t20
f=293 banks=FC,FC,B7,BD,BB,BF oam=0250:y6A/t27;0284:y6A/t28;02B8:y6A/t29
f=294 banks=FC,FC,B7,BD,BB,BF oam=0284:y69/t27;02B8:y69/t28;02EC:y69/t29
f=295 banks=FC,FC,B7,BD,BB,BF oam=024C:y6B/t17;02B8:y6B/t17;02D8:y6B/t18;02EC:y6B/t18
f=296 banks=FC,FC,B7,BD,BB,BF oam=0240:y6A/t17;02AC:y6A/t17;02CC:y6A/t18;02E0:y6A/t18
f=297 banks=FC,FC,B7,BD,BB,BF oam=0240:y69/t20;0254:y69/t20;0274:y69/t1F;02E0:y69/t1F
f=298 banks=FC,FC,B7,BD,BB,BF oam=0254:y68/t1F;0274:y68/t20;0288:y68/t20;02A8:y68/t1F
f=335 banks=FC,FC,B7,BD,BB,BF oam=0274:y7D/t0E
f=336 banks=FC,FC,B7,BD,BB,BF oam=02A8:y7D/t0E
f=337 banks=FC,FC,B7,BD,BB,BF oam=02DC:y7D/t0F
f=338 banks=FC,FC,B7,BD,BB,BF oam=0250:y7D/t0F
f=339 banks=FC,FC,B7,BD,BB,BF oam=0264:y79/t10;0298:y81/t10;02CC:y81/t10;02F0:y79/t10
f=340 banks=FC,FC,B7,BD,BB,BF oam=0258:y79/t10;028C:y81/t10;02C0:y81/t10;02E4:y79/t10
f=341 banks=FC,FC,B7,BD,BB,BF oam=0244:y85/t06;0258:y75/t06;0268:y75/t06;0278:y85/t06;028C:y75/t07;029C:y85/t07;02C0:y7D/t08;02D0:y7D/t08;02F4:y7D/t09
f=342 banks=FC,FC,B7,BD,BB,BF oam=0244:y7D/t08;0268:y7D/t09;0278:y85/t06;028C:y75/t06;029C:y75/t06;02AC:y85/t06;02C0:y75/t07;02D0:y85/t07;02F4:y7D/t08
f=343 banks=FC,FC,B7,BD,BB,BF oam=0244:y85/t0B;0254:y7A/t0E;0268:y7D/t0C;0278:y7D/t0C;029C:y7D/t0D;02AC:y85/t0A;02C0:y75/t0A;02D0:y75/t0A;02E0:y85/t0A;02F4:y75/t0B
f=344 banks=FC,FC,B7,BD,BB,BF oam=0244:y75/t0A;0254:y85/t0A;0268:y75/t0B;0278:y85/t0B;0288:y7A/t0E;029C:y7D/t0C;02AC:y7D/t0C;02D0:y7D/t0D;02E0:y85/t0A;02F4:y75/t0A
f=345 banks=FC,FC,B7,BD,BB,BF oam=0248:y82/t26;0258:y7A/t0F;025C:y68/t08;026C:y7A/t23;027C:y8A/t27;0290:y70/t06;02A0:y82/t24;02B0:y8A/t28;02C4:y7A/t21;02D4:y82/t25;02E4:y8A/t29;02F8:y7A/t22
f=346 banks=FC,FC,B7,BD,BB,BF oam=0248:y82/t25;0258:y8A/t29;026C:y7A/t22;027C:y82/t26;028C:y7A/t0F;0290:y68/t08;02A0:y7A/t23;02B0:y8A/t27;02C4:y70/t06;02D4:y82/t24;02E4:y8A/t28;02F8:y7A/t21
f=347 banks=FC,FC,B7,BD,BB,BF oam=0248:y7E/t10;027C:y7E/t10;02A0:y76/t10;02C4:y68/t0C;02D4:y76/t10;02F8:y70/t0A
f=348 banks=FC,FC,B7,BD,BB,BF oam=0248:y76/t10;026C:y70/t0A;027C:y7E/t10;02B0:y7E/t10;02D4:y76/t10;02F8:y68/t0C
f=349 banks=FC,FC,B7,BD,BB,BF oam=0248:y72/t06;0258:y72/t06;0268:y82/t06;026C:y6D/t24;027C:y72/t07;028C:y82/t07;02A0:y75/t27;02B0:y7A/t08;02C0:y7A/t08;02E4:y7A/t09;02F4:y82/t06
f=350 banks=FC,FC,B7,BD,BB,BF oam=024C:y72/t06;025C:y82/t06;0260:y6D/t24;0270:y72/t07;0280:y82/t07;0294:y75/t27;02A4:y7A/t08;02B4:y7A/t08;02D8:y7A/t09;02E8:y82/t06;02FC:y72/t06
f=351 banks=FC,FC,B7,BD,BB,BF oam=024C:y7A/t0C;025C:y7A/t0C;0280:y7A/t0D;0290:y82/t0A;02A4:y72/t0A;02B4:y72/t0A;02C4:y82/t0A;02D8:y72/t0B;02E8:y82/t0B
f=352 banks=FC,FC,B7,BD,BB,BF oam=024C:y72/t0B;025C:y82/t0B;0280:y7A/t0C;0290:y7A/t0C;02B4:y7A/t0D;02C4:y82/t0A;02D8:y72/t0A;02E8:y72/t0A;02F8:y82/t0A
f=353 banks=FC,FC,B7,BD,BB,BF oam=0248:y87/t27;026C:y7F/t24;027C:y87/t28;0290:y77/t21;02A0:y7F/t25;02B0:y87/t29;02C4:y77/t22;02D4:y7F/t26;02F8:y77/t23
f=354 banks=FC,FC,B7,BD,BB,BF oam=0248:y7F/t26;026C:y77/t23;027C:y87/t27;02A0:y7F/t24;02B0:y87/t28;02C4:y77/t21;02D4:y7F/t25;02E4:y87/t29;02F8:y77/t22
f=355 banks=FC,FC,B7,BD,BB,BF oam=024C:y8A/t17;025C:y7A/t14;0270:y7A/t14;0280:y8A/t18;0290:y7A/t13;0294:y72/t11;02A4:y82/t15;02B4:y72/t12;02C4:y82/t16;02C8:y72/t12;02D8:y82/t16;02E8:y72/t11;02F8:y82/t15;02FC:y7A/t13
f=356 banks=FC,FC,B7,BD,BB,BF oam=024C:y82/t16;025C:y72/t11;026C:y82/t15;0270:y7A/t13;0280:y8A/t17;0290:y7A/t14;02A4:y7A/t14;02B4:y8A/t18;02C4:y7A/t13;02C8:y72/t11;02D8:y82/t15;02E8:y72/t12;02F8:y82/t16;02FC:y72/t12
f=357 banks=FC,FC,B7,BD,BB,BF oam=025C:y7A/t1C;026C:y8A/t20;0280:y72/t19;0290:y82/t1D;02A0:y72/t1A;02B4:y72/t1A;02C4:y82/t1E;02E8:y7A/t1B;02F8:y8A/t1F
f=358 banks=FC,FC,B7,BD,BB,BF oam=025C:y7A/t1B;026C:y8A/t1F;0290:y7A/t1C;02A0:y8A/t20;02B4:y72/t19;02C4:y82/t1D;02D4:y72/t1A;02E8:y72/t1A;02F8:y82/t1E
f=359 banks=FC,FC,B7,BD,BB,BF oam=0248:y77/t22;02D4:y77/t21
f=360 banks=FC,FC,B7,BD,BB,BF oam=02C8:y77/t21;02FC:y77/t22
f=361 banks=FC,FC,B7,BD,BB,BF oam=0254:y6B/t28;0270:y72/t12;0288:y6B/t29;02E0:y6B/t27;02FC:y72/t11
f=362 banks=FC,FC,B7,BD,BB,BF oam=0254:y6B/t27;0270:y72/t11;0288:y6B/t28;02A4:y72/t12;02BC:y6B/t29
f=363 banks=FC,FC,B7,BD,BB,BF oam=0288:y6E/t17;02A4:y72/t19;02A8:y6E/t18;02BC:y6E/t18;02D8:y72/t1A;02DC:y6E/t17
f=364 banks=FC,FC,B7,BD,BB,BF oam=027C:y6E/t17;0298:y72/t19;029C:y6E/t18;02B0:y6E/t18;02CC:y72/t1A;02D0:y6E/t17
f=365 banks=FC,FC,B7,BD,BB,BF oam=0244:y6E/t1F;02B0:y6E/t1F;02D0:y6E/t20;02E4:y6E/t20
f=366 banks=FC,FC,B7,BD,BB,BF oam=0244:y6E/t20;0258:y6E/t20;0278:y6E/t1F;02E4:y6E/t1F
f=367 banks=FC,FC,B7,BD,BB,BF oam=0258:y6B/t27;0274:y72/t11;028C:y6B/t28;02A8:y72/t12;02C0:y6B/t29
f=368 banks=FC,FC,B7,BD,BB,BF oam=028C:y6B/t27;02A8:y72/t11;02C0:y6B/t28;02DC:y72/t12;02F4:y6B/t29
f=369 banks=FC,FC,B7,BD,BB,BF oam=0280:y6E/t17;029C:y72/t19;02A0:y6E/t18;02B4:y6E/t18;02D0:y72/t1A;02D4:y6E/t17
f=370 banks=FC,FC,B7,BD,BB,BF oam=0244:y72/t1A;0248:y6E/t17;02B4:y6E/t17;02D0:y72/t19;02D4:y6E/t18;02E8:y6E/t18
f=371 banks=FC,FC,B7,BD,BB,BF oam=0248:y6E/t20;025C:y6E/t20;027C:y6E/t1F;02E8:y6E/t1F
f=372 banks=FC,FC,B7,BD,BB,BF oam=025C:y6E/t1F;027C:y6E/t20;0290:y6E/t20;02B0:y6E/t1F
f=373 banks=FC,FC,B7,BD,BB,BF oam=0290:y6B/t27;02AC:y72/t06;02C4:y6B/t28;02E0:y72/t07;02F8:y6B/t29
f=374 banks=FC,FC,B7,BD,BB,BF oam=0284:y6B/t27;02A0:y72/t06;02B8:y6B/t28;02D4:y72/t07;02EC:y6B/t29
f=375 banks=FC,FC,B7,BD,BB,BF oam=0248:y76/t10;024C:y6E/t17;02B8:y6E/t17;02D4:y76/t10;02D8:y6E/t18;02EC:y6E/t18
f=376 banks=FC,FC,B7,BD,BB,BF oam=0248:y76/t10;024C:y6E/t18;0260:y6E/t18;027C:y76/t10;0280:y6E/t17;02EC:y6E/t17
f=377 banks=FC,FC,B7,BD,BB,BF oam=0260:y6E/t1F;027C:y7A/t0F;0280:y6E/t20;0294:y6E/t20;02B4:y6E/t1F
f=378 banks=FC,FC,B7,BD,BB,BF oam=0294:y6E/t1F;02B0:y7A/t0F;02B4:y6E/t20;02C8:y6E/t20;02E8:y6E/t1F
f=379 banks=FC,FC,B7,BD,BB,BF oam=0274:y7A/t0E
f=380 banks=FC,FC,B7,BD,BB,BF oam=02A8:y7A/t0E
