ok=true val=13
80:0001130F070F0D1B0001130F070F0D1B
81:FFFFFDFDD8989A12FFFFFDFDDA9A9854
82:FFFFFFFFDFDFDF8FFFFFFFFFDFDFDFAF
83:FCFEFEFFFFFFFFFFFCFEFEFFFFFFFFFF
84:1B1A1A1C1C1C0C0C1B1A1A1C1C1C0C0D
85:1617170B130B0D4F51D010E820101050
86:0D060301008080802D96836986030103
87:FFFF7FBF5F0F7763FFFF7FBF5F0F776B
88:04060200000000000506020000000000
89:0FBFDF7FE7F3FF705020208008040084
8A:88C0E8D0F8F8F0712B07172F07060681
8B:43434B5357C7CFBE534B434B47D7CFBE
8C:00000103000000000000010300000000
8D:70389F8D67E300040841A09268E4000C
8E:F0F0E0E0C0001073080F1C1E2F9F6887
8F:7C70F8FC700000807C70F8FC70000080
90:DECDD3EFF7EFEDDB0000000000000000
91:FFFFFDFDDA9A9A560000000000000000
92:FFFFFFFFDFDFDFAF0000000000000000
93:FDFEFEFFFFFFFFFF0000000000000000
94:DBDADADCDCDCECED0000000000000000
95:57D717EB331BBDDF0000000000000000
96:2D9683698683D5C70000000000000000
97:FFFF7FBF5F0F776B0000000000000000
98:F5F6FAFCFEFEFEFE0000000000000000
99:DFBFFFFFEFF7FFF40000000000000000
9A:EFC7FFFFFFFEF6F10000000000000000
9B:534B4B5B57D7CFBE0000000000000000
9C:FFF6F9FBFCFEFFFF0000000000000000
9D:7E79BF9F6FE700EC0000000000000000
9E:F8FFFCFEEF9F78F70000000000000000
9F:7D73FBFD730F3FBF0000000000000000
A0:00000000000000000000000000010000
A1:000001010101010300000131F1F9390B
A2:00101284C281C0E000101284C281C0E0
A3:00000080402000900000008040200090
A4:00000000000000000000000000000000
A5:0303070F7F3E3F3F0303070F7F3E3F3F
A6:C0C02080C0200040C0C02080C0200040
A7:00404008202020200040400820202020
A8:00000000000000000000000000000000
A9:3F3F3F3E3F0130003F3F3F3E3F013000
