frame=250 R0=FC R1=FC UI_R0=FC UI_R1=12
00: y=B7 tile=A0 attr=01 x=10
04: y=B7 tile=A1 attr=01 x=18
08: y=B7 tile=A2 attr=01 x=20
0C: y=B7 tile=A3 attr=01 x=28
10: y=BF tile=A4 attr=01 x=10
14: y=BF tile=A5 attr=01 x=18
18: y=BF tile=A6 attr=01 x=20
1C: y=BF tile=A7 attr=01 x=28
20: y=C7 tile=A8 attr=01 x=10
24: y=C7 tile=A9 attr=01 x=18
28: y=C7 tile=AA attr=01 x=20
2C: y=C7 tile=AB attr=01 x=28
30: y=CF tile=AC attr=01 x=10
34: y=CF tile=AD attr=01 x=18
38: y=CF tile=AE attr=01 x=20
3C: y=CF tile=AF attr=01 x=28
44: y=5A tile=46 attr=80 x=7B
78: y=5A tile=46 attr=C0 x=8B
9C: y=5A tile=47 attr=80 x=83
frame=251 R0=FC R1=FC UI_R0=FC UI_R1=12
00: y=B7 tile=A0 attr=01 x=10
04: y=B7 tile=A1 attr=01 x=18
08: y=B7 tile=A2 attr=01 x=20
0C: y=B7 tile=A3 attr=01 x=28
10: y=BF tile=A4 attr=01 x=10
14: y=BF tile=A5 attr=01 x=18
18: y=BF tile=A6 attr=01 x=20
1C: y=BF tile=A7 attr=01 x=28
20: y=C7 tile=A8 attr=01 x=10
24: y=C7 tile=A9 attr=01 x=18
28: y=C7 tile=AA attr=01 x=20
2C: y=C7 tile=AB attr=01 x=28
30: y=CF tile=AC attr=01 x=10
34: y=CF tile=AD attr=01 x=18
38: y=CF tile=AE attr=01 x=20
3C: y=CF tile=AF attr=01 x=28
78: y=5A tile=46 attr=80 x=7B
AC: y=5A tile=46 attr=C0 x=8B
D0: y=5A tile=47 attr=80 x=83
frame=252 R0=FC R1=FC UI_R0=FC UI_R1=12
00: y=B7 tile=A0 attr=01 x=10
04: y=B7 tile=A1 attr=01 x=18
08: y=B7 tile=A2 attr=01 x=20
0C: y=B7 tile=A3 attr=01 x=28
10: y=BF tile=A4 attr=01 x=10
14: y=BF tile=A5 attr=01 x=18
18: y=BF tile=A6 attr=01 x=20
1C: y=BF tile=A7 attr=01 x=28
20: y=C7 tile=A8 attr=01 x=10
24: y=C7 tile=A9 attr=01 x=18
28: y=C7 tile=AA attr=01 x=20
2C: y=C7 tile=AB attr=01 x=28
30: y=CF tile=AC attr=01 x=10
34: y=CF tile=AD attr=01 x=18
38: y=CF tile=AE attr=01 x=20
3C: y=CF tile=AF attr=01 x=28
68: y=5A tile=4A attr=C0 x=8B
9C: y=5A tile=4A attr=80 x=7B
C0: y=5A tile=4B attr=80 x=83
frame=253 R0=FC R1=FC UI_R0=FC UI_R1=12
00: y=B7 tile=A0 attr=01 x=10
04: y=B7 tile=A1 attr=01 x=18
08: y=B7 tile=A2 attr=01 x=20
0C: y=B7 tile=A3 attr=01 x=28
10: y=BF tile=A4 attr=01 x=10
14: y=BF tile=A5 attr=01 x=18
18: y=BF tile=A6 attr=01 x=20
1C: y=BF tile=A7 attr=01 x=28
20: y=C7 tile=A8 attr=01 x=10
24: y=C7 tile=A9 attr=01 x=18
28: y=C7 tile=AA attr=01 x=20
2C: y=C7 tile=AB attr=01 x=28
30: y=CF tile=AC attr=01 x=10
34: y=CF tile=AD attr=01 x=18
38: y=CF tile=AE attr=01 x=20
3C: y=CF tile=AF attr=01 x=28
5C: y=5A tile=4A attr=C0 x=8B
90: y=5A tile=4A attr=80 x=7B
B4: y=5A tile=4B attr=80 x=83
frame=254 R0=FC R1=FC UI_R0=FC UI_R1=12
00: y=B7 tile=A0 attr=01 x=10
04: y=B7 tile=A1 attr=01 x=18
08: y=B7 tile=A2 attr=01 x=20
0C: y=B7 tile=A3 attr=01 x=28
10: y=BF tile=A4 attr=01 x=10
14: y=BF tile=A5 attr=01 x=18
18: y=BF tile=A6 attr=01 x=20
1C: y=BF tile=A7 attr=01 x=28
20: y=C7 tile=A8 attr=01 x=10
24: y=C7 tile=A9 attr=01 x=18
28: y=C7 tile=AA attr=01 x=20
2C: y=C7 tile=AB attr=01 x=28
30: y=CF tile=AC attr=01 x=10
34: y=CF tile=AD attr=01 x=18
38: y=CF tile=AE attr=01 x=20
3C: y=CF tile=AF attr=01 x=28
48: y=5F tile=69 attr=00 x=8B
A0: y=5F tile=67 attr=00 x=7B
D4: y=5F tile=68 attr=00 x=83
frame=255 R0=FC R1=FC UI_R0=FC UI_R1=12
00: y=B7 tile=A0 attr=01 x=10
04: y=B7 tile=A1 attr=01 x=18
08: y=B7 tile=A2 attr=01 x=20
0C: y=B7 tile=A3 attr=01 x=28
10: y=BF tile=A4 attr=01 x=10
14: y=BF tile=A5 attr=01 x=18
18: y=BF tile=A6 attr=01 x=20
1C: y=BF tile=A7 attr=01 x=28
20: y=C7 tile=A8 attr=01 x=10
24: y=C7 tile=A9 attr=01 x=18
28: y=C7 tile=AA attr=01 x=20
2C: y=C7 tile=AB attr=01 x=28
30: y=CF tile=AC attr=01 x=10
34: y=CF tile=AD attr=01 x=18
38: y=CF tile=AE attr=01 x=20
3C: y=CF tile=AF attr=01 x=28
48: y=5F tile=68 attr=00 x=83
7C: y=5F tile=69 attr=00 x=8B
D4: y=5F tile=67 attr=00 x=7B
frame=256 R0=FC R1=FC UI_R0=FC UI_R1=12
00: y=B7 tile=A0 attr=01 x=10
04: y=B7 tile=A1 attr=01 x=18
08: y=B7 tile=A2 attr=01 x=20
0C: y=B7 tile=A3 attr=01 x=28
10: y=BF tile=A4 attr=01 x=10
14: y=BF tile=A5 attr=01 x=18
18: y=BF tile=A6 attr=01 x=20
1C: y=BF tile=A7 attr=01 x=28
20: y=C7 tile=A8 attr=01 x=10
24: y=C7 tile=A9 attr=01 x=18
28: y=C7 tile=AA attr=01 x=20
2C: y=C7 tile=AB attr=01 x=28
30: y=CF tile=AC attr=01 x=10
34: y=CF tile=AD attr=01 x=18
38: y=CF tile=AE attr=01 x=20
3C: y=CF tile=AF attr=01 x=28
frame=257 R0=FC R1=FC UI_R0=FC UI_R1=12
00: y=B7 tile=A0 attr=01 x=10
04: y=B7 tile=A1 attr=01 x=18
08: y=B7 tile=A2 attr=01 x=20
0C: y=B7 tile=A3 attr=01 x=28
10: y=BF tile=A4 attr=01 x=10
14: y=BF tile=A5 attr=01 x=18
18: y=BF tile=A6 attr=01 x=20
1C: y=BF tile=A7 attr=01 x=28
20: y=C7 tile=A8 attr=01 x=10
24: y=C7 tile=A9 attr=01 x=18
28: y=C7 tile=AA attr=01 x=20
2C: y=C7 tile=AB attr=01 x=28
30: y=CF tile=AC attr=01 x=10
34: y=CF tile=AD attr=01 x=18
38: y=CF tile=AE attr=01 x=20
3C: y=CF tile=AF attr=01 x=28
frame=258 R0=FC R1=FC UI_R0=FC UI_R1=12
00: y=B7 tile=A0 attr=01 x=10
04: y=B7 tile=A1 attr=01 x=18
08: y=B7 tile=A2 attr=01 x=20
0C: y=B7 tile=A3 attr=01 x=28
10: y=BF tile=A4 attr=01 x=10
14: y=BF tile=A5 attr=01 x=18
18: y=BF tile=A6 attr=01 x=20
1C: y=BF tile=A7 attr=01 x=28
20: y=C7 tile=A8 attr=01 x=10
24: y=C7 tile=A9 attr=01 x=18
28: y=C7 tile=AA attr=01 x=20
2C: y=C7 tile=AB attr=01 x=28
30: y=CF tile=AC attr=01 x=10
34: y=CF tile=AD attr=01 x=18
38: y=CF tile=AE attr=01 x=20
3C: y=CF tile=AF attr=01 x=28
frame=259 R0=FC R1=FC UI_R0=FC UI_R1=12
00: y=B7 tile=A0 attr=01 x=10
04: y=B7 tile=A1 attr=01 x=18
08: y=B7 tile=A2 attr=01 x=20
0C: y=B7 tile=A3 attr=01 x=28
10: y=BF tile=A4 attr=01 x=10
14: y=BF tile=A5 attr=01 x=18
18: y=BF tile=A6 attr=01 x=20
1C: y=BF tile=A7 attr=01 x=28
20: y=C7 tile=A8 attr=01 x=10
24: y=C7 tile=A9 attr=01 x=18
28: y=C7 tile=AA attr=01 x=20
2C: y=C7 tile=AB attr=01 x=28
30: y=CF tile=AC attr=01 x=10
34: y=CF tile=AD attr=01 x=18
38: y=CF tile=AE attr=01 x=20
3C: y=CF tile=AF attr=01 x=28
frame=260 R0=FC R1=FC UI_R0=FC UI_R1=12
00: y=B7 tile=A0 attr=01 x=10
04: y=B7 tile=A1 attr=01 x=18
08: y=B7 tile=A2 attr=01 x=20
0C: y=B7 tile=A3 attr=01 x=28
10: y=BF tile=A4 attr=01 x=10
14: y=BF tile=A5 attr=01 x=18
18: y=BF tile=A6 attr=01 x=20
1C: y=BF tile=A7 attr=01 x=28
20: y=C7 tile=A8 attr=01 x=10
24: y=C7 tile=A9 attr=01 x=18
28: y=C7 tile=AA attr=01 x=20
2C: y=C7 tile=AB attr=01 x=28
30: y=CF tile=AC attr=01 x=10
34: y=CF tile=AD attr=01 x=18
38: y=CF tile=AE attr=01 x=20
3C: y=CF tile=AF attr=01 x=28
EC: y=7D tile=4E attr=00 x=76
frame=261 R0=FC R1=FC UI_R0=FC UI_R1=12
00: y=B7 tile=A0 attr=01 x=10
04: y=B7 tile=A1 attr=01 x=18
08: y=B7 tile=A2 attr=01 x=20
0C: y=B7 tile=A3 attr=01 x=28
10: y=BF tile=A4 attr=01 x=10
14: y=BF tile=A5 attr=01 x=18
18: y=BF tile=A6 attr=01 x=20
1C: y=BF tile=A7 attr=01 x=28
20: y=C7 tile=A8 attr=01 x=10
24: y=C7 tile=A9 attr=01 x=18
28: y=C7 tile=AA attr=01 x=20
2C: y=C7 tile=AB attr=01 x=28
30: y=CF tile=AC attr=01 x=10
34: y=CF tile=AD attr=01 x=18
38: y=CF tile=AE attr=01 x=20
3C: y=CF tile=AF attr=01 x=28
60: y=7D tile=4E attr=00 x=76
frame=262 R0=FC R1=FC UI_R0=FC UI_R1=12
00: y=B7 tile=A0 attr=01 x=10
04: y=B7 tile=A1 attr=01 x=18
08: y=B7 tile=A2 attr=01 x=20
0C: y=B7 tile=A3 attr=01 x=28
10: y=BF tile=A4 attr=01 x=10
14: y=BF tile=A5 attr=01 x=18
18: y=BF tile=A6 attr=01 x=20
1C: y=BF tile=A7 attr=01 x=28
20: y=C7 tile=A8 attr=01 x=10
24: y=C7 tile=A9 attr=01 x=18
28: y=C7 tile=AA attr=01 x=20
2C: y=C7 tile=AB attr=01 x=28
30: y=CF tile=AC attr=01 x=10
34: y=CF tile=AD attr=01 x=18
38: y=CF tile=AE attr=01 x=20
3C: y=CF tile=AF attr=01 x=28
4C: y=5B tile=47 attr=80 x=65
94: y=7D tile=4F attr=00 x=76
B4: y=5B tile=46 attr=80 x=5D
E8: y=5B tile=46 attr=C0 x=6D
frame=263 R0=FC R1=FC UI_R0=FC UI_R1=12
00: y=B7 tile=A0 attr=01 x=10
04: y=B7 tile=A1 attr=01 x=18
08: y=B7 tile=A2 attr=01 x=20
0C: y=B7 tile=A3 attr=01 x=28
10: y=BF tile=A4 attr=01 x=10
14: y=BF tile=A5 attr=01 x=18
18: y=BF tile=A6 attr=01 x=20
1C: y=BF tile=A7 attr=01 x=28
20: y=C7 tile=A8 attr=01 x=10
24: y=C7 tile=A9 attr=01 x=18
28: y=C7 tile=AA attr=01 x=20
2C: y=C7 tile=AB attr=01 x=28
30: y=CF tile=AC attr=01 x=10
34: y=CF tile=AD attr=01 x=18
38: y=CF tile=AE attr=01 x=20
3C: y=CF tile=AF attr=01 x=28
40: y=5B tile=47 attr=80 x=65
88: y=7D tile=4F attr=00 x=76
A8: y=5B tile=46 attr=80 x=5D
DC: y=5B tile=46 attr=C0 x=6D
frame=264 R0=FC R1=FC UI_R0=FC UI_R1=12
00: y=B7 tile=A0 attr=01 x=10
04: y=B7 tile=A1 attr=01 x=18
08: y=B7 tile=A2 attr=01 x=20
0C: y=B7 tile=A3 attr=01 x=28
10: y=BF tile=A4 attr=01 x=10
14: y=BF tile=A5 attr=01 x=18
18: y=BF tile=A6 attr=01 x=20
1C: y=BF tile=A7 attr=01 x=28
20: y=C7 tile=A8 attr=01 x=10
24: y=C7 tile=A9 attr=01 x=18
28: y=C7 tile=AA attr=01 x=20
2C: y=C7 tile=AB attr=01 x=28
30: y=CF tile=AC attr=01 x=10
34: y=CF tile=AD attr=01 x=18
38: y=CF tile=AE attr=01 x=20
3C: y=CF tile=AF attr=01 x=28
44: y=81 tile=50 attr=C0 x=7A
64: y=5B tile=4A attr=C0 x=6D
68: y=79 tile=50 attr=00 x=72
98: y=5B tile=4A attr=80 x=5D
9C: y=79 tile=50 attr=40 x=7A
BC: y=5B tile=4B attr=80 x=65
D0: y=81 tile=50 attr=80 x=72
frame=265 R0=FC R1=FC UI_R0=FC UI_R1=12
00: y=B7 tile=A0 attr=01 x=10
04: y=B7 tile=A1 attr=01 x=18
08: y=B7 tile=A2 attr=01 x=20
0C: y=B7 tile=A3 attr=01 x=28
10: y=BF tile=A4 attr=01 x=10
14: y=BF tile=A5 attr=01 x=18
18: y=BF tile=A6 attr=01 x=20
1C: y=BF tile=A7 attr=01 x=28
20: y=C7 tile=A8 attr=01 x=10
24: y=C7 tile=A9 attr=01 x=18
28: y=C7 tile=AA attr=01 x=20
2C: y=C7 tile=AB attr=01 x=28
30: y=CF tile=AC attr=01 x=10
34: y=CF tile=AD attr=01 x=18
38: y=CF tile=AE attr=01 x=20
3C: y=CF tile=AF attr=01 x=28
44: y=81 tile=50 attr=80 x=72
78: y=81 tile=50 attr=C0 x=7A
98: y=5B tile=4A attr=C0 x=6D
9C: y=79 tile=50 attr=00 x=72
CC: y=5B tile=4A attr=80 x=5D
D0: y=79 tile=50 attr=40 x=7A
F0: y=5B tile=4B attr=80 x=65
frame=266 R0=FC R1=FC UI_R0=FC UI_R1=12
00: y=B7 tile=A0 attr=01 x=10
04: y=B7 tile=A1 attr=01 x=18
08: y=B7 tile=A2 attr=01 x=20
0C: y=B7 tile=A3 attr=01 x=28
10: y=BF tile=A4 attr=01 x=10
14: y=BF tile=A5 attr=01 x=18
18: y=BF tile=A6 attr=01 x=20
1C: y=BF tile=A7 attr=01 x=28
20: y=C7 tile=A8 attr=01 x=10
24: y=C7 tile=A9 attr=01 x=18
28: y=C7 tile=AA attr=01 x=20
2C: y=C7 tile=AB attr=01 x=28
30: y=CF tile=AC attr=01 x=10
34: y=CF tile=AD attr=01 x=18
38: y=CF tile=AE attr=01 x=20
3C: y=CF tile=AF attr=01 x=28
40: y=58 tile=64 attr=00 x=5D
44: y=75 tile=47 attr=00 x=76
50: y=60 tile=68 attr=00 x=65
54: y=85 tile=47 attr=80 x=76
74: y=58 tile=65 attr=00 x=65
78: y=7D tile=48 attr=00 x=6E
84: y=60 tile=69 attr=00 x=6D
88: y=7D tile=48 attr=40 x=7E
A8: y=58 tile=66 attr=00 x=6D
AC: y=7D tile=49 attr=00 x=76
BC: y=85 tile=46 attr=80 x=6E
D0: y=75 tile=46 attr=00 x=6E
DC: y=60 tile=67 attr=00 x=5D
E0: y=75 tile=46 attr=40 x=7E
F0: y=85 tile=46 attr=C0 x=7E
frame=267 R0=FC R1=FC UI_R0=FC UI_R1=12
00: y=B7 tile=A0 attr=01 x=10
04: y=B7 tile=A1 attr=01 x=18
08: y=B7 tile=A2 attr=01 x=20
0C: y=B7 tile=A3 attr=01 x=28
10: y=BF tile=A4 attr=01 x=10
14: y=BF tile=A5 attr=01 x=18
18: y=BF tile=A6 attr=01 x=20
1C: y=BF tile=A7 attr=01 x=28
20: y=C7 tile=A8 attr=01 x=10
24: y=C7 tile=A9 attr=01 x=18
28: y=C7 tile=AA attr=01 x=20
2C: y=C7 tile=AB attr=01 x=28
30: y=CF tile=AC attr=01 x=10
34: y=CF tile=AD attr=01 x=18
38: y=CF tile=AE attr=01 x=20
3C: y=CF tile=AF attr=01 x=28
44: y=60 tile=68 attr=00 x=65
48: y=85 tile=47 attr=80 x=76
68: y=58 tile=65 attr=00 x=65
6C: y=7D tile=48 attr=00 x=6E
78: y=60 tile=69 attr=00 x=6D
7C: y=7D tile=48 attr=40 x=7E
9C: y=58 tile=66 attr=00 x=6D
A0: y=7D tile=49 attr=00 x=76
B0: y=85 tile=46 attr=80 x=6E
C4: y=75 tile=46 attr=00 x=6E
D0: y=60 tile=67 attr=00 x=5D
D4: y=75 tile=46 attr=40 x=7E
E4: y=85 tile=46 attr=C0 x=7E
F4: y=58 tile=64 attr=00 x=5D
F8: y=75 tile=47 attr=00 x=76
frame=268 R0=FC R1=FC UI_R0=FC UI_R1=12
00: y=B7 tile=A0 attr=01 x=10
04: y=B7 tile=A1 attr=01 x=18
08: y=B7 tile=A2 attr=01 x=20
0C: y=B7 tile=A3 attr=01 x=28
10: y=BF tile=A4 attr=01 x=10
14: y=BF tile=A5 attr=01 x=18
18: y=BF tile=A6 attr=01 x=20
1C: y=BF tile=A7 attr=01 x=28
20: y=C7 tile=A8 attr=01 x=10
24: y=C7 tile=A9 attr=01 x=18
28: y=C7 tile=AA attr=01 x=20
2C: y=C7 tile=AB attr=01 x=28
30: y=CF tile=AC attr=01 x=10
34: y=CF tile=AD attr=01 x=18
38: y=CF tile=AE attr=01 x=20
3C: y=CF tile=AF attr=01 x=28
48: y=75 tile=4A attr=40 x=7E
58: y=85 tile=4A attr=80 x=6E
6C: y=75 tile=4B attr=00 x=76
7C: y=85 tile=4B attr=80 x=76
8C: y=7A tile=4E attr=00 x=A1
A0: y=7D tile=4C attr=00 x=6E
B0: y=7D tile=4C attr=40 x=7E
D4: y=7D tile=4D attr=00 x=76
E4: y=85 tile=4A attr=C0 x=7E
F8: y=75 tile=4A attr=00 x=6E
frame=269 R0=FC R1=FC UI_R0=FC UI_R1=12
00: y=B7 tile=A0 attr=01 x=10
04: y=B7 tile=A1 attr=01 x=18
08: y=B7 tile=A2 attr=01 x=20
0C: y=B7 tile=A3 attr=01 x=28
10: y=BF tile=A4 attr=01 x=10
14: y=BF tile=A5 attr=01 x=18
18: y=BF tile=A6 attr=01 x=20
1C: y=BF tile=A7 attr=01 x=28
20: y=C7 tile=A8 attr=01 x=10
24: y=C7 tile=A9 attr=01 x=18
28: y=C7 tile=AA attr=01 x=20
2C: y=C7 tile=AB attr=01 x=28
30: y=CF tile=AC attr=01 x=10
34: y=CF tile=AD attr=01 x=18
38: y=CF tile=AE attr=01 x=20
3C: y=CF tile=AF attr=01 x=28
48: y=7D tile=4D attr=00 x=76
58: y=85 tile=4A attr=C0 x=7E
6C: y=75 tile=4A attr=00 x=6E
7C: y=75 tile=4A attr=40 x=7E
8C: y=85 tile=4A attr=80 x=6E
A0: y=75 tile=4B attr=00 x=76
B0: y=85 tile=4B attr=80 x=76
C0: y=7A tile=4E attr=00 x=A1
D4: y=7D tile=4C attr=00 x=6E
E4: y=7D tile=4C attr=40 x=7E
frame=270 R0=FC R1=FC UI_R0=FC UI_R1=12
00: y=B7 tile=A0 attr=01 x=10
04: y=B7 tile=A1 attr=01 x=18
08: y=B7 tile=A2 attr=01 x=20
0C: y=B7 tile=A3 attr=01 x=28
10: y=BF tile=A4 attr=01 x=10
14: y=BF tile=A5 attr=01 x=18
18: y=BF tile=A6 attr=01 x=20
1C: y=BF tile=A7 attr=01 x=28
20: y=C7 tile=A8 attr=01 x=10
24: y=C7 tile=A9 attr=01 x=18
28: y=C7 tile=AA attr=01 x=20
2C: y=C7 tile=AB attr=01 x=28
30: y=CF tile=AC attr=01 x=10
34: y=CF tile=AD attr=01 x=18
38: y=CF tile=AE attr=01 x=20
3C: y=CF tile=AF attr=01 x=28
48: y=70 tile=46 attr=80 x=FE
58: y=82 tile=64 attr=00 x=6E
68: y=8A tile=68 attr=00 x=76
7C: y=7A tile=61 attr=00 x=6E
8C: y=82 tile=65 attr=00 x=76
9C: y=8A tile=69 attr=00 x=7E
A0: y=60 tile=46 attr=00 x=FE
B0: y=7A tile=62 attr=00 x=76
C0: y=82 tile=66 attr=00 x=7E
D0: y=7A tile=4F attr=00 x=A1
D4: y=68 tile=48 attr=00 x=FE
E4: y=7A tile=63 attr=00 x=7E
F4: y=8A tile=67 attr=00 x=6E
frame=271 R0=FC R1=FC UI_R0=FC UI_R1=12
00: y=B7 tile=A0 attr=01 x=10
04: y=B7 tile=A1 attr=01 x=18
08: y=B7 tile=A2 attr=01 x=20
0C: y=B7 tile=A3 attr=01 x=28
10: y=BF tile=A4 attr=01 x=10
14: y=BF tile=A5 attr=01 x=18
18: y=BF tile=A6 attr=01 x=20
1C: y=BF tile=A7 attr=01 x=28
20: y=C7 tile=A8 attr=01 x=10
24: y=C7 tile=A9 attr=01 x=18
28: y=C7 tile=AA attr=01 x=20
2C: y=C7 tile=AB attr=01 x=28
30: y=CF tile=AC attr=01 x=10
34: y=CF tile=AD attr=01 x=18
38: y=CF tile=AE attr=01 x=20
3C: y=CF tile=AF attr=01 x=28
44: y=7A tile=4F attr=00 x=A1
48: y=68 tile=48 attr=00 x=FE
58: y=7A tile=63 attr=00 x=7E
68: y=8A tile=67 attr=00 x=6E
7C: y=70 tile=46 attr=80 x=FE
8C: y=82 tile=64 attr=00 x=6E
9C: y=8A tile=68 attr=00 x=76
B0: y=7A tile=61 attr=00 x=6E
C0: y=82 tile=65 attr=00 x=76
D0: y=8A tile=69 attr=00 x=7E
D4: y=60 tile=46 attr=00 x=FE
E4: y=7A tile=62 attr=00 x=76
F4: y=82 tile=66 attr=00 x=7E
frame=272 R0=FC R1=FC UI_R0=FC UI_R1=12
00: y=B7 tile=A0 attr=01 x=10
04: y=B7 tile=A1 attr=01 x=18
08: y=B7 tile=A2 attr=01 x=20
0C: y=B7 tile=A3 attr=01 x=28
10: y=BF tile=A4 attr=01 x=10
14: y=BF tile=A5 attr=01 x=18
18: y=BF tile=A6 attr=01 x=20
1C: y=BF tile=A7 attr=01 x=28
20: y=C7 tile=A8 attr=01 x=10
24: y=C7 tile=A9 attr=01 x=18
28: y=C7 tile=AA attr=01 x=20
2C: y=C7 tile=AB attr=01 x=28
30: y=CF tile=AC attr=01 x=10
34: y=CF tile=AD attr=01 x=18
38: y=CF tile=AE attr=01 x=20
3C: y=CF tile=AF attr=01 x=28
4C: y=76 tile=50 attr=40 x=A5
70: y=70 tile=4A attr=80 x=FE
80: y=7E tile=50 attr=80 x=9D
B4: y=7E tile=50 attr=C0 x=A5
C8: y=60 tile=4A attr=00 x=FE
D8: y=76 tile=50 attr=00 x=9D
FC: y=68 tile=4C attr=00 x=FE
frame=273 R0=FC R1=FC UI_R0=FC UI_R1=12
00: y=B7 tile=A0 attr=01 x=10
04: y=B7 tile=A1 attr=01 x=18
08: y=B7 tile=A2 attr=01 x=20
0C: y=B7 tile=A3 attr=01 x=28
10: y=BF tile=A4 attr=01 x=10
14: y=BF tile=A5 attr=01 x=18
18: y=BF tile=A6 attr=01 x=20
1C: y=BF tile=A7 attr=01 x=28
20: y=C7 tile=A8 attr=01 x=10
24: y=C7 tile=A9 attr=01 x=18
28: y=C7 tile=AA attr=01 x=20
2C: y=C7 tile=AB attr=01 x=28
30: y=CF tile=AC attr=01 x=10
34: y=CF tile=AD attr=01 x=18
38: y=CF tile=AE attr=01 x=20
3C: y=CF tile=AF attr=01 x=28
4C: y=76 tile=50 attr=00 x=9D
70: y=68 tile=4C attr=00 x=FE
80: y=76 tile=50 attr=40 x=A5
A4: y=70 tile=4A attr=80 x=FE
B4: y=7E tile=50 attr=80 x=9D
E8: y=7E tile=50 attr=C0 x=A5
FC: y=60 tile=4A attr=00 x=FE
frame=274 R0=FC R1=FC UI_R0=FC UI_R1=12
00: y=B7 tile=A0 attr=01 x=10
04: y=B7 tile=A1 attr=01 x=18
08: y=B7 tile=A2 attr=01 x=20
0C: y=B7 tile=A3 attr=01 x=28
10: y=BF tile=A4 attr=01 x=10
14: y=BF tile=A5 attr=01 x=18
18: y=BF tile=A6 attr=01 x=20
1C: y=BF tile=A7 attr=01 x=28
20: y=C7 tile=A8 attr=01 x=10
24: y=C7 tile=A9 attr=01 x=18
28: y=C7 tile=AA attr=01 x=20
2C: y=C7 tile=AB attr=01 x=28
30: y=CF tile=AC attr=01 x=10
34: y=CF tile=AD attr=01 x=18
38: y=CF tile=AE attr=01 x=20
3C: y=CF tile=AF attr=01 x=28
5C: y=7A tile=49 attr=00 x=A1
6C: y=82 tile=46 attr=80 x=99
70: y=65 tile=61 attr=00 x=FE
80: y=72 tile=46 attr=00 x=99
90: y=72 tile=46 attr=40 x=A9
A0: y=82 tile=46 attr=C0 x=A9
A4: y=6D tile=64 attr=00 x=FE
B4: y=72 tile=47 attr=00 x=A1
C4: y=82 tile=47 attr=80 x=A1
D8: y=75 tile=67 attr=00 x=FE
E8: y=7A tile=48 attr=00 x=99
F8: y=7A tile=48 attr=40 x=A9
frame=275 R0=FC R1=FC UI_R0=FC UI_R1=12
00: y=B7 tile=A0 attr=01 x=10
04: y=B7 tile=A1 attr=01 x=18
08: y=B7 tile=A2 attr=01 x=20
0C: y=B7 tile=A3 attr=01 x=28
10: y=BF tile=A4 attr=01 x=10
14: y=BF tile=A5 attr=01 x=18
18: y=BF tile=A6 attr=01 x=20
1C: y=BF tile=A7 attr=01 x=28
20: y=C7 tile=A8 attr=01 x=10
24: y=C7 tile=A9 attr=01 x=18
28: y=C7 tile=AA attr=01 x=20
2C: y=C7 tile=AB attr=01 x=28
30: y=CF tile=AC attr=01 x=10
34: y=CF tile=AD attr=01 x=18
38: y=CF tile=AE attr=01 x=20
3C: y=CF tile=AF attr=01 x=28
4C: y=75 tile=67 attr=00 x=FE
5C: y=7A tile=48 attr=00 x=99
6C: y=7A tile=48 attr=40 x=A9
90: y=7A tile=49 attr=00 x=A1
A0: y=82 tile=46 attr=80 x=99
A4: y=65 tile=61 attr=00 x=FE
B4: y=72 tile=46 attr=00 x=99
C4: y=72 tile=46 attr=40 x=A9
D4: y=82 tile=46 attr=C0 x=A9
D8: y=6D tile=64 attr=00 x=FE
E8: y=72 tile=47 attr=00 x=A1
F8: y=82 tile=47 attr=80 x=A1
frame=276 R0=FC R1=FC UI_R0=FC UI_R1=12
00: y=B7 tile=A0 attr=01 x=10
04: y=B7 tile=A1 attr=01 x=18
08: y=B7 tile=A2 attr=01 x=20
0C: y=B7 tile=A3 attr=01 x=28
10: y=BF tile=A4 attr=01 x=10
14: y=BF tile=A5 attr=01 x=18
18: y=BF tile=A6 attr=01 x=20
1C: y=BF tile=A7 attr=01 x=28
20: y=C7 tile=A8 attr=01 x=10
24: y=C7 tile=A9 attr=01 x=18
28: y=C7 tile=AA attr=01 x=20
2C: y=C7 tile=AB attr=01 x=28
30: y=CF tile=AC attr=01 x=10
34: y=CF tile=AD attr=01 x=18
38: y=CF tile=AE attr=01 x=20
3C: y=CF tile=AF attr=01 x=28
48: y=82 tile=4A attr=C0 x=A9
5C: y=72 tile=4A attr=00 x=99
6C: y=72 tile=4A attr=40 x=A9
7C: y=82 tile=4A attr=80 x=99
90: y=72 tile=4B attr=00 x=A1
A0: y=82 tile=4B attr=80 x=A1
C4: y=7A tile=4C attr=00 x=99
D4: y=7A tile=4C attr=40 x=A9
D8: y=5E tile=4E attr=00 x=12
F8: y=7A tile=4D attr=00 x=A1
frame=277 R0=FC R1=FC UI_R0=FC UI_R1=12
00: y=B7 tile=A0 attr=01 x=10
04: y=B7 tile=A1 attr=01 x=18
08: y=B7 tile=A2 attr=01 x=20
0C: y=B7 tile=A3 attr=01 x=28
10: y=BF tile=A4 attr=01 x=10
14: y=BF tile=A5 attr=01 x=18
18: y=BF tile=A6 attr=01 x=20
1C: y=BF tile=A7 attr=01 x=28
20: y=C7 tile=A8 attr=01 x=10
24: y=C7 tile=A9 attr=01 x=18
28: y=C7 tile=AA attr=01 x=20
2C: y=C7 tile=AB attr=01 x=28
30: y=CF tile=AC attr=01 x=10
34: y=CF tile=AD attr=01 x=18
38: y=CF tile=AE attr=01 x=20
3C: y=CF tile=AF attr=01 x=28
50: y=72 tile=4A attr=00 x=99
60: y=72 tile=4A attr=40 x=A9
70: y=82 tile=4A attr=80 x=99
84: y=72 tile=4B attr=00 x=A1
94: y=82 tile=4B attr=80 x=A1
B8: y=7A tile=4C attr=00 x=99
C8: y=7A tile=4C attr=40 x=A9
CC: y=5E tile=4E attr=00 x=12
EC: y=7A tile=4D attr=00 x=A1
FC: y=82 tile=4A attr=C0 x=A9
frame=278 R0=FC R1=FC UI_R0=FC UI_R1=12
00: y=B7 tile=A0 attr=01 x=10
04: y=B7 tile=A1 attr=01 x=18
08: y=B7 tile=A2 attr=01 x=20
0C: y=B7 tile=A3 attr=01 x=28
10: y=BF tile=A4 attr=01 x=10
14: y=BF tile=A5 attr=01 x=18
18: y=BF tile=A6 attr=01 x=20
1C: y=BF tile=A7 attr=01 x=28
20: y=C7 tile=A8 attr=01 x=10
24: y=C7 tile=A9 attr=01 x=18
28: y=C7 tile=AA attr=01 x=20
2C: y=C7 tile=AB attr=01 x=28
30: y=CF tile=AC attr=01 x=10
34: y=CF tile=AD attr=01 x=18
38: y=CF tile=AE attr=01 x=20
3C: y=CF tile=AF attr=01 x=28
40: y=5E tile=4F attr=00 x=12
4C: y=7F tile=66 attr=00 x=A9
70: y=77 tile=63 attr=00 x=A9
80: y=87 tile=67 attr=00 x=99
A4: y=7F tile=64 attr=00 x=99
B4: y=87 tile=68 attr=00 x=A1
C8: y=77 tile=61 attr=00 x=99
D8: y=7F tile=65 attr=00 x=A1
E8: y=87 tile=69 attr=00 x=A9
FC: y=77 tile=62 attr=00 x=A1
frame=279 R0=FC R1=FC UI_R0=FC UI_R1=12
00: y=B7 tile=A0 attr=01 x=10
04: y=B7 tile=A1 attr=01 x=18
08: y=B7 tile=A2 attr=01 x=20
0C: y=B7 tile=A3 attr=01 x=28
10: y=BF tile=A4 attr=01 x=10
14: y=BF tile=A5 attr=01 x=18
18: y=BF tile=A6 attr=01 x=20
1C: y=BF tile=A7 attr=01 x=28
20: y=C7 tile=A8 attr=01 x=10
24: y=C7 tile=A9 attr=01 x=18
28: y=C7 tile=AA attr=01 x=20
2C: y=C7 tile=AB attr=01 x=28
30: y=CF tile=AC attr=01 x=10
34: y=CF tile=AD attr=01 x=18
38: y=CF tile=AE attr=01 x=20
3C: y=CF tile=AF attr=01 x=28
4C: y=7F tile=65 attr=00 x=A1
5C: y=87 tile=69 attr=00 x=A9
70: y=77 tile=62 attr=00 x=A1
74: y=5E tile=4F attr=00 x=12
80: y=7F tile=66 attr=00 x=A9
A4: y=77 tile=63 attr=00 x=A9
B4: y=87 tile=67 attr=00 x=99
D8: y=7F tile=64 attr=00 x=99
E8: y=87 tile=68 attr=00 x=A1
FC: y=77 tile=61 attr=00 x=99
frame=280 R0=FC R1=FC UI_R0=FC UI_R1=12
00: y=B7 tile=A0 attr=01 x=10
04: y=B7 tile=A1 attr=01 x=18
08: y=B7 tile=A2 attr=01 x=20
0C: y=B7 tile=A3 attr=01 x=28
10: y=BF tile=A4 attr=01 x=10
14: y=BF tile=A5 attr=01 x=18
18: y=BF tile=A6 attr=01 x=20
1C: y=BF tile=A7 attr=01 x=28
20: y=C7 tile=A8 attr=01 x=10
24: y=C7 tile=A9 attr=01 x=18
28: y=C7 tile=AA attr=01 x=20
2C: y=C7 tile=AB attr=01 x=28
30: y=CF tile=AC attr=01 x=10
34: y=CF tile=AD attr=01 x=18
38: y=CF tile=AE attr=01 x=20
3C: y=CF tile=AF attr=01 x=28
48: y=7A tile=53 attr=40 x=AB
4C: y=72 tile=51 attr=00 x=93
50: y=62 tile=50 attr=80 x=0E
5C: y=82 tile=55 attr=00 x=93
6C: y=72 tile=52 attr=40 x=A3
7C: y=82 tile=56 attr=40 x=A3
80: y=72 tile=52 attr=00 x=9B
84: y=62 tile=50 attr=C0 x=16
90: y=82 tile=56 attr=00 x=9B
A0: y=72 tile=51 attr=40 x=AB
A8: y=5A tile=50 attr=00 x=0E
B0: y=82 tile=55 attr=40 x=AB
B4: y=7A tile=53 attr=00 x=93
C4: y=8A tile=57 attr=00 x=93
D4: y=7A tile=54 attr=40 x=A3
DC: y=5A tile=50 attr=40 x=16
E8: y=7A tile=54 attr=00 x=9B
F8: y=8A tile=58 attr=00 x=9B
frame=281 R0=FC R1=FC UI_R0=FC UI_R1=12
00: y=B7 tile=A0 attr=01 x=10
04: y=B7 tile=A1 attr=01 x=18
08: y=B7 tile=A2 attr=01 x=20
0C: y=B7 tile=A3 attr=01 x=28
10: y=BF tile=A4 attr=01 x=10
14: y=BF tile=A5 attr=01 x=18
18: y=BF tile=A6 attr=01 x=20
1C: y=BF tile=A7 attr=01 x=28
20: y=C7 tile=A8 attr=01 x=10
24: y=C7 tile=A9 attr=01 x=18
28: y=C7 tile=AA attr=01 x=20
2C: y=C7 tile=AB attr=01 x=28
30: y=CF tile=AC attr=01 x=10
34: y=CF tile=AD attr=01 x=18
38: y=CF tile=AE attr=01 x=20
3C: y=CF tile=AF attr=01 x=28
48: y=7A tile=54 attr=40 x=A3
50: y=5A tile=50 attr=40 x=16
5C: y=7A tile=54 attr=00 x=9B
6C: y=8A tile=58 attr=00 x=9B
7C: y=7A tile=53 attr=40 x=AB
80: y=72 tile=51 attr=00 x=93
84: y=62 tile=50 attr=80 x=0E
90: y=82 tile=55 attr=00 x=93
A0: y=72 tile=52 attr=40 x=A3
B0: y=82 tile=56 attr=40 x=A3
B4: y=72 tile=52 attr=00 x=9B
B8: y=62 tile=50 attr=C0 x=16
C4: y=82 tile=56 attr=00 x=9B
D4: y=72 tile=51 attr=40 x=AB
DC: y=5A tile=50 attr=00 x=0E
E4: y=82 tile=55 attr=40 x=AB
E8: y=7A tile=53 attr=00 x=93
F8: y=8A tile=57 attr=00 x=93
frame=282 R0=FC R1=FC UI_R0=FC UI_R1=12
00: y=B7 tile=A0 attr=01 x=10
04: y=B7 tile=A1 attr=01 x=18
08: y=B7 tile=A2 attr=01 x=20
0C: y=B7 tile=A3 attr=01 x=28
10: y=BF tile=A4 attr=01 x=10
14: y=BF tile=A5 attr=01 x=18
18: y=BF tile=A6 attr=01 x=20
1C: y=BF tile=A7 attr=01 x=28
20: y=C7 tile=A8 attr=01 x=10
24: y=C7 tile=A9 attr=01 x=18
28: y=C7 tile=AA attr=01 x=20
2C: y=C7 tile=AB attr=01 x=28
30: y=CF tile=AC attr=01 x=10
34: y=CF tile=AD attr=01 x=18
38: y=CF tile=AE attr=01 x=20
3C: y=CF tile=AF attr=01 x=28
54: y=66 tile=47 attr=80 x=12
60: y=7A tile=5B attr=00 x=95
70: y=8A tile=5F attr=00 x=95
78: y=5E tile=48 attr=00 x=0A
88: y=5E tile=48 attr=40 x=1A
94: y=7A tile=5C attr=00 x=9D
A4: y=8A tile=60 attr=00 x=9D
AC: y=5E tile=49 attr=00 x=12
B8: y=72 tile=59 attr=00 x=95
BC: y=66 tile=46 attr=80 x=0A
C8: y=82 tile=5D attr=00 x=95
D8: y=72 tile=5A attr=40 x=A5
EC: y=72 tile=5A attr=00 x=9D
F0: y=66 tile=46 attr=C0 x=1A
FC: y=82 tile=5E attr=00 x=9D
frame=283 R0=FC R1=FC UI_R0=FC UI_R1=12
00: y=B7 tile=A0 attr=01 x=10
04: y=B7 tile=A1 attr=01 x=18
08: y=B7 tile=A2 attr=01 x=20
0C: y=B7 tile=A3 attr=01 x=28
10: y=BF tile=A4 attr=01 x=10
14: y=BF tile=A5 attr=01 x=18
18: y=BF tile=A6 attr=01 x=20
1C: y=BF tile=A7 attr=01 x=28
20: y=C7 tile=A8 attr=01 x=10
24: y=C7 tile=A9 attr=01 x=18
28: y=C7 tile=AA attr=01 x=20
2C: y=C7 tile=AB attr=01 x=28
30: y=CF tile=AC attr=01 x=10
34: y=CF tile=AD attr=01 x=18
38: y=CF tile=AE attr=01 x=20
3C: y=CF tile=AF attr=01 x=28
4C: y=72 tile=5A attr=40 x=A5
60: y=72 tile=5A attr=00 x=9D
64: y=66 tile=46 attr=C0 x=1A
70: y=82 tile=5E attr=00 x=9D
88: y=66 tile=47 attr=80 x=12
94: y=7A tile=5B attr=00 x=95
A4: y=8A tile=5F attr=00 x=95
AC: y=5E tile=48 attr=00 x=0A
BC: y=5E tile=48 attr=40 x=1A
C8: y=7A tile=5C attr=00 x=9D
D8: y=8A tile=60 attr=00 x=9D
E0: y=5E tile=49 attr=00 x=12
EC: y=72 tile=59 attr=00 x=95
F0: y=66 tile=46 attr=80 x=0A
FC: y=82 tile=5D attr=00 x=95
frame=284 R0=FC R1=FC UI_R0=FC UI_R1=12
00: y=B7 tile=A0 attr=01 x=10
04: y=B7 tile=A1 attr=01 x=18
08: y=B7 tile=A2 attr=01 x=20
0C: y=B7 tile=A3 attr=01 x=28
10: y=BF tile=A4 attr=01 x=10
14: y=BF tile=A5 attr=01 x=18
18: y=BF tile=A6 attr=01 x=20
1C: y=BF tile=A7 attr=01 x=28
20: y=C7 tile=A8 attr=01 x=10
24: y=C7 tile=A9 attr=01 x=18
28: y=C7 tile=AA attr=01 x=20
2C: y=C7 tile=AB attr=01 x=28
30: y=CF tile=AC attr=01 x=10
34: y=CF tile=AD attr=01 x=18
38: y=CF tile=AE attr=01 x=20
3C: y=CF tile=AF attr=01 x=28
4C: y=77 tile=61 attr=00 x=99
54: y=5E tile=4D attr=00 x=12
64: y=66 tile=4A attr=C0 x=1A
80: y=77 tile=62 attr=00 x=A1
98: y=66 tile=4A attr=80 x=0A
BC: y=66 tile=4B attr=80 x=12
E0: y=5E tile=4C attr=00 x=0A
F0: y=5E tile=4C attr=40 x=1A
frame=285 R0=FC R1=FC UI_R0=FC UI_R1=12
00: y=B7 tile=A0 attr=01 x=10
04: y=B7 tile=A1 attr=01 x=18
08: y=B7 tile=A2 attr=01 x=20
0C: y=B7 tile=A3 attr=01 x=28
10: y=BF tile=A4 attr=01 x=10
14: y=BF tile=A5 attr=01 x=18
18: y=BF tile=A6 attr=01 x=20
1C: y=BF tile=A7 attr=01 x=28
20: y=C7 tile=A8 attr=01 x=10
24: y=C7 tile=A9 attr=01 x=18
28: y=C7 tile=AA attr=01 x=20
2C: y=C7 tile=AB attr=01 x=28
30: y=CF tile=AC attr=01 x=10
34: y=CF tile=AD attr=01 x=18
38: y=CF tile=AE attr=01 x=20
3C: y=CF tile=AF attr=01 x=28
54: y=5E tile=4C attr=00 x=0A
64: y=5E tile=4C attr=40 x=1A
80: y=77 tile=61 attr=00 x=99
88: y=5E tile=4D attr=00 x=12
98: y=66 tile=4A attr=C0 x=1A
B4: y=77 tile=62 attr=00 x=A1
CC: y=66 tile=4A attr=80 x=0A
F0: y=66 tile=4B attr=80 x=12
frame=286 R0=FC R1=FC UI_R0=FC UI_R1=12
00: y=B7 tile=A0 attr=01 x=10
04: y=B7 tile=A1 attr=01 x=18
08: y=B7 tile=A2 attr=01 x=20
0C: y=B7 tile=A3 attr=01 x=28
10: y=BF tile=A4 attr=01 x=10
14: y=BF tile=A5 attr=01 x=18
18: y=BF tile=A6 attr=01 x=20
1C: y=BF tile=A7 attr=01 x=28
20: y=C7 tile=A8 attr=01 x=10
24: y=C7 tile=A9 attr=01 x=18
28: y=C7 tile=AA attr=01 x=20
2C: y=C7 tile=AB attr=01 x=28
30: y=CF tile=AC attr=01 x=10
34: y=CF tile=AD attr=01 x=18
38: y=CF tile=AE attr=01 x=20
3C: y=CF tile=AF attr=01 x=28
40: y=6B tile=69 attr=00 x=1A
54: y=5B tile=62 attr=00 x=12
64: y=63 tile=66 attr=00 x=1A
88: y=5B tile=63 attr=00 x=1A
98: y=6B tile=67 attr=00 x=0A
B4: y=72 tile=51 attr=00 x=93
BC: y=63 tile=64 attr=00 x=0A
CC: y=6B tile=68 attr=00 x=12
E0: y=5B tile=61 attr=00 x=0A
E8: y=72 tile=52 attr=00 x=9B
F0: y=63 tile=65 attr=00 x=12
frame=287 R0=FC R1=FC UI_R0=FC UI_R1=12
00: y=B7 tile=A0 attr=01 x=10
04: y=B7 tile=A1 attr=01 x=18
08: y=B7 tile=A2 attr=01 x=20
0C: y=B7 tile=A3 attr=01 x=28
10: y=BF tile=A4 attr=01 x=10
14: y=BF tile=A5 attr=01 x=18
18: y=BF tile=A6 attr=01 x=20
1C: y=BF tile=A7 attr=01 x=28
20: y=C7 tile=A8 attr=01 x=10
24: y=C7 tile=A9 attr=01 x=18
28: y=C7 tile=AA attr=01 x=20
2C: y=C7 tile=AB attr=01 x=28
30: y=CF tile=AC attr=01 x=10
34: y=CF tile=AD attr=01 x=18
38: y=CF tile=AE attr=01 x=20
3C: y=CF tile=AF attr=01 x=28
48: y=5B tile=62 attr=00 x=12
58: y=63 tile=66 attr=00 x=1A
7C: y=5B tile=63 attr=00 x=1A
8C: y=6B tile=67 attr=00 x=0A
A8: y=72 tile=51 attr=00 x=93
B0: y=63 tile=64 attr=00 x=0A
C0: y=6B tile=68 attr=00 x=12
D4: y=5B tile=61 attr=00 x=0A
DC: y=72 tile=52 attr=00 x=9B
E4: y=63 tile=65 attr=00 x=12
F4: y=6B tile=69 attr=00 x=1A
frame=288 R0=FC R1=FC UI_R0=FC UI_R1=12
00: y=B7 tile=A0 attr=01 x=10
04: y=B7 tile=A1 attr=01 x=18
08: y=B7 tile=A2 attr=01 x=20
0C: y=B7 tile=A3 attr=01 x=28
10: y=BF tile=A4 attr=01 x=10
14: y=BF tile=A5 attr=01 x=18
18: y=BF tile=A6 attr=01 x=20
1C: y=BF tile=A7 attr=01 x=28
20: y=C7 tile=A8 attr=01 x=10
24: y=C7 tile=A9 attr=01 x=18
28: y=C7 tile=AA attr=01 x=20
2C: y=C7 tile=AB attr=01 x=28
30: y=CF tile=AC attr=01 x=10
34: y=CF tile=AD attr=01 x=18
38: y=CF tile=AE attr=01 x=20
3C: y=CF tile=AF attr=01 x=28
44: y=5E tile=53 attr=40 x=1C
50: y=72 tile=5A attr=00 x=9D
54: y=6E tile=57 attr=40 x=1C
58: y=66 tile=55 attr=00 x=04
78: y=66 tile=56 attr=40 x=14
8C: y=66 tile=56 attr=00 x=0C
AC: y=66 tile=55 attr=40 x=1C
B0: y=5E tile=53 attr=00 x=04
C0: y=6E tile=57 attr=00 x=04
D0: y=5E tile=54 attr=40 x=14
DC: y=72 tile=59 attr=00 x=95
E0: y=6E tile=58 attr=40 x=14
E4: y=5E tile=54 attr=00 x=0C
F4: y=6E tile=58 attr=00 x=0C
frame=289 R0=FC R1=FC UI_R0=FC UI_R1=12
00: y=B7 tile=A0 attr=01 x=10
04: y=B7 tile=A1 attr=01 x=18
08: y=B7 tile=A2 attr=01 x=20
0C: y=B7 tile=A3 attr=01 x=28
10: y=BF tile=A4 attr=01 x=10
14: y=BF tile=A5 attr=01 x=18
18: y=BF tile=A6 attr=01 x=20
1C: y=BF tile=A7 attr=01 x=28
20: y=C7 tile=A8 attr=01 x=10
24: y=C7 tile=A9 attr=01 x=18
28: y=C7 tile=AA attr=01 x=20
2C: y=C7 tile=AB attr=01 x=28
30: y=CF tile=AC attr=01 x=10
34: y=CF tile=AD attr=01 x=18
38: y=CF tile=AE attr=01 x=20
3C: y=CF tile=AF attr=01 x=28
44: y=5E tile=54 attr=40 x=14
50: y=72 tile=59 attr=00 x=95
54: y=6E tile=58 attr=40 x=14
58: y=5E tile=54 attr=00 x=0C
68: y=6E tile=58 attr=00 x=0C
78: y=5E tile=53 attr=40 x=1C
84: y=72 tile=5A attr=00 x=9D
88: y=6E tile=57 attr=40 x=1C
8C: y=66 tile=55 attr=00 x=04
AC: y=66 tile=56 attr=40 x=14
C0: y=66 tile=56 attr=00 x=0C
E0: y=66 tile=55 attr=40 x=1C
E4: y=5E tile=53 attr=00 x=04
F4: y=6E tile=57 attr=00 x=04
frame=290 R0=FC R1=FC UI_R0=FC UI_R1=12
00: y=B7 tile=A0 attr=01 x=10
04: y=B7 tile=A1 attr=01 x=18
08: y=B7 tile=A2 attr=01 x=20
0C: y=B7 tile=A3 attr=01 x=28
10: y=BF tile=A4 attr=01 x=10
14: y=BF tile=A5 attr=01 x=18
18: y=BF tile=A6 attr=01 x=20
1C: y=BF tile=A7 attr=01 x=28
20: y=C7 tile=A8 attr=01 x=10
24: y=C7 tile=A9 attr=01 x=18
28: y=C7 tile=AA attr=01 x=20
2C: y=C7 tile=AB attr=01 x=28
30: y=CF tile=AC attr=01 x=10
34: y=CF tile=AD attr=01 x=18
38: y=CF tile=AE attr=01 x=20
3C: y=CF tile=AF attr=01 x=28
54: y=66 tile=5D attr=40 x=1E
58: y=5E tile=5B attr=00 x=06
68: y=6E tile=5F attr=00 x=06
78: y=5E tile=5C attr=40 x=16
88: y=6E tile=60 attr=40 x=16
8C: y=5E tile=5C attr=00 x=0E
9C: y=6E tile=60 attr=00 x=0E
AC: y=5E tile=5B attr=40 x=1E
BC: y=6E tile=5F attr=40 x=1E
C0: y=66 tile=5D attr=00 x=06
E0: y=66 tile=5E attr=40 x=16
F4: y=66 tile=5E attr=00 x=0E
frame=291 R0=FC R1=FC UI_R0=FC UI_R1=12
00: y=B7 tile=A0 attr=01 x=10
04: y=B7 tile=A1 attr=01 x=18
08: y=B7 tile=A2 attr=01 x=20
0C: y=B7 tile=A3 attr=01 x=28
10: y=BF tile=A4 attr=01 x=10
14: y=BF tile=A5 attr=01 x=18
18: y=BF tile=A6 attr=01 x=20
1C: y=BF tile=A7 attr=01 x=28
20: y=C7 tile=A8 attr=01 x=10
24: y=C7 tile=A9 attr=01 x=18
28: y=C7 tile=AA attr=01 x=20
2C: y=C7 tile=AB attr=01 x=28
30: y=CF tile=AC attr=01 x=10
34: y=CF tile=AD attr=01 x=18
38: y=CF tile=AE attr=01 x=20
3C: y=CF tile=AF attr=01 x=28
54: y=66 tile=5E attr=40 x=16
68: y=66 tile=5E attr=00 x=0E
88: y=66 tile=5D attr=40 x=1E
8C: y=5E tile=5B attr=00 x=06
9C: y=6E tile=5F attr=00 x=06
AC: y=5E tile=5C attr=40 x=16
BC: y=6E tile=60 attr=40 x=16
C0: y=5E tile=5C attr=00 x=0E
D0: y=6E tile=60 attr=00 x=0E
E0: y=5E tile=5B attr=40 x=1E
F0: y=6E tile=5F attr=40 x=1E
F4: y=66 tile=5D attr=00 x=06
frame=292 R0=FC R1=FC UI_R0=FC UI_R1=12
00: y=B7 tile=A0 attr=01 x=10
04: y=B7 tile=A1 attr=01 x=18
08: y=B7 tile=A2 attr=01 x=20
0C: y=B7 tile=A3 attr=01 x=28
10: y=BF tile=A4 attr=01 x=10
14: y=BF tile=A5 attr=01 x=18
18: y=BF tile=A6 attr=01 x=20
1C: y=BF tile=A7 attr=01 x=28
20: y=C7 tile=A8 attr=01 x=10
24: y=C7 tile=A9 attr=01 x=18
28: y=C7 tile=AA attr=01 x=20
2C: y=C7 tile=AB attr=01 x=28
30: y=CF tile=AC attr=01 x=10
34: y=CF tile=AD attr=01 x=18
38: y=CF tile=AE attr=01 x=20
3C: y=CF tile=AF attr=01 x=28
4C: y=5B tile=62 attr=00 x=12
5C: y=63 tile=66 attr=00 x=1A
80: y=5B tile=63 attr=00 x=1A
90: y=6B tile=67 attr=00 x=0A
AC: y=72 tile=51 attr=00 x=93
B4: y=63 tile=64 attr=00 x=0A
C4: y=6B tile=68 attr=00 x=12
D8: y=5B tile=61 attr=00 x=0A
E0: y=72 tile=52 attr=00 x=9B
E8: y=63 tile=65 attr=00 x=12
F8: y=6B tile=69 attr=00 x=1A
frame=293 R0=FC R1=FC UI_R0=FC UI_R1=12
00: y=B7 tile=A0 attr=01 x=10
04: y=B7 tile=A1 attr=01 x=18
08: y=B7 tile=A2 attr=01 x=20
0C: y=B7 tile=A3 attr=01 x=28
10: y=BF tile=A4 attr=01 x=10
14: y=BF tile=A5 attr=01 x=18
18: y=BF tile=A6 attr=01 x=20
1C: y=BF tile=A7 attr=01 x=28
20: y=C7 tile=A8 attr=01 x=10
24: y=C7 tile=A9 attr=01 x=18
28: y=C7 tile=AA attr=01 x=20
2C: y=C7 tile=AB attr=01 x=28
30: y=CF tile=AC attr=01 x=10
34: y=CF tile=AD attr=01 x=18
38: y=CF tile=AE attr=01 x=20
3C: y=CF tile=AF attr=01 x=28
4C: y=5B tile=61 attr=00 x=0A
54: y=72 tile=52 attr=00 x=9B
5C: y=63 tile=65 attr=00 x=12
6C: y=6B tile=69 attr=00 x=1A
80: y=5B tile=62 attr=00 x=12
90: y=63 tile=66 attr=00 x=1A
B4: y=5B tile=63 attr=00 x=1A
C4: y=6B tile=67 attr=00 x=0A
E0: y=72 tile=51 attr=00 x=93
E8: y=63 tile=64 attr=00 x=0A
F8: y=6B tile=68 attr=00 x=12
frame=294 R0=FC R1=FC UI_R0=FC UI_R1=12
00: y=B7 tile=A0 attr=01 x=10
04: y=B7 tile=A1 attr=01 x=18
08: y=B7 tile=A2 attr=01 x=20
0C: y=B7 tile=A3 attr=01 x=28
10: y=BF tile=A4 attr=01 x=10
14: y=BF tile=A5 attr=01 x=18
18: y=BF tile=A6 attr=01 x=20
1C: y=BF tile=A7 attr=01 x=28
20: y=C7 tile=A8 attr=01 x=10
24: y=C7 tile=A9 attr=01 x=18
28: y=C7 tile=AA attr=01 x=20
2C: y=C7 tile=AB attr=01 x=28
30: y=CF tile=AC attr=01 x=10
34: y=CF tile=AD attr=01 x=18
38: y=CF tile=AE attr=01 x=20
3C: y=CF tile=AF attr=01 x=28
48: y=5E tile=54 attr=40 x=14
54: y=72 tile=59 attr=00 x=95
58: y=6E tile=58 attr=40 x=14
5C: y=5E tile=54 attr=00 x=0C
6C: y=6E tile=58 attr=00 x=0C
7C: y=5E tile=53 attr=40 x=1C
88: y=72 tile=5A attr=00 x=9D
8C: y=6E tile=57 attr=40 x=1C
90: y=66 tile=55 attr=00 x=04
B0: y=66 tile=56 attr=40 x=14
C4: y=66 tile=56 attr=00 x=0C
E4: y=66 tile=55 attr=40 x=1C
E8: y=5E tile=53 attr=00 x=04
F8: y=6E tile=57 attr=00 x=04
frame=295 R0=FC R1=FC UI_R0=FC UI_R1=12
00: y=B7 tile=A0 attr=01 x=10
04: y=B7 tile=A1 attr=01 x=18
08: y=B7 tile=A2 attr=01 x=20
0C: y=B7 tile=A3 attr=01 x=28
10: y=BF tile=A4 attr=01 x=10
14: y=BF tile=A5 attr=01 x=18
18: y=BF tile=A6 attr=01 x=20
1C: y=BF tile=A7 attr=01 x=28
20: y=C7 tile=A8 attr=01 x=10
24: y=C7 tile=A9 attr=01 x=18
28: y=C7 tile=AA attr=01 x=20
2C: y=C7 tile=AB attr=01 x=28
30: y=CF tile=AC attr=01 x=10
34: y=CF tile=AD attr=01 x=18
38: y=CF tile=AE attr=01 x=20
3C: y=CF tile=AF attr=01 x=28
58: y=66 tile=55 attr=40 x=1C
5C: y=5E tile=53 attr=00 x=04
6C: y=6E tile=57 attr=00 x=04
7C: y=5E tile=54 attr=40 x=14
88: y=72 tile=59 attr=00 x=95
8C: y=6E tile=58 attr=40 x=14
90: y=5E tile=54 attr=00 x=0C
A0: y=6E tile=58 attr=00 x=0C
B0: y=5E tile=53 attr=40 x=1C
BC: y=72 tile=5A attr=00 x=9D
C0: y=6E tile=57 attr=40 x=1C
C4: y=66 tile=55 attr=00 x=04
E4: y=66 tile=56 attr=40 x=14
F8: y=66 tile=56 attr=00 x=0C
frame=296 R0=FC R1=FC UI_R0=FC UI_R1=12
00: y=B7 tile=A0 attr=01 x=10
04: y=B7 tile=A1 attr=01 x=18
08: y=B7 tile=A2 attr=01 x=20
0C: y=B7 tile=A3 attr=01 x=28
10: y=BF tile=A4 attr=01 x=10
14: y=BF tile=A5 attr=01 x=18
18: y=BF tile=A6 attr=01 x=20
1C: y=BF tile=A7 attr=01 x=28
20: y=C7 tile=A8 attr=01 x=10
24: y=C7 tile=A9 attr=01 x=18
28: y=C7 tile=AA attr=01 x=20
2C: y=C7 tile=AB attr=01 x=28
30: y=CF tile=AC attr=01 x=10
34: y=CF tile=AD attr=01 x=18
38: y=CF tile=AE attr=01 x=20
3C: y=CF tile=AF attr=01 x=28
58: y=66 tile=5E attr=40 x=16
6C: y=66 tile=5E attr=00 x=0E
8C: y=66 tile=5D attr=40 x=1E
90: y=5E tile=5B attr=00 x=06
A0: y=6E tile=5F attr=00 x=06
B0: y=5E tile=5C attr=40 x=16
C0: y=6E tile=60 attr=40 x=16
C4: y=5E tile=5C attr=00 x=0E
D4: y=6E tile=60 attr=00 x=0E
E4: y=5E tile=5B attr=40 x=1E
F4: y=6E tile=5F attr=40 x=1E
F8: y=66 tile=5D attr=00 x=06
frame=297 R0=FC R1=FC UI_R0=FC UI_R1=12
00: y=B7 tile=A0 attr=01 x=10
04: y=B7 tile=A1 attr=01 x=18
08: y=B7 tile=A2 attr=01 x=20
0C: y=B7 tile=A3 attr=01 x=28
10: y=BF tile=A4 attr=01 x=10
14: y=BF tile=A5 attr=01 x=18
18: y=BF tile=A6 attr=01 x=20
1C: y=BF tile=A7 attr=01 x=28
20: y=C7 tile=A8 attr=01 x=10
24: y=C7 tile=A9 attr=01 x=18
28: y=C7 tile=AA attr=01 x=20
2C: y=C7 tile=AB attr=01 x=28
30: y=CF tile=AC attr=01 x=10
34: y=CF tile=AD attr=01 x=18
38: y=CF tile=AE attr=01 x=20
3C: y=CF tile=AF attr=01 x=28
4C: y=66 tile=5E attr=40 x=16
60: y=66 tile=5E attr=00 x=0E
80: y=66 tile=5D attr=40 x=1E
84: y=5E tile=5B attr=00 x=06
94: y=6E tile=5F attr=00 x=06
A4: y=5E tile=5C attr=40 x=16
B4: y=6E tile=60 attr=40 x=16
B8: y=5E tile=5C attr=00 x=0E
C8: y=6E tile=60 attr=00 x=0E
D8: y=5E tile=5B attr=40 x=1E
E8: y=6E tile=5F attr=40 x=1E
EC: y=66 tile=5D attr=00 x=06
frame=298 R0=FC R1=FC UI_R0=FC UI_R1=12
00: y=B7 tile=A0 attr=01 x=10
04: y=B7 tile=A1 attr=01 x=18
08: y=B7 tile=A2 attr=01 x=20
0C: y=B7 tile=A3 attr=01 x=28
10: y=BF tile=A4 attr=01 x=10
14: y=BF tile=A5 attr=01 x=18
18: y=BF tile=A6 attr=01 x=20
1C: y=BF tile=A7 attr=01 x=28
20: y=C7 tile=A8 attr=01 x=10
24: y=C7 tile=A9 attr=01 x=18
28: y=C7 tile=AA attr=01 x=20
2C: y=C7 tile=AB attr=01 x=28
30: y=CF tile=AC attr=01 x=10
34: y=CF tile=AD attr=01 x=18
38: y=CF tile=AE attr=01 x=20
3C: y=CF tile=AF attr=01 x=28
50: y=5B tile=61 attr=00 x=0A
58: y=72 tile=47 attr=00 x=A1
60: y=63 tile=65 attr=00 x=12
70: y=6B tile=69 attr=00 x=1A
84: y=5B tile=62 attr=00 x=12
94: y=63 tile=66 attr=00 x=1A
B8: y=5B tile=63 attr=00 x=1A
C8: y=6B tile=67 attr=00 x=0A
E4: y=72 tile=46 attr=00 x=99
EC: y=63 tile=64 attr=00 x=0A
FC: y=6B tile=68 attr=00 x=12
frame=299 R0=FC R1=FC UI_R0=FC UI_R1=12
00: y=B7 tile=A0 attr=01 x=10
04: y=B7 tile=A1 attr=01 x=18
08: y=B7 tile=A2 attr=01 x=20
0C: y=B7 tile=A3 attr=01 x=28
10: y=BF tile=A4 attr=01 x=10
14: y=BF tile=A5 attr=01 x=18
18: y=BF tile=A6 attr=01 x=20
1C: y=BF tile=A7 attr=01 x=28
20: y=C7 tile=A8 attr=01 x=10
24: y=C7 tile=A9 attr=01 x=18
28: y=C7 tile=AA attr=01 x=20
2C: y=C7 tile=AB attr=01 x=28
30: y=CF tile=AC attr=01 x=10
34: y=CF tile=AD attr=01 x=18
38: y=CF tile=AE attr=01 x=20
3C: y=CF tile=AF attr=01 x=28
58: y=72 tile=46 attr=00 x=99
60: y=63 tile=64 attr=00 x=0A
70: y=6B tile=68 attr=00 x=12
84: y=5B tile=61 attr=00 x=0A
8C: y=72 tile=47 attr=00 x=A1
94: y=63 tile=65 attr=00 x=12
A4: y=6B tile=69 attr=00 x=1A
B8: y=5B tile=62 attr=00 x=12
C8: y=63 tile=66 attr=00 x=1A
EC: y=5B tile=63 attr=00 x=1A
FC: y=6B tile=67 attr=00 x=0A
frame=300 R0=FC R1=FC UI_R0=FC UI_R1=12
00: y=B7 tile=A0 attr=01 x=10
04: y=B7 tile=A1 attr=01 x=18
08: y=B7 tile=A2 attr=01 x=20
0C: y=B7 tile=A3 attr=01 x=28
10: y=BF tile=A4 attr=01 x=10
14: y=BF tile=A5 attr=01 x=18
18: y=BF tile=A6 attr=01 x=20
1C: y=BF tile=A7 attr=01 x=28
20: y=C7 tile=A8 attr=01 x=10
24: y=C7 tile=A9 attr=01 x=18
28: y=C7 tile=AA attr=01 x=20
2C: y=C7 tile=AB attr=01 x=28
30: y=CF tile=AC attr=01 x=10
34: y=CF tile=AD attr=01 x=18
38: y=CF tile=AE attr=01 x=20
3C: y=CF tile=AF attr=01 x=28
5C: y=66 tile=55 attr=40 x=1C
60: y=5E tile=53 attr=00 x=04
70: y=6E tile=57 attr=00 x=04
80: y=5E tile=54 attr=40 x=14
8C: y=76 tile=50 attr=00 x=9D
90: y=6E tile=58 attr=40 x=14
94: y=5E tile=54 attr=00 x=0C
A4: y=6E tile=58 attr=00 x=0C
B4: y=5E tile=53 attr=40 x=1C
C0: y=76 tile=50 attr=40 x=A5
C4: y=6E tile=57 attr=40 x=1C
C8: y=66 tile=55 attr=00 x=04
E8: y=66 tile=56 attr=40 x=14
FC: y=66 tile=56 attr=00 x=0C
