f=190 S=87 M=FC,FC,B7,BD,BB,BF R=FC,12,B7,01,02,12 O=
f=191 S=87 M=FC,FC,B7,BD,BB,BF R=FC,12,B7,01,02,12 O=
f=192 S=87 M=FC,FC,B7,BD,BB,BF R=FC,12,B7,01,02,12 O=
f=193 S=87 M=FC,FC,B7,BD,BB,BF R=FC,12,B7,01,02,12 O=
f=194 S=87 M=FC,FC,B7,BD,BB,BF R=FC,12,B7,01,02,12 O=
f=195 S=87 M=FC,FC,B7,BD,BB,BF R=FC,12,B7,01,02,12 O=
f=196 S=87 M=FC,FC,B7,BD,BB,BF R=FC,12,B7,01,02,12 O=
f=197 S=87 M=FC,FC,B7,BD,BB,BF R=FC,12,B7,01,02,12 O=
f=198 S=87 M=FC,FC,B7,BD,BB,BF R=FC,12,B7,01,02,12 O=
f=199 S=87 M=FC,FC,B7,BD,BB,BF R=FC,12,B7,01,02,12 O=
f=200 S=87 M=FC,FC,B7,BD,BB,BF R=FC,12,B7,01,02,12 O=
f=201 S=87 M=FC,FC,B7,BD,BB,BF R=FC,12,B7,01,02,12 O=
f=202 S=87 M=FC,FC,B7,BD,BB,BF R=FC,12,B7,01,02,12 O=
f=203 S=87 M=FC,FC,B7,BD,BB,BF R=FC,12,B7,01,02,12 O=
f=204 S=87 M=FC,FC,B7,BD,BB,BF R=FC,12,B7,01,02,12 O=
f=205 S=87 M=FC,FC,B7,BD,BB,BF R=FC,12,B7,01,02,12 O=
f=206 S=87 M=FC,FC,B7,BD,BB,BF R=FC,12,B7,01,02,12 O=
f=207 S=87 M=FC,FC,B7,BD,BB,BF R=FC,12,B7,01,02,12 O=
f=208 S=87 M=FC,FC,B7,BD,BB,BF R=FC,12,B7,01,02,12 O=
f=209 S=87 M=FC,FC,B7,BD,BB,BF R=FC,12,B7,01,02,12 O=
f=210 S=87 M=FC,FC,B7,BD,BB,BF R=FC,12,B7,01,02,12 O=
f=211 S=87 M=FC,FC,B7,BD,BB,BF R=FC,12,B7,01,02,12 O=
f=212 S=87 M=FC,FC,B7,BD,BB,BF R=FC,12,B7,01,02,12 O=
f=213 S=87 M=FC,FC,B7,BD,BB,BF R=FC,12,B7,01,02,12 O=
f=214 S=87 M=FC,FC,B7,BD,BB,BF R=FC,12,B7,01,02,12 O=
f=215 S=87 M=FC,FC,B7,BD,BB,BF R=FC,12,B7,01,02,12 O=
f=216 S=87 M=FC,FC,B7,BD,BB,BF R=FC,12,B7,01,02,12 O=
f=217 S=87 M=FC,FC,B7,BD,BB,BF R=FC,12,B7,01,02,12 O=
f=218 S=87 M=FC,FC,B7,BD,BB,BF R=FC,12,B7,01,02,12 O=
f=219 S=87 M=FC,FC,B7,BD,BB,BF R=FC,12,B7,01,02,12 O=
f=220 S=87 M=FC,FC,B7,BD,BB,BF R=FC,12,B7,01,02,12 O=
f=221 S=87 M=FC,FC,B7,BD,BB,BF R=FC,12,B7,01,02,12 O=
f=222 S=87 M=FC,FC,B7,BD,BB,BF R=FC,12,B7,01,02,12 O=
f=223 S=87 M=FC,FC,B7,BD,BB,BF R=FC,12,B7,01,02,12 O=
f=224 S=87 M=FC,FC,B7,BD,BB,BF R=FC,12,B7,01,02,12 O=
f=225 S=87 M=FC,FC,B7,BD,BB,BF R=FC,12,B7,01,02,12 O=
f=226 S=87 M=FC,FC,B7,BD,BB,BF R=FC,12,B7,01,02,12 O=
f=227 S=87 M=FC,FC,B7,BD,BB,BF R=FC,12,B7,01,02,12 O=
f=228 S=87 M=FC,FC,B7,BD,BB,BF R=FC,12,B7,01,02,12 O=
f=229 S=87 M=FC,FC,B7,BD,BB,BF R=FC,12,B7,01,02,12 O=
f=230 S=87 M=FC,FC,B7,BD,BB,BF R=FC,12,B7,01,02,12 O=
f=231 S=87 M=FC,FC,B7,BD,BB,BF R=FC,12,B7,01,02,12 O=
f=232 S=87 M=FC,FC,B7,BD,BB,BF R=FC,12,B7,01,02,12 O=
f=233 S=87 M=FC,FC,B7,BD,BB,BF R=FC,12,B7,01,02,12 O=
f=234 S=87 M=FC,FC,B7,BD,BB,BF R=FC,12,B7,01,02,12 O=
f=235 S=87 M=FC,FC,B7,BD,BB,BF R=FC,12,B7,01,02,12 O=
f=236 S=87 M=FC,FC,B7,BD,BB,BF R=FC,12,B7,01,02,12 O=
f=237 S=87 M=FC,FC,B7,BD,BB,BF R=FC,12,B7,01,02,12 O=
f=238 S=87 M=FC,FC,B7,BD,BB,BF R=FC,12,B7,01,02,12 O=
f=239 S=87 M=FC,FC,B7,BD,BB,BF R=FC,12,B7,01,02,12 O=
f=240 S=87 M=FC,FC,B7,BD,BB,BF R=FC,12,B7,01,02,12 O=
f=241 S=87 M=FC,FC,B7,BD,BB,BF R=FC,12,B7,01,02,12 O=
f=242 S=87 M=FC,FC,B7,BD,BB,BF R=FC,12,B7,01,02,12 O=
f=243 S=87 M=FC,FC,B7,BD,BB,BF R=FC,12,B7,01,02,12 O=
f=244 S=87 M=FC,FC,B7,BD,BB,BF R=FC,12,B7,01,02,12 O=61/17/00;61/18/40;61/18/00;61/17/40
f=245 S=87 M=FC,FC,B7,BD,BB,BF R=FC,12,B7,01,02,12 O=62/17/00;62/18/40;62/18/00;62/17/40
f=246 S=87 M=FC,FC,B7,BD,BB,BF R=FC,12,B7,01,02,12 O=63/1F/00;63/20/40;63/20/00;63/1F/40
f=247 S=87 M=FC,FC,B7,BD,BB,BF R=FC,12,B7,01,02,12 O=64/1F/40;64/1F/00;64/20/40;64/20/00
f=248 S=87 M=FC,FC,B7,BD,BB,BF R=FC,12,B7,01,02,12 O=62/28/00;62/29/00;62/27/00
f=249 S=87 M=FC,FC,B7,BD,BB,BF R=FC,12,B7,01,02,12 O=63/27/00;63/28/00;63/29/00
f=250 S=87 M=FC,FC,B7,BD,BB,BF R=FC,12,B7,01,02,12 O=67/17/00;67/18/40;67/18/00;67/17/40
f=251 S=87 M=FC,FC,B7,BD,BB,BF R=FC,12,B7,01,02,12 O=60/16/40;60/16/00;60/15/40;68/17/00;68/18/40;68/18/00;68/17/40;60/15/00
f=252 S=87 M=FC,FC,B7,BD,BB,BF R=FC,12,B7,01,02,12 O=69/1F/40;61/1D/00;61/1E/40;61/1E/00;61/1D/40;69/1F/00;69/20/40;69/20/00
f=253 S=87 M=FC,FC,B7,BD,BB,BF R=FC,12,B7,01,02,12 O=6A/20/40;6A/20/00;6A/1F/40;62/1D/00;62/1E/40;62/1E/00;62/1D/40;6A/1F/00
f=254 S=87 M=FC,FC,B7,BD,BB,BF R=FC,12,B7,01,02,12 O=68/27/00;60/24/00;68/28/00;60/25/00;68/29/00;60/26/00
f=255 S=87 M=FC,FC,B7,BD,BB,BF R=FC,12,B7,01,02,12 O=69/29/00;61/26/00;69/27/00;61/24/00;69/28/00;61/25/00
f=256 S=87 M=FC,FC,B7,BD,BB,BF R=FC,12,B7,01,02,12 O=65/16/40;65/16/00;65/15/40;6D/17/00;6D/18/40;6D/18/00;6D/17/40;65/15/00
f=257 S=87 M=FC,FC,B7,BD,BB,BF R=FC,12,B7,01,02,12 O=6E/17/40;66/15/00;66/16/40;66/16/00;66/15/40;6E/17/00;6E/18/40;6E/18/00
f=258 S=87 M=FC,FC,B7,BD,BB,BF R=FC,12,B7,01,02,12 O=6F/20/40;6F/20/00;6F/1F/40;67/1D/00;67/1E/40;67/1E/00;67/1D/40;6F/1F/00
f=259 S=87 M=FC,FC,B7,BD,BB,BF R=FC,12,B7,01,02,12 O=68/1D/40;60/1B/00;70/1F/00;60/1C/40;70/20/40;60/1C/00;70/20/00;60/1B/40;70/1F/40;68/1D/00;68/1E/40;68/1E/00
f=260 S=87 M=FC,FC,B7,BD,BB,BF R=FC,12,B7,01,02,12 O=6E/29/00;66/26/00;6E/27/00;66/24/00;6E/28/00;66/25/00
f=261 S=87 M=FC,FC,B7,BD,BB,BF R=FC,12,B7,01,02,12 O=67/26/00;6F/27/00;67/24/00;6F/28/00;67/25/00;6F/29/00
f=262 S=87 M=FC,FC,B7,BD,BB,BF R=FC,12,B7,01,02,12 O=63/13/40;73/17/40;6B/15/00;6B/16/40;6B/16/00;6B/15/40;63/13/00;73/17/00;63/14/40;73/18/40;63/14/00;73/18/00
f=263 S=87 M=FC,FC,B7,BD,BB,BF R=FC,12,B7,01,02,12 O=64/14/40;74/18/40;64/14/00;74/18/00;64/13/40;74/17/40;6C/15/00;6C/16/40;6C/16/00;6C/15/40;64/13/00;74/17/00
f=264 S=87 M=FC,FC,B7,BD,BB,BF R=FC,12,B7,01,02,12 O=6D/1D/40;65/1B/00;75/1F/00;65/1C/40;75/20/40;65/1C/00;75/20/00;65/1B/40;75/1F/40;6D/1D/00;6D/1E/40;6D/1E/00
f=265 S=87 M=FC,FC,B7,BD,BB,BF R=FC,12,B7,01,02,12 O=6E/1E/40;6E/1E/00;6E/1D/40;66/1B/00;76/1F/00;66/1C/40;76/20/40;66/1C/00;76/20/00;66/1B/40;76/1F/40;6E/1D/00
f=266 S=87 M=FC,FC,B7,BD,BB,BF R=FC,12,B7,01,02,12 O=64/22/00;6C/26/00;64/23/00;74/27/00;6C/24/00;74/28/00;64/21/00;6C/25/00;74/29/00
f=267 S=87 M=FC,FC,B7,BD,BB,BF R=FC,12,B7,01,02,12 O=65/21/00;6D/25/00;75/29/00;65/22/00;6D/26/00;65/23/00;75/27/00;6D/24/00;75/28/00
f=268 S=87 M=FC,FC,B7,BD,BB,BF R=FC,12,B7,01,02,12 O=67/14/40;77/18/40;67/14/00;77/18/00;67/13/40;77/17/40;6F/15/00;6F/16/40;6F/16/00;6F/15/40;67/13/00;77/17/00
f=269 S=87 M=FC,FC,B7,BD,BB,BF R=FC,12,B7,01,02,12 O=6E/15/40;66/13/00;76/17/00;66/14/40;76/18/40;66/14/00;76/18/00;66/13/40;76/17/40;6E/15/00;6E/16/40;6E/16/00
f=270 S=87 M=FC,FC,B7,BD,BB,BF R=FC,12,B7,01,02,12 O=6D/1E/40;6D/1E/00;6D/1D/40;65/1B/00;75/1F/00;65/1C/40;75/20/40;65/1C/00;75/20/00;65/1B/40;75/1F/40;6D/1D/00
f=271 S=87 M=FC,FC,B7,BD,BB,BF R=FC,12,B7,01,02,12 O=6C/1E/40;6C/1E/00;6C/1D/40;64/1B/00;74/1F/00;64/1C/40;74/20/40;64/1C/00;74/20/00;64/1B/40;74/1F/40;6C/1D/00
f=272 S=87 M=FC,FC,B7,BD,BB,BF R=FC,12,B7,01,02,12 O=70/28/00;60/21/00;68/25/00;70/29/00;60/22/00;68/26/00;60/23/00;70/27/00;68/24/00
f=273 S=87 M=FC,FC,B7,BD,BB,BF R=FC,12,B7,01,02,12 O=6F/27/00;67/24/00;6F/28/00;67/25/00;6F/29/00;67/26/00
f=274 S=87 M=FC,FC,B7,BD,BB,BF R=FC,12,B7,01,02,12 O=69/16/00;69/15/40;61/13/00;71/17/00;61/14/40;71/18/40;61/14/00;71/18/00;61/13/40;71/17/40;69/15/00;69/16/40
f=275 S=87 M=FC,FC,B7,BD,BB,BF R=FC,12,B7,01,02,12 O=68/15/00;68/16/40;68/16/00;68/15/40;60/13/00;70/17/00;60/14/40;70/18/40;60/14/00;70/18/00;60/13/40;70/17/40
f=276 S=87 M=FC,FC,B7,BD,BB,BF R=FC,12,B7,01,02,12 O=67/1E/40;67/1E/00;67/1D/40;6F/1F/00;6F/20/40;6F/20/00;6F/1F/40;67/1D/00
f=277 S=87 M=FC,FC,B7,BD,BB,BF R=FC,12,B7,01,02,12 O=6E/20/00;6E/1F/40;66/1D/00;66/1E/40;66/1E/00;66/1D/40;6E/1F/00;6E/20/40
f=278 S=87 M=FC,FC,B7,BD,BB,BF R=FC,12,B7,01,02,12 O=6A/27/00;62/24/00;6A/28/00;62/25/00;6A/29/00;62/26/00
f=279 S=87 M=FC,FC,B7,BD,BB,BF R=FC,12,B7,01,02,12 O=61/26/00;69/27/00;61/24/00;69/28/00;61/25/00;69/29/00
f=280 S=87 M=FC,FC,B7,BD,BB,BF R=FC,12,B7,01,02,12 O=6B/17/40;63/15/00;63/16/40;63/16/00;63/15/40;6B/17/00;6B/18/40;6B/18/00
f=281 S=87 M=FC,FC,B7,BD,BB,BF R=FC,12,B7,01,02,12 O=62/16/40;62/16/00;62/15/40;6A/17/00;6A/18/40;6A/18/00;6A/17/40;62/15/00
f=282 S=87 M=FC,FC,B7,BD,BB,BF R=FC,12,B7,01,02,12 O=69/20/00;69/1F/40;61/1D/00;61/1E/40;61/1E/00;61/1D/40;69/1F/00;69/20/40
f=283 S=87 M=FC,FC,B7,BD,BB,BF R=FC,12,B7,01,02,12 O=68/1F/00;68/20/40;68/20/00;68/1F/40;60/1D/00;60/1E/40;60/1E/00;60/1D/40
f=284 S=87 M=FC,FC,B7,BD,BB,BF R=FC,12,B7,01,02,12 O=64/27/00;64/28/00;64/29/00
f=285 S=87 M=FC,FC,B7,BD,BB,BF R=FC,12,B7,01,02,12 O=63/29/00;63/27/00;63/28/00
f=286 S=87 M=FC,FC,B7,BD,BB,BF R=FC,12,B7,01,02,12 O=65/17/00;65/18/40;65/18/00;65/17/40
f=287 S=87 M=FC,FC,B7,BD,BB,BF R=FC,12,B7,01,02,12 O=64/18/00;64/17/40;64/17/00;64/18/40
f=288 S=87 M=FC,FC,B7,BD,BB,BF R=FC,12,B7,01,02,12 O=63/1F/00;63/20/40;63/20/00;63/1F/40
f=289 S=87 M=FC,FC,B7,BD,BB,BF R=FC,12,B7,01,02,12 O=62/1F/00;62/20/40;62/20/00;62/1F/40
f=290 S=87 M=FC,FC,B7,BD,BB,BF R=FC,12,B7,01,02,12 O=
f=291 S=87 M=FC,FC,B7,BD,BB,BF R=FC,12,B7,01,02,12 O=
f=292 S=87 M=FC,FC,B7,BD,BB,BF R=FC,12,B7,01,02,12 O=
f=293 S=87 M=FC,FC,B7,BD,BB,BF R=FC,12,B7,01,02,12 O=
f=294 S=87 M=FC,FC,B7,BD,BB,BF R=FC,12,B7,01,02,12 O=
f=295 S=87 M=FC,FC,B7,BD,BB,BF R=FC,12,B7,01,02,12 O=
f=296 S=87 M=FC,FC,B7,BD,BB,BF R=FC,12,B7,01,02,12 O=
f=297 S=87 M=FC,FC,B7,BD,BB,BF R=FC,12,B7,01,02,12 O=
f=298 S=87 M=FC,FC,B7,BD,BB,BF R=FC,12,B7,01,02,12 O=60/07/80;60/06/80;60/06/C0
f=299 S=87 M=FC,FC,B7,BD,BB,BF R=FC,12,B7,01,02,12 O=60/06/C0;60/07/80;60/06/80
f=300 S=87 M=FC,FC,B7,BD,BB,BF R=FC,12,B7,01,02,12 O=60/0A/80;60/0B/80;60/0A/C0
f=301 S=87 M=FC,FC,B7,BD,BB,BF R=FC,12,B7,01,02,12 O=60/0A/C0;60/0A/80;60/0B/80
f=302 S=87 M=FC,FC,B7,BD,BB,BF R=FC,12,B7,01,02,12 O=65/29/00;65/27/00;65/28/00
f=303 S=87 M=FC,FC,B7,BD,BB,BF R=FC,12,B7,01,02,12 O=65/28/00;65/29/00;65/27/00
f=304 S=87 M=FC,FC,B7,BD,BB,BF R=FC,12,B7,01,02,12 O=
f=305 S=87 M=FC,FC,B7,BD,BB,BF R=FC,12,B7,01,02,12 O=
f=306 S=87 M=FC,FC,B7,BD,BB,BF R=FC,12,B7,01,02,12 O=
f=307 S=87 M=FC,FC,B7,BD,BB,BF R=FC,12,B7,01,02,12 O=
f=308 S=87 M=FC,FC,B7,BD,BB,BF R=FC,12,B7,01,02,12 O=
f=309 S=87 M=FC,FC,B7,BD,BB,BF R=FC,12,B7,01,02,12 O=
f=310 S=87 M=FC,FC,B7,BD,BB,BF R=FC,12,B7,01,02,12 O=
f=311 S=87 M=FC,FC,B7,BD,BB,BF R=FC,12,B7,01,02,12 O=
f=312 S=87 M=FC,FC,B7,BD,BB,BF R=FC,12,B7,01,02,12 O=
f=313 S=87 M=FC,FC,B7,BD,BB,BF R=FC,12,B7,01,02,12 O=
f=314 S=87 M=FC,FC,B7,BD,BB,BF R=FC,12,B7,01,02,12 O=
f=315 S=87 M=FC,FC,B7,BD,BB,BF R=FC,12,B7,01,02,12 O=
f=316 S=87 M=FC,FC,B7,BD,BB,BF R=FC,12,B7,01,02,12 O=
f=317 S=87 M=FC,FC,B7,BD,BB,BF R=FC,12,B7,01,02,12 O=
f=318 S=87 M=FC,FC,B7,BD,BB,BF R=FC,12,B7,01,02,12 O=
f=319 S=87 M=FC,FC,B7,BD,BB,BF R=FC,12,B7,01,02,12 O=
f=320 S=87 M=FC,FC,B7,BD,BB,BF R=FC,12,B7,01,02,12 O=7D/0E/00
f=321 S=87 M=FC,FC,B7,BD,BB,BF R=FC,12,B7,01,02,12 O=7D/0E/00
f=322 S=87 M=FC,FC,B7,BD,BB,BF R=FC,12,B7,01,02,12 O=7D/0F/00
f=323 S=87 M=FC,FC,B7,BD,BB,BF R=FC,12,B7,01,02,12 O=7D/0F/00
f=324 S=87 M=FC,FC,B7,BD,BB,BF R=FC,12,B7,01,02,12 O=79/10/40;81/10/80;81/10/C0;79/10/00
f=325 S=87 M=FC,FC,B7,BD,BB,BF R=FC,12,B7,01,02,12 O=79/10/40;81/10/80;81/10/C0;79/10/00
f=326 S=87 M=FC,FC,B7,BD,BB,BF R=FC,12,B7,01,02,12 O=75/06/00;60/27/00;75/06/40;85/06/C0;75/07/00;60/28/00;85/07/80;7D/08/00;60/29/00;7D/08/40;7D/09/00;85/06/80
f=327 S=87 M=FC,FC,B7,BD,BB,BF R=FC,12,B7,01,02,12 O=7D/09/00;85/06/80;75/06/00;60/27/00;75/06/40;85/06/C0;75/07/00;60/28/00;85/07/80;7D/08/00;60/29/00;7D/08/40
f=328 S=87 M=FC,FC,B7,BD,BB,BF R=FC,12,B7,01,02,12 O=7A/0E/00;7D/0C/00;7D/0C/40;7D/0D/00;85/0A/C0;75/0A/00;75/0A/40;85/0A/80;75/0B/00;85/0B/80
f=329 S=87 M=FC,FC,B7,BD,BB,BF R=FC,12,B7,01,02,12 O=85/0A/80;75/0B/00;85/0B/80;7A/0E/00;7D/0C/00;7D/0C/40;7D/0D/00;85/0A/C0;75/0A/00;75/0A/40
f=330 S=87 M=FC,FC,B7,BD,BB,BF R=FC,12,B7,01,02,12 O=7A/0F/00;68/08/00;7A/23/00;8A/27/00;70/06/80;82/24/00;8A/28/00;7A/21/00;82/25/00;8A/29/00;60/06/00;7A/22/00;82/26/00
f=331 S=87 M=FC,FC,B7,BD,BB,BF R=FC,12,B7,01,02,12 O=8A/29/00;60/06/00;7A/22/00;82/26/00;7A/0F/00;68/08/00;7A/23/00;8A/27/00;70/06/80;82/24/00;8A/28/00;7A/21/00;82/25/00
f=332 S=87 M=FC,FC,B7,BD,BB,BF R=FC,12,B7,01,02,12 O=7E/10/C0;60/0A/00;76/10/00;68/0C/00;76/10/40;70/0A/80;7E/10/80
f=333 S=87 M=FC,FC,B7,BD,BB,BF R=FC,12,B7,01,02,12 O=70/0A/80;7E/10/80;7E/10/C0;60/0A/00;76/10/00;68/0C/00;76/10/40
f=334 S=87 M=FC,FC,B7,BD,BB,BF R=FC,12,B7,01,02,12 O=72/06/40;82/06/C0;6D/24/00;72/07/00;82/07/80;75/27/00;7A/08/00;7A/08/40;7A/09/00;82/06/80;65/21/00;72/06/00
f=335 S=87 M=FC,FC,B7,BD,BB,BF R=FC,12,B7,01,02,12 O=72/06/40;82/06/C0;6D/24/00;72/07/00;82/07/80;75/27/00;7A/08/00;7A/08/40;7A/09/00;82/06/80;65/21/00;72/06/00
f=336 S=87 M=FC,FC,B7,BD,BB,BF R=FC,12,B7,01,02,12 O=7A/0C/00;7A/0C/40;7A/0D/00;82/0A/C0;72/0A/00;72/0A/40;82/0A/80;72/0B/00;82/0B/80
f=337 S=87 M=FC,FC,B7,BD,BB,BF R=FC,12,B7,01,02,12 O=72/0B/00;82/0B/80;7A/0C/00;7A/0C/40;7A/0D/00;82/0A/C0;72/0A/00;72/0A/40;82/0A/80
f=338 S=87 M=FC,FC,B7,BD,BB,BF R=FC,12,B7,01,02,12 O=7F/24/00;87/28/00;77/21/00;7F/25/00;87/29/00;77/22/00;7F/26/00;77/23/00;87/27/00
f=339 S=87 M=FC,FC,B7,BD,BB,BF R=FC,12,B7,01,02,12 O=77/23/00;87/27/00;7F/24/00;87/28/00;77/21/00;7F/25/00;87/29/00;77/22/00;7F/26/00
f=340 S=87 M=FC,FC,B7,BD,BB,BF R=FC,12,B7,01,02,12 O=8A/17/00;7A/14/40;7A/14/00;8A/18/00;7A/13/40;72/11/00;62/10/80;82/15/00;72/12/40;82/16/40;72/12/00;62/10/C0;82/16/00;72/11/40;82/15/40;7A/13/00
f=341 S=87 M=FC,FC,B7,BD,BB,BF R=FC,12,B7,01,02,12 O=82/16/00;72/11/40;82/15/40;7A/13/00;8A/17/00;7A/14/40;7A/14/00;8A/18/00;7A/13/40;72/11/00;62/10/80;82/15/00;72/12/40;82/16/40;72/12/00;62/10/C0
f=342 S=87 M=FC,FC,B7,BD,BB,BF R=FC,12,B7,01,02,12 O=7A/1C/00;8A/20/00;72/19/00;66/06/80;82/1D/00;72/1A/40;72/1A/00;66/06/C0;82/1E/00;66/07/80;7A/1B/00;8A/1F/00
f=343 S=87 M=FC,FC,B7,BD,BB,BF R=FC,12,B7,01,02,12 O=66/07/80;7A/1B/00;8A/1F/00;7A/1C/00;8A/20/00;72/19/00;66/06/80;82/1D/00;72/1A/40;72/1A/00;66/06/C0;82/1E/00
f=344 S=87 M=FC,FC,B7,BD,BB,BF R=FC,12,B7,01,02,12 O=66/0A/80;66/0B/80;77/21/00;66/0A/C0;77/22/00
f=345 S=87 M=FC,FC,B7,BD,BB,BF R=FC,12,B7,01,02,12 O=66/0A/80;66/0B/80;77/21/00;66/0A/C0;77/22/00
f=346 S=87 M=FC,FC,B7,BD,BB,BF R=FC,12,B7,01,02,12 O=6B/28/00;72/12/00;63/25/00;6B/29/00;63/26/00;6B/27/00;72/11/00;63/24/00
f=347 S=87 M=FC,FC,B7,BD,BB,BF R=FC,12,B7,01,02,12 O=6B/27/00;72/11/00;63/24/00;6B/28/00;72/12/00;63/25/00;6B/29/00;63/26/00
f=348 S=87 M=FC,FC,B7,BD,BB,BF R=FC,12,B7,01,02,12 O=66/16/00;66/15/40;6E/17/00;72/19/00;6E/18/40;6E/18/00;72/1A/00;6E/17/40;66/15/00;66/16/40
f=349 S=87 M=FC,FC,B7,BD,BB,BF R=FC,12,B7,01,02,12 O=72/1A/00;6E/17/40;66/15/00;66/16/40;66/16/00;66/15/40;6E/17/00;72/19/00;6E/18/40;6E/18/00
f=350 S=87 M=FC,FC,B7,BD,BB,BF R=FC,12,B7,01,02,12 O=66/1E/40;66/1E/00;66/1D/40;6E/1F/00;6E/20/40;6E/20/00;6E/1F/40;66/1D/00
f=351 S=87 M=FC,FC,B7,BD,BB,BF R=FC,12,B7,01,02,12 O=6E/20/00;6E/1F/40;66/1D/00;66/1E/40;66/1E/00;66/1D/40;6E/1F/00;6E/20/40
f=352 S=87 M=FC,FC,B7,BD,BB,BF R=FC,12,B7,01,02,12 O=6B/27/00;72/11/00;63/24/00;6B/28/00;72/12/00;63/25/00;6B/29/00;63/26/00
f=353 S=87 M=FC,FC,B7,BD,BB,BF R=FC,12,B7,01,02,12 O=63/26/00;6B/27/00;72/11/00;63/24/00;6B/28/00;72/12/00;63/25/00;6B/29/00
f=354 S=87 M=FC,FC,B7,BD,BB,BF R=FC,12,B7,01,02,12 O=72/1A/00;6E/17/40;66/15/00;66/16/40;66/16/00;66/15/40;6E/17/00;72/19/00;6E/18/40;6E/18/00
f=355 S=87 M=FC,FC,B7,BD,BB,BF R=FC,12,B7,01,02,12 O=66/15/00;66/16/40;66/16/00;66/15/40;6E/17/00;72/19/00;6E/18/40;6E/18/00;72/1A/00;6E/17/40
f=356 S=87 M=FC,FC,B7,BD,BB,BF R=FC,12,B7,01,02,12 O=6E/20/00;6E/1F/40;66/1D/00;66/1E/40;66/1E/00;66/1D/40;6E/1F/00;6E/20/40
f=357 S=87 M=FC,FC,B7,BD,BB,BF R=FC,12,B7,01,02,12 O=6E/1F/00;6E/20/40;6E/20/00;6E/1F/40;66/1D/00;66/1E/40;66/1E/00;66/1D/40
f=358 S=87 M=FC,FC,B7,BD,BB,BF R=FC,12,B7,01,02,12 O=63/26/00;6B/27/00;72/06/00;63/24/00;6B/28/00;72/07/00;63/25/00;6B/29/00
f=359 S=87 M=FC,FC,B7,BD,BB,BF R=FC,12,B7,01,02,12 O=72/07/00;63/25/00;6B/29/00;63/26/00;6B/27/00;72/06/00;63/24/00;6B/28/00
f=360 S=87 M=FC,FC,B7,BD,BB,BF R=FC,12,B7,01,02,12 O=6E/17/40;66/15/00;66/16/40;66/16/00;66/15/40;6E/17/00;76/10/00;6E/18/40;6E/18/00;76/10/40
f=361 S=87 M=FC,FC,B7,BD,BB,BF R=FC,12,B7,01,02,12 O=6E/18/40;6E/18/00;76/10/40;6E/17/40;66/15/00;66/16/40;66/16/00;66/15/40;6E/17/00;76/10/00
f=362 S=87 M=FC,FC,B7,BD,BB,BF R=FC,12,B7,01,02,12 O=66/1D/40;6E/1F/00;7A/0F/00;6E/20/40;6E/20/00;6E/1F/40;66/1D/00;66/1E/40;66/1E/00
f=363 S=87 M=FC,FC,B7,BD,BB,BF R=FC,12,B7,01,02,12 O=66/1E/40;66/1E/00;66/1D/40;6E/1F/00;7A/0F/00;6E/20/40;6E/20/00;6E/1F/40;66/1D/00
f=364 S=87 M=FC,FC,B7,BD,BB,BF R=FC,12,B7,01,02,12 O=66/0B/80;7A/0E/00;66/0A/C0;66/0A/80
f=365 S=87 M=FC,FC,B7,BD,BB,BF R=FC,12,B7,01,02,12 O=66/0A/80;66/0B/80;7A/0E/00;66/0A/C0
f=366 S=87 M=FC,FC,B7,BD,BB,BF R=FC,12,B7,01,02,12 O=66/06/80;66/06/C0;66/07/80
f=367 S=87 M=FC,FC,B7,BD,BB,BF R=FC,12,B7,01,02,12 O=66/06/80;66/06/C0;66/07/80
f=368 S=87 M=FC,FC,B7,BD,BB,BF R=FC,12,B7,01,02,12 O=62/10/80;62/10/C0
f=369 S=87 M=FC,FC,B7,BD,BB,BF R=FC,12,B7,01,02,12 O=62/10/80;62/10/C0
f=370 S=87 M=FC,FC,B7,BD,BB,BF R=FC,12,B7,01,02,12 O=
f=371 S=87 M=FC,FC,B7,BD,BB,BF R=FC,12,B7,01,02,12 O=
f=372 S=87 M=FC,FC,B7,BD,BB,BF R=FC,12,B7,01,02,12 O=
f=373 S=87 M=FC,FC,B7,BD,BB,BF R=FC,12,B7,01,02,12 O=
f=374 S=87 M=FC,FC,B7,BD,BB,BF R=FC,12,B7,01,02,12 O=
f=375 S=87 M=FC,FC,B7,BD,BB,BF R=FC,12,B7,01,02,12 O=
f=376 S=87 M=FC,FC,B7,BD,BB,BF R=FC,12,B7,01,02,12 O=
f=377 S=87 M=FC,FC,B7,BD,BB,BF R=FC,12,B7,01,02,12 O=
f=378 S=87 M=FC,FC,B7,BD,BB,BF R=FC,12,B7,01,02,12 O=
f=379 S=87 M=FC,FC,B7,BD,BB,BF R=FC,12,B7,01,02,12 O=
f=380 S=87 M=FC,FC,B7,BD,BB,BF R=FC,0B,B7,01,02,0B O=
f=381 S=87 M=FC,FC,B7,BD,BB,BF R=FC,0B,B7,01,02,0B O=
f=382 S=87 M=FC,FC,B7,BD,BB,BF R=FC,0B,B7,01,02,0B O=
f=383 S=87 M=FC,FC,B7,BD,BB,BF R=FC,0B,B7,01,02,0B O=
f=384 S=87 M=FC,FC,B7,BD,BB,BF R=FC,0B,B7,01,02,0B O=
f=385 S=87 M=FC,FC,B7,BD,BB,BF R=FC,0B,B7,01,02,0B O=
f=386 S=87 M=FC,FC,B7,BD,BB,BF R=FC,0B,B7,01,02,0B O=
f=387 S=87 M=FC,FC,B7,BD,BB,BF R=FC,0B,B7,01,02,0B O=
f=388 S=87 M=FC,FC,B7,BD,BB,BF R=FC,0B,B7,01,02,0B O=
f=389 S=87 M=FC,FC,B7,BD,BB,BF R=FC,0B,B7,01,02,0B O=
f=390 S=87 M=FC,FC,B7,BD,BB,BF R=FC,0B,B7,01,02,0B O=
