f=190 S=87 M=FC,FC,B7,BD,BB,BF R=FC,12,B7,01,02,12 O=
f=191 S=87 M=FC,FC,B7,BD,BB,BF R=FC,12,B7,01,02,12 O=
f=192 S=87 M=FC,FC,B7,BD,BB,BF R=FC,12,B7,01,02,12 O=
f=193 S=87 M=FC,FC,B7,BD,BB,BF R=FC,12,B7,01,02,12 O=
f=194 S=87 M=FC,FC,B7,BD,BB,BF R=FC,12,B7,01,02,12 O=
f=195 S=87 M=FC,FC,B7,BD,BB,BF R=FC,12,B7,01,02,12 O=
f=196 S=87 M=FC,FC,B7,BD,BB,BF R=FC,12,B7,01,02,12 O=
f=197 S=87 M=FC,FC,B7,BD,BB,BF R=FC,12,B7,01,02,12 O=
f=198 S=87 M=FC,FC,B7,BD,BB,BF R=FC,12,B7,01,02,12 O=
f=199 S=87 M=FC,FC,B7,BD,BB,BF R=FC,12,B7,01,02,12 O=
f=200 S=87 M=FC,FC,B7,BD,BB,BF R=FC,12,B7,01,02,12 O=
f=201 S=87 M=FC,FC,B7,BD,BB,BF R=FC,12,B7,01,02,12 O=
f=202 S=87 M=FC,FC,B7,BD,BB,BF R=FC,12,B7,01,02,12 O=
f=203 S=87 M=FC,FC,B7,BD,BB,BF R=FC,12,B7,01,02,12 O=
f=204 S=87 M=FC,FC,B7,BD,BB,BF R=FC,12,B7,01,02,12 O=
f=205 S=87 M=FC,FC,B7,BD,BB,BF R=FC,12,B7,01,02,12 O=
f=206 S=87 M=FC,FC,B7,BD,BB,BF R=FC,12,B7,01,02,12 O=
f=207 S=87 M=FC,FC,B7,BD,BB,BF R=FC,12,B7,01,02,12 O=
f=208 S=87 M=FC,FC,B7,BD,BB,BF R=FC,12,B7,01,02,12 O=
f=209 S=87 M=FC,FC,B7,BD,BB,BF R=FC,12,B7,01,02,12 O=
f=210 S=87 M=FC,FC,B7,BD,BB,BF R=FC,12,B7,01,02,12 O=
f=211 S=87 M=FC,FC,B7,BD,BB,BF R=FC,12,B7,01,02,12 O=
f=212 S=87 M=FC,FC,B7,BD,BB,BF R=FC,12,B7,01,02,12 O=
f=213 S=87 M=FC,FC,B7,BD,BB,BF R=FC,12,B7,01,02,12 O=
f=214 S=87 M=FC,FC,B7,BD,BB,BF R=FC,12,B7,01,02,12 O=
f=215 S=87 M=FC,FC,B7,BD,BB,BF R=FC,12,B7,01,02,12 O=
f=216 S=87 M=FC,FC,B7,BD,BB,BF R=FC,12,B7,01,02,12 O=
f=217 S=87 M=FC,FC,B7,BD,BB,BF R=FC,12,B7,01,02,12 O=
f=218 S=87 M=FC,FC,B7,BD,BB,BF R=FC,12,B7,01,02,12 O=
f=219 S=87 M=FC,FC,B7,BD,BB,BF R=FC,12,B7,01,02,12 O=
f=220 S=87 M=FC,FC,B7,BD,BB,BF R=FC,12,B7,01,02,12 O=
f=221 S=87 M=FC,FC,B7,BD,BB,BF R=FC,12,B7,01,02,12 O=
f=222 S=87 M=FC,FC,B7,BD,BB,BF R=FC,12,B7,01,02,12 O=
f=223 S=87 M=FC,FC,B7,BD,BB,BF R=FC,12,B7,01,02,12 O=
f=224 S=87 M=FC,FC,B7,BD,BB,BF R=FC,12,B7,01,02,12 O=
f=225 S=87 M=FC,FC,B7,BD,BB,BF R=FC,12,B7,01,02,12 O=
f=226 S=87 M=FC,FC,B7,BD,BB,BF R=FC,12,B7,01,02,12 O=
f=227 S=87 M=FC,FC,B7,BD,BB,BF R=FC,12,B7,01,02,12 O=
f=228 S=87 M=FC,FC,B7,BD,BB,BF R=FC,12,B7,01,02,12 O=
f=229 S=87 M=FC,FC,B7,BD,BB,BF R=FC,12,B7,01,02,12 O=
f=230 S=87 M=FC,FC,B7,BD,BB,BF R=FC,12,B7,01,02,12 O=
f=231 S=87 M=FC,FC,B7,BD,BB,BF R=FC,12,B7,01,02,12 O=
f=232 S=87 M=FC,FC,B7,BD,BB,BF R=FC,12,B7,01,02,12 O=
f=233 S=87 M=FC,FC,B7,BD,BB,BF R=FC,12,B7,01,02,12 O=
f=234 S=87 M=FC,FC,B7,BD,BB,BF R=FC,12,B7,01,02,12 O=
f=235 S=87 M=FC,FC,B7,BD,BB,BF R=FC,12,B7,01,02,12 O=
f=236 S=87 M=FC,FC,B7,BD,BB,BF R=FC,12,B7,01,02,12 O=
f=237 S=87 M=FC,FC,B7,BD,BB,BF R=FC,12,B7,01,02,12 O=
f=238 S=87 M=FC,FC,B7,BD,BB,BF R=FC,12,B7,01,02,12 O=
f=239 S=87 M=FC,FC,B7,BD,BB,BF R=FC,12,B7,01,02,12 O=
f=240 S=87 M=FC,FC,B7,BD,BB,BF R=FC,12,B7,01,02,12 O=
f=241 S=87 M=FC,FC,B7,BD,BB,BF R=FC,12,B7,01,02,12 O=
f=242 S=87 M=FC,FC,B7,BD,BB,BF R=FC,12,B7,01,02,12 O=
f=243 S=87 M=FC,FC,B7,BD,BB,BF R=FC,12,B7,01,02,12 O=
f=244 S=87 M=FC,FC,B7,BD,BB,BF R=FC,12,B7,01,02,12 O=61/E7/00;61/E8/40;61/E8/00;61/E7/40
f=245 S=87 M=FC,FC,B7,BD,BB,BF R=FC,12,B7,01,02,12 O=62/E7/00;62/E8/40;62/E8/00;62/E7/40
f=246 S=87 M=FC,FC,B7,BD,BB,BF R=FC,12,B7,01,02,12 O=63/EF/00;63/D0/40;63/F0/00;63/EF/40
f=247 S=87 M=FC,FC,B7,BD,BB,BF R=FC,12,B7,01,02,12 O=64/EF/40;64/EF/00;64/D0/40;64/F0/00
f=248 S=87 M=FC,FC,B7,BD,BB,BF R=FC,12,B7,01,02,12 O=62/D8/00;62/D9/00;62/D7/00
f=249 S=87 M=FC,FC,B7,BD,BB,BF R=FC,12,B7,01,02,12 O=63/D7/00;63/D8/00;63/D9/00
f=250 S=87 M=FC,FC,B7,BD,BB,BF R=FC,12,B7,01,02,12 O=67/E7/00;67/E8/40;67/E8/00;67/E7/40
f=251 S=87 M=FC,FC,B7,BD,BB,BF R=FC,12,B7,01,02,12 O=60/E6/40;60/E6/00;60/E5/40;68/E7/00;68/E8/40;68/E8/00;68/E7/40;60/E5/00
f=252 S=87 M=FC,FC,B7,BD,BB,BF R=FC,12,B7,01,02,12 O=69/EF/40;61/ED/00;61/EE/40;61/EE/00;61/ED/40;69/EF/00;69/D0/40;69/F0/00
f=253 S=87 M=FC,FC,B7,BD,BB,BF R=FC,12,B7,01,02,12 O=6A/D0/40;6A/F0/00;6A/EF/40;62/ED/00;62/EE/40;62/EE/00;62/ED/40;6A/EF/00
f=254 S=87 M=FC,FC,B7,BD,BB,BF R=FC,12,B7,01,02,12 O=68/D7/00;60/D4/00;68/D8/00;60/D5/00;68/D9/00;60/D6/00
f=255 S=87 M=FC,FC,B7,BD,BB,BF R=FC,12,B7,01,02,12 O=69/D9/00;61/D6/00;69/D7/00;61/D4/00;69/D8/00;61/D5/00
f=256 S=87 M=FC,FC,B7,BD,BB,BF R=FC,12,B7,01,02,12 O=65/E6/40;65/E6/00;65/E5/40;6D/E7/00;6D/E8/40;6D/E8/00;6D/E7/40;65/E5/00
f=257 S=87 M=FC,FC,B7,BD,BB,BF R=FC,12,B7,01,02,12 O=6E/E7/40;66/E5/00;66/E6/40;66/E6/00;66/E5/40;6E/E7/00;6E/E8/40;6E/E8/00
f=258 S=87 M=FC,FC,B7,BD,BB,BF R=FC,12,B7,01,02,12 O=6F/D0/40;6F/F0/00;6F/EF/40;67/ED/00;67/EE/40;67/EE/00;67/ED/40;6F/EF/00
f=259 S=87 M=FC,FC,B7,BD,BB,BF R=FC,12,B7,01,02,12 O=68/ED/40;60/EB/00;70/EF/00;60/EC/40;70/D0/40;60/EC/00;70/F0/00;60/EB/40;70/EF/40;68/ED/00;68/EE/40;68/EE/00
f=260 S=87 M=FC,FC,B7,BD,BB,BF R=FC,12,B7,01,02,12 O=6E/D9/00;66/D6/00;6E/D7/00;66/D4/00;6E/D8/00;66/D5/00
f=261 S=87 M=FC,FC,B7,BD,BB,BF R=FC,12,B7,01,02,12 O=67/D6/00;6F/D7/00;67/D4/00;6F/D8/00;67/D5/00;6F/D9/00
f=262 S=87 M=FC,FC,B7,BD,BB,BF R=FC,12,B7,01,02,12 O=63/E3/40;73/E7/40;6B/E5/00;6B/E6/40;6B/E6/00;6B/E5/40;63/E3/00;73/E7/00;63/E4/40;73/E8/40;63/E4/00;73/E8/00
f=263 S=87 M=FC,FC,B7,BD,BB,BF R=FC,12,B7,01,02,12 O=64/E4/40;74/E8/40;64/E4/00;74/E8/00;64/E3/40;74/E7/40;6C/E5/00;6C/E6/40;6C/E6/00;6C/E5/40;64/E3/00;74/E7/00
f=264 S=87 M=FC,FC,B7,BD,BB,BF R=FC,12,B7,01,02,12 O=6D/ED/40;65/EB/00;75/EF/00;65/EC/40;75/D0/40;65/EC/00;75/F0/00;65/EB/40;75/EF/40;6D/ED/00;6D/EE/40;6D/EE/00
f=265 S=87 M=FC,FC,B7,BD,BB,BF R=FC,12,B7,01,02,12 O=6E/EE/40;6E/EE/00;6E/ED/40;66/EB/00;76/EF/00;66/EC/40;76/D0/40;66/EC/00;76/F0/00;66/EB/40;76/EF/40;6E/ED/00
f=266 S=87 M=FC,FC,B7,BD,BB,BF R=FC,12,B7,01,02,12 O=64/D2/00;6C/D6/00;64/D3/00;74/D7/00;6C/D4/00;74/D8/00;64/D1/00;6C/D5/00;74/D9/00
f=267 S=87 M=FC,FC,B7,BD,BB,BF R=FC,12,B7,01,02,12 O=65/D1/00;6D/D5/00;75/D9/00;65/D2/00;6D/D6/00;65/D3/00;75/D7/00;6D/D4/00;75/D8/00
f=268 S=87 M=FC,FC,B7,BD,BB,BF R=FC,12,B7,01,02,12 O=67/E4/40;77/E8/40;67/E4/00;77/E8/00;67/E3/40;77/E7/40;6F/E5/00;6F/E6/40;6F/E6/00;6F/E5/40;67/E3/00;77/E7/00
f=269 S=87 M=FC,FC,B7,BD,BB,BF R=FC,12,B7,01,02,12 O=6E/E5/40;66/E3/00;76/E7/00;66/E4/40;76/E8/40;66/E4/00;76/E8/00;66/E3/40;76/E7/40;6E/E5/00;6E/E6/40;6E/E6/00
f=270 S=87 M=FC,FC,B7,BD,BB,BF R=FC,12,B7,01,02,12 O=6D/EE/40;6D/EE/00;6D/ED/40;65/EB/00;75/EF/00;65/EC/40;75/D0/40;65/EC/00;75/F0/00;65/EB/40;75/EF/40;6D/ED/00
f=271 S=87 M=FC,FC,B7,BD,BB,BF R=FC,12,B7,01,02,12 O=6C/EE/40;6C/EE/00;6C/ED/40;64/EB/00;74/EF/00;64/EC/40;74/D0/40;64/EC/00;74/F0/00;64/EB/40;74/EF/40;6C/ED/00
f=272 S=87 M=FC,FC,B7,BD,BB,BF R=FC,12,B7,01,02,12 O=70/D8/00;60/D1/00;68/D5/00;70/D9/00;60/D2/00;68/D6/00;60/D3/00;70/D7/00;68/D4/00
f=273 S=87 M=FC,FC,B7,BD,BB,BF R=FC,12,B7,01,02,12 O=6F/D7/00;67/D4/00;6F/D8/00;67/D5/00;6F/D9/00;67/D6/00
f=274 S=87 M=FC,FC,B7,BD,BB,BF R=FC,12,B7,01,02,12 O=69/E6/00;69/E5/40;61/E3/00;71/E7/00;61/E4/40;71/E8/40;61/E4/00;71/E8/00;61/E3/40;71/E7/40;69/E5/00;69/E6/40
f=275 S=87 M=FC,FC,B7,BD,BB,BF R=FC,12,B7,01,02,12 O=68/E5/00;68/E6/40;68/E6/00;68/E5/40;60/E3/00;70/E7/00;60/E4/40;70/E8/40;60/E4/00;70/E8/00;60/E3/40;70/E7/40
f=276 S=87 M=FC,FC,B7,BD,BB,BF R=FC,12,B7,01,02,12 O=67/EE/40;67/EE/00;67/ED/40;6F/EF/00;6F/D0/40;6F/F0/00;6F/EF/40;67/ED/00
f=277 S=87 M=FC,FC,B7,BD,BB,BF R=FC,12,B7,01,02,12 O=6E/F0/00;6E/EF/40;66/ED/00;66/EE/40;66/EE/00;66/ED/40;6E/EF/00;6E/D0/40
f=278 S=87 M=FC,FC,B7,BD,BB,BF R=FC,12,B7,01,02,12 O=6A/D7/00;62/D4/00;6A/D8/00;62/D5/00;6A/D9/00;62/D6/00
f=279 S=87 M=FC,FC,B7,BD,BB,BF R=FC,12,B7,01,02,12 O=61/D6/00;69/D7/00;61/D4/00;69/D8/00;61/D5/00;69/D9/00
f=280 S=87 M=FC,FC,B7,BD,BB,BF R=FC,12,B7,01,02,12 O=6B/E7/40;63/E5/00;63/E6/40;63/E6/00;63/E5/40;6B/E7/00;6B/E8/40;6B/E8/00
f=281 S=87 M=FC,FC,B7,BD,BB,BF R=FC,12,B7,01,02,12 O=62/E6/40;62/E6/00;62/E5/40;6A/E7/00;6A/E8/40;6A/E8/00;6A/E7/40;62/E5/00
f=282 S=87 M=FC,FC,B7,BD,BB,BF R=FC,12,B7,01,02,12 O=69/F0/00;69/EF/40;61/ED/00;61/EE/40;61/EE/00;61/ED/40;69/EF/00;69/D0/40
f=283 S=87 M=FC,FC,B7,BD,BB,BF R=FC,12,B7,01,02,12 O=68/EF/00;68/D0/40;68/F0/00;68/EF/40;60/ED/00;60/EE/40;60/EE/00;60/ED/40
f=284 S=87 M=FC,FC,B7,BD,BB,BF R=FC,12,B7,01,02,12 O=64/D7/00;64/D8/00;64/D9/00
f=285 S=87 M=FC,FC,B7,BD,BB,BF R=FC,12,B7,01,02,12 O=63/D9/00;63/D7/00;63/D8/00
f=286 S=87 M=FC,FC,B7,BD,BB,BF R=FC,12,B7,01,02,12 O=65/E7/00;65/E8/40;65/E8/00;65/E7/40
f=287 S=87 M=FC,FC,B7,BD,BB,BF R=FC,12,B7,01,02,12 O=64/E8/00;64/E7/40;64/E7/00;64/E8/40
f=288 S=87 M=FC,FC,B7,BD,BB,BF R=FC,12,B7,01,02,12 O=63/EF/00;63/D0/40;63/F0/00;63/EF/40
f=289 S=87 M=FC,FC,B7,BD,BB,BF R=FC,12,B7,01,02,12 O=62/EF/00;62/D0/40;62/F0/00;62/EF/40
f=290 S=87 M=FC,FC,B7,BD,BB,BF R=FC,12,B7,01,02,12 O=
f=291 S=87 M=FC,FC,B7,BD,BB,BF R=FC,12,B7,01,02,12 O=
f=292 S=87 M=FC,FC,B7,BD,BB,BF R=FC,12,B7,01,02,12 O=
f=293 S=87 M=FC,FC,B7,BD,BB,BF R=FC,12,B7,01,02,12 O=
f=294 S=87 M=FC,FC,B7,BD,BB,BF R=FC,12,B7,01,02,12 O=
f=295 S=87 M=FC,FC,B7,BD,BB,BF R=FC,12,B7,01,02,12 O=
f=296 S=87 M=FC,FC,B7,BD,BB,BF R=FC,12,B7,01,02,12 O=
f=297 S=87 M=FC,FC,B7,BD,BB,BF R=FC,12,B7,01,02,12 O=
f=298 S=87 M=FC,FC,B7,BD,BB,BF R=FC,12,B7,01,02,12 O=60/F7/80;60/F6/80;60/F6/C0
f=299 S=87 M=FC,FC,B7,BD,BB,BF R=FC,12,B7,01,02,12 O=60/F6/C0;60/F7/80;60/F6/80
f=300 S=87 M=FC,FC,B7,BD,BB,BF R=FC,12,B7,01,02,12 O=60/FA/80;60/FB/80;60/FA/C0
f=301 S=87 M=FC,FC,B7,BD,BB,BF R=FC,12,B7,01,02,12 O=60/FA/C0;60/FA/80;60/FB/80
f=302 S=87 M=FC,FC,B7,BD,BB,BF R=FC,12,B7,01,02,12 O=65/D9/00;65/D7/00;65/D8/00
f=303 S=87 M=FC,FC,B7,BD,BB,BF R=FC,12,B7,01,02,12 O=65/D8/00;65/D9/00;65/D7/00
f=304 S=87 M=FC,FC,B7,BD,BB,BF R=FC,12,B7,01,02,12 O=
f=305 S=87 M=FC,FC,B7,BD,BB,BF R=FC,12,B7,01,02,12 O=
f=306 S=87 M=FC,FC,B7,BD,BB,BF R=FC,12,B7,01,02,12 O=
f=307 S=87 M=FC,FC,B7,BD,BB,BF R=FC,12,B7,01,02,12 O=
f=308 S=87 M=FC,FC,B7,BD,BB,BF R=FC,12,B7,01,02,12 O=
f=309 S=87 M=FC,FC,B7,BD,BB,BF R=FC,12,B7,01,02,12 O=
f=310 S=87 M=FC,FC,B7,BD,BB,BF R=FC,12,B7,01,02,12 O=
f=311 S=87 M=FC,FC,B7,BD,BB,BF R=FC,12,B7,01,02,12 O=
f=312 S=87 M=FC,FC,B7,BD,BB,BF R=FC,12,B7,01,02,12 O=
f=313 S=87 M=FC,FC,B7,BD,BB,BF R=FC,12,B7,01,02,12 O=
f=314 S=87 M=FC,FC,B7,BD,BB,BF R=FC,12,B7,01,02,12 O=
f=315 S=87 M=FC,FC,B7,BD,BB,BF R=FC,12,B7,01,02,12 O=
f=316 S=87 M=FC,FC,B7,BD,BB,BF R=FC,12,B7,01,02,12 O=
f=317 S=87 M=FC,FC,B7,BD,BB,BF R=FC,12,B7,01,02,12 O=
f=318 S=87 M=FC,FC,B7,BD,BB,BF R=FC,12,B7,01,02,12 O=
f=319 S=87 M=FC,FC,B7,BD,BB,BF R=FC,12,B7,01,02,12 O=
f=320 S=87 M=FC,FC,B7,BD,BB,BF R=FC,12,B7,01,02,12 O=7D/FE/00
f=321 S=87 M=FC,FC,B7,BD,BB,BF R=FC,12,B7,01,02,12 O=7D/FE/00
f=322 S=87 M=FC,FC,B7,BD,BB,BF R=FC,12,B7,01,02,12 O=7D/FF/00
f=323 S=87 M=FC,FC,B7,BD,BB,BF R=FC,12,B7,01,02,12 O=7D/FF/00
f=324 S=87 M=FC,FC,B7,BD,BB,BF R=FC,12,B7,01,02,12 O=79/E0/40;81/E0/80;81/E0/C0;79/E0/00
f=325 S=87 M=FC,FC,B7,BD,BB,BF R=FC,12,B7,01,02,12 O=79/E0/40;81/E0/80;81/E0/C0;79/E0/00
f=326 S=87 M=FC,FC,B7,BD,BB,BF R=FC,12,B7,01,02,12 O=75/F6/00;60/D7/00;75/F6/40;85/F6/C0;75/F7/00;60/D8/00;85/F7/80;7D/F8/00;60/D9/00;7D/F8/40;7D/F9/00;85/F6/80
f=327 S=87 M=FC,FC,B7,BD,BB,BF R=FC,12,B7,01,02,12 O=7D/F9/00;85/F6/80;75/F6/00;60/D7/00;75/F6/40;85/F6/C0;75/F7/00;60/D8/00;85/F7/80;7D/F8/00;60/D9/00;7D/F8/40
f=328 S=87 M=FC,FC,B7,BD,BB,BF R=FC,12,B7,01,02,12 O=7A/FE/00;7D/FC/00;7D/FC/40;7D/FD/00;85/FA/C0;75/FA/00;75/FA/40;85/FA/80;75/FB/00;85/FB/80
f=329 S=87 M=FC,FC,B7,BD,BB,BF R=FC,12,B7,01,02,12 O=85/FA/80;75/FB/00;85/FB/80;7A/FE/00;7D/FC/00;7D/FC/40;7D/FD/00;85/FA/C0;75/FA/00;75/FA/40
f=330 S=87 M=FC,FC,B7,BD,BB,BF R=FC,12,B7,01,02,12 O=7A/FF/00;68/F8/00;7A/D3/00;8A/D7/00;70/F6/80;82/D4/00;8A/D8/00;7A/D1/00;82/D5/00;8A/D9/00;60/F6/00;7A/D2/00;82/D6/00
f=331 S=87 M=FC,FC,B7,BD,BB,BF R=FC,12,B7,01,02,12 O=8A/D9/00;60/F6/00;7A/D2/00;82/D6/00;7A/FF/00;68/F8/00;7A/D3/00;8A/D7/00;70/F6/80;82/D4/00;8A/D8/00;7A/D1/00;82/D5/00
f=332 S=87 M=FC,FC,B7,BD,BB,BF R=FC,12,B7,01,02,12 O=7E/E0/C0;60/FA/00;76/E0/00;68/FC/00;76/E0/40;70/FA/80;7E/E0/80
f=333 S=87 M=FC,FC,B7,BD,BB,BF R=FC,12,B7,01,02,12 O=70/FA/80;7E/E0/80;7E/E0/C0;60/FA/00;76/E0/00;68/FC/00;76/E0/40
f=334 S=87 M=FC,FC,B7,BD,BB,BF R=FC,12,B7,01,02,12 O=72/F6/40;82/F6/C0;6D/D4/00;72/F7/00;82/F7/80;75/D7/00;7A/F8/00;7A/F8/40;7A/F9/00;82/F6/80;65/D1/00;72/F6/00
f=335 S=87 M=FC,FC,B7,BD,BB,BF R=FC,12,B7,01,02,12 O=72/F6/40;82/F6/C0;6D/D4/00;72/F7/00;82/F7/80;75/D7/00;7A/F8/00;7A/F8/40;7A/F9/00;82/F6/80;65/D1/00;72/F6/00
f=336 S=87 M=FC,FC,B7,BD,BB,BF R=FC,12,B7,01,02,12 O=7A/FC/00;7A/FC/40;7A/FD/00;82/FA/C0;72/FA/00;72/FA/40;82/FA/80;72/FB/00;82/FB/80
f=337 S=87 M=FC,FC,B7,BD,BB,BF R=FC,12,B7,01,02,12 O=72/FB/00;82/FB/80;7A/FC/00;7A/FC/40;7A/FD/00;82/FA/C0;72/FA/00;72/FA/40;82/FA/80
f=338 S=87 M=FC,FC,B7,BD,BB,BF R=FC,12,B7,01,02,12 O=7F/D4/00;87/D8/00;77/D1/00;7F/D5/00;87/D9/00;77/D2/00;7F/D6/00;77/D3/00;87/D7/00
f=339 S=87 M=FC,FC,B7,BD,BB,BF R=FC,12,B7,01,02,12 O=77/D3/00;87/D7/00;7F/D4/00;87/D8/00;77/D1/00;7F/D5/00;87/D9/00;77/D2/00;7F/D6/00
f=340 S=87 M=FC,FC,B7,BD,BB,BF R=FC,12,B7,01,02,12 O=8A/E7/00;7A/E4/40;7A/E4/00;8A/E8/00;7A/E3/40;72/E1/00;62/E0/80;82/E5/00;72/E2/40;82/E6/40;72/E2/00;62/E0/C0;82/E6/00;72/E1/40;82/E5/40;7A/E3/00
f=341 S=87 M=FC,FC,B7,BD,BB,BF R=FC,12,B7,01,02,12 O=82/E6/00;72/E1/40;82/E5/40;7A/E3/00;8A/E7/00;7A/E4/40;7A/E4/00;8A/E8/00;7A/E3/40;72/E1/00;62/E0/80;82/E5/00;72/E2/40;82/E6/40;72/E2/00;62/E0/C0
f=342 S=87 M=FC,FC,B7,BD,BB,BF R=FC,12,B7,01,02,12 O=7A/EC/00;8A/F0/00;72/E9/00;66/F6/80;82/ED/00;72/EA/40;72/EA/00;66/F6/C0;82/EE/00;66/F7/80;7A/EB/00;8A/EF/00
f=343 S=87 M=FC,FC,B7,BD,BB,BF R=FC,12,B7,01,02,12 O=66/F7/80;7A/EB/00;8A/EF/00;7A/EC/00;8A/F0/00;72/E9/00;66/F6/80;82/ED/00;72/EA/40;72/EA/00;66/F6/C0;82/EE/00
f=344 S=87 M=FC,FC,B7,BD,BB,BF R=FC,12,B7,01,02,12 O=66/FA/80;66/FB/80;77/D1/00;66/FA/C0;77/D2/00
f=345 S=87 M=FC,FC,B7,BD,BB,BF R=FC,12,B7,01,02,12 O=66/FA/80;66/FB/80;77/D1/00;66/FA/C0;77/D2/00
f=346 S=87 M=FC,FC,B7,BD,BB,BF R=FC,12,B7,01,02,12 O=6B/D8/00;72/E2/00;63/D5/00;6B/D9/00;63/D6/00;6B/D7/00;72/E1/00;63/D4/00
f=347 S=87 M=FC,FC,B7,BD,BB,BF R=FC,12,B7,01,02,12 O=6B/D7/00;72/E1/00;63/D4/00;6B/D8/00;72/E2/00;63/D5/00;6B/D9/00;63/D6/00
f=348 S=87 M=FC,FC,B7,BD,BB,BF R=FC,12,B7,01,02,12 O=66/E6/00;66/E5/40;6E/E7/00;72/E9/00;6E/E8/40;6E/E8/00;72/EA/00;6E/E7/40;66/E5/00;66/E6/40
f=349 S=87 M=FC,FC,B7,BD,BB,BF R=FC,12,B7,01,02,12 O=72/EA/00;6E/E7/40;66/E5/00;66/E6/40;66/E6/00;66/E5/40;6E/E7/00;72/E9/00;6E/E8/40;6E/E8/00
f=350 S=87 M=FC,FC,B7,BD,BB,BF R=FC,12,B7,01,02,12 O=66/EE/40;66/EE/00;66/ED/40;6E/EF/00;6E/D0/40;6E/F0/00;6E/EF/40;66/ED/00
f=351 S=87 M=FC,FC,B7,BD,BB,BF R=FC,12,B7,01,02,12 O=6E/F0/00;6E/EF/40;66/ED/00;66/EE/40;66/EE/00;66/ED/40;6E/EF/00;6E/D0/40
f=352 S=87 M=FC,FC,B7,BD,BB,BF R=FC,12,B7,01,02,12 O=6B/D7/00;72/E1/00;63/D4/00;6B/D8/00;72/E2/00;63/D5/00;6B/D9/00;63/D6/00
f=353 S=87 M=FC,FC,B7,BD,BB,BF R=FC,12,B7,01,02,12 O=63/D6/00;6B/D7/00;72/E1/00;63/D4/00;6B/D8/00;72/E2/00;63/D5/00;6B/D9/00
f=354 S=87 M=FC,FC,B7,BD,BB,BF R=FC,12,B7,01,02,12 O=72/EA/00;6E/E7/40;66/E5/00;66/E6/40;66/E6/00;66/E5/40;6E/E7/00;72/E9/00;6E/E8/40;6E/E8/00
f=355 S=87 M=FC,FC,B7,BD,BB,BF R=FC,12,B7,01,02,12 O=66/E5/00;66/E6/40;66/E6/00;66/E5/40;6E/E7/00;72/E9/00;6E/E8/40;6E/E8/00;72/EA/00;6E/E7/40
f=356 S=87 M=FC,FC,B7,BD,BB,BF R=FC,12,B7,01,02,12 O=6E/F0/00;6E/EF/40;66/ED/00;66/EE/40;66/EE/00;66/ED/40;6E/EF/00;6E/D0/40
f=357 S=87 M=FC,FC,B7,BD,BB,BF R=FC,12,B7,01,02,12 O=6E/EF/00;6E/D0/40;6E/F0/00;6E/EF/40;66/ED/00;66/EE/40;66/EE/00;66/ED/40
f=358 S=87 M=FC,FC,B7,BD,BB,BF R=FC,12,B7,01,02,12 O=63/D6/00;6B/D7/00;72/F6/00;63/D4/00;6B/D8/00;72/F7/00;63/D5/00;6B/D9/00
f=359 S=87 M=FC,FC,B7,BD,BB,BF R=FC,12,B7,01,02,12 O=72/F7/00;63/D5/00;6B/D9/00;63/D6/00;6B/D7/00;72/F6/00;63/D4/00;6B/D8/00
f=360 S=87 M=FC,FC,B7,BD,BB,BF R=FC,12,B7,01,02,12 O=6E/E7/40;66/E5/00;66/E6/40;66/E6/00;66/E5/40;6E/E7/00;76/E0/00;6E/E8/40;6E/E8/00;76/E0/40
f=361 S=87 M=FC,FC,B7,BD,BB,BF R=FC,12,B7,01,02,12 O=6E/E8/40;6E/E8/00;76/E0/40;6E/E7/40;66/E5/00;66/E6/40;66/E6/00;66/E5/40;6E/E7/00;76/E0/00
f=362 S=87 M=FC,FC,B7,BD,BB,BF R=FC,12,B7,01,02,12 O=66/ED/40;6E/EF/00;7A/FF/00;6E/D0/40;6E/F0/00;6E/EF/40;66/ED/00;66/EE/40;66/EE/00
f=363 S=87 M=FC,FC,B7,BD,BB,BF R=FC,12,B7,01,02,12 O=66/EE/40;66/EE/00;66/ED/40;6E/EF/00;7A/FF/00;6E/D0/40;6E/F0/00;6E/EF/40;66/ED/00
f=364 S=87 M=FC,FC,B7,BD,BB,BF R=FC,12,B7,01,02,12 O=66/FB/80;7A/FE/00;66/FA/C0;66/FA/80
f=365 S=87 M=FC,FC,B7,BD,BB,BF R=FC,12,B7,01,02,12 O=66/FA/80;66/FB/80;7A/FE/00;66/FA/C0
f=366 S=87 M=FC,FC,B7,BD,BB,BF R=FC,12,B7,01,02,12 O=66/F6/80;66/F6/C0;66/F7/80
f=367 S=87 M=FC,FC,B7,BD,BB,BF R=FC,12,B7,01,02,12 O=66/F6/80;66/F6/C0;66/F7/80
f=368 S=87 M=FC,FC,B7,BD,BB,BF R=FC,12,B7,01,02,12 O=62/E0/80;62/E0/C0
f=369 S=87 M=FC,FC,B7,BD,BB,BF R=FC,12,B7,01,02,12 O=62/E0/80;62/E0/C0
f=370 S=87 M=FC,FC,B7,BD,BB,BF R=FC,12,B7,01,02,12 O=
f=371 S=87 M=FC,FC,B7,BD,BB,BF R=FC,12,B7,01,02,12 O=
f=372 S=87 M=FC,FC,B7,BD,BB,BF R=FC,12,B7,01,02,12 O=
f=373 S=87 M=FC,FC,B7,BD,BB,BF R=FC,12,B7,01,02,12 O=
f=374 S=87 M=FC,FC,B7,BD,BB,BF R=FC,12,B7,01,02,12 O=
f=375 S=87 M=FC,FC,B7,BD,BB,BF R=FC,12,B7,01,02,12 O=
f=376 S=87 M=FC,FC,B7,BD,BB,BF R=FC,12,B7,01,02,12 O=
f=377 S=87 M=FC,FC,B7,BD,BB,BF R=FC,12,B7,01,02,12 O=
f=378 S=87 M=FC,FC,B7,BD,BB,BF R=FC,12,B7,01,02,12 O=
f=379 S=87 M=FC,FC,B7,BD,BB,BF R=FC,12,B7,01,02,12 O=
f=380 S=87 M=FC,FC,B7,BD,BB,BF R=FC,0B,B7,01,02,0B O=
f=381 S=87 M=FC,FC,B7,BD,BB,BF R=FC,0B,B7,01,02,0B O=
f=382 S=87 M=FC,FC,B7,BD,BB,BF R=FC,0B,B7,01,02,0B O=
f=383 S=87 M=FC,FC,B7,BD,BB,BF R=FC,0B,B7,01,02,0B O=
f=384 S=87 M=FC,FC,B7,BD,BB,BF R=FC,0B,B7,01,02,0B O=
f=385 S=87 M=FC,FC,B7,BD,BB,BF R=FC,0B,B7,01,02,0B O=
f=386 S=87 M=FC,FC,B7,BD,BB,BF R=FC,0B,B7,01,02,0B O=
f=387 S=87 M=FC,FC,B7,BD,BB,BF R=FC,0B,B7,01,02,0B O=
f=388 S=87 M=FC,FC,B7,BD,BB,BF R=FC,0B,B7,01,02,0B O=
f=389 S=87 M=FC,FC,B7,BD,BB,BF R=FC,0B,B7,01,02,0B O=
f=390 S=87 M=FC,FC,B7,BD,BB,BF R=FC,0B,B7,01,02,0B O=
