f=190 S=87 M=FC,FC,B7,BD,BB,BF R=FC,12,B7,01,02,12 O=
f=191 S=87 M=FC,FC,B7,BD,BB,BF R=FC,12,B7,01,02,12 O=
f=192 S=87 M=FC,FC,B7,BD,BB,BF R=FC,12,B7,01,02,12 O=
f=193 S=87 M=FC,FC,B7,BD,BB,BF R=FC,12,B7,01,02,12 O=
f=194 S=87 M=FC,FC,B7,BD,BB,BF R=FC,12,B7,01,02,12 O=
f=195 S=87 M=FC,FC,B7,BD,BB,BF R=FC,12,B7,01,02,12 O=
f=196 S=87 M=FC,FC,B7,BD,BB,BF R=FC,12,B7,01,02,12 O=
f=197 S=87 M=FC,FC,B7,BD,BB,BF R=FC,12,B7,01,02,12 O=
f=198 S=87 M=FC,FC,B7,BD,BB,BF R=FC,12,B7,01,02,12 O=
f=199 S=87 M=FC,FC,B7,BD,BB,BF R=FC,12,B7,01,02,12 O=
f=200 S=87 M=FC,FC,B7,BD,BB,BF R=FC,12,B7,01,02,12 O=
f=201 S=87 M=FC,FC,B7,BD,BB,BF R=FC,12,B7,01,02,12 O=
f=202 S=87 M=FC,FC,B7,BD,BB,BF R=FC,12,B7,01,02,12 O=
f=203 S=87 M=FC,FC,B7,BD,BB,BF R=FC,12,B7,01,02,12 O=
f=204 S=87 M=FC,FC,B7,BD,BB,BF R=FC,12,B7,01,02,12 O=
f=205 S=87 M=FC,FC,B7,BD,BB,BF R=FC,12,B7,01,02,12 O=
f=206 S=87 M=FC,FC,B7,BD,BB,BF R=FC,12,B7,01,02,12 O=
f=207 S=87 M=FC,FC,B7,BD,BB,BF R=FC,12,B7,01,02,12 O=
f=208 S=87 M=FC,FC,B7,BD,BB,BF R=FC,12,B7,01,02,12 O=
f=209 S=87 M=FC,FC,B7,BD,BB,BF R=FC,12,B7,01,02,12 O=
f=210 S=87 M=FC,FC,B7,BD,BB,BF R=FC,12,B7,01,02,12 O=
f=211 S=87 M=FC,FC,B7,BD,BB,BF R=FC,12,B7,01,02,12 O=
f=212 S=87 M=FC,FC,B7,BD,BB,BF R=FC,12,B7,01,02,12 O=
f=213 S=87 M=FC,FC,B7,BD,BB,BF R=FC,12,B7,01,02,12 O=
f=214 S=87 M=FC,FC,B7,BD,BB,BF R=FC,12,B7,01,02,12 O=
f=215 S=87 M=FC,FC,B7,BD,BB,BF R=FC,12,B7,01,02,12 O=
f=216 S=87 M=FC,FC,B7,BD,BB,BF R=FC,12,B7,01,02,12 O=
f=217 S=87 M=FC,FC,B7,BD,BB,BF R=FC,12,B7,01,02,12 O=
f=218 S=87 M=FC,FC,B7,BD,BB,BF R=FC,12,B7,01,02,12 O=
f=219 S=87 M=FC,FC,B7,BD,BB,BF R=FC,12,B7,01,02,12 O=
f=220 S=87 M=FC,FC,B7,BD,BB,BF R=FC,12,B7,01,02,12 O=
f=221 S=87 M=FC,FC,B7,BD,BB,BF R=FC,12,B7,01,02,12 O=
f=222 S=87 M=FC,FC,B7,BD,BB,BF R=FC,12,B7,01,02,12 O=
f=223 S=87 M=FC,FC,B7,BD,BB,BF R=FC,12,B7,01,02,12 O=
f=224 S=87 M=FC,FC,B7,BD,BB,BF R=FC,12,B7,01,02,12 O=
f=225 S=87 M=FC,FC,B7,BD,BB,BF R=FC,12,B7,01,02,12 O=
f=226 S=87 M=FC,FC,B7,BD,BB,BF R=FC,12,B7,01,02,12 O=
f=227 S=87 M=FC,FC,B7,BD,BB,BF R=FC,12,B7,01,02,12 O=
f=228 S=87 M=FC,FC,B7,BD,BB,BF R=FC,12,B7,01,02,12 O=
f=229 S=87 M=FC,FC,B7,BD,BB,BF R=FC,12,B7,01,02,12 O=
f=230 S=87 M=FC,FC,B7,BD,BB,BF R=FC,12,B7,01,02,12 O=
f=231 S=87 M=FC,FC,B7,BD,BB,BF R=FC,12,B7,01,02,12 O=
f=232 S=87 M=FC,FC,B7,BD,BB,BF R=FC,12,B7,01,02,12 O=
f=233 S=87 M=FC,FC,B7,BD,BB,BF R=FC,12,B7,01,02,12 O=
f=234 S=87 M=FC,FC,B7,BD,BB,BF R=FC,12,B7,01,02,12 O=
f=235 S=87 M=FC,FC,B7,BD,BB,BF R=FC,12,B7,01,02,12 O=
f=236 S=87 M=FC,FC,B7,BD,BB,BF R=FC,12,B7,01,02,12 O=
f=237 S=87 M=FC,FC,B7,BD,BB,BF R=FC,12,B7,01,02,12 O=
f=238 S=87 M=FC,FC,B7,BD,BB,BF R=FC,12,B7,01,02,12 O=
f=239 S=87 M=FC,FC,B7,BD,BB,BF R=FC,12,B7,01,02,12 O=
f=240 S=87 M=FC,FC,B7,BD,BB,BF R=FC,12,B7,01,02,12 O=
f=241 S=87 M=FC,FC,B7,BD,BB,BF R=FC,12,B7,01,02,12 O=
f=242 S=87 M=FC,FC,B7,BD,BB,BF R=FC,12,B7,01,02,12 O=
f=243 S=87 M=FC,FC,B7,BD,BB,BF R=FC,12,B7,01,02,12 O=
f=244 S=87 M=FC,FC,B7,BD,BB,BF R=FC,12,B7,01,02,12 O=61/57/00;61/58/40;61/58/00;61/57/40
f=245 S=87 M=FC,FC,B7,BD,BB,BF R=FC,12,B7,01,02,12 O=62/57/00;62/58/40;62/58/00;62/57/40
f=246 S=87 M=FC,FC,B7,BD,BB,BF R=FC,12,B7,01,02,12 O=63/5F/00;63/60/40;63/60/00;63/5F/40
f=247 S=87 M=FC,FC,B7,BD,BB,BF R=FC,12,B7,01,02,12 O=64/5F/40;64/5F/00;64/60/40;64/60/00
f=248 S=87 M=FC,FC,B7,BD,BB,BF R=FC,12,B7,01,02,12 O=62/68/00;62/69/00;62/67/00
f=249 S=87 M=FC,FC,B7,BD,BB,BF R=FC,12,B7,01,02,12 O=63/67/00;63/68/00;63/69/00
f=250 S=87 M=FC,FC,B7,BD,BB,BF R=FC,12,B7,01,02,12 O=67/57/00;67/58/40;67/58/00;67/57/40
f=251 S=87 M=FC,FC,B7,BD,BB,BF R=FC,12,B7,01,02,12 O=60/56/40;60/56/00;60/55/40;68/57/00;68/58/40;68/58/00;68/57/40;60/55/00
f=252 S=87 M=FC,FC,B7,BD,BB,BF R=FC,12,B7,01,02,12 O=69/5F/40;61/5D/00;61/5E/40;61/5E/00;61/5D/40;69/5F/00;69/60/40;69/60/00
f=253 S=87 M=FC,FC,B7,BD,BB,BF R=FC,12,B7,01,02,12 O=6A/60/40;6A/60/00;6A/5F/40;62/5D/00;62/5E/40;62/5E/00;62/5D/40;6A/5F/00
f=254 S=87 M=FC,FC,B7,BD,BB,BF R=FC,12,B7,01,02,12 O=68/67/00;60/64/00;68/68/00;60/65/00;68/69/00;60/66/00
f=255 S=87 M=FC,FC,B7,BD,BB,BF R=FC,12,B7,01,02,12 O=69/69/00;61/66/00;69/67/00;61/64/00;69/68/00;61/65/00
f=256 S=87 M=FC,FC,B7,BD,BB,BF R=FC,12,B7,01,02,12 O=65/56/40;65/56/00;65/55/40;6D/57/00;6D/58/40;6D/58/00;6D/57/40;65/55/00
f=257 S=87 M=FC,FC,B7,BD,BB,BF R=FC,12,B7,01,02,12 O=6E/57/40;66/55/00;66/56/40;66/56/00;66/55/40;6E/57/00;6E/58/40;6E/58/00
f=258 S=87 M=FC,FC,B7,BD,BB,BF R=FC,12,B7,01,02,12 O=6F/60/40;6F/60/00;6F/5F/40;67/5D/00;67/5E/40;67/5E/00;67/5D/40;6F/5F/00
f=259 S=87 M=FC,FC,B7,BD,BB,BF R=FC,12,B7,01,02,12 O=68/5D/40;60/5B/00;70/5F/00;60/5C/40;70/60/40;60/5C/00;70/60/00;60/5B/40;70/5F/40;68/5D/00;68/5E/40;68/5E/00
f=260 S=87 M=FC,FC,B7,BD,BB,BF R=FC,12,B7,01,02,12 O=6E/69/00;66/66/00;6E/67/00;66/64/00;6E/68/00;66/65/00
f=261 S=87 M=FC,FC,B7,BD,BB,BF R=FC,12,B7,01,02,12 O=67/66/00;6F/67/00;67/64/00;6F/68/00;67/65/00;6F/69/00
f=262 S=87 M=FC,FC,B7,BD,BB,BF R=FC,12,B7,01,02,12 O=63/53/40;73/57/40;6B/55/00;6B/56/40;6B/56/00;6B/55/40;63/53/00;73/57/00;63/54/40;73/58/40;63/54/00;73/58/00
f=263 S=87 M=FC,FC,B7,BD,BB,BF R=FC,12,B7,01,02,12 O=64/54/40;74/58/40;64/54/00;74/58/00;64/53/40;74/57/40;6C/55/00;6C/56/40;6C/56/00;6C/55/40;64/53/00;74/57/00
f=264 S=87 M=FC,FC,B7,BD,BB,BF R=FC,12,B7,01,02,12 O=6D/5D/40;65/5B/00;75/5F/00;65/5C/40;75/60/40;65/5C/00;75/60/00;65/5B/40;75/5F/40;6D/5D/00;6D/5E/40;6D/5E/00
f=265 S=87 M=FC,FC,B7,BD,BB,BF R=FC,12,B7,01,02,12 O=6E/5E/40;6E/5E/00;6E/5D/40;66/5B/00;76/5F/00;66/5C/40;76/60/40;66/5C/00;76/60/00;66/5B/40;76/5F/40;6E/5D/00
f=266 S=87 M=FC,FC,B7,BD,BB,BF R=FC,12,B7,01,02,12 O=64/62/00;6C/66/00;64/63/00;74/67/00;6C/64/00;74/68/00;64/61/00;6C/65/00;74/69/00
f=267 S=87 M=FC,FC,B7,BD,BB,BF R=FC,12,B7,01,02,12 O=65/61/00;6D/65/00;75/69/00;65/62/00;6D/66/00;65/63/00;75/67/00;6D/64/00;75/68/00
f=268 S=87 M=FC,FC,B7,BD,BB,BF R=FC,12,B7,01,02,12 O=67/54/40;77/58/40;67/54/00;77/58/00;67/53/40;77/57/40;6F/55/00;6F/56/40;6F/56/00;6F/55/40;67/53/00;77/57/00
f=269 S=87 M=FC,FC,B7,BD,BB,BF R=FC,12,B7,01,02,12 O=6E/55/40;66/53/00;76/57/00;66/54/40;76/58/40;66/54/00;76/58/00;66/53/40;76/57/40;6E/55/00;6E/56/40;6E/56/00
f=270 S=87 M=FC,FC,B7,BD,BB,BF R=FC,12,B7,01,02,12 O=6D/5E/40;6D/5E/00;6D/5D/40;65/5B/00;75/5F/00;65/5C/40;75/60/40;65/5C/00;75/60/00;65/5B/40;75/5F/40;6D/5D/00
f=271 S=87 M=FC,FC,B7,BD,BB,BF R=FC,12,B7,01,02,12 O=6C/5E/40;6C/5E/00;6C/5D/40;64/5B/00;74/5F/00;64/5C/40;74/60/40;64/5C/00;74/60/00;64/5B/40;74/5F/40;6C/5D/00
f=272 S=87 M=FC,FC,B7,BD,BB,BF R=FC,12,B7,01,02,12 O=70/68/00;60/61/00;68/65/00;70/69/00;60/62/00;68/66/00;60/63/00;70/67/00;68/64/00
f=273 S=87 M=FC,FC,B7,BD,BB,BF R=FC,12,B7,01,02,12 O=6F/67/00;67/64/00;6F/68/00;67/65/00;6F/69/00;67/66/00
f=274 S=87 M=FC,FC,B7,BD,BB,BF R=FC,12,B7,01,02,12 O=69/56/00;69/55/40;61/53/00;71/57/00;61/54/40;71/58/40;61/54/00;71/58/00;61/53/40;71/57/40;69/55/00;69/56/40
f=275 S=87 M=FC,FC,B7,BD,BB,BF R=FC,12,B7,01,02,12 O=68/55/00;68/56/40;68/56/00;68/55/40;60/53/00;70/57/00;60/54/40;70/58/40;60/54/00;70/58/00;60/53/40;70/57/40
f=276 S=87 M=FC,FC,B7,BD,BB,BF R=FC,12,B7,01,02,12 O=67/5E/40;67/5E/00;67/5D/40;6F/5F/00;6F/60/40;6F/60/00;6F/5F/40;67/5D/00
f=277 S=87 M=FC,FC,B7,BD,BB,BF R=FC,12,B7,01,02,12 O=6E/60/00;6E/5F/40;66/5D/00;66/5E/40;66/5E/00;66/5D/40;6E/5F/00;6E/60/40
f=278 S=87 M=FC,FC,B7,BD,BB,BF R=FC,12,B7,01,02,12 O=6A/67/00;62/64/00;6A/68/00;62/65/00;6A/69/00;62/66/00
f=279 S=87 M=FC,FC,B7,BD,BB,BF R=FC,12,B7,01,02,12 O=61/66/00;69/67/00;61/64/00;69/68/00;61/65/00;69/69/00
f=280 S=87 M=FC,FC,B7,BD,BB,BF R=FC,12,B7,01,02,12 O=6B/57/40;63/55/00;63/56/40;63/56/00;63/55/40;6B/57/00;6B/58/40;6B/58/00
f=281 S=87 M=FC,FC,B7,BD,BB,BF R=FC,12,B7,01,02,12 O=62/56/40;62/56/00;62/55/40;6A/57/00;6A/58/40;6A/58/00;6A/57/40;62/55/00
f=282 S=87 M=FC,FC,B7,BD,BB,BF R=FC,12,B7,01,02,12 O=69/60/00;69/5F/40;61/5D/00;61/5E/40;61/5E/00;61/5D/40;69/5F/00;69/60/40
f=283 S=87 M=FC,FC,B7,BD,BB,BF R=FC,12,B7,01,02,12 O=68/5F/00;68/60/40;68/60/00;68/5F/40;60/5D/00;60/5E/40;60/5E/00;60/5D/40
f=284 S=87 M=FC,FC,B7,BD,BB,BF R=FC,12,B7,01,02,12 O=64/67/00;64/68/00;64/69/00
f=285 S=87 M=FC,FC,B7,BD,BB,BF R=FC,12,B7,01,02,12 O=63/69/00;63/67/00;63/68/00
f=286 S=87 M=FC,FC,B7,BD,BB,BF R=FC,12,B7,01,02,12 O=65/57/00;65/58/40;65/58/00;65/57/40
f=287 S=87 M=FC,FC,B7,BD,BB,BF R=FC,12,B7,01,02,12 O=64/58/00;64/57/40;64/57/00;64/58/40
f=288 S=87 M=FC,FC,B7,BD,BB,BF R=FC,12,B7,01,02,12 O=63/5F/00;63/60/40;63/60/00;63/5F/40
f=289 S=87 M=FC,FC,B7,BD,BB,BF R=FC,12,B7,01,02,12 O=62/5F/00;62/60/40;62/60/00;62/5F/40
f=290 S=87 M=FC,FC,B7,BD,BB,BF R=FC,12,B7,01,02,12 O=
f=291 S=87 M=FC,FC,B7,BD,BB,BF R=FC,12,B7,01,02,12 O=
f=292 S=87 M=FC,FC,B7,BD,BB,BF R=FC,12,B7,01,02,12 O=
f=293 S=87 M=FC,FC,B7,BD,BB,BF R=FC,12,B7,01,02,12 O=
f=294 S=87 M=FC,FC,B7,BD,BB,BF R=FC,12,B7,01,02,12 O=
f=295 S=87 M=FC,FC,B7,BD,BB,BF R=FC,12,B7,01,02,12 O=
f=296 S=87 M=FC,FC,B7,BD,BB,BF R=FC,12,B7,01,02,12 O=
f=297 S=87 M=FC,FC,B7,BD,BB,BF R=FC,12,B7,01,02,12 O=
f=298 S=87 M=FC,FC,B7,BD,BB,BF R=FC,12,B7,01,02,12 O=60/47/80;60/46/80;60/46/C0
f=299 S=87 M=FC,FC,B7,BD,BB,BF R=FC,12,B7,01,02,12 O=60/46/C0;60/47/80;60/46/80
f=300 S=87 M=FC,FC,B7,BD,BB,BF R=FC,12,B7,01,02,12 O=60/4A/80;60/4B/80;60/4A/C0
f=301 S=87 M=FC,FC,B7,BD,BB,BF R=FC,12,B7,01,02,12 O=60/4A/C0;60/4A/80;60/4B/80
f=302 S=87 M=FC,FC,B7,BD,BB,BF R=FC,12,B7,01,02,12 O=65/69/00;65/67/00;65/68/00
f=303 S=87 M=FC,FC,B7,BD,BB,BF R=FC,12,B7,01,02,12 O=65/68/00;65/69/00;65/67/00
f=304 S=87 M=FC,FC,B7,BD,BB,BF R=FC,12,B7,01,02,12 O=
f=305 S=87 M=FC,FC,B7,BD,BB,BF R=FC,12,B7,01,02,12 O=
f=306 S=87 M=FC,FC,B7,BD,BB,BF R=FC,12,B7,01,02,12 O=
f=307 S=87 M=FC,FC,B7,BD,BB,BF R=FC,12,B7,01,02,12 O=
f=308 S=87 M=FC,FC,B7,BD,BB,BF R=FC,12,B7,01,02,12 O=
f=309 S=87 M=FC,FC,B7,BD,BB,BF R=FC,12,B7,01,02,12 O=
f=310 S=87 M=FC,FC,B7,BD,BB,BF R=FC,12,B7,01,02,12 O=
f=311 S=87 M=FC,FC,B7,BD,BB,BF R=FC,12,B7,01,02,12 O=
f=312 S=87 M=FC,FC,B7,BD,BB,BF R=FC,12,B7,01,02,12 O=
f=313 S=87 M=FC,FC,B7,BD,BB,BF R=FC,12,B7,01,02,12 O=
f=314 S=87 M=FC,FC,B7,BD,BB,BF R=FC,12,B7,01,02,12 O=
f=315 S=87 M=FC,FC,B7,BD,BB,BF R=FC,12,B7,01,02,12 O=
f=316 S=87 M=FC,FC,B7,BD,BB,BF R=FC,12,B7,01,02,12 O=
f=317 S=87 M=FC,FC,B7,BD,BB,BF R=FC,12,B7,01,02,12 O=
f=318 S=87 M=FC,FC,B7,BD,BB,BF R=FC,12,B7,01,02,12 O=
f=319 S=87 M=FC,FC,B7,BD,BB,BF R=FC,12,B7,01,02,12 O=
f=320 S=87 M=FC,FC,B7,BD,BB,BF R=FC,12,B7,01,02,12 O=7D/4E/00
f=321 S=87 M=FC,FC,B7,BD,BB,BF R=FC,12,B7,01,02,12 O=7D/4E/00
f=322 S=87 M=FC,FC,B7,BD,BB,BF R=FC,12,B7,01,02,12 O=7D/4F/00
f=323 S=87 M=FC,FC,B7,BD,BB,BF R=FC,12,B7,01,02,12 O=7D/4F/00
f=324 S=87 M=FC,FC,B7,BD,BB,BF R=FC,12,B7,01,02,12 O=79/50/40;81/50/80;81/50/C0;79/50/00
f=325 S=87 M=FC,FC,B7,BD,BB,BF R=FC,12,B7,01,02,12 O=79/50/40;81/50/80;81/50/C0;79/50/00
f=326 S=87 M=FC,FC,B7,BD,BB,BF R=FC,12,B7,01,02,12 O=75/46/00;60/67/00;75/46/40;85/46/C0;75/47/00;60/68/00;85/47/80;7D/48/00;60/69/00;7D/48/40;7D/49/00;85/46/80
f=327 S=87 M=FC,FC,B7,BD,BB,BF R=FC,12,B7,01,02,12 O=7D/49/00;85/46/80;75/46/00;60/67/00;75/46/40;85/46/C0;75/47/00;60/68/00;85/47/80;7D/48/00;60/69/00;7D/48/40
f=328 S=87 M=FC,FC,B7,BD,BB,BF R=FC,12,B7,01,02,12 O=7A/4E/00;7D/4C/00;7D/4C/40;7D/4D/00;85/4A/C0;75/4A/00;75/4A/40;85/4A/80;75/4B/00;85/4B/80
f=329 S=87 M=FC,FC,B7,BD,BB,BF R=FC,12,B7,01,02,12 O=85/4A/80;75/4B/00;85/4B/80;7A/4E/00;7D/4C/00;7D/4C/40;7D/4D/00;85/4A/C0;75/4A/00;75/4A/40
f=330 S=87 M=FC,FC,B7,BD,BB,BF R=FC,12,B7,01,02,12 O=7A/4F/00;68/48/00;7A/63/00;8A/67/00;70/46/80;82/64/00;8A/68/00;7A/61/00;82/65/00;8A/69/00;60/46/00;7A/62/00;82/66/00
f=331 S=87 M=FC,FC,B7,BD,BB,BF R=FC,12,B7,01,02,12 O=8A/69/00;60/46/00;7A/62/00;82/66/00;7A/4F/00;68/48/00;7A/63/00;8A/67/00;70/46/80;82/64/00;8A/68/00;7A/61/00;82/65/00
f=332 S=87 M=FC,FC,B7,BD,BB,BF R=FC,12,B7,01,02,12 O=7E/50/C0;60/4A/00;76/50/00;68/4C/00;76/50/40;70/4A/80;7E/50/80
f=333 S=87 M=FC,FC,B7,BD,BB,BF R=FC,12,B7,01,02,12 O=70/4A/80;7E/50/80;7E/50/C0;60/4A/00;76/50/00;68/4C/00;76/50/40
f=334 S=87 M=FC,FC,B7,BD,BB,BF R=FC,12,B7,01,02,12 O=72/46/40;82/46/C0;6D/64/00;72/47/00;82/47/80;75/67/00;7A/48/00;7A/48/40;7A/49/00;82/46/80;65/61/00;72/46/00
f=335 S=87 M=FC,FC,B7,BD,BB,BF R=FC,12,B7,01,02,12 O=72/46/40;82/46/C0;6D/64/00;72/47/00;82/47/80;75/67/00;7A/48/00;7A/48/40;7A/49/00;82/46/80;65/61/00;72/46/00
f=336 S=87 M=FC,FC,B7,BD,BB,BF R=FC,12,B7,01,02,12 O=7A/4C/00;7A/4C/40;7A/4D/00;82/4A/C0;72/4A/00;72/4A/40;82/4A/80;72/4B/00;82/4B/80
f=337 S=87 M=FC,FC,B7,BD,BB,BF R=FC,12,B7,01,02,12 O=72/4B/00;82/4B/80;7A/4C/00;7A/4C/40;7A/4D/00;82/4A/C0;72/4A/00;72/4A/40;82/4A/80
f=338 S=87 M=FC,FC,B7,BD,BB,BF R=FC,12,B7,01,02,12 O=7F/64/00;87/68/00;77/61/00;7F/65/00;87/69/00;77/62/00;7F/66/00;77/63/00;87/67/00
f=339 S=87 M=FC,FC,B7,BD,BB,BF R=FC,12,B7,01,02,12 O=77/63/00;87/67/00;7F/64/00;87/68/00;77/61/00;7F/65/00;87/69/00;77/62/00;7F/66/00
f=340 S=87 M=FC,FC,B7,BD,BB,BF R=FC,12,B7,01,02,12 O=8A/57/00;7A/54/40;7A/54/00;8A/58/00;7A/53/40;72/51/00;62/50/80;82/55/00;72/52/40;82/56/40;72/52/00;62/50/C0;82/56/00;72/51/40;82/55/40;7A/53/00
f=341 S=87 M=FC,FC,B7,BD,BB,BF R=FC,12,B7,01,02,12 O=82/56/00;72/51/40;82/55/40;7A/53/00;8A/57/00;7A/54/40;7A/54/00;8A/58/00;7A/53/40;72/51/00;62/50/80;82/55/00;72/52/40;82/56/40;72/52/00;62/50/C0
f=342 S=87 M=FC,FC,B7,BD,BB,BF R=FC,12,B7,01,02,12 O=7A/5C/00;8A/60/00;72/59/00;66/46/80;82/5D/00;72/5A/40;72/5A/00;66/46/C0;82/5E/00;66/47/80;7A/5B/00;8A/5F/00
f=343 S=87 M=FC,FC,B7,BD,BB,BF R=FC,12,B7,01,02,12 O=66/47/80;7A/5B/00;8A/5F/00;7A/5C/00;8A/60/00;72/59/00;66/46/80;82/5D/00;72/5A/40;72/5A/00;66/46/C0;82/5E/00
f=344 S=87 M=FC,FC,B7,BD,BB,BF R=FC,12,B7,01,02,12 O=66/4A/80;66/4B/80;77/61/00;66/4A/C0;77/62/00
f=345 S=87 M=FC,FC,B7,BD,BB,BF R=FC,12,B7,01,02,12 O=66/4A/80;66/4B/80;77/61/00;66/4A/C0;77/62/00
f=346 S=87 M=FC,FC,B7,BD,BB,BF R=FC,12,B7,01,02,12 O=6B/68/00;72/52/00;63/65/00;6B/69/00;63/66/00;6B/67/00;72/51/00;63/64/00
f=347 S=87 M=FC,FC,B7,BD,BB,BF R=FC,12,B7,01,02,12 O=6B/67/00;72/51/00;63/64/00;6B/68/00;72/52/00;63/65/00;6B/69/00;63/66/00
f=348 S=87 M=FC,FC,B7,BD,BB,BF R=FC,12,B7,01,02,12 O=66/56/00;66/55/40;6E/57/00;72/59/00;6E/58/40;6E/58/00;72/5A/00;6E/57/40;66/55/00;66/56/40
f=349 S=87 M=FC,FC,B7,BD,BB,BF R=FC,12,B7,01,02,12 O=72/5A/00;6E/57/40;66/55/00;66/56/40;66/56/00;66/55/40;6E/57/00;72/59/00;6E/58/40;6E/58/00
f=350 S=87 M=FC,FC,B7,BD,BB,BF R=FC,12,B7,01,02,12 O=66/5E/40;66/5E/00;66/5D/40;6E/5F/00;6E/60/40;6E/60/00;6E/5F/40;66/5D/00
f=351 S=87 M=FC,FC,B7,BD,BB,BF R=FC,12,B7,01,02,12 O=6E/60/00;6E/5F/40;66/5D/00;66/5E/40;66/5E/00;66/5D/40;6E/5F/00;6E/60/40
f=352 S=87 M=FC,FC,B7,BD,BB,BF R=FC,12,B7,01,02,12 O=6B/67/00;72/51/00;63/64/00;6B/68/00;72/52/00;63/65/00;6B/69/00;63/66/00
f=353 S=87 M=FC,FC,B7,BD,BB,BF R=FC,12,B7,01,02,12 O=63/66/00;6B/67/00;72/51/00;63/64/00;6B/68/00;72/52/00;63/65/00;6B/69/00
f=354 S=87 M=FC,FC,B7,BD,BB,BF R=FC,12,B7,01,02,12 O=72/5A/00;6E/57/40;66/55/00;66/56/40;66/56/00;66/55/40;6E/57/00;72/59/00;6E/58/40;6E/58/00
f=355 S=87 M=FC,FC,B7,BD,BB,BF R=FC,12,B7,01,02,12 O=66/55/00;66/56/40;66/56/00;66/55/40;6E/57/00;72/59/00;6E/58/40;6E/58/00;72/5A/00;6E/57/40
f=356 S=87 M=FC,FC,B7,BD,BB,BF R=FC,12,B7,01,02,12 O=6E/60/00;6E/5F/40;66/5D/00;66/5E/40;66/5E/00;66/5D/40;6E/5F/00;6E/60/40
f=357 S=87 M=FC,FC,B7,BD,BB,BF R=FC,12,B7,01,02,12 O=6E/5F/00;6E/60/40;6E/60/00;6E/5F/40;66/5D/00;66/5E/40;66/5E/00;66/5D/40
f=358 S=87 M=FC,FC,B7,BD,BB,BF R=FC,12,B7,01,02,12 O=63/66/00;6B/67/00;72/46/00;63/64/00;6B/68/00;72/47/00;63/65/00;6B/69/00
f=359 S=87 M=FC,FC,B7,BD,BB,BF R=FC,12,B7,01,02,12 O=72/47/00;63/65/00;6B/69/00;63/66/00;6B/67/00;72/46/00;63/64/00;6B/68/00
f=360 S=87 M=FC,FC,B7,BD,BB,BF R=FC,12,B7,01,02,12 O=6E/57/40;66/55/00;66/56/40;66/56/00;66/55/40;6E/57/00;76/50/00;6E/58/40;6E/58/00;76/50/40
f=361 S=87 M=FC,FC,B7,BD,BB,BF R=FC,12,B7,01,02,12 O=6E/58/40;6E/58/00;76/50/40;6E/57/40;66/55/00;66/56/40;66/56/00;66/55/40;6E/57/00;76/50/00
f=362 S=87 M=FC,FC,B7,BD,BB,BF R=FC,12,B7,01,02,12 O=66/5D/40;6E/5F/00;7A/4F/00;6E/60/40;6E/60/00;6E/5F/40;66/5D/00;66/5E/40;66/5E/00
f=363 S=87 M=FC,FC,B7,BD,BB,BF R=FC,12,B7,01,02,12 O=66/5E/40;66/5E/00;66/5D/40;6E/5F/00;7A/4F/00;6E/60/40;6E/60/00;6E/5F/40;66/5D/00
f=364 S=87 M=FC,FC,B7,BD,BB,BF R=FC,12,B7,01,02,12 O=66/4B/80;7A/4E/00;66/4A/C0;66/4A/80
f=365 S=87 M=FC,FC,B7,BD,BB,BF R=FC,12,B7,01,02,12 O=66/4A/80;66/4B/80;7A/4E/00;66/4A/C0
f=366 S=87 M=FC,FC,B7,BD,BB,BF R=FC,12,B7,01,02,12 O=66/46/80;66/46/C0;66/47/80
f=367 S=87 M=FC,FC,B7,BD,BB,BF R=FC,12,B7,01,02,12 O=66/46/80;66/46/C0;66/47/80
f=368 S=87 M=FC,FC,B7,BD,BB,BF R=FC,12,B7,01,02,12 O=62/50/80;62/50/C0
f=369 S=87 M=FC,FC,B7,BD,BB,BF R=FC,12,B7,01,02,12 O=62/50/80;62/50/C0
f=370 S=87 M=FC,FC,B7,BD,BB,BF R=FC,12,B7,01,02,12 O=
f=371 S=87 M=FC,FC,B7,BD,BB,BF R=FC,12,B7,01,02,12 O=
f=372 S=87 M=FC,FC,B7,BD,BB,BF R=FC,12,B7,01,02,12 O=
f=373 S=87 M=FC,FC,B7,BD,BB,BF R=FC,12,B7,01,02,12 O=
f=374 S=87 M=FC,FC,B7,BD,BB,BF R=FC,12,B7,01,02,12 O=
f=375 S=87 M=FC,FC,B7,BD,BB,BF R=FC,12,B7,01,02,12 O=
f=376 S=87 M=FC,FC,B7,BD,BB,BF R=FC,12,B7,01,02,12 O=
f=377 S=87 M=FC,FC,B7,BD,BB,BF R=FC,12,B7,01,02,12 O=
f=378 S=87 M=FC,FC,B7,BD,BB,BF R=FC,12,B7,01,02,12 O=
f=379 S=87 M=FC,FC,B7,BD,BB,BF R=FC,12,B7,01,02,12 O=
f=380 S=87 M=FC,FC,B7,BD,BB,BF R=FC,0B,B7,01,02,0B O=
f=381 S=87 M=FC,FC,B7,BD,BB,BF R=FC,0B,B7,01,02,0B O=
f=382 S=87 M=FC,FC,B7,BD,BB,BF R=FC,0B,B7,01,02,0B O=
f=383 S=87 M=FC,FC,B7,BD,BB,BF R=FC,0B,B7,01,02,0B O=
f=384 S=87 M=FC,FC,B7,BD,BB,BF R=FC,0B,B7,01,02,0B O=
f=385 S=87 M=FC,FC,B7,BD,BB,BF R=FC,0B,B7,01,02,0B O=
f=386 S=87 M=FC,FC,B7,BD,BB,BF R=FC,0B,B7,01,02,0B O=
f=387 S=87 M=FC,FC,B7,BD,BB,BF R=FC,0B,B7,01,02,0B O=
f=388 S=87 M=FC,FC,B7,BD,BB,BF R=FC,0B,B7,01,02,0B O=
f=389 S=87 M=FC,FC,B7,BD,BB,BF R=FC,0B,B7,01,02,0B O=
f=390 S=87 M=FC,FC,B7,BD,BB,BF R=FC,0B,B7,01,02,0B O=
