f=190 M=FC,FC,B7,BD,BB,BF R=FC,12,B7,01,02,12 O=
f=191 M=FC,FC,B7,BD,BB,BF R=FC,12,B7,01,02,12 O=
f=192 M=FC,FC,B7,BD,BB,BF R=FC,12,B7,01,02,12 O=
f=193 M=FC,FC,B7,BD,BB,BF R=FC,12,B7,01,02,12 O=
f=194 M=FC,FC,B7,BD,BB,BF R=FC,12,B7,01,02,12 O=
f=195 M=FC,FC,B7,BD,BB,BF R=FC,12,B7,01,02,12 O=
f=196 M=FC,FC,B7,BD,BB,BF R=FC,12,B7,01,02,12 O=
f=197 M=FC,FC,B7,BD,BB,BF R=FC,12,B7,01,02,12 O=
f=198 M=FC,FC,B7,BD,BB,BF R=FC,12,B7,01,02,12 O=
f=199 M=FC,FC,B7,BD,BB,BF R=FC,12,B7,01,02,12 O=
f=200 M=FC,FC,B7,BD,BB,BF R=FC,12,B7,01,02,12 O=
f=201 M=FC,FC,B7,BD,BB,BF R=FC,12,B7,01,02,12 O=
f=202 M=FC,FC,B7,BD,BB,BF R=FC,12,B7,01,02,12 O=
f=203 M=FC,FC,B7,BD,BB,BF R=FC,12,B7,01,02,12 O=
f=204 M=FC,FC,B7,BD,BB,BF R=FC,12,B7,01,02,12 O=
f=205 M=FC,FC,B7,BD,BB,BF R=FC,12,B7,01,02,12 O=
f=206 M=FC,FC,B7,BD,BB,BF R=FC,12,B7,01,02,12 O=
f=207 M=FC,FC,B7,BD,BB,BF R=FC,12,B7,01,02,12 O=
f=208 M=FC,FC,B7,BD,BB,BF R=FC,12,B7,01,02,12 O=
f=209 M=FC,FC,B7,BD,BB,BF R=FC,12,B7,01,02,12 O=
f=210 M=FC,FC,B7,BD,BB,BF R=FC,12,B7,01,02,12 O=
f=211 M=FC,FC,B7,BD,BB,BF R=FC,12,B7,01,02,12 O=
f=212 M=FC,FC,B7,BD,BB,BF R=FC,12,B7,01,02,12 O=
f=213 M=FC,FC,B7,BD,BB,BF R=FC,12,B7,01,02,12 O=
f=214 M=FC,FC,B7,BD,BB,BF R=FC,12,B7,01,02,12 O=
f=215 M=FC,FC,B7,BD,BB,BF R=FC,12,B7,01,02,12 O=
f=216 M=FC,FC,B7,BD,BB,BF R=FC,12,B7,01,02,12 O=
f=217 M=FC,FC,B7,BD,BB,BF R=FC,12,B7,01,02,12 O=
f=218 M=FC,FC,B7,BD,BB,BF R=FC,12,B7,01,02,12 O=
f=219 M=FC,FC,B7,BD,BB,BF R=FC,12,B7,01,02,12 O=
f=220 M=FC,FC,B7,BD,BB,BF R=FC,12,B7,01,02,12 O=
f=221 M=FC,FC,B7,BD,BB,BF R=FC,12,B7,01,02,12 O=
f=222 M=FC,FC,B7,BD,BB,BF R=FC,12,B7,01,02,12 O=
f=223 M=FC,FC,B7,BD,BB,BF R=FC,12,B7,01,02,12 O=
f=224 M=FC,FC,B7,BD,BB,BF R=FC,12,B7,01,02,12 O=
f=225 M=FC,FC,B7,BD,BB,BF R=FC,12,B7,01,02,12 O=
f=226 M=FC,FC,B7,BD,BB,BF R=FC,12,B7,01,02,12 O=
f=227 M=FC,FC,B7,BD,BB,BF R=FC,12,B7,01,02,12 O=
f=228 M=FC,FC,B7,BD,BB,BF R=FC,12,B7,01,02,12 O=
f=229 M=FC,FC,B7,BD,BB,BF R=FC,12,B7,01,02,12 O=
f=230 M=FC,FC,B7,BD,BB,BF R=FC,12,B7,01,02,12 O=
f=231 M=FC,FC,B7,BD,BB,BF R=FC,12,B7,01,02,12 O=
f=232 M=FC,FC,B7,BD,BB,BF R=FC,12,B7,01,02,12 O=
f=233 M=FC,FC,B7,BD,BB,BF R=FC,12,B7,01,02,12 O=
f=234 M=FC,FC,B7,BD,BB,BF R=FC,12,B7,01,02,12 O=
f=235 M=FC,FC,B7,BD,BB,BF R=FC,12,B7,01,02,12 O=
f=236 M=FC,FC,B7,BD,BB,BF R=FC,12,B7,01,02,12 O=
f=237 M=FC,FC,B7,BD,BB,BF R=FC,12,B7,01,02,12 O=
f=238 M=FC,FC,B7,BD,BB,BF R=FC,12,B7,01,02,12 O=
f=239 M=FC,FC,B7,BD,BB,BF R=FC,12,B7,01,02,12 O=
f=240 M=FC,FC,B7,BD,BB,BF R=FC,12,B7,01,02,12 O=
f=241 M=FC,FC,B7,BD,BB,BF R=FC,12,B7,01,02,12 O=
f=242 M=FC,FC,B7,BD,BB,BF R=FC,12,B7,01,02,12 O=
f=243 M=FC,FC,B7,BD,BB,BF R=FC,12,B7,01,02,12 O=
f=244 M=FC,FC,B7,BD,BB,BF R=FC,12,B7,01,02,12 O=61/97/00;61/98/40;61/98/00;61/97/40
f=245 M=FC,FC,B7,BD,BB,BF R=FC,12,B7,01,02,12 O=62/97/00;62/98/40;62/98/00;62/97/40
f=246 M=FC,FC,B7,BD,BB,BF R=FC,12,B7,01,02,12 O=63/9F/00;63/A0/40;63/A0/00;63/9F/40
f=247 M=FC,FC,B7,BD,BB,BF R=FC,12,B7,01,02,12 O=64/9F/40;64/9F/00;64/A0/40;64/A0/00
f=248 M=FC,FC,B7,BD,BB,BF R=FC,12,B7,01,02,12 O=62/A8/00;62/A9/00;62/A7/00
f=249 M=FC,FC,B7,BD,BB,BF R=FC,12,B7,01,02,12 O=63/A7/00;63/A8/00;63/A9/00
f=250 M=FC,FC,B7,BD,BB,BF R=FC,12,B7,01,02,12 O=67/97/00;67/98/40;67/98/00;67/97/40
f=251 M=FC,FC,B7,BD,BB,BF R=FC,12,B7,01,02,12 O=60/96/40;60/96/00;60/95/40;68/97/00;68/98/40;68/98/00;68/97/40;60/95/00
f=252 M=FC,FC,B7,BD,BB,BF R=FC,12,B7,01,02,12 O=69/9F/40;61/9D/00;61/9E/40;61/9E/00;61/9D/40;69/9F/00;69/A0/40;69/A0/00
f=253 M=FC,FC,B7,BD,BB,BF R=FC,12,B7,01,02,12 O=6A/A0/40;6A/A0/00;6A/9F/40;62/9D/00;62/9E/40;62/9E/00;62/9D/40;6A/9F/00
f=254 M=FC,FC,B7,BD,BB,BF R=FC,12,B7,01,02,12 O=68/A7/00;60/A4/00;68/A8/00;60/A5/00;68/A9/00;60/A6/00
f=255 M=FC,FC,B7,BD,BB,BF R=FC,12,B7,01,02,12 O=69/A9/00;61/A6/00;69/A7/00;61/A4/00;69/A8/00;61/A5/00
f=256 M=FC,FC,B7,BD,BB,BF R=FC,12,B7,01,02,12 O=65/96/40;65/96/00;65/95/40;6D/97/00;6D/98/40;6D/98/00;6D/97/40;65/95/00
f=257 M=FC,FC,B7,BD,BB,BF R=FC,12,B7,01,02,12 O=6E/97/40;66/95/00;66/96/40;66/96/00;66/95/40;6E/97/00;6E/98/40;6E/98/00
f=258 M=FC,FC,B7,BD,BB,BF R=FC,12,B7,01,02,12 O=6F/A0/40;6F/A0/00;6F/9F/40;67/9D/00;67/9E/40;67/9E/00;67/9D/40;6F/9F/00
f=259 M=FC,FC,B7,BD,BB,BF R=FC,12,B7,01,02,12 O=68/9D/40;60/9B/00;70/9F/00;60/9C/40;70/A0/40;60/9C/00;70/A0/00;60/9B/40;70/9F/40;68/9D/00;68/9E/40;68/9E/00
f=260 M=FC,FC,B7,BD,BB,BF R=FC,12,B7,01,02,12 O=6E/A9/00;66/A6/00;6E/A7/00;66/A4/00;6E/A8/00;66/A5/00
f=261 M=FC,FC,B7,BD,BB,BF R=FC,12,B7,01,02,12 O=67/A6/00;6F/A7/00;67/A4/00;6F/A8/00;67/A5/00;6F/A9/00
f=262 M=FC,FC,B7,BD,BB,BF R=FC,12,B7,01,02,12 O=63/93/40;73/97/40;6B/95/00;6B/96/40;6B/96/00;6B/95/40;63/93/00;73/97/00;63/94/40;73/98/40;63/94/00;73/98/00
f=263 M=FC,FC,B7,BD,BB,BF R=FC,12,B7,01,02,12 O=64/94/40;74/98/40;64/94/00;74/98/00;64/93/40;74/97/40;6C/95/00;6C/96/40;6C/96/00;6C/95/40;64/93/00;74/97/00
f=264 M=FC,FC,B7,BD,BB,BF R=FC,12,B7,01,02,12 O=6D/9D/40;65/9B/00;75/9F/00;65/9C/40;75/A0/40;65/9C/00;75/A0/00;65/9B/40;75/9F/40;6D/9D/00;6D/9E/40;6D/9E/00
f=265 M=FC,FC,B7,BD,BB,BF R=FC,12,B7,01,02,12 O=6E/9E/40;6E/9E/00;6E/9D/40;66/9B/00;76/9F/00;66/9C/40;76/A0/40;66/9C/00;76/A0/00;66/9B/40;76/9F/40;6E/9D/00
f=266 M=FC,FC,B7,BD,BB,BF R=FC,12,B7,01,02,12 O=64/A2/00;6C/A6/00;64/A3/00;74/A7/00;6C/A4/00;74/A8/00;64/A1/00;6C/A5/00;74/A9/00
f=267 M=FC,FC,B7,BD,BB,BF R=FC,12,B7,01,02,12 O=65/A1/00;6D/A5/00;75/A9/00;65/A2/00;6D/A6/00;65/A3/00;75/A7/00;6D/A4/00;75/A8/00
f=268 M=FC,FC,B7,BD,BB,BF R=FC,12,B7,01,02,12 O=67/94/40;77/98/40;67/94/00;77/98/00;67/93/40;77/97/40;6F/95/00;6F/96/40;6F/96/00;6F/95/40;67/93/00;77/97/00
f=269 M=FC,FC,B7,BD,BB,BF R=FC,12,B7,01,02,12 O=6E/95/40;66/93/00;76/97/00;66/94/40;76/98/40;66/94/00;76/98/00;66/93/40;76/97/40;6E/95/00;6E/96/40;6E/96/00
f=270 M=FC,FC,B7,BD,BB,BF R=FC,12,B7,01,02,12 O=6D/9E/40;6D/9E/00;6D/9D/40;65/9B/00;75/9F/00;65/9C/40;75/A0/40;65/9C/00;75/A0/00;65/9B/40;75/9F/40;6D/9D/00
f=271 M=FC,FC,B7,BD,BB,BF R=FC,12,B7,01,02,12 O=6C/9E/40;6C/9E/00;6C/9D/40;64/9B/00;74/9F/00;64/9C/40;74/A0/40;64/9C/00;74/A0/00;64/9B/40;74/9F/40;6C/9D/00
f=272 M=FC,FC,B7,BD,BB,BF R=FC,12,B7,01,02,12 O=70/A8/00;60/A1/00;68/A5/00;70/A9/00;60/A2/00;68/A6/00;60/A3/00;70/A7/00;68/A4/00
f=273 M=FC,FC,B7,BD,BB,BF R=FC,12,B7,01,02,12 O=6F/A7/00;67/A4/00;6F/A8/00;67/A5/00;6F/A9/00;67/A6/00
f=274 M=FC,FC,B7,BD,BB,BF R=FC,12,B7,01,02,12 O=69/96/00;69/95/40;61/93/00;71/97/00;61/94/40;71/98/40;61/94/00;71/98/00;61/93/40;71/97/40;69/95/00;69/96/40
f=275 M=FC,FC,B7,BD,BB,BF R=FC,12,B7,01,02,12 O=68/95/00;68/96/40;68/96/00;68/95/40;60/93/00;70/97/00;60/94/40;70/98/40;60/94/00;70/98/00;60/93/40;70/97/40
f=276 M=FC,FC,B7,BD,BB,BF R=FC,12,B7,01,02,12 O=67/9E/40;67/9E/00;67/9D/40;6F/9F/00;6F/A0/40;6F/A0/00;6F/9F/40;67/9D/00
f=277 M=FC,FC,B7,BD,BB,BF R=FC,12,B7,01,02,12 O=6E/A0/00;6E/9F/40;66/9D/00;66/9E/40;66/9E/00;66/9D/40;6E/9F/00;6E/A0/40
f=278 M=FC,FC,B7,BD,BB,BF R=FC,12,B7,01,02,12 O=6A/A7/00;62/A4/00;6A/A8/00;62/A5/00;6A/A9/00;62/A6/00
f=279 M=FC,FC,B7,BD,BB,BF R=FC,12,B7,01,02,12 O=61/A6/00;69/A7/00;61/A4/00;69/A8/00;61/A5/00;69/A9/00
f=280 M=FC,FC,B7,BD,BB,BF R=FC,12,B7,01,02,12 O=6B/97/40;63/95/00;63/96/40;63/96/00;63/95/40;6B/97/00;6B/98/40;6B/98/00
f=281 M=FC,FC,B7,BD,BB,BF R=FC,12,B7,01,02,12 O=62/96/40;62/96/00;62/95/40;6A/97/00;6A/98/40;6A/98/00;6A/97/40;62/95/00
f=282 M=FC,FC,B7,BD,BB,BF R=FC,12,B7,01,02,12 O=69/A0/00;69/9F/40;61/9D/00;61/9E/40;61/9E/00;61/9D/40;69/9F/00;69/A0/40
f=283 M=FC,FC,B7,BD,BB,BF R=FC,12,B7,01,02,12 O=68/9F/00;68/A0/40;68/A0/00;68/9F/40;60/9D/00;60/9E/40;60/9E/00;60/9D/40
f=284 M=FC,FC,B7,BD,BB,BF R=FC,12,B7,01,02,12 O=64/A7/00;64/A8/00;64/A9/00
f=285 M=FC,FC,B7,BD,BB,BF R=FC,12,B7,01,02,12 O=63/A9/00;63/A7/00;63/A8/00
f=286 M=FC,FC,B7,BD,BB,BF R=FC,12,B7,01,02,12 O=65/97/00;65/98/40;65/98/00;65/97/40
f=287 M=FC,FC,B7,BD,BB,BF R=FC,12,B7,01,02,12 O=64/98/00;64/97/40;64/97/00;64/98/40
f=288 M=FC,FC,B7,BD,BB,BF R=FC,12,B7,01,02,12 O=63/9F/00;63/A0/40;63/A0/00;63/9F/40
f=289 M=FC,FC,B7,BD,BB,BF R=FC,12,B7,01,02,12 O=62/9F/00;62/A0/40;62/A0/00;62/9F/40
f=290 M=FC,FC,B7,BD,BB,BF R=FC,12,B7,01,02,12 O=
f=291 M=FC,FC,B7,BD,BB,BF R=FC,12,B7,01,02,12 O=
f=292 M=FC,FC,B7,BD,BB,BF R=FC,12,B7,01,02,12 O=
f=293 M=FC,FC,B7,BD,BB,BF R=FC,12,B7,01,02,12 O=
f=294 M=FC,FC,B7,BD,BB,BF R=FC,12,B7,01,02,12 O=
f=295 M=FC,FC,B7,BD,BB,BF R=FC,12,B7,01,02,12 O=
f=296 M=FC,FC,B7,BD,BB,BF R=FC,12,B7,01,02,12 O=
f=297 M=FC,FC,B7,BD,BB,BF R=FC,12,B7,01,02,12 O=
f=298 M=FC,FC,B7,BD,BB,BF R=FC,12,B7,01,02,12 O=60/87/80;60/86/80;60/86/C0
f=299 M=FC,FC,B7,BD,BB,BF R=FC,12,B7,01,02,12 O=60/86/C0;60/87/80;60/86/80
f=300 M=FC,FC,B7,BD,BB,BF R=FC,12,B7,01,02,12 O=60/8A/80;60/8B/80;60/8A/C0
f=301 M=FC,FC,B7,BD,BB,BF R=FC,12,B7,01,02,12 O=60/8A/C0;60/8A/80;60/8B/80
f=302 M=FC,FC,B7,BD,BB,BF R=FC,12,B7,01,02,12 O=65/A9/00;65/A7/00;65/A8/00
f=303 M=FC,FC,B7,BD,BB,BF R=FC,12,B7,01,02,12 O=65/A8/00;65/A9/00;65/A7/00
f=304 M=FC,FC,B7,BD,BB,BF R=FC,12,B7,01,02,12 O=
f=305 M=FC,FC,B7,BD,BB,BF R=FC,12,B7,01,02,12 O=
f=306 M=FC,FC,B7,BD,BB,BF R=FC,12,B7,01,02,12 O=
f=307 M=FC,FC,B7,BD,BB,BF R=FC,12,B7,01,02,12 O=
f=308 M=FC,FC,B7,BD,BB,BF R=FC,12,B7,01,02,12 O=
f=309 M=FC,FC,B7,BD,BB,BF R=FC,12,B7,01,02,12 O=
f=310 M=FC,FC,B7,BD,BB,BF R=FC,12,B7,01,02,12 O=
f=311 M=FC,FC,B7,BD,BB,BF R=FC,12,B7,01,02,12 O=
f=312 M=FC,FC,B7,BD,BB,BF R=FC,12,B7,01,02,12 O=
f=313 M=FC,FC,B7,BD,BB,BF R=FC,12,B7,01,02,12 O=
f=314 M=FC,FC,B7,BD,BB,BF R=FC,12,B7,01,02,12 O=
f=315 M=FC,FC,B7,BD,BB,BF R=FC,12,B7,01,02,12 O=
f=316 M=FC,FC,B7,BD,BB,BF R=FC,12,B7,01,02,12 O=
f=317 M=FC,FC,B7,BD,BB,BF R=FC,12,B7,01,02,12 O=
f=318 M=FC,FC,B7,BD,BB,BF R=FC,12,B7,01,02,12 O=
f=319 M=FC,FC,B7,BD,BB,BF R=FC,12,B7,01,02,12 O=
f=320 M=FC,FC,B7,BD,B8,B9 R=FC,12,B7,01,BA,B5 O=7D/C1/00
f=321 M=FC,FC,B7,BD,B8,B9 R=FC,12,B7,01,BA,B5 O=7D/C1/00
f=322 M=FC,FC,B7,BD,B8,B9 R=FC,12,B7,01,BA,B5 O=7D/C1/00
f=323 M=FC,FC,B7,BD,B8,B9 R=FC,12,B7,01,BA,B5 O=7D/C1/00
f=324 M=FC,FC,B7,BD,B8,B9 R=FC,12,B7,01,BA,B5 O=7D/C1/00
f=325 M=FC,FC,B7,BD,B8,B9 R=FC,12,B7,01,BA,B5 O=7D/C1/00
f=326 M=FC,FC,B7,BD,B8,B9 R=FC,12,B7,01,BA,B5 O=7D/C1/00
f=327 M=FC,FC,B7,BD,B8,B9 R=FC,12,B7,01,BA,B5 O=7D/C1/00
f=328 M=FC,FC,B7,BD,B8,B9 R=FC,12,B7,01,BA,B5 O=7D/C1/00
f=329 M=FC,FC,B7,BD,B8,B9 R=FC,12,B7,01,BA,B5 O=7D/C1/00
f=330 M=FC,FC,B7,BD,B8,B9 R=FC,12,B7,01,BA,B5 O=7D/C1/00
f=331 M=FC,FC,B7,BD,B8,B9 R=FC,12,B7,01,BA,B5 O=7D/C1/00
f=332 M=FC,FC,B7,BD,B8,B9 R=FC,12,B7,01,BA,B5 O=7D/C1/00
f=333 M=FC,FC,B7,BD,B8,B9 R=FC,12,B7,01,BA,B5 O=7D/C1/00
f=334 M=FC,FC,B7,BD,B8,B9 R=FC,12,B7,01,BA,B5 O=7D/C1/00
f=335 M=FC,FC,B7,BD,B8,B9 R=FC,12,B7,01,BA,B5 O=7D/C1/00
f=336 M=FC,FC,B7,BD,B8,B9 R=FC,12,B7,01,BA,B5 O=7D/C1/00
f=337 M=FC,FC,B7,BD,B8,B9 R=FC,12,B7,01,BA,B5 O=7D/C1/00
f=338 M=FC,FC,B7,BD,B8,B9 R=FC,12,B7,01,BA,B5 O=7D/C1/00
f=339 M=FC,FC,B7,BD,B8,B9 R=FC,12,B7,01,BA,B5 O=7D/C1/00
f=340 M=FC,FC,B7,BD,B8,B9 R=FC,12,B7,01,BA,B5 O=7D/C1/00
f=341 M=FC,FC,B7,BD,B8,B9 R=FC,12,B7,01,BA,B5 O=7D/C1/00
f=342 M=FC,FC,B7,BD,B8,B9 R=FC,12,B7,01,BA,B5 O=7D/C1/00
f=343 M=FC,FC,B7,BD,B8,B9 R=FC,12,B7,01,BA,B5 O=7D/C1/00
f=344 M=FC,FC,B7,BD,B8,B9 R=FC,12,B7,01,BA,B5 O=7D/C1/00
f=345 M=FC,FC,B7,BD,B8,B9 R=FC,12,B7,01,BA,B5 O=7D/C1/00
f=346 M=FC,FC,B7,BD,B8,B9 R=FC,12,B7,01,BA,B5 O=7D/C1/00
f=347 M=FC,FC,B7,BD,B8,B9 R=FC,12,B7,01,BA,B5 O=7D/C1/00
f=348 M=FC,FC,B7,BD,B8,B9 R=FC,12,B7,01,BA,B5 O=7D/C1/00
f=349 M=FC,FC,B7,BD,B8,B9 R=FC,12,B7,01,BA,B5 O=7D/C1/00
f=350 M=FC,FC,B7,BD,B8,B9 R=FC,12,B7,01,BA,B5 O=7D/C1/00
f=351 M=FC,FC,B7,BD,B8,B9 R=FC,12,B7,01,BA,B5 O=7D/C1/00
f=352 M=FC,FC,B7,BD,B8,B9 R=FC,12,B7,01,BA,B5 O=7D/C1/00
f=353 M=FC,FC,B7,BD,B8,B9 R=FC,12,B7,01,BA,B5 O=7D/C1/00
f=354 M=FC,FC,B7,BD,B8,B9 R=FC,12,B7,01,BA,B5 O=7D/C1/00
f=355 M=FC,FC,B7,BD,B8,B9 R=FC,12,B7,01,BA,B5 O=7D/C1/00
f=356 M=FC,FC,B7,BD,B8,B9 R=FC,12,B7,01,BA,B5 O=7D/C1/00
f=357 M=FC,FC,B7,BD,B8,B9 R=FC,12,B7,01,BA,B5 O=7D/C1/00
f=358 M=FC,FC,B7,BD,B8,B9 R=FC,12,B7,01,BA,B5 O=7D/C1/00
f=359 M=FC,FC,B7,BD,B8,B9 R=FC,12,B7,01,BA,B5 O=7D/C1/00
f=360 M=FC,FC,B7,BD,B8,B9 R=FC,12,B7,01,BA,B5 O=7D/C1/00
f=361 M=FC,FC,B7,BD,B8,B9 R=FC,12,B7,01,BA,B5 O=7D/C1/00
f=362 M=FC,FC,B7,BD,B8,B9 R=FC,12,B7,01,BA,B5 O=7D/C1/00
f=363 M=FC,FC,B7,BD,B8,B9 R=FC,12,B7,01,BA,B5 O=7D/C1/00
f=364 M=FC,FC,B7,BD,B8,B9 R=FC,12,B7,01,BA,B5 O=7D/C1/00
f=365 M=FC,FC,B7,BD,B8,B9 R=FC,12,B7,01,BA,B5 O=7D/C1/00
f=366 M=FC,FC,B7,BD,B8,B9 R=FC,12,B7,01,BA,B5 O=7D/C1/00
f=367 M=FC,FC,B7,BD,B8,B9 R=FC,12,B7,01,BA,B5 O=7D/C1/00
f=368 M=FC,FC,B7,BD,B8,B9 R=FC,12,B7,01,BA,B5 O=7D/C1/00
f=369 M=FC,FC,B7,BD,B8,B9 R=FC,12,B7,01,BA,B5 O=7D/C1/00
f=370 M=FC,FC,B7,BD,B8,B9 R=FC,12,B7,01,BA,B5 O=7D/C1/00
f=371 M=FC,FC,B7,BD,B8,B9 R=FC,12,B7,01,BA,B5 O=7D/C1/00
f=372 M=FC,FC,B7,BD,B8,B9 R=FC,12,B7,01,BA,B5 O=7D/C1/00
f=373 M=FC,FC,B7,BD,B8,B9 R=FC,12,B7,01,BA,B5 O=7D/C1/00
f=374 M=FC,FC,B7,BD,B8,B9 R=FC,12,B7,01,BA,B5 O=7D/C1/00
f=375 M=FC,FC,B7,BD,B8,B9 R=FC,12,B7,01,BA,B5 O=7D/C1/00
f=376 M=FC,FC,B7,BD,B8,B9 R=FC,12,B7,01,BA,B5 O=7D/C1/00
f=377 M=FC,FC,B7,BD,B8,B9 R=FC,12,B7,01,BA,B5 O=7D/C1/00
f=378 M=FC,FC,B7,BD,B8,B9 R=FC,12,B7,01,BA,B5 O=7D/C1/00
f=379 M=FC,FC,B7,BD,B8,B9 R=FC,12,B7,01,BA,B5 O=7D/C1/00
f=380 M=FC,FC,B7,BD,B8,B9 R=FC,12,B7,01,BA,B5 O=7D/C1/00
f=381 M=FC,FC,B7,BD,B8,B9 R=FC,12,B7,01,BA,B5 O=7D/C1/00
f=382 M=FC,FC,B7,BD,B8,B9 R=FC,12,B7,01,BA,B5 O=7D/C1/00
f=383 M=FC,FC,B7,BD,B8,B9 R=FC,12,B7,01,BA,B5 O=7D/C1/00
f=384 M=FC,FC,B7,BD,B8,B9 R=FC,12,B7,01,BA,B5 O=7D/C1/00
f=385 M=FC,FC,B7,BD,B8,B9 R=FC,12,B7,01,BA,B5 O=7D/C1/00
f=386 M=FC,FC,B7,BD,B8,B9 R=FC,12,B7,01,BA,B5 O=7D/C1/00
f=387 M=FC,FC,B7,BD,B8,B9 R=FC,12,B7,01,BA,B5 O=7D/C1/00
f=388 M=FC,FC,B7,BD,B8,B9 R=FC,12,B7,01,BA,B5 O=7D/C1/00
f=389 M=FC,FC,B7,BD,B8,B9 R=FC,12,B7,01,BA,B5 O=7D/C1/00
f=390 M=FC,FC,B7,BD,B8,B9 R=FC,12,B7,01,BA,B5 O=7D/C1/00
