1 pc=0000 s=FD be=FF d8=00 d0=00 d1=00 da=00 db=00 f0=00
2 pc=0000 s=FD be=FF d8=00 d0=00 d1=00 da=00 db=00 f0=00
3 pc=B13B s=FB be=FF d8=00 d0=00 d1=00 da=00 db=00 f0=00
4 pc=F80C s=FD be=FF d8=00 d0=00 d1=00 da=00 db=00 f0=00
5 pc=F814 s=FD be=FF d8=00 d0=00 d1=00 da=00 db=00 f0=00
6 pc=F80F s=FD be=FF d8=00 d0=00 d1=00 da=00 db=00 f0=00
7 pc=F814 s=FD be=FF d8=00 d0=00 d1=00 da=00 db=00 f0=00
8 pc=C394 s=FB be=00 d8=00 d0=00 d1=00 da=00 db=00 f0=00
9 pc=F875 s=FF be=00 d8=00 d0=00 d1=00 da=00 db=00 f0=00
10 pc=F874 s=FF be=00 d8=00 d0=00 d1=00 da=00 db=00 f0=00
11 pc=C4CA s=EE be=00 d8=00 d0=00 d1=00 da=00 db=00 f0=00
12 pc=D92D s=F0 be=00 d8=00 d0=00 d1=00 da=00 db=00 f0=00
13 pc=D457 s=F0 be=00 d8=00 d0=00 d1=00 da=00 db=00 f0=00
14 pc=DD1C s=EE be=00 d8=00 d0=00 d1=00 da=00 db=00 f0=00
15 pc=D93B s=F0 be=00 d8=00 d0=00 d1=00 da=00 db=00 f0=00
16 pc=D46B s=F0 be=00 d8=00 d0=00 d1=00 da=00 db=00 f0=00
17 pc=D3D5 s=F0 be=00 d8=00 d0=00 d1=00 da=00 db=00 f0=00
18 pc=DD7C s=EC be=00 d8=00 d0=00 d1=00 da=00 db=00 f0=00
19 pc=D3CE s=F0 be=00 d8=00 d0=00 d1=00 da=00 db=00 f0=00
20 pc=DD33 s=EE be=00 d8=00 d0=00 d1=00 da=00 db=00 f0=00
21 pc=FD9C s=EC be=00 d8=00 d0=00 d1=00 da=00 db=00 f0=00
22 pc=F875 s=FF be=00 d8=00 d0=00 d1=00 da=00 db=00 f0=00
23 pc=D47A s=F0 be=00 d8=08 d0=00 d1=00 da=50 db=51 f0=00
24 pc=C4CA s=EE be=00 d8=08 d0=00 d1=00 da=50 db=51 f0=00
25 pc=DCDD s=EE be=00 d8=08 d0=00 d1=00 da=50 db=51 f0=00
26 pc=D3D7 s=F0 be=00 d8=08 d0=00 d1=00 da=50 db=51 f0=00
27 pc=C4D3 s=F0 be=00 d8=08 d0=00 d1=00 da=50 db=51 f0=00
28 pc=D93D s=F0 be=00 d8=08 d0=00 d1=00 da=50 db=51 f0=00
29 pc=DD1F s=EE be=00 d8=08 d0=00 d1=00 da=50 db=51 f0=00
30 pc=C4D5 s=F0 be=00 d8=08 d0=00 d1=00 da=50 db=51 f0=00
31 pc=D45F s=F0 be=00 d8=08 d0=00 d1=00 da=50 db=51 f0=00
32 pc=D633 s=F0 be=00 d8=08 d0=00 d1=00 da=50 db=51 f0=00
33 pc=D93B s=F0 be=00 d8=08 d0=00 d1=00 da=50 db=51 f0=00
34 pc=D45D s=F0 be=00 d8=08 d0=00 d1=00 da=50 db=51 f0=00
35 pc=C4D5 s=F0 be=00 d8=08 d0=00 d1=00 da=50 db=51 f0=00
36 pc=D475 s=F0 be=00 d8=08 d0=00 d1=00 da=50 db=51 f0=00
37 pc=D3D9 s=F0 be=00 d8=08 d0=00 d1=00 da=50 db=51 f0=00
38 pc=D92A s=F0 be=00 d8=08 d0=00 d1=00 da=50 db=51 f0=00
39 pc=D3D2 s=F0 be=00 d8=08 d0=00 d1=00 da=50 db=51 f0=00
40 pc=D035 s=F2 be=00 d8=08 d0=00 d1=00 da=50 db=51 f0=00
41 pc=D030 s=F2 be=00 d8=08 d0=00 d1=00 da=50 db=51 f0=00
42 pc=DA7E s=F0 be=00 d8=08 d0=00 d1=00 da=50 db=51 f0=00
43 pc=D45F s=F0 be=00 d8=08 d0=00 d1=00 da=50 db=51 f0=00
44 pc=D44C s=F0 be=00 d8=08 d0=00 d1=00 da=50 db=51 f0=00
45 pc=D5DA s=F0 be=00 d8=08 d0=00 d1=00 da=50 db=51 f0=00
46 pc=D45D s=F0 be=00 d8=08 d0=00 d1=00 da=50 db=51 f0=00
47 pc=D453 s=F0 be=00 d8=08 d0=00 d1=00 da=50 db=51 f0=00
48 pc=C4CD s=EE be=00 d8=08 d0=00 d1=00 da=50 db=51 f0=00
49 pc=D47E s=F0 be=00 d8=08 d0=00 d1=00 da=50 db=51 f0=00
50 pc=D45D s=F0 be=00 d8=08 d0=00 d1=00 da=50 db=51 f0=00
51 pc=D932 s=F0 be=00 d8=08 d0=00 d1=00 da=50 db=51 f0=00
52 pc=D14D s=F6 be=08 d8=08 d0=00 d1=00 da=50 db=51 f0=53
53 pc=F873 s=FF be=08 d8=08 d0=00 d1=00 da=50 db=51 f0=53
54 pc=F873 s=FF be=08 d8=08 d0=00 d1=00 da=50 db=51 f0=53
55 pc=F873 s=FF be=08 d8=08 d0=00 d1=00 da=50 db=51 f0=53
56 pc=F873 s=FF be=08 d8=08 d0=00 d1=00 da=50 db=51 f0=53
57 pc=F871 s=FF be=08 d8=08 d0=00 d1=00 da=50 db=51 f0=53
58 pc=F875 s=FF be=08 d8=08 d0=00 d1=00 da=50 db=51 f0=53
59 pc=F873 s=FF be=08 d8=08 d0=00 d1=00 da=50 db=51 f0=53
60 pc=F871 s=FF be=08 d8=08 d0=00 d1=00 da=50 db=51 f0=53
61 pc=F875 s=FF be=08 d8=08 d0=00 d1=00 da=50 db=51 f0=53
62 pc=F873 s=FF be=08 d8=08 d0=00 d1=00 da=50 db=51 f0=53
63 pc=F871 s=FF be=08 d8=08 d0=00 d1=00 da=50 db=51 f0=53
64 pc=F875 s=FF be=08 d8=08 d0=00 d1=00 da=50 db=51 f0=53
65 pc=F873 s=FF be=08 d8=08 d0=00 d1=00 da=50 db=51 f0=53
66 pc=F872 s=FF be=08 d8=08 d0=00 d1=00 da=50 db=51 f0=53
67 pc=F875 s=FF be=08 d8=08 d0=00 d1=00 da=50 db=51 f0=53
68 pc=F874 s=FF be=08 d8=08 d0=00 d1=00 da=50 db=51 f0=53
69 pc=F872 s=FF be=08 d8=08 d0=00 d1=00 da=50 db=51 f0=53
70 pc=F871 s=FF be=08 d8=08 d0=00 d1=00 da=50 db=51 f0=53
71 pc=F874 s=FF be=08 d8=08 d0=00 d1=00 da=50 db=51 f0=53
72 pc=F872 s=FF be=08 d8=08 d0=00 d1=00 da=50 db=51 f0=53
73 pc=F871 s=FF be=08 d8=08 d0=00 d1=00 da=50 db=51 f0=53
74 pc=F874 s=FF be=08 d8=08 d0=00 d1=00 da=50 db=51 f0=53
75 pc=F872 s=FF be=08 d8=08 d0=00 d1=00 da=50 db=51 f0=53
76 pc=F871 s=FF be=08 d8=08 d0=00 d1=00 da=50 db=51 f0=53
77 pc=F874 s=FF be=08 d8=08 d0=00 d1=00 da=50 db=51 f0=53
78 pc=F873 s=FF be=08 d8=08 d0=00 d1=00 da=50 db=51 f0=53
79 pc=F871 s=FF be=08 d8=08 d0=00 d1=00 da=50 db=51 f0=53
80 pc=F875 s=FF be=08 d8=08 d0=00 d1=00 da=50 db=51 f0=53
81 pc=F873 s=FF be=08 d8=08 d0=00 d1=00 da=50 db=51 f0=53
82 pc=F871 s=FF be=08 d8=08 d0=00 d1=00 da=50 db=51 f0=53
83 pc=F875 s=FF be=08 d8=08 d0=00 d1=00 da=50 db=51 f0=53
84 pc=F873 s=FF be=08 d8=08 d0=00 d1=00 da=50 db=51 f0=53
85 pc=F871 s=FF be=08 d8=08 d0=00 d1=00 da=50 db=51 f0=53
86 pc=F875 s=FF be=08 d8=08 d0=00 d1=00 da=50 db=51 f0=53
87 pc=F871 s=FF be=08 d8=08 d0=00 d1=00 da=50 db=51 f0=53
88 pc=F875 s=FF be=08 d8=08 d0=00 d1=00 da=50 db=51 f0=53
89 pc=F871 s=FF be=08 d8=08 d0=00 d1=00 da=50 db=51 f0=53
90 pc=F874 s=FF be=08 d8=08 d0=00 d1=00 da=50 db=51 f0=53
91 pc=F871 s=FF be=08 d8=08 d0=00 d1=00 da=50 db=51 f0=53
92 pc=F873 s=FF be=08 d8=08 d0=00 d1=00 da=50 db=51 f0=53
93 pc=F875 s=FF be=08 d8=08 d0=00 d1=00 da=50 db=51 f0=53
94 pc=F872 s=FF be=08 d8=08 d0=00 d1=00 da=50 db=51 f0=53
95 pc=F874 s=FF be=08 d8=08 d0=00 d1=00 da=50 db=51 f0=53
96 pc=F871 s=FF be=08 d8=08 d0=00 d1=00 da=50 db=51 f0=53
97 pc=F873 s=FF be=08 d8=08 d0=00 d1=00 da=50 db=51 f0=53
98 pc=F875 s=FF be=08 d8=08 d0=00 d1=00 da=50 db=51 f0=53
99 pc=F872 s=FF be=08 d8=08 d0=00 d1=00 da=50 db=51 f0=53
100 pc=F874 s=FF be=08 d8=08 d0=00 d1=00 da=50 db=51 f0=53
101 pc=F871 s=FF be=08 d8=08 d0=00 d1=00 da=50 db=51 f0=53
102 pc=F873 s=FF be=08 d8=08 d0=00 d1=00 da=50 db=51 f0=53
103 pc=F875 s=FF be=08 d8=08 d0=00 d1=00 da=50 db=51 f0=53
104 pc=F872 s=FF be=08 d8=08 d0=00 d1=00 da=50 db=51 f0=53
105 pc=F874 s=FF be=08 d8=08 d0=00 d1=00 da=50 db=51 f0=53
106 pc=F871 s=FF be=08 d8=08 d0=00 d1=00 da=50 db=51 f0=53
107 pc=F873 s=FF be=08 d8=08 d0=00 d1=00 da=50 db=51 f0=53
108 pc=F871 s=FF be=08 d8=08 d0=00 d1=00 da=50 db=51 f0=53
109 pc=F872 s=FF be=08 d8=08 d0=00 d1=00 da=50 db=51 f0=53
110 pc=F875 s=FF be=08 d8=08 d0=00 d1=00 da=50 db=51 f0=53
111 pc=F871 s=FF be=08 d8=08 d0=00 d1=00 da=50 db=51 f0=53
112 pc=F874 s=FF be=08 d8=08 d0=00 d1=00 da=50 db=51 f0=53
113 pc=F871 s=FF be=08 d8=08 d0=00 d1=00 da=50 db=51 f0=53
114 pc=F873 s=FF be=08 d8=08 d0=00 d1=00 da=50 db=51 f0=53
115 pc=F875 s=FF be=08 d8=08 d0=00 d1=00 da=50 db=51 f0=53
116 pc=F872 s=FF be=08 d8=08 d0=00 d1=00 da=50 db=51 f0=53
117 pc=F874 s=FF be=08 d8=08 d0=00 d1=00 da=50 db=51 f0=53
118 pc=F871 s=FF be=08 d8=08 d0=00 d1=00 da=50 db=51 f0=53
119 pc=F873 s=FF be=08 d8=08 d0=00 d1=00 da=50 db=51 f0=53
120 pc=F871 s=FF be=08 d8=08 d0=00 d1=00 da=50 db=51 f0=53
