2026-09-21 01:43:07 saved 10/1380 field=M03/00/enemy/01/unit_id
2026-09-21 01:43:42 saved 20/1380 field=M03/00/enemy/03/y
2026-09-21 01:44:17 saved 30/1380 field=M03/00/enemy/04/flags
2026-09-21 01:44:52 saved 40/1380 field=M03/00/enemy/06/unit_id
2026-09-21 01:45:26 saved 50/1380 field=M03/01/enemy/00/y
2026-09-21 01:46:01 saved 60/1380 field=M03/01/enemy/01/flags
2026-09-21 01:46:36 saved 70/1380 field=M03/01/enemy/03/unit_id
2026-09-21 01:47:11 saved 80/1380 field=M03/01/enemy/05/y
2026-09-21 01:47:45 saved 90/1380 field=M03/01/enemy/06/flags
2026-09-21 01:48:20 saved 100/1380 field=M03/01/enemy/08/unit_id
2026-09-21 01:48:55 saved 110/1380 field=M03/01/enemy/10/y
2026-09-21 01:49:29 saved 120/1380 field=M03/01/enemy/11/flags
2026-09-21 01:50:03 saved 130/1380 field=M03/03/enemy/00/unit_id
2026-09-21 01:50:38 saved 140/1380 field=M03/03/enemy/02/y
2026-09-21 01:51:12 saved 150/1380 field=M03/03/enemy/03/flags
2026-09-21 01:51:47 saved 160/1380 field=M03/03/enemy/06/unit_id
2026-09-21 01:52:22 saved 170/1380 field=M03/03/enemy/10/y
2026-09-21 01:52:56 saved 180/1380 field=M03/03/enemy/11/flags
2026-09-21 01:53:31 saved 190/1380 field=M03/03/enemy/13/unit_id
2026-09-21 01:54:06 saved 200/1380 field=M03/03/player/04/y
2026-09-21 01:54:41 saved 210/1380 field=M03/04/enemy/00/pilot_id
2026-09-21 01:55:16 saved 220/1380 field=M03/04/enemy/02/x
2026-09-21 01:55:51 saved 230/1380 field=M03/04/enemy/03/level
2026-09-21 01:56:26 saved 240/1380 field=M03/04/enemy/05/pilot_id
2026-09-21 01:57:00 saved 250/1380 field=M03/04/enemy/07/x
2026-09-21 01:57:35 saved 260/1380 field=M03/04/enemy/11/level
2026-09-21 01:58:10 saved 270/1380 field=M03/04/enemy/13/pilot_id
2026-09-21 01:58:45 saved 280/1380 field=M03/04/player/02/x
2026-09-21 01:59:20 saved 290/1380 field=M03/04/player/05/y
2026-09-21 01:59:55 saved 300/1380 field=M03/05/enemy/00/pilot_id
2026-09-21 02:00:29 saved 310/1380 field=M03/05/enemy/02/x
2026-09-21 02:01:04 saved 320/1380 field=M03/05/enemy/03/level
2026-09-21 02:01:39 saved 330/1380 field=M03/05/enemy/05/pilot_id
2026-09-21 02:02:13 saved 340/1380 field=M03/05/enemy/07/x
2026-09-21 02:02:48 saved 350/1380 field=M03/06/enemy/00/level
2026-09-21 02:03:23 saved 360/1380 field=M03/06/enemy/02/pilot_id
2026-09-21 02:03:57 saved 370/1380 field=M03/06/enemy/04/x
2026-09-21 02:04:32 saved 380/1380 field=M03/06/enemy/05/level
2026-09-21 02:05:07 saved 390/1380 field=M03/06/enemy/07/pilot_id
2026-09-21 02:05:41 saved 400/1380 field=M03/06/enemy/09/x
2026-09-21 02:06:16 saved 410/1380 field=M03/06/enemy/10/level
2026-09-21 02:06:51 saved 420/1380 field=M03/06/enemy/12/pilot_id
2026-09-21 02:07:25 saved 430/1380 field=M03/06/enemy/14/x
2026-09-21 02:07:59 saved 440/1380 field=M03/06/enemy/15/level
2026-09-21 02:08:34 saved 450/1380 field=M03/06/enemy/17/pilot_id
2026-09-21 02:09:08 saved 460/1380 field=M03/06/player/04/x
2026-09-21 02:09:43 saved 470/1380 field=M03/07/enemy/00/y
2026-09-21 02:10:18 saved 480/1380 field=M03/07/enemy/03/flags
2026-09-21 02:10:53 saved 490/1380 field=M03/07/enemy/05/unit_id
2026-09-21 02:11:27 saved 500/1380 field=M03/07/enemy/14/y
2026-09-21 02:12:02 saved 510/1380 field=M03/07/enemy/15/flags
2026-09-21 02:12:36 saved 520/1380 field=M03/07/enemy/17/unit_id
2026-09-21 02:13:11 saved 530/1380 field=M03/07/player/02/y
2026-09-21 02:13:46 saved 540/1380 field=M03/07/player/05/roster_index
2026-09-21 02:14:21 saved 550/1380 field=M03/08/enemy/01/unit_id
2026-09-21 02:14:56 saved 560/1380 field=M03/08/enemy/03/y
2026-09-21 02:15:31 saved 570/1380 field=M03/08/enemy/04/flags
2026-09-21 02:16:05 saved 580/1380 field=M03/08/enemy/06/unit_id
2026-09-21 02:16:40 saved 590/1380 field=M03/08/enemy/08/y
2026-09-21 02:17:14 saved 600/1380 field=M03/08/enemy/09/flags
2026-09-21 02:17:49 saved 610/1380 field=M03/08/enemy/11/unit_id
2026-09-21 02:18:24 saved 620/1380 field=M03/08/enemy/13/y
2026-09-21 02:18:58 saved 630/1380 field=M03/08/enemy/14/flags
2026-09-21 02:19:33 saved 640/1380 field=M03/08/enemy/16/unit_id
2026-09-21 02:20:08 saved 650/1380 field=M03/09/enemy/00/y
2026-09-21 02:20:43 saved 660/1380 field=M03/09/enemy/01/flags
2026-09-21 02:21:18 saved 670/1380 field=M03/09/enemy/03/unit_id
2026-09-21 02:21:52 saved 680/1380 field=M03/09/enemy/05/y
2026-09-21 02:22:27 saved 690/1380 field=M03/09/enemy/06/flags
2026-09-21 02:23:02 saved 700/1380 field=M03/09/enemy/08/unit_id
2026-09-21 02:23:37 saved 710/1380 field=M03/09/enemy/10/y
2026-09-21 02:24:11 saved 720/1380 field=M03/09/enemy/11/flags
2026-09-21 02:24:46 saved 730/1380 field=M03/09/enemy/13/unit_id
2026-09-21 02:25:21 saved 740/1380 field=M03/09/enemy/15/y
2026-09-21 02:25:56 saved 750/1380 field=M03/09/enemy/16/flags
2026-09-21 02:26:31 saved 760/1380 field=M03/10/enemy/02/unit_id
2026-09-21 02:27:06 saved 770/1380 field=M03/10/enemy/06/y
2026-09-21 02:27:40 saved 780/1380 field=M03/10/enemy/07/flags
2026-09-21 02:28:15 saved 790/1380 field=M03/10/enemy/09/unit_id
2026-09-21 02:28:50 saved 800/1380 field=M03/10/enemy/11/y
2026-09-21 02:29:26 saved 810/1380 field=M03/11/enemy/00/flags
2026-09-21 02:30:03 saved 820/1380 field=M03/11/enemy/02/unit_id
2026-09-21 02:30:40 saved 830/1380 field=M03/11/enemy/04/y
2026-09-21 02:31:16 saved 840/1380 field=M03/12/enemy/00/flags
2026-09-21 02:31:52 saved 850/1380 field=M03/12/enemy/02/unit_id
2026-09-21 02:32:27 saved 860/1380 field=M03/12/enemy/04/y
2026-09-21 02:33:03 saved 870/1380 field=M03/12/enemy/05/flags
2026-09-21 02:33:39 saved 880/1380 field=M03/12/enemy/07/unit_id
2026-09-21 02:34:15 saved 890/1380 field=M03/12/enemy/09/y
2026-09-21 02:34:50 saved 900/1380 field=M03/12/enemy/10/flags
2026-09-21 02:35:27 saved 910/1380 field=M03/12/enemy/12/unit_id
2026-09-21 02:36:02 saved 920/1380 field=M03/13/enemy/00/y
2026-09-21 02:36:38 saved 930/1380 field=M03/13/enemy/01/flags
2026-09-21 02:37:14 saved 940/1380 field=M03/13/enemy/03/unit_id
2026-09-21 02:37:50 saved 950/1380 field=M03/13/enemy/05/y
2026-09-21 02:38:25 saved 960/1380 field=M03/13/enemy/09/flags
2026-09-21 02:39:02 saved 970/1380 field=M03/13/enemy/11/unit_id
2026-09-21 02:39:37 saved 980/1380 field=M03/13/enemy/14/y
2026-09-21 02:40:13 saved 990/1380 field=M03/13/enemy/15/flags
2026-09-21 02:40:49 saved 1000/1380 field=M03/13/player/02/x
2026-09-21 02:41:26 saved 1010/1380 field=M03/14/player/02/y
2026-09-21 02:42:03 saved 1020/1380 field=M03/15/enemy/00/flags
2026-09-21 02:42:39 saved 1030/1380 field=M03/15/enemy/02/unit_id
2026-09-21 02:43:14 saved 1040/1380 field=M03/15/enemy/04/y
2026-09-21 02:43:49 saved 1050/1380 field=M03/15/enemy/05/flags
2026-09-21 02:44:25 saved 1060/1380 field=M03/16/player/01/x
2026-09-21 02:45:02 saved 1070/1380 field=M03/16/player/04/y
2026-09-21 02:45:38 saved 1080/1380 field=M03/16/player/07/roster_index
2026-09-21 02:46:14 saved 1090/1380 field=M03/17/enemy/10/x
2026-09-21 02:46:49 saved 1100/1380 field=M03/17/enemy/11/level
2026-09-21 02:47:26 saved 1110/1380 field=M03/17/enemy/14/pilot_id
2026-09-21 02:48:01 saved 1120/1380 field=M03/18/enemy/04/x
2026-09-21 02:48:37 saved 1130/1380 field=M03/18/enemy/05/level
2026-09-21 02:49:14 saved 1140/1380 field=M03/18/enemy/07/pilot_id
2026-09-21 02:49:49 saved 1150/1380 field=M03/18/enemy/13/x
2026-09-21 02:50:25 saved 1160/1380 field=M03/18/enemy/14/level
2026-09-21 02:51:01 saved 1170/1380 field=M03/19/enemy/00/flags
2026-09-21 02:51:38 saved 1180/1380 field=M03/19/enemy/03/unit_id
2026-09-21 02:52:13 saved 1190/1380 field=M03/19/enemy/05/y
2026-09-21 02:52:49 saved 1200/1380 field=M03/19/enemy/12/flags
2026-09-21 02:53:26 saved 1210/1380 field=M03/19/enemy/14/unit_id
2026-09-21 02:54:02 saved 1220/1380 field=M03/19/enemy/16/y
2026-09-21 02:54:38 saved 1230/1380 field=M03/21/player/00/roster_index
2026-09-21 02:55:13 saved 1240/1380 field=M03/22/enemy/03/unit_id
2026-09-21 02:55:47 saved 1250/1380 field=M03/22/enemy/05/y
2026-09-21 02:56:21 saved 1260/1380 field=M03/22/enemy/06/flags
2026-09-21 02:56:56 saved 1270/1380 field=M03/22/enemy/08/unit_id
2026-09-21 02:57:31 saved 1280/1380 field=M03/22/enemy/10/y
2026-09-21 02:58:05 saved 1290/1380 field=M03/22/enemy/11/flags
2026-09-21 02:58:40 saved 1300/1380 field=M03/22/guest/01/unit_id
2026-09-21 02:59:15 saved 1310/1380 field=M03/23/enemy/01/y
2026-09-21 02:59:49 saved 1320/1380 field=M03/23/enemy/03/flags
2026-09-21 03:00:25 saved 1330/1380 field=M03/23/enemy/05/unit_id
2026-09-21 03:01:00 saved 1340/1380 field=M03/23/enemy/10/y
2026-09-21 03:01:34 saved 1350/1380 field=M03/23/enemy/11/flags
2026-09-21 03:02:09 saved 1360/1380 field=M03/23/player/01/x
2026-09-21 03:02:45 saved 1370/1380 field=M03/23/player/04/y
2026-09-21 03:03:20 saved 1380/1380 field=M03/23/player/07/roster_index
2026-09-21 03:17:33 fresh-a records 25/386
2026-09-21 03:18:27 fresh-a records 50/386
2026-09-21 03:19:25 fresh-a records 75/386
2026-09-21 03:20:32 fresh-a records 100/386
2026-09-21 03:22:56 fresh-a records 150/386
2026-09-21 03:24:31 fresh-a records 175/386
2026-09-21 03:25:57 fresh-a records 200/386
2026-09-21 03:27:18 fresh-a records 225/386
2026-09-21 03:28:22 fresh-a records 250/386
2026-09-21 03:29:41 fresh-a records 300/386
2026-09-21 03:30:37 fresh-a records 350/386
2026-09-21 03:33:55 fresh-b records 25/386
2026-09-21 03:35:07 fresh-b records 50/386
2026-09-21 03:36:10 fresh-b records 75/386
2026-09-21 03:37:10 fresh-b records 100/386
2026-09-21 03:39:34 fresh-b records 150/386
2026-09-21 03:41:05 fresh-b records 175/386
2026-09-21 03:42:33 fresh-b records 200/386
2026-09-21 03:43:48 fresh-b records 225/386
2026-09-21 03:44:41 fresh-b records 250/386
2026-09-21 03:46:11 fresh-b records 300/386
2026-09-21 03:47:06 fresh-b records 350/386
