2026-09-21 00:47:45 saved 10/1380 field=M03/00/enemy/01/unit_id
2026-09-21 00:48:14 saved 20/1380 field=M03/00/enemy/03/y
2026-09-21 00:48:46 saved 30/1380 field=M03/00/enemy/04/flags
2026-09-21 00:49:15 saved 40/1380 field=M03/00/enemy/06/unit_id
2026-09-21 00:49:41 saved 50/1380 field=M03/01/enemy/00/y
2026-09-21 00:50:12 saved 60/1380 field=M03/01/enemy/01/flags
2026-09-21 00:50:41 saved 70/1380 field=M03/01/enemy/03/unit_id
2026-09-21 00:51:09 saved 80/1380 field=M03/01/enemy/05/y
2026-09-21 00:51:41 saved 90/1380 field=M03/01/enemy/06/flags
2026-09-21 00:52:10 saved 100/1380 field=M03/01/enemy/08/unit_id
2026-09-21 00:52:38 saved 110/1380 field=M03/01/enemy/10/y
2026-09-21 00:53:09 saved 120/1380 field=M03/01/enemy/11/flags
2026-09-21 00:53:38 saved 130/1380 field=M03/03/enemy/00/unit_id
2026-09-21 00:54:07 saved 140/1380 field=M03/03/enemy/02/y
2026-09-21 00:54:38 saved 150/1380 field=M03/03/enemy/03/flags
2026-09-21 00:55:07 saved 160/1380 field=M03/03/enemy/06/unit_id
2026-09-21 00:55:36 saved 170/1380 field=M03/03/enemy/10/y
2026-09-21 00:56:07 saved 180/1380 field=M03/03/enemy/11/flags
2026-09-21 00:56:36 saved 190/1380 field=M03/03/enemy/13/unit_id
2026-09-21 00:57:01 saved 200/1380 field=M03/03/player/04/y
2026-09-21 00:57:27 saved 210/1380 field=M03/04/enemy/00/pilot_id
2026-09-21 00:57:57 saved 220/1380 field=M03/04/enemy/02/x
2026-09-21 00:58:27 saved 230/1380 field=M03/04/enemy/03/level
2026-09-21 00:58:56 saved 240/1380 field=M03/04/enemy/05/pilot_id
2026-09-21 00:59:26 saved 250/1380 field=M03/04/enemy/07/x
2026-09-21 00:59:56 saved 260/1380 field=M03/04/enemy/11/level
2026-09-21 01:00:25 saved 270/1380 field=M03/04/enemy/13/pilot_id
2026-09-21 01:00:52 saved 280/1380 field=M03/04/player/02/x
2026-09-21 01:01:16 saved 290/1380 field=M03/04/player/05/y
2026-09-21 01:01:42 saved 300/1380 field=M03/05/enemy/00/pilot_id
2026-09-21 01:02:12 saved 310/1380 field=M03/05/enemy/02/x
2026-09-21 01:02:42 saved 320/1380 field=M03/05/enemy/03/level
2026-09-21 01:03:10 saved 330/1380 field=M03/05/enemy/05/pilot_id
2026-09-21 01:03:40 saved 340/1380 field=M03/05/enemy/07/x
2026-09-21 01:04:10 saved 350/1380 field=M03/06/enemy/00/level
2026-09-21 01:04:39 saved 360/1380 field=M03/06/enemy/02/pilot_id
2026-09-21 01:05:09 saved 370/1380 field=M03/06/enemy/04/x
2026-09-21 01:05:39 saved 380/1380 field=M03/06/enemy/05/level
2026-09-21 01:06:08 saved 390/1380 field=M03/06/enemy/07/pilot_id
2026-09-21 01:06:38 saved 400/1380 field=M03/06/enemy/09/x
2026-09-21 01:07:08 saved 410/1380 field=M03/06/enemy/10/level
2026-09-21 01:07:37 saved 420/1380 field=M03/06/enemy/12/pilot_id
2026-09-21 01:08:07 saved 430/1380 field=M03/06/enemy/14/x
2026-09-21 01:08:36 saved 440/1380 field=M03/06/enemy/15/level
2026-09-21 01:09:05 saved 450/1380 field=M03/06/enemy/17/pilot_id
2026-09-21 01:09:32 saved 460/1380 field=M03/06/player/04/x
2026-09-21 01:09:57 saved 470/1380 field=M03/07/enemy/00/y
2026-09-21 01:10:28 saved 480/1380 field=M03/07/enemy/03/flags
2026-09-21 01:10:57 saved 490/1380 field=M03/07/enemy/05/unit_id
2026-09-21 01:11:26 saved 500/1380 field=M03/07/enemy/14/y
2026-09-21 01:11:57 saved 510/1380 field=M03/07/enemy/15/flags
2026-09-21 01:12:25 saved 520/1380 field=M03/07/enemy/17/unit_id
2026-09-21 01:12:51 saved 530/1380 field=M03/07/player/02/y
2026-09-21 01:13:17 saved 540/1380 field=M03/07/player/05/roster_index
2026-09-21 01:18:55 waiting for previous reference runtime lock to release
