start
saved B8 clear_page (1/24)
saved B8 single_glyph (2/24)
saved B9 clear_page (3/24)
saved B9 single_glyph (4/24)
saved BA clear_page (5/24)
saved BA single_glyph (6/24)
saved BB clear_page (7/24)
saved BB single_glyph (8/24)
saved C8 clear_page (9/24)
saved C8 single_glyph (10/24)
saved C9 clear_page (11/24)
saved C9 single_glyph (12/24)
saved CA clear_page (13/24)
saved CA single_glyph (14/24)
saved CB clear_page (15/24)
saved CB single_glyph (16/24)
saved D8 clear_page (17/24)
saved D8 single_glyph (18/24)
saved D9 clear_page (19/24)
saved D9 single_glyph (20/24)
saved DA clear_page (21/24)
saved DA single_glyph (22/24)
saved DB clear_page (23/24)
saved DB single_glyph (24/24)
cold read 1/24
cold read 2/24
cold read 3/24
cold read 4/24
cold read 5/24
cold read 6/24
cold read 7/24
cold read 8/24
cold read 9/24
cold read 10/24
cold read 11/24
cold read 12/24
cold read 13/24
cold read 14/24
cold read 15/24
cold read 16/24
cold read 17/24
cold read 18/24
cold read 19/24
cold read 20/24
cold read 21/24
cold read 22/24
cold read 23/24
cold read 24/24
cold_cell_sha256_1 1/24
cold_cell_sha256_1 2/24
cold_cell_sha256_1 3/24
cold_cell_sha256_1 4/24
cold_cell_sha256_1 5/24
cold_cell_sha256_1 6/24
cold_cell_sha256_1 7/24
cold_cell_sha256_1 8/24
cold_cell_sha256_1 9/24
cold_cell_sha256_1 10/24
cold_cell_sha256_1 11/24
cold_cell_sha256_1 12/24
cold_cell_sha256_1 13/24
cold_cell_sha256_1 14/24
cold_cell_sha256_1 15/24
cold_cell_sha256_1 16/24
cold_cell_sha256_1 17/24
cold_cell_sha256_1 18/24
cold_cell_sha256_1 19/24
cold_cell_sha256_1 20/24
cold_cell_sha256_1 21/24
cold_cell_sha256_1 22/24
cold_cell_sha256_1 23/24
cold_cell_sha256_1 24/24
cold_cell_sha256_2 1/24
cold_cell_sha256_2 2/24
cold_cell_sha256_2 3/24
cold_cell_sha256_2 4/24
cold_cell_sha256_2 5/24
cold_cell_sha256_2 6/24
cold_cell_sha256_2 7/24
cold_cell_sha256_2 8/24
cold_cell_sha256_2 9/24
cold_cell_sha256_2 10/24
cold_cell_sha256_2 11/24
cold_cell_sha256_2 12/24
cold_cell_sha256_2 13/24
cold_cell_sha256_2 14/24
cold_cell_sha256_2 15/24
cold_cell_sha256_2 16/24
cold_cell_sha256_2 17/24
cold_cell_sha256_2 18/24
cold_cell_sha256_2 19/24
cold_cell_sha256_2 20/24
cold_cell_sha256_2 21/24
cold_cell_sha256_2 22/24
cold_cell_sha256_2 23/24
cold_cell_sha256_2 24/24
