                                ; Unbound Ash to Ash music-data bank for the shared FamiStudio player.
                                
                                    .fillvalue $00
                                    .base $8000
08000                               .include "ash_to_ash_famistudio_asm6.asm"
08000                           ; This file is for the FamiStudio Sound Engine and was generated by FamiStudio
08000                           ; Required flags for Ash to Ash 2A03:
08000                           ; FAMISTUDIO_USE_VOLUME_TRACK = 1
08000                           
08000                           music_data_ash_to_ash_2a03:
08000 01                        	db 1
08001 13 80                     	dw @instruments
08003 60 80                     	dw @samples-4
08005                           ; 00 : Ash to Ash
08005 67 80                     	dw @song0ch0
08007 99 85                     	dw @song0ch1
08009 D4 89                     	dw @song0ch2
0800B E9 8E                     	dw @song0ch3
0800D 1C 92                     	dw @song0ch4
0800F 64 80 00 00               	db <(@tempo_env_1_mid), >(@tempo_env_1_mid), 0, 0
08013                           
08013                           @instruments:
08013 51 80 4D 80 5C 80 3A 80   	dw @env5,@env4,@env7,@env1 ; 00 : Lead
0801B 33 80 4D 80 60 80 3A 80   	dw @env0,@env4,@env8,@env1 ; 01 : Harmony
08023 48 80 4D 80 59 80 3A 80   	dw @env3,@env4,@env6,@env1 ; 02 : Bass
0802B 3F 80 4D 80 59 80 3A 80   	dw @env2,@env4,@env6,@env1 ; 03 : Drum
08033                           
08033                           @env0:
08033 00 CE CD CC CB 00 04      	db $00,$ce,$cd,$cc,$cb,$00,$04
0803A                           @env1:
0803A 00 C0 7F 00 02            	db $00,$c0,$7f,$00,$02
0803F                           @env2:
0803F 00 CF CC C9 C6 C3 C1 00.. 	db $00,$cf,$cc,$c9,$c6,$c3,$c1,$00,$06
08048                           @env3:
08048 00 CF 7F 00 02            	db $00,$cf,$7f,$00,$02
0804D                           @env4:
0804D C0 7F 00 01               	db $c0,$7f,$00,$01
08051                           @env5:
08051 00 CF CF CE CD CC 00 05   	db $00,$cf,$cf,$ce,$cd,$cc,$00,$05
08059                           @env6:
08059 7F 00 00                  	db $7f,$00,$00
0805C                           @env7:
0805C C2 7F 00 00               	db $c2,$7f,$00,$00
08060                           @env8:
08060 C1 7F 00 00               	db $c1,$7f,$00,$00
08064                           
08064                           @samples:
08064                           
08064                           @tempo_env_1_mid:
08064 03 05 80                  	db $03,$05,$80
08067                           
08067                           @song0ch0:
08067 87                        	db $87
08068                           @song0ch0loop:
08068 47 64 80 7A 80            	db $47, <(@tempo_env_1_mid), >(@tempo_env_1_mid), $7a, $80
0806D                           @song0ref8:
0806D 29 8D 00 7E 29 85 00 81.. 	db $29, $8d, $00, $7e, $29, $85, $00, $81, $78, $29, $97, $00, $81, $7a, $2a, $8d, $00, $7e, $2a, $85, $00, $81, $78, $2a
08085 97 00 81 7A               	db $97, $00, $81, $7a
08089 41 08                     	db $41, $08
0808B 6D 80                     	dw @song0ref8
0808D 83                        	db $83
0808E                           @song0ref40:
0808E 00 81                     	db $00, $81
08090                           @song0ref42:
08090 7A 27 8D 00 7E 27 85 00.. 	db $7a, $27, $8d, $00, $7e, $27, $85, $00, $81, $78, $27, $97, $00, $81, $7a
0809F 41 0B                     	db $41, $0b
080A1 6D 80                     	dw @song0ref8
080A3 41 08                     	db $41, $08
080A5 90 80                     	dw @song0ref42
080A7 83 00 81 48               	db $83, $00, $81, $48
080AB                           @song0ref67:
080AB 7A 25 8D 00 7E 25 85 00.. 	db $7a, $25, $8d, $00, $7e, $25, $85, $00, $81, $78, $25, $97
080B7 41 0D                     	db $41, $0d
080B9 8E 80                     	dw @song0ref40
080BB 41 08                     	db $41, $08
080BD AB 80                     	dw @song0ref67
080BF 83 00 81                  	db $83, $00, $81
080C2 41 09                     	db $41, $09
080C4 AB 80                     	dw @song0ref67
080C6 00 81 7A 24 8D 00 7E 24.. 	db $00, $81, $7a, $24, $8d, $00, $7e, $24, $85, $00, $81, $78, $24, $97, $00, $81, $7a, $25, $8d, $00, $81, $27, $8d, $00
080DE 81 48                     	db $81, $48
080E0 41 0C                     	db $41, $0c
080E2 6D 80                     	dw @song0ref8
080E4 8F 00 7E 2A 85 00 78 2A   	db $8f, $00, $7e, $2a, $85, $00, $78, $2a
080EC                           @song0ref128:
080EC 99 00 7A 29 8F 00 7E 29.. 	db $99, $00, $7a, $29, $8f, $00, $7e, $29, $85, $00, $78, $29, $85, $00, $7a, $27, $8f, $00, $7e, $27, $85, $00, $78, $27
08104 41 09                     	db $41, $09
08106 EC 80                     	dw @song0ref128
08108 99                        	db $99
08109 41 0A                     	db $41, $0a
0810B 8E 80                     	dw @song0ref40
0810D 83 00 48 81               	db $83, $00, $48, $81
08111 41 09                     	db $41, $09
08113 AB 80                     	dw @song0ref67
08115 41 0D                     	db $41, $0d
08117 8E 80                     	dw @song0ref40
08119 41 08                     	db $41, $08
0811B AB 80                     	dw @song0ref67
0811D 83 00 81                  	db $83, $00, $81
08120                           @song0ref175:
08120 24 83 00 7B 24 78 25 83.. 	db $24, $83, $00, $7b, $24, $78, $25, $83, $00, $7b, $25, $78
0812C 41 08                     	db $41, $08
0812E 20 81                     	dw @song0ref175
08130 78                        	db $78
08131 41 08                     	db $41, $08
08133 20 81                     	dw @song0ref175
08135 78                        	db $78
08136 41 08                     	db $41, $08
08138 20 81                     	dw @song0ref175
0813A 78                        	db $78
0813B 41 08                     	db $41, $08
0813D 20 81                     	dw @song0ref175
0813F 78                        	db $78
08140 41 08                     	db $41, $08
08142 20 81                     	dw @song0ref175
08144 78                        	db $78
08145 41 08                     	db $41, $08
08147 20 81                     	dw @song0ref175
08149 78 24 83 00 7B 24 78 25.. 	db $78, $24, $83, $00, $7b, $24, $78, $25, $83, $00, $48, $7b, $25, $00, $f5
08158                           @song0ref225:
08158 7A 29 8D 00 81 27 F1 00.. 	db $7a, $29, $8d, $00, $81, $27, $f1, $00, $81, $78, $3c, $83, $00, $81, $79, $3f, $83, $00, $81, $78, $3f, $83, $00, $81
08170 79 3C 83 00 81 38 83 00.. 	db $79, $3c, $83, $00, $81, $38, $83, $00, $81, $78, $38, $83, $00, $48, $f9
0817F 41 08                     	db $41, $08
08181 58 81                     	dw @song0ref225
08183 78 20 83 00 81 24 83 00.. 	db $78, $20, $83, $00, $81, $24, $83, $00, $81, $27, $83, $00, $81, $24, $83, $00, $81, $20, $83, $00, $81, $24, $85, $48
0819B 00 7E 22 A3 00 78 22 8F.. 	db $00, $7e, $22, $a3, $00, $78, $22, $8f, $00, $93, $7e
081A6                           @song0ref302:
081A6 22 8F 00 24 8F 00 25 8F.. 	db $22, $8f, $00, $24, $8f, $00, $25, $8f, $00, $22, $b7
081B1                           @song0ref313:
081B1 00 81 78 22 8D 00 95 7E   	db $00, $81, $78, $22, $8d, $00, $95, $7e
081B9                           @song0ref321:
081B9 22 8D 00 81 24 8D 00 81.. 	db $22, $8d, $00, $81, $24, $8d, $00, $81, $25, $8d, $00, $81, $24, $8d, $48, $a7
081C9                           @song0ref337:
081C9 00 81 22 8D 00 81 20 8D.. 	db $00, $81, $22, $8d, $00, $81, $20, $8d, $00, $81, $78, $20, $8d, $00, $81, $7e
081D9                           @song0ref353:
081D9 1E 8D 00 81 78 1E 8D 00.. 	db $1e, $8d, $00, $81, $78, $1e, $8d, $00, $81, $7e
081E3                           @song0ref363:
081E3 1D 8D 00 81 78 1D 8D 00.. 	db $1d, $8d, $00, $81, $78, $1d, $8d, $00, $95, $7b, $2a, $8d, $00, $81, $29, $8d, $00, $95, $27, $97, $00, $8b, $25, $8d
081FB 48 00 81 7E 22 A1         	db $48, $00, $81, $7e, $22, $a1
08201 41 12                     	db $41, $12
08203 B1 81                     	dw @song0ref313
08205                           @song0ref396:
08205 22 B5 00 81 78 22 8D 00.. 	db $22, $b5, $00, $81, $78, $22, $8d, $00, $95, $7e
0820F                           @song0ref406:
0820F 22 A1 00 81 25 8D 00 81.. 	db $22, $a1, $00, $81, $25, $8d, $00, $81, $78, $25, $8d, $48, $00, $81, $7e
0821E                           @song0ref421:
0821E 25 B5 00 81 24 DD 00 81.. 	db $25, $b5, $00, $81, $24, $dd, $00, $81, $7b, $2c, $8d, $00, $81, $2a, $8d
0822D                           @song0ref436:
0822D 00 81 29 8D 00 81 27 8D.. 	db $00, $81, $29, $8d, $00, $81, $27, $8d, $00, $95, $2a, $a3, $00, $29, $8d, $48, $81, $00, $7d, $22, $a3, $00, $a7
08244 41 09                     	db $41, $09
08246 A6 81                     	dw @song0ref302
08248 81                        	db $81
08249 41 08                     	db $41, $08
0824B 05 82                     	dw @song0ref396
0824D 7D                        	db $7d
0824E 41 0D                     	db $41, $0d
08250 B9 81                     	dw @song0ref321
08252 8B 48 A9                  	db $8b, $48, $a9
08255 41 0E                     	db $41, $0e
08257 C9 81                     	dw @song0ref337
08259 7D                        	db $7d
0825A 41 08                     	db $41, $08
0825C D9 81                     	dw @song0ref353
0825E 7D                        	db $7d
0825F 41 08                     	db $41, $08
08261 E3 81                     	dw @song0ref363
08263 7B 29 91 00 25 A9 00 81.. 	db $7b, $29, $91, $00, $25, $a9, $00, $81, $78, $25, $83, $00, $81, $7b, $27, $91, $00, $24, $89, $48, $81, $00, $81, $7d
0827B 22 A1 00 81 78 22 8D 00.. 	db $22, $a1, $00, $81, $78, $22, $8d, $00, $95, $7d
08285 41 0C                     	db $41, $0c
08287 B9 81                     	dw @song0ref321
08289 22 A1 00 81 78 22 8D 00.. 	db $22, $a1, $00, $81, $78, $22, $8d, $00, $a9, $7d
08293 41 09                     	db $41, $09
08295 0F 82                     	dw @song0ref406
08297 8B 48 81 00 81 7D         	db $8b, $48, $81, $00, $81, $7d
0829D 41 08                     	db $41, $08
0829F 1E 82                     	dw @song0ref421
082A1 7A 2D 8D 00 81 2E 8F 00.. 	db $7a, $2d, $8d, $00, $81, $2e, $8f, $00, $78, $2e, $8f, $00, $7a, $30, $8f, $00, $78, $30, $8f, $00, $7a, $33, $8f, $00
082B9 78 33 8F 00 7A 31 8B 48.. 	db $78, $33, $8f, $00, $7a, $31, $8b, $48, $81, $00, $7c, $25, $22, $c9, $00, $79, $16, $7c, $29, $c9, $00, $79, $1d, $7c
082D1 27 DD 00 79 1B 7C 25 8D.. 	db $27, $dd, $00, $79, $1b, $7c, $25, $8d, $00, $79, $19, $7c, $24, $8d, $00, $79, $18, $7c, $22, $8b, $48, $81, $00, $79
082E9 16 7C 24 B5 00 79 18 7C.. 	db $16, $7c, $24, $b5, $00, $79, $18, $7c, $20, $b5, $00, $79, $14, $7c, $27, $8d, $00, $79, $1b, $7c, $27, $b5, $00, $79
08301 1B 7E 29 87 00 87 7C 25.. 	db $1b, $7e, $29, $87, $00, $87, $7c, $25, $b5, $00, $79, $19, $7c, $24, $8d, $00, $79, $18, $7c, $25, $8b, $48, $d1, $00
08319 79 19 7D 29 C9 00 79 1D.. 	db $79, $19, $7d, $29, $c9, $00, $79, $1d, $7c, $27, $df, $00, $25, $8f, $00, $24, $8f, $00, $22, $8b, $48, $83, $00, $20
08331 F3 00 27 8F 00 79 1B 7C.. 	db $f3, $00, $27, $8f, $00, $79, $1b, $7c, $27, $c9, $00, $79, $1b, $7c, $26, $a1, $00, $78, $22, $7d, $27, $8d, $00, $78
08349 22 7D 29 8D 00 78 22 7D.. 	db $22, $7d, $29, $8d, $00, $78, $22, $7d, $2c, $89, $48, $83, $00, $79, $20, $78, $2c, $8d, $00, $7c, $1e, $7d, $2c, $8d
08361 00 7B 22 7D 2A 8D 00 7A.. 	db $00, $7b, $22, $7d, $2a, $8d, $00, $7a, $25, $7d, $29, $8d, $00, $7a, $25, $7d, $27, $8d, $00, $78, $2a, $7d, $25, $8d
08379 00 78 22 7E 29 87 00 87.. 	db $00, $78, $22, $7e, $29, $87, $00, $87, $7c, $27, $d3, $00, $7a, $22, $87, $00, $7e, $27, $89, $00, $29, $85, $00, $25
08391 83 00 87 7D 29 87 00 87.. 	db $83, $00, $87, $7d, $29, $87, $00, $87, $7c, $27, $89, $48, $bf, $00, $78, $24, $7c, $20, $b5, $00, $78, $1b, $7e, $20
083A9 87 00 22 81 00 24 83 00.. 	db $87, $00, $22, $81, $00, $24, $83, $00, $27, $87, $00, $29, $00, $7b, $2a, $81, $00, $7e, $2a, $00
083BD                           @song0ref827:
083BD 78 2A 83 00 81 7E 2A 83.. 	db $78, $2a, $83, $00, $81, $7e, $2a, $83, $00, $81
083C7 41 08                     	db $41, $08
083C9 BD 83                     	dw @song0ref827
083CB 78 2A 83 00 81 7D 29 89.. 	db $78, $2a, $83, $00, $81, $7d, $29, $89, $00, $85, $78, $29, $83, $00, $8b, $7d, $27, $89, $00, $85, $78, $27, $83, $00
083E3 8B 7C 29 87 48 85 00 79.. 	db $8b, $7c, $29, $87, $48, $85, $00, $79, $25, $7c, $29, $b5
083EF                           @song0ref876:
083EF 00 81 7B 2A               	db $00, $81, $7b, $2a
083F3                           @song0ref880:
083F3 B5 00 81 7C 29 A1 00 81.. 	db $b5, $00, $81, $7c, $29, $a1, $00, $81, $7a, $27, $b5, $00, $81, $7c, $29, $b5, $00, $81, $7a, $27, $9b, $48, $85, $00
0840B 81                        	db $81
0840C                           @song0ref905:
0840C 78 25 B7 00 7A 27 B7 00.. 	db $78, $25, $b7, $00, $7a, $27, $b7, $00, $78, $25, $a3, $00, $25, $ad, $00, $25, $85, $00, $7a, $24, $a3, $00, $78, $25
08424 8F 00 81 7A 27 8D 00 81.. 	db $8f, $00, $81, $7a, $27, $8d, $00, $81, $7c, $29, $85, $48, $b9, $00, $81, $78, $29, $83, $00, $81, $7b, $2e
0843A 41 08                     	db $41, $08
0843C F3 83                     	dw @song0ref880
0843E AB 00 81 78 27 83 00 81.. 	db $ab, $00, $81, $78, $27, $83, $00, $81, $7b, $2c, $b5, $00, $81, $7a, $27, $8d, $00, $81, $78, $25, $85, $48, $ff, $a3
08456 00 22 00 81 7B 24 85 00.. 	db $00, $22, $00, $81, $7b, $24, $85, $00, $89, $24, $85, $00, $89, $24, $85, $00, $89, $25, $85, $00, $9d, $27, $85, $00
0846E 9D 7C 29 85 48 C3         	db $9d, $7c, $29, $85, $48, $c3
08474 41 13                     	db $41, $13
08476 EF 83                     	dw @song0ref876
08478 99 48 89 00               	db $99, $48, $89, $00
0847C 41 0C                     	db $41, $0c
0847E 0C 84                     	dw @song0ref905
08480 81 25 83 00 81 7A 24 A1.. 	db $81, $25, $83, $00, $81, $7a, $24, $a1, $00, $81, $78, $25, $8d, $00, $81, $7a, $27, $8d, $00, $81, $7c, $29, $83, $48
08498 BB 00 81 78 29 83 00 81.. 	db $bb, $00, $81, $78, $29, $83, $00, $81, $7b, $2e, $b5, $00, $81, $31, $a1, $00, $81, $30, $b5, $00, $81, $2c, $b5, $00
084B0 81 7C 29 8D 00 81 7B 2E.. 	db $81, $7c, $29, $8d, $00, $81, $7b, $2e, $83, $48, $ff, $81, $00, $7e, $24, $8b, $00, $25, $85, $00, $27, $85, $00, $28
084C8 00 29 97 00 83 78 1D 85.. 	db $00, $29, $97, $00, $83, $78, $1d, $85, $00, $7b, $27, $83, $00, $78, $1d, $27, $83, $00, $1d, $7b, $27, $83, $00, $78
084E0 1D 27 83 00 81 7B 25 8D.. 	db $1d, $27, $83, $00, $81, $7b, $25, $8d, $00, $81, $78, $25, $83, $00, $81, $7b, $24, $8d, $00, $81, $78, $24, $83, $00
084F8 81 7A 22 83 48 8B 00 7E   	db $81, $7a, $22, $83, $48, $8b, $00, $7e
08500                           @song0ref1146:
08500 29 97 00 78 25 29 97 00.. 	db $29, $97, $00, $78, $25, $29, $97, $00, $81, $7e, $2a, $97, $00, $78, $27, $2a
08510                           @song0ref1162:
08510 97 00 81 7E 29 97 00 78.. 	db $97, $00, $81, $7e, $29, $97, $00, $78, $25, $29, $83, $00, $81, $7e, $27, $97, $00, $78, $24, $27
08524 41 08                     	db $41, $08
08526 10 85                     	dw @song0ref1162
08528 99 00 7E 27 97 48 81 00.. 	db $99, $00, $7e, $27, $97, $48, $81, $00, $78, $27, $85, $00, $7e, $25, $99, $00, $78, $25, $99, $00, $7e, $27, $99, $00
08540 78 27 99 00 7E 25 99      	db $78, $27, $99, $00, $7e, $25, $99
08547                           @song0ref1216:
08547 00 81 78 25               	db $00, $81, $78, $25
0854B                           @song0ref1220:
0854B 83 00 81 7E 25 97 00 78.. 	db $83, $00, $81, $7e, $25, $97, $00, $78, $22, $25, $97, $00, $81, $7e, $24, $97, $00, $78, $21, $24, $97, $00, $81, $7e
08563 25 8D 00 81 27 81 48 8B.. 	db $25, $8d, $00, $81, $27, $81, $48, $8b, $00, $81
0856D 41 1D                     	db $41, $1d
0856F 00 85                     	dw @song0ref1146
08571 41 08                     	db $41, $08
08573 10 85                     	dw @song0ref1162
08575 97 00 81 7E 27 95 48 81.. 	db $97, $00, $81, $7e, $27, $95, $48, $81, $00, $78, $24, $27
08581 41 0B                     	db $41, $0b
08583 4B 85                     	dw @song0ref1220
08585 7E 27 97 00 78 24 27 97.. 	db $7e, $27, $97, $00, $78, $24, $27, $97, $00, $81, $7e, $25, $97
08592 41 1F                     	db $41, $1f
08594 47 85                     	dw @song0ref1216
08596 42                        	db $42
08597 68 80                     	dw @song0ch0loop
08599                           @song0ch1:
08599 87                        	db $87
0859A                           @song0ch1loop:
0859A 77 82 25 B5 00 81 27      	db $77, $82, $25, $b5, $00, $81, $27
085A1                           @song0ref1303:
085A1 B5 00 81 25 A1 00 81 24.. 	db $b5, $00, $81, $25, $a1, $00, $81, $24, $b5, $00, $81, $25, $b5
085AE                           @song0ref1316:
085AE 00 81 24 A1 00 81 22 B5.. 	db $00, $81, $24, $a1, $00, $81, $22, $b5, $00, $81, $24, $b5, $00, $81, $22, $8d, $00, $81, $79, $1e, $78, $1e, $00, $8d
085C6 77 22 B5 00 81 21 B5 00.. 	db $77, $22, $b5, $00, $81, $21, $b5, $00, $81
085CF 41 09                     	db $41, $09
085D1 B9 81                     	dw @song0ref321
085D3 B5 00 81 27 B7 00 25 A3.. 	db $b5, $00, $81, $27, $b7, $00, $25, $a3, $00, $24, $b7, $00, $25, $b7
085E1 41 0F                     	db $41, $0f
085E3 AE 85                     	dw @song0ref1316
085E5 A1 00 81 7C 29 B5 00 7A.. 	db $a1, $00, $81, $7c, $29, $b5, $00, $7a, $36, $7c, $29, $b5, $00, $7a, $36, $7c, $29, $a1, $00, $7a, $36, $2a, $77, $0a
085FD 8B                        	db $8b
085FE                           @song0ref1394:
085FE 00 8B 05 8D 00 8B 0A B5.. 	db $00, $8b, $05, $8d, $00, $8b, $0a, $b5, $00, $81, $7a, $16, $8d, $00, $81, $14, $dd, $00, $81, $78, $2c, $83, $00, $81
08616 30 83 00 8B 77 03 83 00.. 	db $30, $83, $00, $8b, $77, $03, $83, $00, $8b, $01, $83, $00, $81, $05, $8d, $00, $81, $0a, $8d
08629 41 12                     	db $41, $12
0862B FE 85                     	dw @song0ref1394
0862D 77 0F 83 00 81 11 83 00.. 	db $77, $0f, $83, $00, $81, $11, $83, $00, $9f, $78, $20, $83, $00, $81, $1b, $83, $00, $89, $81
08640                           @song0ref1459:
08640 19 A3 00 77 1D A3 00 78.. 	db $19, $a3, $00, $77, $1d, $a3, $00, $78, $19, $8f, $00, $1b, $8f, $00, $1d, $8f, $00, $19, $b7
08653                           @song0ref1478:
08653 00 77 1E A5 00 78 1E 8D.. 	db $00, $77, $1e, $a5, $00, $78, $1e, $8d, $00, $77, $1e, $78, $20, $8d
08661 41 08                     	db $41, $08
08663 C9 81                     	dw @song0ref337
08665 A7                        	db $a7
08666                           @song0ref1496:
08666 00 77 1B 78 1B 8D 00 77.. 	db $00, $77, $1b, $78, $1b, $8d, $00, $77, $1b, $78, $18, $8d, $00, $77, $1b, $85, $00, $8b, $78, $1b, $8d, $00, $95, $19
0867E 8D 00 81 2C 83 00 8B 25.. 	db $8d, $00, $81, $2c, $83, $00, $8b, $25, $83, $00, $8b, $27, $8d, $00, $81, $2c, $83, $00, $8b, $2c, $83, $00, $8b, $25
08696 83 00 77 24 8F 00 78 27.. 	db $83, $00, $77, $24, $8f, $00, $78, $27, $85, $00, $81, $2c, $83, $00, $77, $22, $85
086A7                           @song0ref1561:
086A7 00 81 78 19 A1 00 77 1D.. 	db $00, $81, $78, $19, $a1, $00, $77, $1d, $a5, $00, $78, $19, $8d, $00, $77, $1d, $78, $1b, $8d, $00, $81, $1d, $8d, $00
086BF 81 19 A1 00 77 1E B9 00.. 	db $81, $19, $a1, $00, $77, $1e, $b9, $00, $78, $1e, $a1, $00, $81, $22, $8d, $00, $77, $1e, $8f
086D2                           @song0ref1604:
086D2 00 81 78 20 B5 00 81 20.. 	db $00, $81, $78, $20, $b5, $00, $81, $20, $dd
086DB 41 09                     	db $41, $09
086DD 2D 82                     	dw @song0ref436
086DF 81 25 8D 00 81 24 8D 00.. 	db $81, $25, $8d, $00, $81, $24, $8d, $00, $95, $27, $a3, $00, $25, $8d, $81, $00
086EF 41 0F                     	db $41, $0f
086F1 40 86                     	dw @song0ref1459
086F3 81 19 B5                  	db $81, $19, $b5
086F6 41 0A                     	db $41, $0a
086F8 53 86                     	dw @song0ref1478
086FA 00 81 22 8D 00 81 20 8B.. 	db $00, $81, $22, $8d, $00, $81, $20, $8b, $a9
08703 41 10                     	db $41, $10
08705 66 86                     	dw @song0ref1496
08707                           @song0ref1653:
08707 81 79 2C 81 00 83 77 2C.. 	db $81, $79, $2c, $81, $00, $83, $77, $2c, $81, $00, $83, $78, $19, $8d, $00
08716 41 09                     	db $41, $09
08718 07 87                     	dw @song0ref1653
0871A 7A 20 81 00 8D 25 8F 00.. 	db $7a, $20, $81, $00, $8d, $25, $8f, $00, $25, $20, $a9, $00, $8b, $24, $8f, $00, $24, $20, $89, $81
0872E 41 22                     	db $41, $22
08730 A7 86                     	dw @song0ref1561
08732 8D 81                     	db $8d, $81
08734 41 08                     	db $41, $08
08736 D2 86                     	dw @song0ref1604
08738 00 81 7B 21 8D 00 81 22.. 	db $00, $81, $7b, $21, $8d, $00, $81, $22, $8f, $00, $93, $24, $8f, $00, $93, $27, $8f, $00, $93, $25, $8b, $81, $00, $78
08750 22 77 1E C9 00 81 22 C9.. 	db $22, $77, $1e, $c9, $00, $81, $22, $c9, $00, $81, $20, $dd, $00, $81, $20, $8d, $00, $81, $20, $8d, $00, $81, $1e, $8b
08768 81 00 81 20 B5 00 81 1B.. 	db $81, $00, $81, $20, $b5, $00, $81, $1b, $b5, $00, $81, $24, $8d, $00, $81, $24, $b5, $00, $81, $25, $83, $00, $78, $1d
08780 35 00 85 77 22 B5 00 81.. 	db $35, $00, $85, $77, $22, $b5, $00, $81, $20, $8d, $00, $81, $22, $8b, $d1, $00, $81, $22, $c9, $00, $81, $20, $df, $00
08798 20 8F 00 20 8F 00 1E 8B.. 	db $20, $8f, $00, $20, $8f, $00, $1e, $8b, $83, $00, $1b, $f3, $00, $20, $8f, $00, $81, $20, $c9, $00, $81, $22, $a1, $00
087B0 78 1A 77 22 8D 00 78 1B.. 	db $78, $1a, $77, $22, $8d, $00, $78, $1b, $77, $22, $8d, $00, $78, $1d, $77, $22, $89, $83, $00, $81, $7b, $1e, $8d, $00
087C8 77 22 7B 1E 81 00 77 22.. 	db $77, $22, $7b, $1e, $81, $00, $77, $22, $7a, $22, $85, $00, $78, $20, $7a, $22, $87, $00, $77, $22, $79, $25, $00, $77
087E0 22 79 25 8D 00 77 22 00.. 	db $22, $79, $25, $8d, $00, $77, $22, $00, $2a, $8b, $00, $22, $2a, $85, $00, $22, $83, $00, $78, $19, $00, $77, $25, $83
087F8 00 8B 22 8F 00 7B 1B 93.. 	db $00, $8b, $22, $8f, $00, $7b, $1b, $93, $00, $77, $22, $7a, $1f, $95, $00, $79, $22, $89, $00, $78, $1b, $00, $89, $77
08810 22 87 00 27 8B 00 8B 22.. 	db $22, $87, $00, $27, $8b, $00, $8b, $22, $83, $00, $8b, $24, $87, $bf, $00, $78, $1b, $00, $77, $1b, $b3, $00, $78, $14
08828 00 85 7A 22 00 21 00 24.. 	db $00, $85, $7a, $22, $00, $21, $00, $24, $21, $00, $25, $83, $00, $22, $23, $00, $29, $23, $00, $29, $24, $81, $00, $8b
08840 79 24 83 00 8B 24 83 00.. 	db $79, $24, $83, $00, $8b, $24, $83, $00, $8b, $78, $24, $89, $00, $99, $24, $89, $00, $99, $25, $87, $85, $00, $81, $22
08858 83 00 25 87 00 1D 83 00.. 	db $83, $00, $25, $87, $00, $1d, $83, $00, $25, $87, $00, $25, $83, $00, $25, $85, $00, $81, $77, $25
0886C 41 0B                     	db $41, $0b
0886E A1 85                     	dw @song0ref1303
08870 24 B5 00 81 24 9B 85 00.. 	db $24, $b5, $00, $81, $24, $9b, $85, $00, $81
08879                           @song0ref2019:
08879 22 B7 00 22 B7 00 22 A3.. 	db $22, $b7, $00, $22, $b7, $00, $22, $a3, $00, $22, $ad, $00, $89, $21, $a3, $00, $22, $8f, $00, $81, $24, $8d, $00, $81
08891 25 85 B9 00 8B 25         	db $25, $85, $b9, $00, $8b, $25
08897 41 08                     	db $41, $08
08899 A1 85                     	dw @song0ref1303
0889B AB 00 8B                  	db $ab, $00, $8b
0889E                           @song0ref2055:
0889E 24 B5 00 81 24 8D 00 81.. 	db $24, $b5, $00, $81, $24, $8d, $00, $81, $22, $85, $ff, $a3, $00, $78, $19, $00, $81, $2d, $83, $00, $8b, $2d, $83, $00
088B6 8B 2D 83 00 8B 2E 83 00.. 	db $8b, $2d, $83, $00, $8b, $2e, $83, $00, $9f, $30, $83, $00, $9f, $77, $31, $85, $89, $00, $78, $22, $83, $00, $77, $31
088CE 87 00 78 1D 83 00 77 31.. 	db $87, $00, $78, $1d, $83, $00, $77, $31, $87, $00, $78, $25, $83, $00, $77, $31, $85, $00, $81, $25
088E2 41 0B                     	db $41, $0b
088E4 A1 85                     	dw @song0ref1303
088E6 24 B5 00 81 24 99 89 00   	db $24, $b5, $00, $81, $24, $99, $89, $00
088EE 41 0C                     	db $41, $0c
088F0 79 88                     	dw @song0ref2019
088F2 8B 21 A1 00 81            	db $8b, $21, $a1, $00, $81
088F7 41 09                     	db $41, $09
088F9 B9 81                     	dw @song0ref321
088FB 83 BB 00 8B 25 B5 00 81.. 	db $83, $bb, $00, $8b, $25, $b5, $00, $81, $29, $a1, $00, $81, $27, $b5, $00, $81
0890B 41 08                     	db $41, $08
0890D 9E 88                     	dw @song0ref2055
0890F 25 83 8B 00 78 22 F3 00.. 	db $25, $83, $8b, $00, $78, $22, $f3, $00, $7a, $2e, $8d, $00, $78, $22, $7a, $2e, $8d, $00, $a9
08922                           @song0ref2183:
08922 33 83 00 81 77 1D 83 00.. 	db $33, $83, $00, $81, $77, $1d, $83, $00, $81, $7a
0892C 41 08                     	db $41, $08
0892E 22 89                     	dw @song0ref2183
08930 79 31 8D 00 8B 30 8D 00.. 	db $79, $31, $8d, $00, $8b, $30, $8d, $00, $8b, $77, $2e, $83, $8b, $00, $25, $97, $00, $81, $25, $97, $00, $81, $27, $97
08948 00 81 27                  	db $00, $81, $27
0894B                           @song0ref2223:
0894B 97 00 81 25 97 00 81 25.. 	db $97, $00, $81, $25, $97, $00, $81, $25, $83, $00, $81, $24, $97, $00, $81, $24
0895B 41 08                     	db $41, $08
0895D 4B 89                     	dw @song0ref2223
0895F 99 00 24 97 8B 00 22 B7.. 	db $99, $00, $24, $97, $8b, $00, $22, $b7, $00, $24, $b7, $00, $22, $8f, $00, $95, $22, $97, $00, $81, $22, $97, $00, $81
08977 21 97 00 81 21 97 00 81.. 	db $21, $97, $00, $81, $21, $97, $00, $81, $22, $8d, $00, $81, $24, $81, $8b, $00, $95
08988                           @song0ref2283:
08988 25 81 00 8D 25 81 00 A1.. 	db $25, $81, $00, $8d, $25, $81, $00, $a1, $27, $81, $00, $8d, $27, $81, $00, $a1, $25
08999                           @song0ref2300:
08999 81 00 A1 24 81 00 8D 24.. 	db $81, $00, $a1, $24, $81, $00, $8d, $24, $81, $00, $a1
089A4 41 08                     	db $41, $08
089A6 88 89                     	dw @song0ref2283
089A8 24 81 00 A1 22 81 00 8D.. 	db $24, $81, $00, $a1, $22, $81, $00, $8d, $22
089B1 41 0B                     	db $41, $0b
089B3 99 89                     	dw @song0ref2300
089B5 79 1E 78 1E 00 A1 77 22.. 	db $79, $1e, $78, $1e, $00, $a1, $77, $22, $81, $00, $8d, $22, $81, $00, $a1, $21, $81, $00, $8d, $21, $81, $00, $a1, $24
089CD 81 81 00 8B 42            	db $81, $81, $00, $8b, $42
089D2 9A 85                     	dw @song0ch1loop
089D4                           @song0ch2:
089D4 87                        	db $87
089D5                           @song0ch2loop:
089D5 93 84 16 16 00 8D 16 16.. 	db $93, $84, $16, $16, $00, $8d, $16, $16, $00, $a1, $16, $16, $00, $8d
089E3                           @song0ref2373:
089E3 16 00 16 00 9F 16 00 16   	db $16, $00, $16, $00, $9f, $16, $00, $16
089EB                           @song0ref2381:
089EB 00 9F 14 00 14 00 8B 14.. 	db $00, $9f, $14, $00, $14, $00, $8b, $14, $00, $14
089F5 41 0A                     	db $41, $0a
089F7 EB 89                     	dw @song0ref2381
089F9 00 9F 14 00 14 00 8B 93   	db $00, $9f, $14, $00, $14, $00, $8b, $93
08A01                           @song0ref2402:
08A01 12 00 12 00 8B 12 00 12.. 	db $12, $00, $12, $00, $8b, $12, $00, $12, $00, $9f
08A0B 41 0A                     	db $41, $0a
08A0D 01 8A                     	dw @song0ref2402
08A0F 12 00 12                  	db $12, $00, $12
08A12                           @song0ref2418:
08A12 00 9F 11 00 1D 00 8B 11.. 	db $00, $9f, $11, $00, $1d, $00, $8b, $11, $00, $1d
08A1C 41 0A                     	db $41, $0a
08A1E 12 8A                     	dw @song0ref2418
08A20 00 9F 11 00 1D 00 8B 93.. 	db $00, $9f, $11, $00, $1d, $00, $8b, $93, $16, $00, $16, $00, $8b
08A2D 41 09                     	db $41, $09
08A2F E3 89                     	dw @song0ref2373
08A31 8B                        	db $8b
08A32 41 12                     	db $41, $12
08A34 E3 89                     	dw @song0ref2373
08A36 41 0A                     	db $41, $0a
08A38 EB 89                     	dw @song0ref2381
08A3A 00 A1 14 14 00 8B 95      	db $00, $a1, $14, $14, $00, $8b, $95
08A41                           @song0ref2461:
08A41 12 12 00 8D 12 12 00 A1   	db $12, $12, $00, $8d, $12, $12, $00, $a1
08A49 41 08                     	db $41, $08
08A4B 41 8A                     	dw @song0ref2461
08A4D 12 12 00 8D 11 8D 00 8B.. 	db $12, $12, $00, $8d, $11, $8d, $00, $8b, $1d, $8d, $00, $8b, $1b, $83, $00, $81, $18, $83, $00, $81, $11, $8d, $00, $bb
08A65                           @song0ref2496:
08A65 81 0A 8D 00 8B 11 8D 00.. 	db $81, $0a, $8d, $00, $8b, $11, $8d, $00, $8b, $16, $ff, $85, $00, $a9, $0f, $83, $00, $81, $11, $83, $00, $8b, $0f, $83
08A7D 00 8B 0D 83 00 81 11 8D.. 	db $00, $8b, $0d, $83, $00, $81, $11, $8d, $00
08A86 41 0E                     	db $41, $0e
08A88 65 8A                     	dw @song0ref2496
08A8A 15 CB 00 0A 99 00 11 85.. 	db $15, $cb, $00, $0a, $99, $00, $11, $85, $00, $16, $8f, $00
08A96                           @song0ref2544:
08A96 0A A3 00 11 85 00 18 85.. 	db $0a, $a3, $00, $11, $85, $00, $18, $85, $00, $0a, $8f, $00, $11, $8f, $00, $06, $99, $00, $0d, $85
08AAA                           @song0ref2564:
08AAA 00 81 16 8D 00 81 06 A1.. 	db $00, $81, $16, $8d, $00, $81, $06, $a1, $00, $81, $0d, $83, $00, $18
08AB8                           @song0ref2578:
08AB8 85 00 81 06 8D 00 81 0D.. 	db $85, $00, $81, $06, $8d, $00, $81, $0d, $8d
08AC1                           @song0ref2587:
08AC1 00 18 08 97 00 18 0F 83.. 	db $00, $18, $08, $97, $00, $18, $0f, $83, $00, $81, $16, $8d, $00, $81, $08, $a1, $00, $81, $0f, $83, $00, $12, $85, $00
08AD9 81 08 8D 00 81 0F 8D 00.. 	db $81, $08, $8d, $00, $81, $0f, $8d, $00, $81, $0d, $97, $00, $81, $14, $83, $00, $95, $0c, $a1, $00, $81, $14, $83, $00
08AF1 8B 0C 8D 00 81 14 8D      	db $8b, $0c, $8d, $00, $81, $14, $8d
08AF8                           @song0ref2642:
08AF8 00 81 0A 97 00 16 11 83.. 	db $00, $81, $0a, $97, $00, $16, $11, $83, $00, $81, $16, $8d, $00, $81, $0a, $a1, $00, $81, $11, $83, $00, $18, $85, $00
08B10 81 0A 8D 00               	db $81, $0a, $8d, $00
08B14                           @song0ref2670:
08B14 81 11 8D 00 16 06 97 00.. 	db $81, $11, $8d, $00, $16, $06, $97, $00, $16, $0d, $83
08B1F 41 09                     	db $41, $09
08B21 AA 8A                     	dw @song0ref2564
08B23 16 0D 83 00 16            	db $16, $0d, $83, $00, $16
08B28 41 0A                     	db $41, $0a
08B2A B8 8A                     	dw @song0ref2578
08B2C                           @song0ref2692:
08B2C 81 08 97 00 19 0F 83 00.. 	db $81, $08, $97, $00, $19, $0f, $83, $00, $19, $8f, $00, $81, $08, $a1, $00, $18, $0f, $83, $00, $18, $87, $00, $08, $8d
08B44 00 18 0F 8D               	db $00, $18, $0f, $8d
08B48                           @song0ref2720:
08B48 00 81 05 97 00 81 11 83.. 	db $00, $81, $05, $97, $00, $81, $11, $83, $00, $81
08B52                           @song0ref2730:
08B52 05 83 00 8B 05 A3 00 11.. 	db $05, $83, $00, $8b, $05, $a3, $00, $11, $85, $00, $05, $85, $00, $05, $8f, $00, $11, $8d, $81, $00, $0a, $99, $00, $11
08B6A 85 00 93                  	db $85, $00, $93
08B6D 41 0C                     	db $41, $0c
08B6F 96 8A                     	dw @song0ref2544
08B71 41 0B                     	db $41, $0b
08B73 14 8B                     	dw @song0ref2670
08B75 41 16                     	db $41, $16
08B77 AA 8A                     	dw @song0ref2564
08B79 8B 81                     	db $8b, $81
08B7B 41 36                     	db $41, $36
08B7D C1 8A                     	dw @song0ref2587
08B7F 8B 81                     	db $8b, $81
08B81 41 27                     	db $41, $27
08B83 F8 8A                     	dw @song0ref2642
08B85 00 95 06 A1 00 16 0D 83.. 	db $00, $95, $06, $a1, $00, $16, $0d, $83, $00, $16
08B8F 41 08                     	db $41, $08
08B91 B8 8A                     	dw @song0ref2578
08B93 8B 81 00                  	db $8b, $81, $00
08B96 41 1F                     	db $41, $1f
08B98 2C 8B                     	dw @song0ref2692
08B9A 99 00 11 85 00            	db $99, $00, $11, $85, $00
08B9F 41 11                     	db $41, $11
08BA1 52 8B                     	dw @song0ref2730
08BA3 8B 83 00 06 99 00 12 85.. 	db $8b, $83, $00, $06, $99, $00, $12, $85, $00, $06, $8f, $00, $06, $a3
08BB1                           @song0ref2817:
08BB1 00 06 12 83 00 06 87 00   	db $00, $06, $12, $83, $00, $06, $87, $00
08BB9                           @song0ref2825:
08BB9 06 8D 00 81 12 8D 00 81.. 	db $06, $8d, $00, $81, $12, $8d, $00, $81, $06, $97, $00, $06, $12, $83, $00, $06, $91, $00, $06, $a1
08BCD 41 0D                     	db $41, $0d
08BCF B1 8B                     	dw @song0ref2817
08BD1 89 83 00 81 05 97 00 05.. 	db $89, $83, $00, $81, $05, $97, $00, $05, $11, $83, $00, $05, $91, $00, $05, $a1, $00, $05, $11, $83, $00, $05, $87, $00
08BE9 05 8D 00 81 11 8D 00 81.. 	db $05, $8d, $00, $81, $11, $8d, $00, $81, $0a, $97, $00, $0a, $16, $83, $00, $0a, $83, $00, $8d, $08, $a1, $00, $81, $14
08C01 83 00 8B 08 8D 00 81 14.. 	db $83, $00, $8b, $08, $8d, $00, $81, $14, $89, $83, $00, $81, $06, $97
08C0F                           @song0ref2910:
08C0F 00 81 12 83 00 81 06 8B.. 	db $00, $81, $12, $83, $00, $81, $06, $8b, $00, $83, $06, $a1, $00, $81, $12, $83, $00, $06, $83, $00, $83
08C24 41 0B                     	db $41, $0b
08C26 B9 8B                     	dw @song0ref2825
08C28 81 12 83 00 81 06 81 00.. 	db $81, $12, $83, $00, $81, $06, $81, $00, $8d, $06, $a1, $00, $81, $12, $83, $00, $8b, $06, $8d, $00, $81, $12, $89, $83
08C40 41 0B                     	db $41, $0b
08C42 48 8B                     	dw @song0ref2720
08C44 8D                        	db $8d
08C45                           @song0ref2962:
08C45 00 81 05 A1 00 81 11 83.. 	db $00, $81, $05, $a1, $00, $81, $11, $83, $00, $05, $85, $00, $81, $05, $8f, $00, $11, $8f, $00, $0a, $99, $00, $16, $85
08C5D 00 0A 83 00 8B 08 A3 00.. 	db $00, $0a, $83, $00, $8b, $08, $a3, $00, $14, $85, $00, $89, $08, $8f, $00, $14, $89, $85, $00, $06, $99
08C72 41 15                     	db $41, $15
08C74 0F 8C                     	dw @song0ref2910
08C76 06 8D 00 81 12 8D 00 07.. 	db $06, $8d, $00, $81, $12, $8d, $00, $07, $07, $97, $00, $81, $13, $83, $00, $81, $07, $81, $00, $8d, $07, $a1, $00, $81
08C8E 13 83 00 8B 07 8D 00 81.. 	db $13, $83, $00, $8b, $07, $8d, $00, $81, $13, $87, $85, $00, $08, $08, $97, $00, $81, $14, $83, $00, $81, $08, $8b, $00
08CA6 83 08 A1 00 81 14 83 00.. 	db $83, $08, $a1, $00, $81, $14, $83, $00, $08, $83, $00, $83, $08, $8d, $00, $81, $14, $8d, $00, $81, $09, $83, $00, $8b
08CBE 09 83 00 8B 09 83 00 8B.. 	db $09, $83, $00, $8b, $09, $83, $00, $8b, $09, $83, $00, $9f, $09, $83, $00, $15, $a7, $85
08CD0                           @song0ref3100:
08CD0 00 1D 0A 97               	db $00, $1d, $0a, $97
08CD4                           @song0ref3104:
08CD4 00 1D 16 83 00 1D 8F 00.. 	db $00, $1d, $16, $83, $00, $1d, $8f, $00, $81, $0a, $a1, $00, $12, $16, $83, $00, $12
08CE5                           @song0ref3121:
08CE5 85 00 81 0A 8D 00 1D 16.. 	db $85, $00, $81, $0a, $8d, $00, $1d, $16, $8d, $00, $81, $08, $97, $00, $1b, $14, $83, $00, $1b, $8f, $00, $81, $08, $a1
08CFD 00 1D 14 83 00 1D 85 00.. 	db $00, $1d, $14, $83, $00, $1d, $85, $00, $81, $08, $8d, $00, $1b, $14, $87, $85, $00, $81
08D0F                           @song0ref3163:
08D0F 06 97 00 19 12 83 00 19.. 	db $06, $97, $00, $19, $12, $83, $00, $19, $91
08D18                           @song0ref3172:
08D18 00 06 A3 00 12 85 00 1B.. 	db $00, $06, $a3, $00, $12, $85, $00, $1b, $85, $00, $06, $8f, $00, $12, $8f, $00, $05, $99, $00, $11, $85, $00, $19, $85
08D30 00 19 85 00 05 A3 00 11.. 	db $00, $19, $85, $00, $05, $a3, $00, $11, $85, $00
08D3A                           @song0ref3206:
08D3A 19 85 00 81 05 8D 00 81.. 	db $19, $85, $00, $81, $05, $8d, $00, $81, $11, $85, $87
08D45 41 0A                     	db $41, $0a
08D47 D0 8C                     	dw @song0ref3100
08D49                           @song0ref3220:
08D49 85 00 81 1D 83 00 81 0A.. 	db $85, $00, $81, $1d, $83, $00, $81, $0a, $a1, $00, $16, $16, $83, $00, $16
08D58 41 13                     	db $41, $13
08D5A E5 8C                     	dw @song0ref3121
08D5C 85 00 81 1B 83            	db $85, $00, $81, $1b, $83
08D61                           @song0ref3243:
08D61 00 81 08 A1 00 14 14 83.. 	db $00, $81, $08, $a1, $00, $14, $14, $83, $00, $14, $85, $00, $81, $08, $8d, $00, $81, $14, $85, $87, $00, $19
08D77 41 0B                     	db $41, $0b
08D79 0F 8D                     	dw @song0ref3163
08D7B A1 00 19 12 83 00 19 87.. 	db $a1, $00, $19, $12, $83, $00, $19, $87, $00, $06, $8d, $00, $19, $12, $8d, $00, $81, $05, $83, $00, $18, $00, $87, $05
08D93 83 00 18 00 87 05 83 00.. 	db $83, $00, $18, $00, $87, $05, $83, $00, $18, $00, $87, $06, $8d, $00, $95, $08, $8d, $00, $95, $0a, $85, $a5
08DA9 41 37                     	db $41, $37
08DAB D4 8C                     	dw @song0ref3104
08DAD 85 89 00 06 99 00 12 85.. 	db $85, $89, $00, $06, $99, $00, $12, $85, $00, $19, $8f
08DB8 41 19                     	db $41, $19
08DBA 18 8D                     	dw @song0ref3172
08DBC 81 19 83                  	db $81, $19, $83
08DBF 41 09                     	db $41, $09
08DC1 45 8C                     	dw @song0ref2962
08DC3 41 09                     	db $41, $09
08DC5 3A 8D                     	dw @song0ref3206
08DC7 83 89                     	db $83, $89
08DC9 41 0A                     	db $41, $0a
08DCB D0 8C                     	dw @song0ref3100
08DCD 41 0F                     	db $41, $0f
08DCF 49 8D                     	dw @song0ref3220
08DD1 85 00 81 0A 8D 00 19 16.. 	db $85, $00, $81, $0a, $8d, $00, $19, $16, $8d, $00, $81, $08, $97, $00, $18, $14, $83, $00, $18, $8f
08DE5 41 11                     	db $41, $11
08DE7 61 8D                     	dw @song0ref3243
08DE9 06 83 8B 00 06 95 00 06.. 	db $06, $83, $8b, $00, $06, $95, $00, $06, $16, $06, $81, $00, $12, $16, $91, $00, $06, $95, $00, $06, $87, $00, $16, $06
08E01 81 00 12 16 87 00 06 8B.. 	db $81, $00, $12, $16, $87, $00, $06, $8b, $00, $06, $16, $06, $81, $00, $12, $87, $00, $81, $05, $97, $00, $05, $85
08E18                           @song0ref3418:
08E18 00 81 1B 83 00 81 1B 83   	db $00, $81, $1b, $83, $00, $81, $1b, $83
08E20 41 08                     	db $41, $08
08E22 18 8E                     	dw @song0ref3418
08E24 00 81 19 8D 00 81 19 83.. 	db $00, $81, $19, $8d, $00, $81, $19, $83, $00, $81, $18, $8d, $00, $81, $18, $83, $00, $81, $16, $83, $8b, $00, $ff, $ff
08E3C B1 FF FF BF 8F 19 8F 00.. 	db $b1, $ff, $ff, $bf, $8f, $19, $8f, $00, $16, $16, $00, $19, $89
08E49                           @song0ref3466:
08E49 00 16 16 00 19 87 00 81.. 	db $00, $16, $16, $00, $19, $87, $00, $81, $1b, $8f, $00, $16, $16, $00, $1b, $89, $00, $16, $16, $00, $1b, $87, $00, $81
08E61 19 8F                     	db $19, $8f
08E63 41 08                     	db $41, $08
08E65 49 8E                     	dw @song0ref3466
08E67 18 8F 00 14 14 00 18 89.. 	db $18, $8f, $00, $14, $14, $00, $18, $89, $00, $14, $14, $00, $18, $87, $00, $81, $19, $8f, $00, $14, $00, $14, $19, $89
08E7F 00 14 00 14 19 87 00 81.. 	db $00, $14, $00, $14, $19, $87, $00, $81, $18, $8f, $00, $14, $00, $14, $18, $87, $00, $81, $16, $8f, $00, $12, $00, $12
08E97 16 89 00 12 00 12 16 87.. 	db $16, $89, $00, $12, $00, $12, $16, $87, $00, $81, $18, $8f, $00, $12, $00, $12, $18, $89, $00, $12, $00, $12, $18, $87
08EAF 00 81 16 8D 00 81 12 00.. 	db $00, $81, $16, $8d, $00, $81, $12, $00, $12, $00, $8b, $16, $8f, $00, $11, $00, $1d, $16, $89, $00, $11, $00, $1d, $16
08EC7 87 00 81 15 8F 00 11 00.. 	db $87, $00, $81, $15, $8f, $00, $11, $00, $1d, $15, $89, $00, $11, $00, $1d, $15, $87, $00, $81, $16, $8d, $00, $81, $11
08EDF 00 1D 00 18 85 00 81 42   	db $00, $1d, $00, $18, $85, $00, $81, $42
08EE7 D5 89                     	dw @song0ch2loop
08EE9                           @song0ch3:
08EE9 87                        	db $87
08EEA                           @song0ch3loop:
08EEA FF FF BF FF FF BF A7 77.. 	db $ff, $ff, $bf, $ff, $ff, $bf, $a7, $77, $86, $20, $00, $cb, $20, $00, $cb, $20, $00, $cd, $20, $00, $a1, $a9, $20, $00
08F02 CB 20 00 A1 7E            	db $cb, $20, $00, $a1, $7e
08F07                           @song0ref3656:
08F07 14 83 00 81               	db $14, $83, $00, $81
08F0B                           @song0ref3660:
08F0B 19 81 00 83 19 81 00 83.. 	db $19, $81, $00, $83, $19, $81, $00, $83, $19, $81, $00, $83, $19, $81, $00, $8d
08F1B 41 0B                     	db $41, $0b
08F1D 07 8F                     	dw @song0ref3656
08F1F 8D 19 81 00 8D            	db $8d, $19, $81, $00, $8d
08F24 41 08                     	db $41, $08
08F26 07 8F                     	dw @song0ref3656
08F28 41 08                     	db $41, $08
08F2A 07 8F                     	dw @song0ref3656
08F2C 14 1C 87 00 99            	db $14, $1c, $87, $00, $99
08F31                           @song0ref3695:
08F31 19 77 20 00 8F 76 20 00.. 	db $19, $77, $20, $00, $8f, $76, $20, $00, $8d, $7e, $14
08F3C                           @song0ref3706:
08F3C 77 20 00 8F 76 20 00 8D.. 	db $77, $20, $00, $8f, $76, $20, $00, $8d, $7e, $19, $77, $20, $00, $8d, $7e, $14, $76, $20, $00, $8d
08F50                           @song0ref3726:
08F50 7E 14 77                  	db $7e, $14, $77
08F53                           @song0ref3729:
08F53 20 00 85 76 20 00 85 20.. 	db $20, $00, $85, $76, $20, $00, $85, $20, $00, $83, $7c, $14, $76, $20, $00, $83
08F63                           @song0ref3745:
08F63 7E 19 77 20 00 8D 7E 14.. 	db $7e, $19, $77, $20, $00, $8d, $7e, $14, $76, $20, $00, $8f
08F6F 41 17                     	db $41, $17
08F71 3C 8F                     	dw @song0ref3706
08F73 85 20 00 83 7E            	db $85, $20, $00, $83, $7e
08F78 41 13                     	db $41, $13
08F7A 31 8F                     	dw @song0ref3695
08F7C 77 19 81 00 8D            	db $77, $19, $81, $00, $8d
08F81 41 08                     	db $41, $08
08F83 53 8F                     	dw @song0ref3729
08F85 85 20 00 85 77 19 81 00.. 	db $85, $20, $00, $85, $77, $19, $81, $00, $a1, $7c, $14, $8f, $00, $18, $8d, $00, $7e, $19, $7c, $18, $81, $00, $1c, $7e
08F9D 19 7C 1C 83 00 7E 19 7C.. 	db $19, $7c, $1c, $83, $00, $7e, $19, $7c, $1c, $81, $00, $20, $89, $00
08FAB                           @song0ref3814:
08FAB 7E                        	db $7e
08FAC                           @song0ref3815:
08FAC 1C 87 00 91               	db $1c, $87, $00, $91
08FB0                           @song0ref3819:
08FB0 7C 14 83 00 81 7E 19      	db $7c, $14, $83, $00, $81, $7e, $19
08FB7                           @song0ref3826:
08FB7 81 00 8D                  	db $81, $00, $8d
08FBA                           @song0ref3829:
08FBA 14 83 00 8B 78 19 81 00   	db $14, $83, $00, $8b, $78, $19, $81, $00
08FC2                           @song0ref3837:
08FC2 8D 7C 14 83 00 8B 7E 19.. 	db $8d, $7c, $14, $83, $00, $8b, $7e, $19, $81, $00, $a1
08FCD                           @song0ref3848:
08FCD 14 83                     	db $14, $83
08FCF                           @song0ref3850:
08FCF 00 95 7C 14 83 00 81 7E.. 	db $00, $95, $7c, $14, $83, $00, $81, $7e, $19
08FD8                           @song0ref3859:
08FD8 76 19 81 00 8B 7E 14 83.. 	db $76, $19, $81, $00, $8b, $7e, $14, $83, $00, $8d, $78, $19, $81, $00, $8b, $7c, $14, $83, $00, $8b, $7e, $19, $76, $19
08FF0 81 00 8B 7C 14 83 00 89.. 	db $81, $00, $8b, $7c, $14, $83, $00, $89, $81, $7e, $14, $78, $19, $81
08FFE 41 1B                     	db $41, $1b
09000 CF 8F                     	dw @song0ref3850
09002 9F 7E 14 78 19 81         	db $9f, $7e, $14, $78, $19, $81
09008 41 24                     	db $41, $24
0900A CF 8F                     	dw @song0ref3850
0900C 41 1B                     	db $41, $1b
0900E CF 8F                     	dw @song0ref3850
09010 9F 7E 14 78 19 81         	db $9f, $7e, $14, $78, $19, $81
09016 41 24                     	db $41, $24
09018 CF 8F                     	dw @song0ref3850
0901A 41 1B                     	db $41, $1b
0901C CF 8F                     	dw @song0ref3850
0901E 9F 7E 14 78 19 81         	db $9f, $7e, $14, $78, $19, $81
09024 41 12                     	db $41, $12
09026 CF 8F                     	dw @song0ref3850
09028 41 08                     	db $41, $08
0902A C2 8F                     	dw @song0ref3837
0902C 8D 7C 14 83 00 87 83      	db $8d, $7c, $14, $83, $00, $87, $83
09033 41 1D                     	db $41, $1d
09035 AB 8F                     	dw @song0ref3814
09037 78 19 81                  	db $78, $19, $81
0903A 41 1F                     	db $41, $1f
0903C CF 8F                     	dw @song0ref3850
0903E 87 83 7E 14 78 19 81      	db $87, $83, $7e, $14, $78, $19, $81
09045 41 1B                     	db $41, $1b
09047 CF 8F                     	dw @song0ref3850
09049 9F 7E 14 78 19 81         	db $9f, $7e, $14, $78, $19, $81
0904F 41 1F                     	db $41, $1f
09051 CF 8F                     	dw @song0ref3850
09053 87 83 7E 14 78 19 81      	db $87, $83, $7e, $14, $78, $19, $81
0905A 41 1B                     	db $41, $1b
0905C CF 8F                     	dw @song0ref3850
0905E 9F 7E 14 78 19 81         	db $9f, $7e, $14, $78, $19, $81
09064 41 1F                     	db $41, $1f
09066 CF 8F                     	dw @song0ref3850
09068 87 83 7E 14 78 19 81      	db $87, $83, $7e, $14, $78, $19, $81
0906F 41 1B                     	db $41, $1b
09071 CF 8F                     	dw @song0ref3850
09073 9F 7E 14 78 19 81 00 97   	db $9f, $7e, $14, $78, $19, $81, $00, $97
0907B 41 17                     	db $41, $17
0907D B0 8F                     	dw @song0ref3819
0907F 83 7C 14 83 00 81 7E      	db $83, $7c, $14, $83, $00, $81, $7e
09086 41 08                     	db $41, $08
09088 0B 8F                     	dw @song0ref3660
0908A 41 0F                     	db $41, $0f
0908C AC 8F                     	dw @song0ref3815
0908E 8D 77 20 00 8D 7C 14 76.. 	db $8d, $77, $20, $00, $8d, $7c, $14, $76, $20, $00, $8d, $7e
0909A 41 0D                     	db $41, $0d
0909C 31 8F                     	dw @song0ref3695
0909E 83 7C 14 83 00 81         	db $83, $7c, $14, $83, $00, $81
090A4 41 08                     	db $41, $08
090A6 63 8F                     	dw @song0ref3745
090A8                           @song0ref4048:
090A8 77 20 00 8D 7C 14 76 20.. 	db $77, $20, $00, $8d, $7c, $14, $76, $20, $00, $8d, $7e, $19, $77, $20, $00, $8f, $76, $20, $00, $87, $85
090BD 41 16                     	db $41, $16
090BF 50 8F                     	dw @song0ref3726
090C1 41 0D                     	db $41, $0d
090C3 A8 90                     	dw @song0ref4048
090C5                           @song0ref4075:
090C5 8D 7E 14 77 20 00 8F 76.. 	db $8d, $7e, $14, $77, $20, $00, $8f, $76, $20, $00, $83, $7c, $14, $83, $00, $81
090D5 41 08                     	db $41, $08
090D7 63 8F                     	dw @song0ref3745
090D9 41 0F                     	db $41, $0f
090DB A8 90                     	dw @song0ref4048
090DD 41 16                     	db $41, $16
090DF 50 8F                     	dw @song0ref3726
090E1 41 0D                     	db $41, $0d
090E3 A8 90                     	dw @song0ref4048
090E5 41 0C                     	db $41, $0c
090E7 C5 90                     	dw @song0ref4075
090E9 41 08                     	db $41, $08
090EB 63 8F                     	dw @song0ref3745
090ED 41 0F                     	db $41, $0f
090EF A8 90                     	dw @song0ref4048
090F1 41 16                     	db $41, $16
090F3 50 8F                     	dw @song0ref3726
090F5 41 0D                     	db $41, $0d
090F7 A8 90                     	dw @song0ref4048
090F9 8F 7E 14 83 00 8B 76 20.. 	db $8f, $7e, $14, $83, $00, $8b, $76, $20, $00, $85
09103 41 0C                     	db $41, $0c
09105 B0 8F                     	dw @song0ref3819
09107 77 20 00 8F 7C 14 83 00.. 	db $77, $20, $00, $8f, $7c, $14, $83, $00, $8b, $7e, $19, $81, $00, $8d, $76, $20, $00, $87, $87
0911A 41 09                     	db $41, $09
0911C AB 8F                     	dw @song0ref3814
0911E 41 14                     	db $41, $14
09120 D8 8F                     	dw @song0ref3859
09122 9F 7E 14 78 19 81         	db $9f, $7e, $14, $78, $19, $81
09128 41 1B                     	db $41, $1b
0912A CF 8F                     	dw @song0ref3850
0912C 97 87 7E 14 78 19 81      	db $97, $87, $7e, $14, $78, $19, $81
09133 41 1B                     	db $41, $1b
09135 CF 8F                     	dw @song0ref3850
09137 9F 7E 19                  	db $9f, $7e, $19
0913A                           @song0ref4178:
0913A 77 20 00 8D 7E 19 81 00.. 	db $77, $20, $00, $8d, $7e, $19, $81, $00, $8d, $19, $77, $20, $00, $8d, $7e, $14, $83, $00, $8d, $77, $20, $00, $8d, $7e
09152 19 77 19 81 00 8B 7E      	db $19, $77, $19, $81, $00, $8b, $7e
09159 41 08                     	db $41, $08
0915B 0B 8F                     	dw @song0ref3660
0915D 14 1C 87 00 85            	db $14, $1c, $87, $00, $85
09162 41 1D                     	db $41, $1d
09164 CD 8F                     	dw @song0ref3848
09166 9F 7E 14 78 19 81         	db $9f, $7e, $14, $78, $19, $81
0916C 41 1B                     	db $41, $1b
0916E CF 8F                     	dw @song0ref3850
09170 97 87 7E 14 78 19 81      	db $97, $87, $7e, $14, $78, $19, $81
09177 41 0A                     	db $41, $0a
09179 CF 8F                     	dw @song0ref3850
0917B 8D 7E                     	db $8d, $7e
0917D 41 19                     	db $41, $19
0917F BA 8F                     	dw @song0ref3829
09181 41 10                     	db $41, $10
09183 B7 8F                     	dw @song0ref3826
09185 76 19 81 00 95 89 7E 14.. 	db $76, $19, $81, $00, $95, $89, $7e, $14, $78, $19, $81
09190 41 1B                     	db $41, $1b
09192 CF 8F                     	dw @song0ref3850
09194 9F 7E 14 78 19 81         	db $9f, $7e, $14, $78, $19, $81
0919A 41 1B                     	db $41, $1b
0919C CF 8F                     	dw @song0ref3850
0919E 95 89 7E 14 78 19 81      	db $95, $89, $7e, $14, $78, $19, $81
091A5 41 1B                     	db $41, $1b
091A7 CF 8F                     	dw @song0ref3850
091A9 9F 7E 14                  	db $9f, $7e, $14
091AC 41 17                     	db $41, $17
091AE 3A 91                     	dw @song0ref4178
091B0 7E 19 81 00 83 19 81 00.. 	db $7e, $19, $81, $00, $83, $19, $81, $00, $85, $1c, $85, $81, $00, $85
091BE 41 1D                     	db $41, $1d
091C0 CD 8F                     	dw @song0ref3848
091C2 9F 7E 14 78 19 81         	db $9f, $7e, $14, $78, $19, $81
091C8 41 1F                     	db $41, $1f
091CA CF 8F                     	dw @song0ref3850
091CC 81 8B 7E                  	db $81, $8b, $7e
091CF 41 09                     	db $41, $09
091D1 CD 8F                     	dw @song0ref3848
091D3 41 34                     	db $41, $34
091D5 B7 8F                     	dw @song0ref3826
091D7 8B 7E 14 78 19 81         	db $8b, $7e, $14, $78, $19, $81
091DD 41 1B                     	db $41, $1b
091DF CF 8F                     	dw @song0ref3850
091E1 9F 7E 14 78 19 81         	db $9f, $7e, $14, $78, $19, $81
091E7 41 1B                     	db $41, $1b
091E9 CF 8F                     	dw @song0ref3850
091EB 93 8B 7E 14 78 19 81      	db $93, $8b, $7e, $14, $78, $19, $81
091F2 41 12                     	db $41, $12
091F4 CF 8F                     	dw @song0ref3850
091F6 9F 7E 19 76 19 81 00 81.. 	db $9f, $7e, $19, $76, $19, $81, $00, $81, $7e
091FF 41 0C                     	db $41, $0c
09201 0B 8F                     	dw @song0ref3660
09203 14 77 20 00 F3 19 81 00.. 	db $14, $77, $20, $00, $f3, $19, $81, $00, $93
0920C                           @song0ref4370:
0920C FF FF BF FF FF BF FF FF.. 	db $ff, $ff, $bf, $ff, $ff, $bf, $ff, $ff, $bf, $ff, $ff, $bf, $8f, $42
0921A EA 8E                     	dw @song0ch3loop
0921C                           @song0ch4:
0921C 87                        	db $87
0921D                           @song0ch4loop:
0921D 41 0C                     	db $41, $0c
0921F 0C 92                     	dw @song0ref4370
09221 41 0C                     	db $41, $0c
09223 0C 92                     	dw @song0ref4370
09225 41 0C                     	db $41, $0c
09227 0C 92                     	dw @song0ref4370
09229 41 0C                     	db $41, $0c
0922B 0C 92                     	dw @song0ref4370
0922D 41 0C                     	db $41, $0c
0922F 0C 92                     	dw @song0ref4370
09231 41 0C                     	db $41, $0c
09233 0C 92                     	dw @song0ref4370
09235 41 0C                     	db $41, $0c
09237 0C 92                     	dw @song0ref4370
09239 41 0D                     	db $41, $0d
0923B 0C 92                     	dw @song0ref4370
0923D 42                        	db $42
0923E 1D 92                     	dw @song0ch4loop
09240                           ash_to_ash_data_end:
09240 00 00 00 00 00 00 00 00..     .org $a000
