                                ; Unbound Dark Knight music-data bank for the shared FamiStudio player.
                                
                                    .fillvalue $00
                                    .base $8000
08000                               .include "dark_knight_famistudio_asm6.asm"
08000                           ; This file is for the FamiStudio Sound Engine and was generated by FamiStudio
08000                           ; Required flags for Dark Knight 2A03:
08000                           ; FAMISTUDIO_USE_VOLUME_TRACK = 1
08000                           
08000                           music_data_dark_knight_2a03:
08000 01                        	db 1
08001 13 80                     	dw @instruments
08003 60 80                     	dw @samples-4
08005                           ; 00 : Dark Knight
08005 67 80                     	dw @song0ch0
08007 17 84                     	dw @song0ch1
08009 91 88                     	dw @song0ch2
0800B 18 8D                     	dw @song0ch3
0800D B9 8F                     	dw @song0ch4
0800F 64 80 00 00               	db <(@tempo_env_1_mid), >(@tempo_env_1_mid), 0, 0
08013                           
08013                           @instruments:
08013 55 80 46 80 4D 80 33 80   	dw @env7,@env3,@env5,@env0 ; 00 : Lead
0801B 5D 80 46 80 51 80 33 80   	dw @env8,@env3,@env6,@env0 ; 01 : Harmony
08023 41 80 46 80 4A 80 33 80   	dw @env2,@env3,@env4,@env0 ; 02 : Bass
0802B 38 80 46 80 4A 80 33 80   	dw @env1,@env3,@env4,@env0 ; 03 : Drum
08033                           
08033                           @env0:
08033 00 C0 7F 00 02            	db $00,$c0,$7f,$00,$02
08038                           @env1:
08038 00 CF CC C9 C6 C3 C1 00.. 	db $00,$cf,$cc,$c9,$c6,$c3,$c1,$00,$06
08041                           @env2:
08041 00 CF 7F 00 02            	db $00,$cf,$7f,$00,$02
08046                           @env3:
08046 C0 7F 00 01               	db $c0,$7f,$00,$01
0804A                           @env4:
0804A 7F 00 00                  	db $7f,$00,$00
0804D                           @env5:
0804D C2 7F 00 00               	db $c2,$7f,$00,$00
08051                           @env6:
08051 C1 7F 00 00               	db $c1,$7f,$00,$00
08055                           @env7:
08055 00 CF CE CD CC CB 00 05   	db $00,$cf,$ce,$cd,$cc,$cb,$00,$05
0805D                           @env8:
0805D 00 CB CA C9 C8 00 04      	db $00,$cb,$ca,$c9,$c8,$00,$04
08064                           
08064                           @samples:
08064                           
08064                           @tempo_env_1_mid:
08064 03 05 80                  	db $03,$05,$80
08067                           
08067                           @song0ch0:
08067 C7 7A 80 2B A1            	db $c7, $7a, $80, $2b, $a1
0806C                           @song0ref6:
0806C 00 7E 37 81 00 7A 2B 8D.. 	db $00, $7e, $37, $81, $00, $7a, $2b, $8d, $00, $7e, $37, $00
08078                           @song0ch0loop:
08078 47 64 80                  	db $47, <(@tempo_env_1_mid), >(@tempo_env_1_mid)
0807B                           @song0ref22:
0807B 7A 32 8F 00 7D 1F 7A 37.. 	db $7a, $32, $8f, $00, $7d, $1f, $7a, $37, $8f, $00
08085                           @song0ref32:
08085 3A 8F 00 3A 39 8F 00 81.. 	db $3a, $8f, $00, $3a, $39, $8f, $00, $81, $35, $8f, $00, $81, $2b, $a1, $00, $7d, $1f, $81, $00, $7a, $2b, $8d, $00, $83
0809D 32 8D 00 7D 1F 7A 37 8F.. 	db $32, $8d, $00, $7d, $1f, $7a, $37, $8f, $00, $81
080A7 41 0C                     	db $41, $0c
080A9 85 80                     	dw @song0ref32
080AB 33 A1 00 48               	db $33, $a1, $00, $48
080AF                           @song0ref73:
080AF 7E 33 00 7A 33 8D 00 7E.. 	db $7e, $33, $00, $7a, $33, $8d, $00, $7e, $33, $00, $7a, $37, $8f, $00, $7d, $1b, $7a, $33, $8f, $00, $81, $3a, $8f, $00
080C7 78 40 52 7A 39 8F 00 81.. 	db $78, $40, $52, $7a, $39, $8f, $00, $81, $33, $8f, $00, $81, $35, $9f, $00, $7e, $35, $81, $00, $7a, $35, $8d, $00, $7e
080DF 35 00 7A 39 8F 00 7D 1D.. 	db $35, $00, $7a, $39, $8f, $00, $7d, $1d, $7a, $35, $8f, $00, $81, $3c, $8f, $00, $3c, $3a, $8f, $00, $39, $8f, $00, $81
080F7 2B 89 48 97               	db $2b, $89, $48, $97
080FB 41 09                     	db $41, $09
080FD 6C 80                     	dw @song0ref6
080FF 41 25                     	db $41, $25
08101 7B 80                     	dw @song0ref22
08103 41 09                     	db $41, $09
08105 85 80                     	dw @song0ref32
08107 83 48 8B 00 81 33 A1 00   	db $83, $48, $8b, $00, $81, $33, $a1, $00
0810F 41 1B                     	db $41, $1b
08111 AF 80                     	dw @song0ref73
08113 78 3C E5 00 79 40 54 00.. 	db $78, $3c, $e5, $00, $79, $40, $54, $00, $78, $40, $51, $85, $00, $40, $4f, $85, $00, $48, $40, $4d, $87, $00, $3c, $85
0812B 00 79 39 87 00 37 85 00.. 	db $00, $79, $39, $87, $00, $37, $85, $00, $35, $87, $00, $30, $81
08138                           @song0ref206:
08138 00 81 78 2E A7            	db $00, $81, $78, $2e, $a7
0813D                           @song0ref211:
0813D 00 7E 2B 99 00 78 2E 2B.. 	db $00, $7e, $2b, $99, $00, $78, $2e, $2b, $85, $00, $7e, $2d, $8d, $00, $78, $2e, $2d, $83
0814F                           @song0ref229:
0814F 00 2E 7E 2E 8B 00 78 2E.. 	db $00, $2e, $7e, $2e, $8b, $00, $78, $2e, $2e, $83, $00, $7d, $1f, $30, $8d, $00, $78, $30
08161                           @song0ref247:
08161 85 00 2E 7D 2E AF 00 1B.. 	db $85, $00, $2e, $7d, $2e, $af, $00, $1b, $78, $2e, $83, $00, $81, $7d, $2d, $8f, $48, $95
08173                           @song0ref265:
08173 00 78 2D 7D 2E 8F 00 78.. 	db $00, $78, $2d, $7d, $2e, $8f, $00, $78, $2d, $7d, $2d, $8f, $00, $81, $2b, $ff, $91
08184                           @song0ref282:
08184 00 78 26 7C 29 8F 00 2B.. 	db $00, $78, $26, $7c, $29, $8f, $00, $2b, $bb, $00, $81, $78, $32, $89, $48, $85
08194                           @song0ref298:
08194 00 7D 1F 78 37 8F 00 81.. 	db $00, $7d, $1f, $78, $37, $8f, $00, $81, $3a, $8f, $00, $7d, $1f, $78, $39, $8d, $00, $81, $35, $8f, $00, $81, $2e, $bd
081AC 41 09                     	db $41, $09
081AE 3D 81                     	dw @song0ref211
081B0 8F                        	db $8f
081B1                           @song0ref326:
081B1 00 78 2E 7E 2E 9B 00 7D.. 	db $00, $78, $2e, $7e, $2e, $9b, $00, $7d, $1f, $78, $2e, $83, $00, $81, $7d, $30, $8f, $00, $78, $2d, $7d, $31, $8f, $00
081C9 78 2D 7D 32 83 48 95      	db $78, $2d, $7d, $32, $83, $48, $95
081D0                           @song0ref357:
081D0 00 1D 78 32 83 00 7D 1D.. 	db $00, $1d, $78, $32, $83, $00, $7d, $1d, $35, $9b, $00, $78, $2d, $35, $83, $00, $2d, $7c, $39, $99, $00, $7d, $1d, $78
081E8 39 85 00 81 79 3E FF 9B.. 	db $39, $85, $00, $81, $79, $3e, $ff, $9b, $00, $7c, $30, $78, $3e, $85, $00, $7c, $32, $95, $48, $8f
081FC                           @song0ref401:
081FC 00 78 2A 79 32 8F 00 81.. 	db $00, $78, $2a, $79, $32, $8f, $00, $81, $36, $8f, $00, $7d, $1a, $79, $39, $8f, $00, $81, $3c, $8f, $00, $7d, $26, $79
08214 39 8D 00 81 3E A5         	db $39, $8d, $00, $81, $3e, $a5
0821A 41 0F                     	db $41, $0f
0821C 38 81                     	dw @song0ref206
0821E 78 2D 85                  	db $78, $2d, $85
08221 41 0A                     	db $41, $0a
08223 4F 81                     	dw @song0ref229
08225 32 81 48 89 00 78 2E 32   	db $32, $81, $48, $89, $00, $78, $2e, $32
0822D 41 0C                     	db $41, $0c
0822F 61 81                     	dw @song0ref247
08231 A5                        	db $a5
08232 41 0C                     	db $41, $0c
08234 73 81                     	dw @song0ref265
08236 8B 48 85                  	db $8b, $48, $85
08239 41 0A                     	db $41, $0a
0823B 84 81                     	dw @song0ref282
0823D 8F                        	db $8f
0823E 41 14                     	db $41, $14
08240 94 81                     	dw @song0ref298
08242 41 09                     	db $41, $09
08244 3D 81                     	dw @song0ref211
08246 85 48 89                  	db $85, $48, $89
08249 41 13                     	db $41, $13
0824B B1 81                     	dw @song0ref326
0824D 99                        	db $99
0824E 41 17                     	db $41, $17
08250 D0 81                     	dw @song0ref357
08252 D5 48 C5 00 7C 30 78 3E.. 	db $d5, $48, $c5, $00, $7c, $30, $78, $3e, $85, $00, $7c, $32, $a5
0825F 41 18                     	db $41, $18
08261 FC 81                     	dw @song0ref401
08263 00 81 7D 33 A5 48 89 00.. 	db $00, $81, $7d, $33, $a5, $48, $89, $00, $20, $78, $33, $85, $00, $81, $7d, $33, $8f, $00, $78, $33, $8f, $00, $81, $7d
0827B 32 8F 00 1D 78 32 8F 00.. 	db $32, $8f, $00, $1d, $78, $32, $8f, $00, $81, $7d, $30, $c5, $00, $2d, $78, $30, $83, $00, $81, $7d, $35, $db, $00, $30
08293 78 35 85 00 81 7D 32 89.. 	db $78, $35, $85, $00, $81, $7d, $32, $89, $48, $a5, $00, $22, $78, $32, $83, $00, $81, $7d, $32, $8f, $00, $81, $78, $32
082AB 8F 00 81 7D 30 8F 00 81.. 	db $8f, $00, $81, $7d, $30, $8f, $00, $81, $78, $30, $8f, $00, $7d, $2e, $db, $00, $78, $3e, $2e, $85, $00, $40, $4f, $7d
082C3 2B 8F 00 78 40 51 2B 8D.. 	db $2b, $8f, $00, $78, $40, $51, $2b, $8d, $00, $3e, $7d, $2e, $8f, $00, $78, $39, $2e, $85, $48, $89, $00, $32, $7d, $2d
082DB BB 00 79 2D 78 2D 8F 00.. 	db $bb, $00, $79, $2d, $78, $2d, $8f, $00, $7d, $2d, $8f, $00, $1e, $2e, $8f, $00, $81, $30, $8f, $00, $81, $2e, $cf, $00
082F3 79 2E 78 2E 8F 00 79 2E.. 	db $79, $2e, $78, $2e, $8f, $00, $79, $2e, $7d, $2e, $8f, $00, $1b, $30, $8f, $00, $81, $32, $48, $8f, $00, $81, $30, $cf
0830B 00 79 2D 78 30 8F 00 79.. 	db $00, $79, $2d, $78, $30, $8f, $00, $79, $2d, $7d, $30, $8f, $00, $1c, $32, $8f, $00, $81, $30, $8f, $00, $35, $d1, $00
08323 79 29 78 35 8F 00 81 7D.. 	db $79, $29, $78, $35, $8f, $00, $81, $7d, $35, $8b, $00, $18, $48, $00, $36, $b1, $00, $1a, $78, $36
08337                           @song0ref706:
08337 83 00 81 79 40 4F 85 00.. 	db $83, $00, $81, $79, $40, $4f, $85, $00, $40, $4d, $85, $00, $81, $40, $4f, $83, $00, $8d, $40, $4f, $83, $00, $78, $3e
0834F 87 00 81 79 40 4F 83      	db $87, $00, $81, $79, $40, $4f, $83
08356                           @song0ref737:
08356 00 78 40 4F 85 00 81 40.. 	db $00, $78, $40, $4f, $85, $00, $81, $40, $52, $8f, $00, $81, $40, $51, $8f, $00, $81, $7e, $3a, $8f, $00, $81, $39, $a5
0836E 00 78 2E 7E 3A A3 00 81.. 	db $00, $78, $2e, $7e, $3a, $a3, $00, $81, $39, $8b, $48, $83
0837A                           @song0ref773:
0837A 00 78 2D 39 8F 00 2D 7E.. 	db $00, $78, $2d, $39, $8f, $00, $2d, $7e, $35, $a5, $00, $78, $2d, $7e, $39, $8f, $00, $81, $79, $40, $4f, $83, $00, $7d
08392 13 79 40 4D 83 00 81 40.. 	db $13, $79, $40, $4d, $83, $00, $81, $40, $4f, $85, $00, $8b, $40, $4f, $85, $00, $78, $3e, $85, $00, $81, $79, $40, $4f
083AA 85                        	db $85
083AB 41 10                     	db $41, $10
083AD 56 83                     	dw @song0ref737
083AF 3C B1 00 78 2E 3C 83 00.. 	db $3c, $b1, $00, $78, $2e, $3c, $83, $00, $2e, $7e, $3e, $85, $48, $89, $00, $81, $3c, $a5, $00, $39, $b1, $00, $7d, $24
083C7 78 39                     	db $78, $39
083C9 41 2D                     	db $41, $2d
083CB 37 83                     	dw @song0ref706
083CD 48 A3 00 81 7D 39 8F      	db $48, $a3, $00, $81, $7d, $39, $8f
083D4 41 0E                     	db $41, $0e
083D6 7A 83                     	dw @song0ref773
083D8 33 8D 00 78 2B 7E 32 8F.. 	db $33, $8d, $00, $78, $2b, $7e, $32, $8f, $00, $78, $2b, $7e, $33, $8f, $00, $81, $35, $a5, $00, $78, $2d, $7e, $33, $8f
083F0 00 78 2D 7E 35 8F 00 7D.. 	db $00, $78, $2d, $7e, $35, $8f, $00, $7d, $37, $91, $48, $ff, $8b, $00, $7a, $32, $78, $37, $83, $00, $81, $7a, $2b, $a1
08408 00 7E 2B 81 00 7A 2B 8D.. 	db $00, $7e, $2b, $81, $00, $7a, $2b, $8d, $00, $7e, $2b, $00, $42
08415 78 80                     	dw @song0ch0loop
08417                           @song0ch1:
08417 C7 7B 82 37 A1 00 7A 1F.. 	db $c7, $7b, $82, $37, $a1, $00, $7a, $1f, $81, $00, $7b, $37, $8d, $00, $83
08426                           @song0ch1loop:
08426                           @song0ref943:
08426 78 26 8F 00 81 2B 8B      	db $78, $26, $8f, $00, $81, $2b, $8b
0842D                           @song0ref950:
0842D 00 83 2E 93 00 2D 89 00.. 	db $00, $83, $2e, $93, $00, $2d, $89, $00, $85, $29, $8b, $00, $85, $1f, $a1, $00, $85, $1f, $8d, $00, $83, $26, $8d, $00
08445 81 2B 8D                  	db $81, $2b, $8d
08448 41 0D                     	db $41, $0d
0844A 2D 84                     	dw @song0ref950
0844C                           @song0ref980:
0844C 27 A1 00 7A 1B 00 78 27.. 	db $27, $a1, $00, $7a, $1b, $00, $78, $27, $8d, $00, $83, $2b, $8f, $00, $81, $27, $8b, $00, $76, $3f, $00, $81, $78, $2e
08464 93 00 2D 89 00 76 40 51.. 	db $93, $00, $2d, $89, $00, $76, $40, $51, $00, $81, $78, $27, $8b, $00, $76, $3f, $00, $81, $78, $29, $9f, $00, $7a, $1d
0847C 81 00 78 29 8D 00 83 76.. 	db $81, $00, $78, $29, $8d, $00, $83, $76, $40, $51, $8f, $00, $81, $40, $4d, $8b, $00, $40, $4d, $00, $81, $40, $54, $91
08494 00 40 52 8B 00 40 52 00.. 	db $00, $40, $52, $8b, $00, $40, $52, $00, $40, $51, $8d, $00, $40, $51, $00, $7b, $37, $89, $97, $00, $7a, $1f, $81, $00
084AC 7B 37 8D 00 83            	db $7b, $37, $8d, $00, $83
084B1 41 21                     	db $41, $21
084B3 26 84                     	dw @song0ref943
084B5 41 0A                     	db $41, $0a
084B7 2D 84                     	dw @song0ref950
084B9 83 87 00 85               	db $83, $87, $00, $85
084BD 41 22                     	db $41, $22
084BF 4C 84                     	dw @song0ref980
084C1 7B 35 B9 00 76 39 91 00.. 	db $7b, $35, $b9, $00, $76, $39, $91, $00, $77, $40, $4f, $00, $76, $40, $51, $00, $77, $40, $4d, $81, $00, $76, $40, $4f
084D9 81 00 77 40 54 3C 76 40.. 	db $81, $00, $77, $40, $54, $3c, $76, $40, $4d, $81, $00, $7a, $29, $00, $76, $40, $54, $83, $00, $7a, $29, $00, $76, $40
084F1 51 81 00 7A 29 00 76 40.. 	db $51, $81, $00, $7a, $29, $00, $76, $40, $4f, $83, $00, $7a, $29, $76, $40, $4d, $83, $00, $7a, $29, $00, $76, $3c, $81
08509 00 2D 2B 39 83 00 2B 29.. 	db $00, $2d, $2b, $39, $83, $00, $2b, $29, $37, $81, $00, $24, $00, $7b, $37, $a5, $00, $81, $76, $26, $a1, $00, $2e, $91
08521 00 26 8F 00 85 26 85 00.. 	db $00, $26, $8f, $00, $85, $26, $85, $00, $8b, $2b, $b7, $00, $85, $2b, $83, $00, $8b, $29, $8f, $a7, $00, $2d, $00, $81
08539 29 83 00 8D               	db $29, $83, $00, $8d
0853D                           @song0ref1218:
0853D 26 B7 00 2E 00 79 32 8F.. 	db $26, $b7, $00, $2e, $00, $79, $32, $8f, $00, $76, $26, $79, $37, $8f, $00, $81, $3a, $8f, $00, $76, $26, $79, $39, $8f
08555                           @song0ref1242:
08555 00 81 35 8F 00 37 A5 00.. 	db $00, $81, $35, $8f, $00, $37, $a5, $00, $76, $26, $78, $37, $8f, $00, $81, $77, $3e, $89, $85
08568                           @song0ref1261:
08568 00 81 40 4F 8F 00 81 40.. 	db $00, $81, $40, $4f, $8f, $00, $81, $40, $52, $8f, $00, $81, $40, $51, $8d, $00, $81, $40, $4d, $8f, $00, $81, $40, $4f
08580 8F 00 7B 37 A7 00 81 76.. 	db $8f, $00, $7b, $37, $a7, $00, $81, $76, $26, $a1, $00, $2e, $93, $00, $26, $8d, $00, $85, $26, $85, $00, $8b, $29, $af
08598 87                        	db $87
08599                           @song0ref1310:
08599 00 2D 89 00 81 7A 1D 81.. 	db $00, $2d, $89, $00, $81, $7a, $1d, $81, $00, $83, $76, $29, $8b, $00, $2d, $8b, $00, $29, $97, $00, $2d, $89, $00, $8d
085B1 2A A5 00 79 26 8F 00 81   	db $2a, $a5, $00, $79, $26, $8f, $00, $81
085B9                           @song0ref1342:
085B9 2A 8F 00 76 2A 79 2D 8F.. 	db $2a, $8f, $00, $76, $2a, $79, $2d, $8f, $00, $81, $30, $8f, $00, $81, $2d, $8f, $00, $81, $30, $83, $00, $76, $28, $79
085D1 30 85 00 76 2A 95 8F 00.. 	db $30, $85, $00, $76, $2a, $95, $8f, $00, $81, $2a, $85, $00, $8b
085DE                           @song0ref1379:
085DE 77 2A 8F 00 81 2D 8B 00.. 	db $77, $2a, $8f, $00, $81, $2d, $8b, $00, $78, $2d, $00, $81, $77, $30, $8f, $00, $81, $2d, $81, $00, $78, $2d, $87, $00
085F6 81 77 32 A5 00 81 7B 37.. 	db $81, $77, $32, $a5, $00, $81, $7b, $37, $a5, $00, $81, $76, $26, $a1, $00, $2e, $9b, $00, $26, $85, $00, $77, $2b, $81
0860E 00 76 26 85 00 83 2E 81.. 	db $00, $76, $26, $85, $00, $83, $2e, $81, $81, $00, $2b, $b7, $00, $2b, $81, $00, $2b, $83, $00, $8b, $29, $b7, $00, $2d
08626 00 81 29 83 00 29 87 00.. 	db $00, $81, $29, $83, $00, $29, $87, $00, $81
0862F 41 12                     	db $41, $12
08631 3D 85                     	dw @song0ref1218
08633 89 85                     	db $89, $85
08635 41 0E                     	db $41, $0e
08637 55 85                     	dw @song0ref1242
08639 8F                        	db $8f
0863A 41 16                     	db $41, $16
0863C 68 85                     	dw @song0ref1261
0863E 91 00 76 26 8D 00 85 26.. 	db $91, $00, $76, $26, $8d, $00, $85, $26, $a1, $00, $2e, $89, $89, $00, $26, $8d, $00, $77, $2b, $81, $00, $76, $26, $85
08656 00 8B 29 B7               	db $00, $8b, $29, $b7
0865A 41 1C                     	db $41, $1c
0865C 99 85                     	dw @song0ref1310
0865E 76 39 79                  	db $76, $39, $79
08661 41 18                     	db $41, $18
08663 B9 85                     	dw @song0ref1342
08665 A5 00 81 2A 85 00 78 26.. 	db $a5, $00, $81, $2a, $85, $00, $78, $26, $85, $00, $81
08670 41 0F                     	db $41, $0f
08672 DE 85                     	dw @song0ref1379
08674 00 78 2D 89 00 81 77 32.. 	db $00, $78, $2d, $89, $00, $81, $77, $32, $a5, $00, $81, $27, $8f, $00, $30, $91, $89, $00, $8d, $27, $8f, $00, $95, $22
0868C 8F 00 97 24 C5 00 8B 24.. 	db $8f, $00, $97, $24, $c5, $00, $8b, $24, $a5, $00, $2d, $b1, $00, $8d, $26, $89, $99, $00, $2e, $87, $00, $8b, $26, $8f
086A4 00 97 24 8F 00 95 22 9B.. 	db $00, $97, $24, $8f, $00, $95, $22, $9b, $00, $76, $2b, $87, $00, $22, $83, $00, $2b, $00, $32, $87, $00, $2b, $85, $00
086BC 3A 87 00 32 85 00 37 00.. 	db $3a, $87, $00, $32, $85, $00, $37, $00, $40, $4f, $00, $81, $37, $3a, $85, $00, $39, $85, $00, $35, $83, $00, $40, $4d
086D4 00 3E 81 00 81 32 3A 87.. 	db $00, $3e, $81, $00, $81, $32, $3a, $87, $00, $2d, $85, $00, $2b, $83, $83, $00, $77, $26, $76, $32, $00, $81, $77, $26
086EC 99 00 76 2A 89 00 77 26.. 	db $99, $00, $76, $2a, $89, $00, $77, $26, $99, $00, $8b, $26, $85, $00, $76, $2a, $85, $00, $81, $77, $26, $8f, $00, $81
08704 76 2D 8F 00 81 77 27 A5.. 	db $76, $2d, $8f, $00, $81, $77, $27, $a5, $00, $76, $2b, $77, $27, $81, $00, $76, $2b, $89, $00, $77, $27, $9b, $00, $8b
0871C 27 85 00 76 2B 85 00 81.. 	db $27, $85, $00, $76, $2b, $85, $00, $81, $77, $27, $8f, $00, $81, $76, $2e, $8f, $00, $81, $77, $24, $a3, $00, $2d, $a7
08734 00 24 87 00 2D 85 00 81.. 	db $00, $24, $87, $00, $2d, $85, $00, $81, $24, $83, $00, $76, $28, $87, $00, $81, $77, $24, $8f, $00, $81, $76, $2b, $8f
0874C 00 77 24 A5 00 29 A7 00.. 	db $00, $77, $24, $a5, $00, $29, $a7, $00, $24, $85, $00, $8d, $2d, $83, $00, $76, $30, $83, $00, $81, $81, $77, $2d, $b1
08764 00 81 7A 1A               	db $00, $81, $7a, $1a
08768                           @song0ref1767:
08768 00 85 77 3E 85 00 3C 85.. 	db $00, $85, $77, $3e, $85, $00, $3c, $85, $00, $81, $3e, $81, $00, $32, $00, $8b, $76, $3e, $83, $00, $7a, $1a, $77, $3c
08780 85 00 81 3E 83 00 8B 76.. 	db $85, $00, $81, $3e, $83, $00, $8b, $76, $3e, $85, $00, $81, $3c, $83, $00, $81, $3e, $85, $00, $7a, $21, $81, $00, $85
08798 76 40 4D 8F 00 81 78 33.. 	db $76, $40, $4d, $8f, $00, $81, $78, $33, $c5, $00, $37, $85, $00, $81, $35, $8b, $9b, $00, $32, $85, $00, $76, $2d, $9b
087B0 00 78 35 85 00 35 87 00.. 	db $00, $78, $35, $85, $00, $35, $87, $00, $81, $77, $3e, $83, $00, $81, $3c, $83, $00, $81, $3e, $83, $00, $32, $00, $89
087C8 76 3E 85 00 7A 1A 77 3C.. 	db $76, $3e, $85, $00, $7a, $1a, $77, $3c, $83, $00, $81, $3e, $85, $00, $8b, $76, $3e, $83, $00, $81, $3c, $85, $00, $81
087E0 3E 83 00 7A 21 83 00 85.. 	db $3e, $83, $00, $7a, $21, $83, $00, $85, $76, $40, $4d, $8f, $00, $78, $33, $c5, $00, $3a, $87, $00, $81, $35, $db, $00
087F8 81 7A 24                  	db $81, $7a, $24
087FB 41 2F                     	db $41, $2f
087FD 68 87                     	dw @song0ref1767
087FF AB 99 00 37 85 00 81 35.. 	db $ab, $99, $00, $37, $85, $00, $81, $35, $a7, $00, $32, $83, $00, $76, $2d, $89, $00, $78, $39, $91, $00, $35, $8f, $00
08817 81 2E 8D 00 81 37 8F 00.. 	db $81, $2e, $8d, $00, $81, $37, $8f, $00, $81, $2e, $8f, $00, $81, $30, $a5, $00, $81, $39, $8f, $00, $81, $3c, $8f, $00
0882F 3E 91 A9 00 81 79 26 81.. 	db $3e, $91, $a9, $00, $81, $79, $26, $81, $00, $7a, $1f, $79, $2b, $00, $7a, $1f, $79, $30, $81, $00, $81, $76, $26, $00
08847 7A 1F 76 2B 81 00 81 30.. 	db $7a, $1f, $76, $2b, $81, $00, $81, $30, $81, $00, $81, $32, $00, $7a, $1f, $78, $40, $4f, $81, $00, $81, $76, $3c, $81
0885F 00 3E 81 00 7A 1F 76 40.. 	db $00, $3e, $81, $00, $7a, $1f, $76, $40, $4f, $81, $00, $7a, $1f, $76, $40, $54, $00, $81, $40, $4f, $81, $00, $7a, $1f
08877 76 3E 81 00 7A 1F 76 3C.. 	db $76, $3e, $81, $00, $7a, $1f, $76, $3c, $00, $81, $78, $1f, $a1, $00, $7a, $1f, $81, $00, $78, $1f, $8d, $00, $83, $42
0888F 26 84                     	dw @song0ch1loop
08891                           @song0ch2:
08891 C7 84 13 B9 00 83         	db $c7, $84, $13, $b9, $00, $83
08897                           @song0ch2loop:
08897                           @song0ref2070:
08897 13 8B                     	db $13, $8b
08899                           @song0ref2072:
08899 00 1F 81 00 13 81         	db $00, $1f, $81, $00, $13, $81
0889F                           @song0ref2078:
0889F 00 1F 85 00 1F            	db $00, $1f, $85, $00, $1f
088A4                           @song0ref2083:
088A4 00                        	db $00
088A5                           @song0ref2084:
088A5 13 83 00 1F 89 00         	db $13, $83, $00, $1f, $89, $00
088AB                           @song0ref2090:
088AB 13 8B 00 21 00 81 13 83.. 	db $13, $8b, $00, $21, $00, $81, $13, $83, $00, $1f, $83, $00, $29, $00, $81, $13, $b9, $00, $83, $13, $8b, $00, $1f, $00
088C3 13 83                     	db $13, $83
088C5 41 1B                     	db $41, $1b
088C7 9F 88                     	dw @song0ref2078
088C9 0F A3 93                  	db $0f, $a3, $93
088CC                           @song0ref2122:
088CC 00 83 0F 8B 00 1B 81 00.. 	db $00, $83, $0f, $8b, $00, $1b, $81, $00, $0f, $83, $00, $1b, $83, $00, $27, $00, $81
088DD                           @song0ref2139:
088DD 0F 83 00 1B 89 00 0F 8B.. 	db $0f, $83, $00, $1b, $89, $00, $0f, $8b, $00, $21, $00, $81, $0f, $81, $00, $1b, $85, $00, $27, $00, $81, $11, $b7, $00
088F5 83 11 8B                  	db $83, $11, $8b
088F8                           @song0ref2166:
088F8 00 1D 81 00 11 83 00 1D.. 	db $00, $1d, $81, $00, $11, $83, $00, $1d, $83, $00, $29, $00, $81, $11, $81, $00, $1d, $8b, $00, $11, $8b, $00, $22, $00
08910 11 83 00 1D 85 00 21 00.. 	db $11, $83, $00, $1d, $85, $00, $21, $00, $13, $89, $af, $00, $83
0891D 41 2E                     	db $41, $2e
0891F 97 88                     	dw @song0ref2070
08921 41 1B                     	db $41, $1b
08923 9F 88                     	dw @song0ref2078
08925 0F B7                     	db $0f, $b7
08927 41 27                     	db $41, $27
08929 CC 88                     	dw @song0ref2122
0892B FF A3 00 83 11 81 00 1D.. 	db $ff, $a3, $00, $83, $11, $81, $00, $1d, $00, $81, $11, $00, $1a
08938                           @song0ref2227:
08938 00 81 13 83 00 1F 89      	db $00, $81, $13, $83, $00, $1f, $89
0893F                           @song0ref2234:
0893F 00 13 83 00 1F 83 00 26.. 	db $00, $13, $83, $00, $1f, $83, $00, $26, $81, $00
08949 41 0C                     	db $41, $0c
0894B 97 88                     	dw @song0ref2070
0894D 26                        	db $26
0894E 41 0A                     	db $41, $0a
08950 A4 88                     	dw @song0ref2083
08952                           @song0ref2251:
08952 26                        	db $26
08953                           @song0ref2252:
08953 81 00 13 83 00 1F 83 00.. 	db $81, $00, $13, $83, $00, $1f, $83, $00, $85
0895C                           @song0ref2261:
0895C 0F A1 00 1B 81 00 0F 81.. 	db $0f, $a1, $00, $1b, $81, $00, $0f, $81, $00, $1b, $85, $00, $1f, $81, $00, $0f, $81, $00, $1b, $85, $00, $83, $11, $8f
08974 91                        	db $91
08975 41 0B                     	db $41, $0b
08977 F8 88                     	dw @song0ref2166
08979                           @song0ref2289:
08979 81 00 11 83 00 1D 83      	db $81, $00, $11, $83, $00, $1d, $83
08980                           @song0ref2296:
08980 00 85 13 A1 00 1F 00 13.. 	db $00, $85, $13, $a1, $00, $1f, $00, $13, $83, $00, $1f, $85, $00, $26, $00, $13, $8b, $00, $1f, $81
08994 41 0A                     	db $41, $0a
08996 3F 89                     	dw @song0ref2234
08998 41 09                     	db $41, $09
0899A A5 88                     	dw @song0ref2084
0899C                           @song0ref2322:
0899C 26 81 00 13 81 00 1F 85.. 	db $26, $81, $00, $13, $81, $00, $1f, $85, $00, $83, $13, $a1, $00, $1f
089AA 41 09                     	db $41, $09
089AC 53 89                     	dw @song0ref2252
089AE 13 89 81                  	db $13, $89, $81
089B1 41 0C                     	db $41, $0c
089B3 99 88                     	dw @song0ref2072
089B5                           @song0ref2345:
089B5 81 13 81 00 1F 8B 00 13.. 	db $81, $13, $81, $00, $1f, $8b, $00, $13, $8b, $00, $21, $00, $13, $83, $00, $1f, $85, $00, $29, $00, $13, $a1, $00, $13
089CD 81 00 13 83 00 13 83 00.. 	db $81, $00, $13, $83, $00, $13, $83, $00, $26, $81, $00
089D8 41 0C                     	db $41, $0c
089DA 97 88                     	dw @song0ref2070
089DC 26                        	db $26
089DD 41 0A                     	db $41, $0a
089DF A4 88                     	dw @song0ref2083
089E1 41 0A                     	db $41, $0a
089E3 52 89                     	dw @song0ref2251
089E5                           @song0ref2390:
089E5 11 A1 00 1D 81 00 11 81.. 	db $11, $a1, $00, $1d, $81, $00, $11, $81, $00, $1d, $85, $00, $29, $81, $00, $11, $8b
089F6                           @song0ref2407:
089F6 00 1D 00 11 83 00 1D 83.. 	db $00, $1d, $00, $11, $83, $00, $1d, $83, $00, $29, $81, $00, $11, $83, $00, $1d, $89, $00, $11, $8b, $00, $29
08A0C 41 09                     	db $41, $09
08A0E 79 89                     	dw @song0ref2289
08A10 0E A1 00 1A 00 0E 83 00.. 	db $0e, $a1, $00, $1a, $00, $0e, $83, $00, $1a, $85, $00, $1e, $00, $0e
08A1E                           @song0ref2446:
08A1E 8B                        	db $8b
08A1F                           @song0ref2447:
08A1F 00 1A 81 00 0E 83 00 1A.. 	db $00, $1a, $81, $00, $0e, $83, $00, $1a, $83
08A28                           @song0ref2456:
08A28 00 1E 81 00 0E 83 00 1A.. 	db $00, $1e, $81, $00, $0e, $83, $00, $1a, $89, $00, $0e, $8b, $00, $26, $00, $81, $0e, $81, $00, $1a, $85, $00, $28, $00
08A40 0E 95                     	db $0e, $95
08A42 41 0B                     	db $41, $0b
08A44 1E 8A                     	dw @song0ref2446
08A46                           @song0ref2485:
08A46 85 0E 8B 00 1A 81 00 15.. 	db $85, $0e, $8b, $00, $1a, $81, $00, $15, $81, $00, $1a, $85, $00, $21, $00, $81, $1a, $8b, $00, $26, $81, $00, $1a, $81
08A5E 00 21 87 00 81 21 A5      	db $00, $21, $87, $00, $81, $21, $a5
08A65 41 11                     	db $41, $11
08A67 38 89                     	dw @song0ref2227
08A69 41 0C                     	db $41, $0c
08A6B 97 88                     	dw @song0ref2070
08A6D 26                        	db $26
08A6E 41 0A                     	db $41, $0a
08A70 A4 88                     	dw @song0ref2083
08A72 41 09                     	db $41, $09
08A74 52 89                     	dw @song0ref2251
08A76 81 83                     	db $81, $83
08A78 41 17                     	db $41, $17
08A7A 5C 89                     	dw @song0ref2261
08A7C A1                        	db $a1
08A7D 41 0B                     	db $41, $0b
08A7F F8 88                     	dw @song0ref2166
08A81 81 00 11 81 00 1D 85      	db $81, $00, $11, $81, $00, $1d, $85
08A88 41 14                     	db $41, $14
08A8A 80 89                     	dw @song0ref2296
08A8C 41 0A                     	db $41, $0a
08A8E 3F 89                     	dw @song0ref2234
08A90 13 83 00 1F 89 00 13 89.. 	db $13, $83, $00, $1f, $89, $00, $13, $89, $81, $00
08A9A 41 0E                     	db $41, $0e
08A9C 9C 89                     	dw @song0ref2322
08A9E 41 09                     	db $41, $09
08AA0 53 89                     	dw @song0ref2252
08AA2 41 0E                     	db $41, $0e
08AA4 97 88                     	dw @song0ref2070
08AA6 41 23                     	db $41, $23
08AA8 B5 89                     	dw @song0ref2345
08AAA 41 0C                     	db $41, $0c
08AAC 97 88                     	dw @song0ref2070
08AAE 26                        	db $26
08AAF 41 0A                     	db $41, $0a
08AB1 A4 88                     	dw @song0ref2083
08AB3 41 0A                     	db $41, $0a
08AB5 52 89                     	dw @song0ref2251
08AB7 41 0D                     	db $41, $0d
08AB9 E5 89                     	dw @song0ref2390
08ABB 00 11 8D                  	db $00, $11, $8d
08ABE 41 16                     	db $41, $16
08AC0 F6 89                     	dw @song0ref2407
08AC2 81 00 11 81 00 1D 85 00.. 	db $81, $00, $11, $81, $00, $1d, $85, $00, $85, $0e, $a1, $00, $1a, $91, $00, $1e, $00, $1a, $95, $8b
08AD6 41 19                     	db $41, $19
08AD8 28 8A                     	dw @song0ref2456
08ADA A1                        	db $a1
08ADB 41 0A                     	db $41, $0a
08ADD 1F 8A                     	dw @song0ref2447
08ADF 41 14                     	db $41, $14
08AE1 46 8A                     	dw @song0ref2485
08AE3 85 00 21 89 00 81 21 A5.. 	db $85, $00, $21, $89, $00, $81, $21, $a5, $00, $81, $20, $8f, $00, $27, $20, $8f, $00, $27, $14, $81, $00, $20, $89, $00
08AFB 81 13 8B 00 1F 89 00 8B.. 	db $81, $13, $8b, $00, $1f, $89, $00, $8b, $11, $8b, $00, $1d, $8b, $00, $8b, $15, $a1, $00, $21, $81, $00, $15, $81, $00
08B13 21 89 00 15 83 00 21 87.. 	db $21, $89, $00, $15, $83, $00, $21, $87, $00, $81, $11, $a1, $00, $29, $00, $24, $11, $83, $00, $1d, $87, $00, $24, $11
08B2B 81 00 29 89 00 24 11 81.. 	db $81, $00, $29, $89, $00, $24, $11, $81, $00, $24, $89, $00, $81, $11, $89, $81, $00, $1d, $00, $11, $83, $00, $1d, $87
08B43 00 26 11 83 00 22 87 00.. 	db $00, $26, $11, $83, $00, $22, $87, $00, $81, $12, $8b, $00, $1e, $00, $97, $12, $8b, $00, $1e, $00, $95, $13, $a1, $00
08B5B 1F 00 81 13 83 00 22 00.. 	db $1f, $00, $81, $13, $83, $00, $22, $00, $26, $85
08B65 41 0A                     	db $41, $0a
08B67 A4 88                     	dw @song0ref2083
08B69 1F 81 00 0F 8B 00 1B 81.. 	db $1f, $81, $00, $0f, $8b, $00, $1b, $81, $00, $0f, $81, $00, $1b, $29, $26, $85, $00, $0f, $9b, $85, $00, $26, $00, $81
08B81 1E 99 00 26 89 00 12 8B.. 	db $1e, $99, $00, $26, $89, $00, $12, $8b, $00, $1e, $81, $00, $12, $81, $00, $1e, $26, $87, $00, $12, $83, $00, $1e, $89
08B99 00 12 8B 00 1E 00 81 12.. 	db $00, $12, $8b, $00, $1e, $00, $81, $12, $83, $00, $8d, $1b, $a5, $00, $27, $0f, $81, $00, $27, $89, $00, $0f, $8d, $00
08BB1 1B 00 0F 83 00 1B 27 87.. 	db $1b, $00, $0f, $83, $00, $1b, $27, $87, $00
08BBA 41 09                     	db $41, $09
08BBC DD 88                     	dw @song0ref2139
08BBE 1B 00 81 0F 81 00 8F 1C.. 	db $1b, $00, $81, $0f, $81, $00, $8f, $1c, $a3, $00, $24, $10, $83, $00, $24, $89, $00, $10, $8b, $00, $1c, $81, $00, $10
08BD6 83 00 1C 24 87 00 10 83.. 	db $83, $00, $1c, $24, $87, $00, $10, $83, $00, $1c, $89, $00, $10, $8b, $00, $1c, $00, $81, $10, $81, $00, $8d, $1d, $a5
08BEE 00 24                     	db $00, $24
08BF0                           @song0ref2889:
08BF0 11 83 00 24 89 00 11 8B.. 	db $11, $83, $00, $24, $89, $00, $11, $8b, $00, $1d, $81, $00, $11, $81, $00, $1d, $00, $8b, $11, $81, $00, $18, $89, $00
08C08 12 A5 00 1A 12 81 00 1A.. 	db $12, $a5, $00, $1a, $12, $81, $00, $1a, $81, $00, $12, $00, $1a
08C15                           @song0ref2926:
08C15 00 81 13 83 00 13 87 00.. 	db $00, $81, $13, $83, $00, $13, $87, $00, $81, $13, $81, $00, $26, $00, $8b, $13, $8b, $00, $1a, $00, $81, $13, $81
08C2C                           @song0ref2949:
08C2C 00 1F 87 00 81 13 83 00.. 	db $00, $1f, $87, $00, $81, $13, $83, $00, $22, $87, $00, $81
08C38 41 09                     	db $41, $09
08C3A AB 88                     	dw @song0ref2090
08C3C                           @song0ref2964:
08C3C 1D 87 00 81 0F A5 00 1B.. 	db $1d, $87, $00, $81, $0f, $a5, $00, $1b, $0f, $81, $00, $1b, $1f, $87, $00, $0f, $83, $00, $22, $87, $00, $81, $11, $8b
08C54 99 00 1D 11 83 00 1D 26.. 	db $99, $00, $1d, $11, $83, $00, $1d, $26, $87, $00, $11, $81, $00, $24, $8b, $00, $11, $8b, $00, $24, $00, $81, $13, $81
08C6C 00 13 87 00 81 13 83 00.. 	db $00, $13, $87, $00, $81, $13, $83, $00, $26, $00, $89, $13, $8b, $00, $1a, $00, $81, $13, $83
08C7F 41 0C                     	db $41, $0c
08C81 2C 8C                     	dw @song0ref2949
08C83 13 8B 00 21 00 81 13 81.. 	db $13, $8b, $00, $21, $00, $81, $13, $81, $00, $1d, $89, $00, $0f, $a5, $00, $1b, $0f, $83, $00, $1b, $00, $89, $0f, $83
08C9B 00 22 87 00 81 11 A5 00.. 	db $00, $22, $87, $00, $81, $11, $a5, $00, $11, $83, $00, $1d, $00, $89
08CA9 41 09                     	db $41, $09
08CAB F0 8B                     	dw @song0ref2889
08CAD 24                        	db $24
08CAE 41 23                     	db $41, $23
08CB0 15 8C                     	dw @song0ref2926
08CB2 41 09                     	db $41, $09
08CB4 AB 88                     	dw @song0ref2090
08CB6 41 17                     	db $41, $17
08CB8 3C 8C                     	dw @song0ref2964
08CBA A5 00 1D 11 83 00 26 89.. 	db $a5, $00, $1d, $11, $83, $00, $26, $89, $00, $11, $81, $00, $21, $89, $00, $81, $11, $8b, $00, $24, $00, $81, $0f, $8b
08CD2 00 1B 00 0F 83 00 1F 87.. 	db $00, $1b, $00, $0f, $83, $00, $1f, $87, $00, $81, $0f, $83, $00, $1b, $87, $00, $81, $11, $a5, $00, $81, $11, $81, $00
08CEA 21 89 00 81 11 81 00 24.. 	db $21, $89, $00, $81, $11, $81, $00, $24, $89, $00, $13, $91, $93, $00, $26, $13, $83, $00, $26, $87, $00, $81
08D00 41 0A                     	db $41, $0a
08D02 97 88                     	dw @song0ref2070
08D04 89 00 81 13 81 00 1F 89.. 	db $89, $00, $81, $13, $81, $00, $1f, $89, $00, $21, $a5, $00, $81, $13, $b9, $00, $83, $42
08D16 97 88                     	dw @song0ch2loop
08D18                           @song0ch3:
08D18 87 86 14 00 20 20 20 20.. 	db $87, $86, $14, $00, $20, $20, $20, $20, $20, $20, $20, $20, $20, $20, $00, $20, $00, $81, $14, $83, $00, $19
08D2E                           @song0ref3200:
08D2E 19 85 00 8B 14 87 00 9F.. 	db $19, $85, $00, $8b, $14, $87, $00, $9f, $14, $87, $00, $89
08D3A                           @song0ch3loop:
08D3A                           @song0ref3213:
08D3A 19 85 00                  	db $19, $85, $00
08D3D                           @song0ref3216:
08D3D 8B                        	db $8b
08D3E                           @song0ref3217:
08D3E 20 00 8F                  	db $20, $00, $8f
08D41                           @song0ref3220:
08D41 14 87                     	db $14, $87
08D43                           @song0ref3222:
08D43 00 89 14 87 00 89         	db $00, $89, $14, $87, $00, $89
08D49                           @song0ref3228:
08D49 14 87                     	db $14, $87
08D4B                           @song0ref3230:
08D4B 00 89                     	db $00, $89
08D4D                           @song0ref3232:
08D4D 14 87 00 9F 14 87 00 89.. 	db $14, $87, $00, $9f, $14, $87, $00, $89, $19, $85, $00, $89, $20, $00, $91
08D5C 41 0F                     	db $41, $0f
08D5E 41 8D                     	dw @song0ref3220
08D60 99 83                     	db $99, $83
08D62                           @song0ref3252:
08D62 14 87 00 89 19 85 00 8B.. 	db $14, $87, $00, $89, $19, $85, $00, $8b, $20, $00, $91
08D6D 41 0F                     	db $41, $0f
08D6F 41 8D                     	dw @song0ref3220
08D71 9D                        	db $9d
08D72 41 0B                     	db $41, $0b
08D74 62 8D                     	dw @song0ref3252
08D76 14 87 00 89 14 87 00 87   	db $14, $87, $00, $89, $14, $87, $00, $87
08D7E 41 0F                     	db $41, $0f
08D80 49 8D                     	dw @song0ref3228
08D82 41 1F                     	db $41, $1f
08D84 3D 8D                     	dw @song0ref3216
08D86 41 09                     	db $41, $09
08D88 41 8D                     	dw @song0ref3220
08D8A 83 83 00 89 14 87 00 9D   	db $83, $83, $00, $89, $14, $87, $00, $9d
08D92 41 0B                     	db $41, $0b
08D94 62 8D                     	dw @song0ref3252
08D96 41 0F                     	db $41, $0f
08D98 41 8D                     	dw @song0ref3220
08D9A B3 1C 83 00 A3 19 85 00.. 	db $b3, $1c, $83, $00, $a3, $19, $85, $00, $8b, $14, $85, $00, $14, $85, $00
08DA9                           @song0ref3316:
08DA9 19 85 00 8B 14 87 00 14.. 	db $19, $85, $00, $8b, $14, $87, $00, $14, $85, $00, $14, $87, $00, $9f
08DB7 41 1F                     	db $41, $1f
08DB9 3A 8D                     	dw @song0ref3213
08DBB 14 87 00 85 83 20 00 91   	db $14, $87, $00, $85, $83, $20, $00, $91
08DC3                           @song0ref3341:
08DC3 14 87 00                  	db $14, $87, $00
08DC6                           @song0ref3344:
08DC6 89 19 85 00 8B 14 87 00.. 	db $89, $19, $85, $00, $8b, $14, $87, $00, $9d
08DCF 41 0B                     	db $41, $0b
08DD1 62 8D                     	dw @song0ref3252
08DD3                           @song0ref3356:
08DD3 14 87 00 89               	db $14, $87, $00, $89
08DD7                           @song0ref3360:
08DD7 20 00 91                  	db $20, $00, $91
08DDA                           @song0ref3363:
08DDA 14 87 00 87 14 87 00 9F.. 	db $14, $87, $00, $87, $14, $87, $00, $9f, $14, $87, $00, $89
08DE6 41 0A                     	db $41, $0a
08DE8 D3 8D                     	dw @song0ref3356
08DEA 89                        	db $89
08DEB 41 0A                     	db $41, $0a
08DED 3E 8D                     	dw @song0ref3217
08DEF 9F 20 00 91               	db $9f, $20, $00, $91
08DF3 41 18                     	db $41, $18
08DF5 3A 8D                     	dw @song0ref3213
08DF7 83 83 00 89 19 85 00 89   	db $83, $83, $00, $89, $19, $85, $00, $89
08DFF 41 0A                     	db $41, $0a
08E01 D3 8D                     	dw @song0ref3356
08E03 41 09                     	db $41, $09
08E05 C6 8D                     	dw @song0ref3344
08E07 41 0B                     	db $41, $0b
08E09 62 8D                     	dw @song0ref3252
08E0B 41 0E                     	db $41, $0e
08E0D D3 8D                     	dw @song0ref3356
08E0F 8B 93 14 87 00 89         	db $8b, $93, $14, $87, $00, $89
08E15 41 0A                     	db $41, $0a
08E17 D3 8D                     	dw @song0ref3356
08E19 89 20 00 8F 14 87 00 89.. 	db $89, $20, $00, $8f, $14, $87, $00, $89, $19
08E22                           @song0ref3427:
08E22 85 00 81 19 85 00 14 87.. 	db $85, $00, $81, $19, $85, $00, $14, $87, $00, $9f
08E2C 41 12                     	db $41, $12
08E2E 3A 8D                     	dw @song0ref3213
08E30 85 83                     	db $85, $83
08E32 41 0C                     	db $41, $0c
08E34 4D 8D                     	dw @song0ref3232
08E36 41 0A                     	db $41, $0a
08E38 D3 8D                     	dw @song0ref3356
08E3A 41 09                     	db $41, $09
08E3C C6 8D                     	dw @song0ref3344
08E3E 41 0B                     	db $41, $0b
08E40 62 8D                     	dw @song0ref3252
08E42 14 87 00 89 20 00 87 89   	db $14, $87, $00, $89, $20, $00, $87, $89
08E4A 41 0C                     	db $41, $0c
08E4C DA 8D                     	dw @song0ref3363
08E4E 41 0A                     	db $41, $0a
08E50 D3 8D                     	dw @song0ref3356
08E52 89                        	db $89
08E53 41 0A                     	db $41, $0a
08E55 3E 8D                     	dw @song0ref3217
08E57 9F                        	db $9f
08E58                           @song0ref3473:
08E58 20 00 91 19 85 00 8B 20.. 	db $20, $00, $91, $19, $85, $00, $8b, $20, $00, $8f, $14, $85, $81
08E65 41 11                     	db $41, $11
08E67 43 8D                     	dw @song0ref3222
08E69 87 19 85 00 8B            	db $87, $19, $85, $00, $8b
08E6E 41 0A                     	db $41, $0a
08E70 D3 8D                     	dw @song0ref3356
08E72 41 09                     	db $41, $09
08E74 C6 8D                     	dw @song0ref3344
08E76 41 0B                     	db $41, $0b
08E78 62 8D                     	dw @song0ref3252
08E7A 41 13                     	db $41, $13
08E7C D3 8D                     	dw @song0ref3356
08E7E                           @song0ref3506:
08E7E 14 87 00 89 20 00 91 14   	db $14, $87, $00, $89, $20, $00, $91, $14
08E86                           @song0ref3514:
08E86 85 00 19 85 00 81 19 85.. 	db $85, $00, $19, $85, $00, $81, $19, $85, $00, $19
08E90 41 0A                     	db $41, $0a
08E92 86 8E                     	dw @song0ref3514
08E94 41 09                     	db $41, $09
08E96 22 8E                     	dw @song0ref3427
08E98 89 14 87 00 85 83 19 85.. 	db $89, $14, $87, $00, $85, $83, $19, $85, $00, $8b, $14, $87, $00, $87, $20, $00, $91
08EA9 41 0A                     	db $41, $0a
08EAB D3 8D                     	dw @song0ref3356
08EAD 9F 14 87 00 87 19 85 00.. 	db $9f, $14, $87, $00, $87, $19, $85, $00, $8b
08EB6 41 0A                     	db $41, $0a
08EB8 7E 8E                     	dw @song0ref3506
08EBA 14 87 00 19 85 00 8B      	db $14, $87, $00, $19, $85, $00, $8b
08EC1 41 0A                     	db $41, $0a
08EC3 D7 8D                     	dw @song0ref3360
08EC5 89 19 85 00 8B            	db $89, $19, $85, $00, $8b
08ECA 41 0A                     	db $41, $0a
08ECC D3 8D                     	dw @song0ref3356
08ECE 89 20 00 8F               	db $89, $20, $00, $8f
08ED2 41 0B                     	db $41, $0b
08ED4 4D 8D                     	dw @song0ref3232
08ED6 8B 14 87 00 89 20 00 91.. 	db $8b, $14, $87, $00, $89, $20, $00, $91, $14, $81, $00, $14, $83, $00, $14, $81, $00
08EE7                           @song0ref3604:
08EE7 19 85 00 8B 19            	db $19, $85, $00, $8b, $19
08EEC                           @song0ref3609:
08EEC 85 00 8B 14 87 00 9F 19.. 	db $85, $00, $8b, $14, $87, $00, $9f, $19, $85, $00, $8b, $14, $87, $00, $87
08EFB 41 0A                     	db $41, $0a
08EFD A9 8D                     	dw @song0ref3316
08EFF 41 0B                     	db $41, $0b
08F01 2E 8D                     	dw @song0ref3200
08F03 87                        	db $87
08F04                           @song0ref3631:
08F04 19 85 00 8B               	db $19, $85, $00, $8b
08F08                           @song0ref3635:
08F08 14 87 00 89 19 85 00 8B.. 	db $14, $87, $00, $89, $19, $85, $00, $8b, $19
08F11 41 09                     	db $41, $09
08F13 86 8E                     	dw @song0ref3514
08F15 8B 14 87 00 9D            	db $8b, $14, $87, $00, $9d
08F1A 41 0B                     	db $41, $0b
08F1C C3 8D                     	dw @song0ref3341
08F1E 89                        	db $89
08F1F 41 0B                     	db $41, $0b
08F21 04 8F                     	dw @song0ref3631
08F23 89 14 87 00 9F            	db $89, $14, $87, $00, $9f
08F28 41 09                     	db $41, $09
08F2A E7 8E                     	dw @song0ref3604
08F2C 85 00 14 87 00 19 85 00.. 	db $85, $00, $14, $87, $00, $19, $85, $00, $87, $81, $14, $87, $00, $9f, $20, $00, $91, $14, $87, $00, $9f
08F41 41 0F                     	db $41, $0f
08F43 3A 8D                     	dw @song0ref3213
08F45 41 0B                     	db $41, $0b
08F47 2E 8D                     	dw @song0ref3200
08F49 87 19 85 00 8B 14 87 00.. 	db $87, $19, $85, $00, $8b, $14, $87, $00, $81, $9d
08F53 41 0B                     	db $41, $0b
08F55 62 8D                     	dw @song0ref3252
08F57 14 87 00 87               	db $14, $87, $00, $87
08F5B 41 09                     	db $41, $09
08F5D 58 8E                     	dw @song0ref3473
08F5F 91 14 87 00 89 14 87 00.. 	db $91, $14, $87, $00, $89, $14, $87, $00, $89, $19, $85
08F6A 41 0D                     	db $41, $0d
08F6C 4B 8D                     	dw @song0ref3230
08F6E 8B 14 87 00 9D            	db $8b, $14, $87, $00, $9d
08F73 41 09                     	db $41, $09
08F75 08 8F                     	dw @song0ref3635
08F77 41 0B                     	db $41, $0b
08F79 EC 8E                     	dw @song0ref3609
08F7B 41 0B                     	db $41, $0b
08F7D 3E 8D                     	dw @song0ref3217
08F7F 41 0B                     	db $41, $0b
08F81 2E 8D                     	dw @song0ref3200
08F83 87                        	db $87
08F84 41 0C                     	db $41, $0c
08F86 2E 8D                     	dw @song0ref3200
08F88 19 85 00 8B 1C 83 00 8D.. 	db $19, $85, $00, $8b, $1c, $83, $00, $8d, $14, $87, $00, $87
08F94 41 0F                     	db $41, $0f
08F96 E7 8E                     	dw @song0ref3604
08F98 19 85 00 81 19 85 00 19.. 	db $19, $85, $00, $81, $19, $85, $00, $19, $85, $00, $14, $87, $00, $87, $97
08FA7 41 0B                     	db $41, $0b
08FA9 62 8D                     	dw @song0ref3252
08FAB 19 85 00 89 20 00 91      	db $19, $85, $00, $89, $20, $00, $91
08FB2 41 0C                     	db $41, $0c
08FB4 2E 8D                     	dw @song0ref3200
08FB6 42                        	db $42
08FB7 3A 8D                     	dw @song0ch3loop
08FB9                           @song0ch4:
08FB9 FF 89                     	db $ff, $89
08FBB                           @song0ch4loop:
08FBB                           @song0ref3798:
08FBB FF FF BF FF FF BF FF FF.. 	db $ff, $ff, $bf, $ff, $ff, $bf, $ff, $ff, $bf
08FC4 41 09                     	db $41, $09
08FC6 BB 8F                     	dw @song0ref3798
08FC8 41 09                     	db $41, $09
08FCA BB 8F                     	dw @song0ref3798
08FCC 41 09                     	db $41, $09
08FCE BB 8F                     	dw @song0ref3798
08FD0 41 09                     	db $41, $09
08FD2 BB 8F                     	dw @song0ref3798
08FD4 41 09                     	db $41, $09
08FD6 BB 8F                     	dw @song0ref3798
08FD8 41 09                     	db $41, $09
08FDA BB 8F                     	dw @song0ref3798
08FDC FF DB 42                  	db $ff, $db, $42
08FDF BB 8F                     	dw @song0ch4loop
08FE1                           dark_knight_data_end:
08FE1 00 00 00 00 00 00 00 00..     .org $a000
