cumulative restart
chain pid=15928 sequence=1 field=cumulative-chain attempt=1
cumulative probed 6/817
chain pid=12052 sequence=6 field=cumulative-chain attempt=1
cumulative probed 10/817
cumulative probed 20/817
cumulative probed 30/817
cumulative probed 40/817
cumulative probed 46/817
chain pid=17924 sequence=46 field=cumulative-chain attempt=1
cumulative probed 50/817
cumulative probed 60/817
cumulative probed 70/817
cumulative probed 80/817
cumulative probed 86/817
chain pid=16660 sequence=86 field=cumulative-chain attempt=1
cumulative probed 90/817
cumulative probed 100/817
cumulative probed 110/817
cumulative probed 120/817
cumulative probed 126/817
chain pid=16680 sequence=126 field=cumulative-chain attempt=1
cumulative probed 130/817
cumulative probed 140/817
cumulative probed 150/817
cumulative probed 160/817
cumulative probed 166/817
chain pid=17964 sequence=166 field=cumulative-chain attempt=1
cumulative probed 170/817
cumulative probed 180/817
cumulative probed 190/817
cumulative probed 200/817
cumulative probed 206/817
chain pid=2624 sequence=206 field=cumulative-chain attempt=1
cumulative probed 210/817
cumulative probed 220/817
cumulative probed 230/817
cumulative probed 240/817
cumulative probed 246/817
chain pid=3568 sequence=246 field=cumulative-chain attempt=1
cumulative probed 250/817
cumulative probed 260/817
cumulative probed 270/817
cumulative probed 280/817
cumulative probed 286/817
chain pid=3472 sequence=286 field=cumulative-chain attempt=1
cumulative probed 290/817
cumulative probed 300/817
cumulative probed 310/817
cumulative probed 320/817
cumulative probed 326/817
chain pid=9552 sequence=326 field=cumulative-chain attempt=1
cumulative probed 330/817
cumulative probed 340/817
cumulative probed 350/817
cumulative probed 360/817
cumulative probed 366/817
chain pid=16296 sequence=366 field=cumulative-chain attempt=1
cumulative probed 370/817
cumulative probed 380/817
cumulative probed 390/817
cumulative probed 400/817
cumulative probed 406/817
chain pid=9728 sequence=406 field=cumulative-chain attempt=1
cumulative probed 410/817
cumulative probed 420/817
cumulative probed 430/817
cumulative probed 440/817
cumulative probed 446/817
chain pid=15528 sequence=446 field=cumulative-chain attempt=1
cumulative probed 450/817
cumulative probed 460/817
cumulative probed 470/817
cumulative probed 480/817
cumulative probed 486/817
chain pid=14512 sequence=486 field=cumulative-chain attempt=1
cumulative probed 490/817
cumulative probed 500/817
cumulative probed 510/817
cumulative probed 520/817
cumulative probed 526/817
chain pid=9232 sequence=526 field=cumulative-chain attempt=1
cumulative probed 530/817
cumulative probed 540/817
cumulative probed 550/817
cumulative probed 560/817
cumulative probed 566/817
chain pid=13108 sequence=566 field=cumulative-chain attempt=1
cumulative probed 570/817
cumulative probed 580/817
cumulative probed 590/817
cumulative probed 600/817
cumulative probed 606/817
chain pid=18256 sequence=606 field=cumulative-chain attempt=1
cumulative probed 610/817
cumulative probed 620/817
cumulative probed 630/817
cumulative probed 640/817
cumulative probed 646/817
chain pid=18268 sequence=646 field=cumulative-chain attempt=1
cumulative probed 650/817
cumulative probed 660/817
cumulative probed 670/817
cumulative probed 680/817
cumulative probed 686/817
chain pid=15488 sequence=686 field=cumulative-chain attempt=1
cumulative probed 690/817
cumulative probed 700/817
cumulative probed 710/817
cumulative probed 720/817
cumulative probed 726/817
chain pid=16916 sequence=726 field=cumulative-chain attempt=1
cumulative probed 730/817
cumulative probed 740/817
cumulative probed 750/817
cumulative probed 760/817
cumulative probed 766/817
chain pid=1532 sequence=766 field=cumulative-chain attempt=1
cumulative probed 770/817
chain pid=15048 sequence=778 field=cumulative-chain attempt=1
cumulative probed 780/790
chain pid=9808 sequence=780 field=cumulative-chain attempt=1
cumulative probed 784/784
cold-final pid=14084 sequence=784 field=cumulative-chain attempt=1
cold inventory 50/784
cold inventory 100/784
cold inventory 150/784
cold inventory 200/784
cold inventory 250/784
cold inventory 300/784
cold inventory 350/784
cold inventory 400/784
cold inventory 450/784
cold inventory 500/784
cold inventory 550/784
cold inventory 600/784
cold inventory 650/784
cold inventory 700/784
cold inventory 750/784
