2026-09-21 01:24:31 saved 10/1380 field=M03/00/enemy/01/unit_id
2026-09-21 01:24:59 saved 20/1380 field=M03/00/enemy/03/y
2026-09-21 01:25:30 saved 30/1380 field=M03/00/enemy/04/flags
2026-09-21 01:25:59 saved 40/1380 field=M03/00/enemy/06/unit_id
2026-09-21 01:26:25 saved 50/1380 field=M03/01/enemy/00/y
2026-09-21 01:26:56 saved 60/1380 field=M03/01/enemy/01/flags
2026-09-21 01:27:25 saved 70/1380 field=M03/01/enemy/03/unit_id
2026-09-21 01:27:54 saved 80/1380 field=M03/01/enemy/05/y
2026-09-21 01:28:25 saved 90/1380 field=M03/01/enemy/06/flags
2026-09-21 01:28:54 saved 100/1380 field=M03/01/enemy/08/unit_id
2026-09-21 01:29:22 saved 110/1380 field=M03/01/enemy/10/y
2026-09-21 01:29:54 saved 120/1380 field=M03/01/enemy/11/flags
2026-09-21 01:30:23 saved 130/1380 field=M03/03/enemy/00/unit_id
2026-09-21 01:30:51 saved 140/1380 field=M03/03/enemy/02/y
2026-09-21 01:31:23 saved 150/1380 field=M03/03/enemy/03/flags
2026-09-21 01:31:51 saved 160/1380 field=M03/03/enemy/06/unit_id
2026-09-21 01:32:20 saved 170/1380 field=M03/03/enemy/10/y
2026-09-21 01:32:51 saved 180/1380 field=M03/03/enemy/11/flags
2026-09-21 01:33:20 saved 190/1380 field=M03/03/enemy/13/unit_id
2026-09-21 01:39:54 saved 200/1380 field=M03/03/player/04/y
2026-09-21 01:40:29 saved 210/1380 field=M03/04/enemy/00/pilot_id
2026-09-21 01:41:04 saved 220/1380 field=M03/04/enemy/02/x
2026-09-21 01:41:39 saved 230/1380 field=M03/04/enemy/03/level
