                                ; Stable Dark Prison v9 bank retained for the expanded dual-engine workstream.
                                
                                    .fillvalue $00
                                    .base $8000
08000                               .include "dark_prison_famistudio_asm6.asm"
08000                           ; This file is for the FamiStudio Sound Engine and was generated by FamiStudio
08000                           ; Required flags for Dark Prison 2A03 v9:
08000                           ; FAMISTUDIO_USE_VOLUME_TRACK = 1
08000                           
08000                           music_data_dark_prison_2a03_v9:
08000 01                        	db 1
08001 13 80                     	dw @instruments
08003 60 80                     	dw @samples-4
08005                           ; 00 : Dark Prison
08005 67 80                     	dw @song0ch0
08007 A7 83                     	dw @song0ch1
08009 03 88                     	dw @song0ch2
0800B 75 8C                     	dw @song0ch3
0800D AC 92                     	dw @song0ch4
0800F 64 80 00 00               	db <(@tempo_env_1_mid), >(@tempo_env_1_mid), 0, 0
08013                           
08013                           @instruments:
08013 51 80 4D 80 5C 80 3A 80   	dw @env5,@env4,@env7,@env1 ; 00 : Lead
0801B 33 80 4D 80 60 80 3A 80   	dw @env0,@env4,@env8,@env1 ; 01 : Harmony
08023 48 80 4D 80 59 80 3A 80   	dw @env3,@env4,@env6,@env1 ; 02 : Bass
0802B 3F 80 4D 80 59 80 3A 80   	dw @env2,@env4,@env6,@env1 ; 03 : Drum
08033                           
08033                           @env0:
08033 00 CE CD CC CB 00 04      	db $00,$ce,$cd,$cc,$cb,$00,$04
0803A                           @env1:
0803A 00 C0 7F 00 02            	db $00,$c0,$7f,$00,$02
0803F                           @env2:
0803F 00 CF CC C9 C6 C3 C1 00.. 	db $00,$cf,$cc,$c9,$c6,$c3,$c1,$00,$06
08048                           @env3:
08048 00 CF 7F 00 02            	db $00,$cf,$7f,$00,$02
0804D                           @env4:
0804D C0 7F 00 01               	db $c0,$7f,$00,$01
08051                           @env5:
08051 00 CF CF CE CD CC 00 05   	db $00,$cf,$cf,$ce,$cd,$cc,$00,$05
08059                           @env6:
08059 7F 00 00                  	db $7f,$00,$00
0805C                           @env7:
0805C C2 7F 00 00               	db $c2,$7f,$00,$00
08060                           @env8:
08060 C1 7F 00 00               	db $c1,$7f,$00,$00
08064                           
08064                           @samples:
08064                           
08064                           @tempo_env_1_mid:
08064 03 05 80                  	db $03,$05,$80
08067                           
08067                           @song0ch0:
08067 E3 78 80 22 91 00 81 29.. 	db $e3, $78, $80, $22, $91, $00, $81, $29, $8f, $00, $81, $27, $91, $00, $81, $29, $8f, $00, $81, $25, $91, $00, $81, $29
0807F 8F 00 81 24 91 00 81 29.. 	db $8f, $00, $81, $24, $91, $00, $81, $29, $8f, $00, $81, $22, $91, $00, $81, $29, $91, $00, $81, $21, $8f, $00, $81, $29
08097 91 00 81 7A 12 A9 00 11.. 	db $91, $00, $81, $7a, $12, $a9, $00, $11, $91, $00, $0f, $93, $00, $0d, $a9, $00, $0f, $a9, $00, $11, $a9, $00, $0d, $a9
080AF 00 0F 93 00 7C 0A 91 00.. 	db $00, $0f, $93, $00, $7c, $0a, $91, $00, $0c, $91, $00, $81, $0d, $91, $00, $81, $0f, $8f, $00, $81, $11, $a7, $00, $81
080C7 12 85 00 81 14 85 00 81.. 	db $12, $85, $00, $81, $14, $85, $00, $81, $16, $ff, $89, $00, $83, $14, $93, $00, $81, $12, $93, $00, $81, $14, $e9, $00
080DF 81 0F F1 00 83            	db $81, $0f, $f1, $00, $83
080E4                           @song0ch0loop:
080E4 47 64 80 7D 0A FF 8F 00.. 	db $47, <(@tempo_env_1_mid), >(@tempo_env_1_mid), $7d, $0a, $ff, $8f, $00, $81, $0c, $8d, $00, $81, $0d, $cf, $00, $81, $11
080F6 BD 48 91 00 81 0F CF 00.. 	db $bd, $48, $91, $00, $81, $0f, $cf, $00, $81, $0c, $cf, $00, $81, $0d, $cf, $00, $81, $0f, $a5, $48, $a9, $00, $81, $11
0810E F9 00 81 0F 8F 00 81 0D.. 	db $f9, $00, $81, $0f, $8f, $00, $81, $0d, $8f, $00, $81, $0c, $cf, $00, $81, $08, $8d, $48, $c1, $00, $81, $0a, $ff, $a5
08126 00 81 0A A3 00 81 0C A1.. 	db $00, $81, $0a, $a3, $00, $81, $0c, $a1, $48, $83, $00, $0d, $a5, $00, $81, $0f, $a3, $00, $81, $11, $ff, $a5, $00, $81
0813E 18 A5 00 81 19 89 48 91.. 	db $18, $a5, $00, $81, $19, $89, $48, $91, $00, $7c, $16, $00, $85, $7d, $16, $8f, $00, $81, $7c, $14, $87, $00, $89, $7d
08156 14 87 00 87 7C 14 89 00.. 	db $14, $87, $00, $87, $7c, $14, $89, $00, $87, $7d, $14, $8d, $00, $83, $12, $8d, $00, $83, $14, $8b, $00, $83, $16, $8d
0816E 00 83 18 8D 00 83 16 8D.. 	db $00, $83, $18, $8d, $00, $83, $16, $8d, $00, $81, $18, $8d, $00, $83, $19, $8d, $00, $83, $7e, $1b, $8d, $00, $83, $7d
08186 1D 87 48 85 00 81 7E 1E.. 	db $1d, $87, $48, $85, $00, $81, $7e, $1e, $8d, $00, $83, $7d, $20, $8d, $00, $83, $7e, $22, $8d, $00, $83, $7d, $24, $8d
0819E 00 81 7E 25 8F 00 81 7D.. 	db $00, $81, $7e, $25, $8f, $00, $81, $7d, $27, $8d, $00, $83, $7f, $29, $ff, $a5, $00, $81, $7e, $22, $85, $48, $87, $00
081B6 81 24 8F 00 81 25 8F 00.. 	db $81, $24, $8f, $00, $81, $25, $8f, $00, $81, $27, $a3, $00, $81, $25, $8f, $00, $81, $24, $85, $00, $7f, $25, $83, $00
081CE 7E 24 00 22 8F 00 7D 1E.. 	db $7e, $24, $00, $22, $8f, $00, $7d, $1e, $ff, $9b, $48, $89, $00, $81, $20, $cf, $00, $81, $22, $cf, $00, $81, $7e, $1d
081E6 FB 00 81 7B 19 81 48 8B.. 	db $fb, $00, $81, $7b, $19, $81, $48, $8b, $00, $81, $7c, $1b, $8f, $00, $81, $7e, $1d, $fb, $00, $7b, $19, $8f, $00, $81
081FE 7C 1B 8F 00 81 7E 1D EB.. 	db $7c, $1b, $8f, $00, $81, $7e, $1d, $eb, $48, $b9, $00, $81, $7f, $1d, $8f, $00, $81, $7e, $1e, $8d, $00, $81, $20, $8f
08216 00 81 22 CF 00 81 20 8F.. 	db $00, $81, $22, $cf, $00, $81, $20, $8f, $00, $81, $20, $a3, $00, $81, $1e, $8f, $00, $81, $1e, $93, $48, $fb, $00, $81
0822E 1D A5 00 1E A5 00 81 20.. 	db $1d, $a5, $00, $1e, $a5, $00, $81, $20, $a3, $00, $81, $22, $bd, $48, $e7, $00, $81, $7f, $24, $cf, $00, $81, $7e, $22
08246 CF 00 81 1D A5 48 FF 00.. 	db $cf, $00, $81, $1d, $a5, $48, $ff, $00, $81, $1b, $cf, $00, $81, $1d, $e3, $48, $ff, $e3, $00, $d9, $48, $85, $7f, $16
0825E A3 00 97 16 87 00 89 19.. 	db $a3, $00, $97, $16, $87, $00, $89, $19, $87, $00, $87, $1d, $87, $00, $89, $1b, $a5, $00, $95, $1b, $87, $00, $89, $19
08276 87 00 89 18 87 00 87 19.. 	db $87, $00, $89, $18, $87, $00, $87, $19, $87, $00, $18, $85, $00, $16, $a1, $48, $c3, $00, $81, $18, $b9, $00, $81, $14
0828E B9 00 81 16 B9 00 81 16.. 	db $b9, $00, $81, $16, $b9, $00, $81, $16, $8f, $00, $81, $19, $8f, $00, $81, $1d, $89, $48, $85, $00, $81, $20, $b9, $00
082A6 81 1B 8F 00 18 8F 00 81.. 	db $81, $1b, $8f, $00, $18, $8f, $00, $81, $14, $8f, $00, $81, $16, $f9, $00, $83, $14, $87, $00, $0f, $85, $00, $11, $85
082BE 00 12 87 00 14 85 48 00.. 	db $00, $12, $87, $00, $14, $85, $48, $00, $16, $85, $00, $18, $87
082CB                           @song0ref614:
082CB 00 19 85 00 1B 87 00 1D.. 	db $00, $19, $85, $00, $1b, $87, $00, $1d, $85, $00, $1e, $85, $00, $20, $87, $00, $22, $cf, $00, $81, $1d, $a3, $00, $81
082E3 1E A5 00 20 A5 00 81 1E.. 	db $1e, $a5, $00, $20, $a5, $00, $81, $1e, $99, $48, $89, $00, $81, $1d, $a5, $00, $81, $1b, $a3, $00, $81, $1b, $bb, $00
082FB 81 19 8D 00 81 19 FF 83.. 	db $81, $19, $8d, $00, $81, $19, $ff, $83, $48, $a1, $00, $81, $1b, $a5, $00, $81, $1d, $a3, $00, $81, $12, $fb, $00, $14
08313 8F 00 81 16 8F 00 81 18.. 	db $8f, $00, $81, $16, $8f, $00, $81, $18, $95, $48, $b9, $00, $81, $16, $a3, $00, $81, $14, $a5, $00, $81, $16, $ff, $a9
0832B 48 A5 00 81 24 A5 00 81.. 	db $48, $a5, $00, $81, $24, $a5, $00, $81, $25, $a3, $00, $81, $27, $a5, $00, $29, $fb, $00, $81, $27, $8f, $00, $48, $81
08343 25 8D 00 81 24 CF 00 81.. 	db $25, $8d, $00, $81, $24, $cf, $00, $81, $20, $a5, $00, $81, $24, $a3, $00, $81, $22, $fb, $48, $a9, $00, $81, $19, $87
0835B 00 16 87 00 18 85 00 19.. 	db $00, $16, $87, $00, $18, $85, $00, $19, $85, $00, $1b, $87, $00, $18, $85
0836A 41 0A                     	db $41, $0a
0836C CB 82                     	dw @song0ref614
0836E 19 87 00 1B 85 00 1D 85.. 	db $19, $87, $00, $1b, $85, $00, $1d, $85, $00, $1e, $87, $00, $1d, $85, $00, $1e, $85, $00, $20, $85, $00, $22, $e3, $48
08386 95 00 81 20 8F 00 81 1E.. 	db $95, $00, $81, $20, $8f, $00, $81, $1e, $8f, $00, $81, $1d, $cf, $00, $81, $18, $cf, $00, $81, $16, $cb, $48, $d9, $00
0839E 7E 19 FF A5 00 81 42      	db $7e, $19, $ff, $a5, $00, $81, $42
083A5 E4 80                     	dw @song0ch0loop
083A7                           @song0ch1:
083A7 E3 78 82 16 D5 00 81 19.. 	db $e3, $78, $82, $16, $d5, $00, $81, $19, $9b, $00, $8d, $18, $9b, $00, $8d, $16, $9b, $00, $8f, $15, $99, $00, $8f, $77
083BF 22 8F 00 81 29 91 00 81.. 	db $22, $8f, $00, $81, $29, $91, $00, $81, $24, $8f, $00, $81, $29, $91, $00, $81, $25, $8f, $00, $81, $20, $91, $00, $81
083D7 27 91 00 81 20 8F 00 81.. 	db $27, $91, $00, $81, $20, $8f, $00, $81, $29, $91, $00, $81, $20, $8f, $00, $81, $25, $91, $00, $81, $20, $8f, $00, $81
083EF 27 91 00 81 1F 91 00 25.. 	db $27, $91, $00, $81, $1f, $91, $00, $25, $91, $00, $81, $1f, $91, $00, $81, $24, $8f, $00, $81, $1f, $91, $00, $81, $25
08407 8F 00 81 1F 91 00 81 22.. 	db $8f, $00, $81, $1f, $91, $00, $81, $22, $8f, $00, $81, $29, $91, $00, $81, $27, $91, $00, $29, $91, $00, $81, $25, $93
0841F 00 81 29 93 00 83 27 93.. 	db $00, $81, $29, $93, $00, $83, $27, $93, $00, $81, $29, $93, $00, $81, $24, $95, $00, $81, $29, $95, $00, $81, $27, $95
08437 00 81 29 95 00 81 24 97.. 	db $00, $81, $29, $95, $00, $81, $24, $97, $00, $81, $29, $97, $00, $81, $27, $97, $00, $81, $29, $97, $00, $83
0844D                           @song0ch1loop:
0844D 7B 16 87 00 87 7A 16 89.. 	db $7b, $16, $87, $00, $87, $7a, $16, $89, $00, $87, $7b, $16, $87, $00, $89, $7a, $16, $87, $00, $87, $7b, $16
08463                           @song0ref1022:
08463 89 00 87 7A 19 87 00 89.. 	db $89, $00, $87, $7a, $19, $87, $00, $89, $7b, $19, $87, $00
0846F                           @song0ref1034:
0846F 89 7A 19 87 00 87 7B 19.. 	db $89, $7a, $19, $87, $00, $87, $7b, $19, $8f, $00, $81, $7a, $18, $87, $00, $89, $7b, $18, $87, $00, $89, $7a, $18, $87
08487 00 87 7B 18 89 00 87 7A.. 	db $00, $87, $7b, $18, $89, $00, $87, $7a, $1b, $87, $00, $89, $7b, $1b, $87, $00, $87, $81
08499                           @song0ref1076:
08499 7A 1B 87 00 87 7B 1B 8F.. 	db $7a, $1b, $87, $00, $87, $7b, $1b, $8f, $00, $81, $7a, $19, $87, $00, $89, $7b, $19, $87, $00, $87, $7a, $19, $89, $00
084B1 87 7B 19 87 00 89 7A 1D.. 	db $87, $7b, $19, $87, $00, $89, $7a, $1d, $87, $00, $89, $7b, $1d, $87, $00, $87, $7a, $1d, $89, $00, $87
084C6                           @song0ref1121:
084C6 7B 1D 8F 00 81 7A 1B 87.. 	db $7b, $1d, $8f, $00, $81, $7a, $1b, $87, $00, $89, $7b, $1b, $87, $00, $87, $7a, $1b, $89, $00, $87, $7b, $1b, $8f, $00
084DE 81 7A 19 87 00 85 81 7B.. 	db $81, $7a, $19, $87, $00, $85, $81, $7b, $19, $89, $00, $87, $7a, $19, $87, $00, $89, $7b, $19, $8f, $00, $81, $7a, $18
084F6 87 00 87 7B 18 89 00 87.. 	db $87, $00, $87, $7b, $18, $89, $00, $87, $7a, $18, $87, $00, $89, $7b, $18, $87, $00, $89, $7a, $1b, $87, $00, $87, $7b
0850E 1B 89 00 87 7A 1B 87 00.. 	db $1b, $89, $00, $87, $7a, $1b, $87, $00, $89, $7b, $1b, $8f, $00, $81, $7a, $19, $87, $00, $87, $7b, $19
08523 41 0A                     	db $41, $0a
08525 63 84                     	dw @song0ref1022
08527 83 83                     	db $83, $83
08529                           @song0ref1219:
08529 7A 1D 89 00 87 7B 1D 87.. 	db $7a, $1d, $89, $00, $87, $7b, $1d, $87, $00, $89, $7a, $1d, $87, $00, $89, $7b, $1d, $8d, $00, $81, $7a, $1b, $89, $00
08541 87 7B 1B 87 00 89 7A 1B.. 	db $87, $7b, $1b, $87, $00, $89, $7a, $1b, $87, $00, $89, $7b, $1b, $87, $00, $87, $7a, $1e, $89, $00, $87, $7b, $1e, $87
08559 00 89 7A 1E 87 00 89 7B.. 	db $00, $89, $7a, $1e, $87, $00, $89, $7b, $1e, $8d, $00, $81
08565 41 0B                     	db $41, $0b
08567 29 85                     	dw @song0ref1219
08569 81 85                     	db $81, $85
0856B 41 0B                     	db $41, $0b
0856D C6 84                     	dw @song0ref1121
0856F 89                        	db $89
08570 41 0F                     	db $41, $0f
08572 99 84                     	dw @song0ref1076
08574 41 10                     	db $41, $10
08576 6F 84                     	dw @song0ref1034
08578 87 7A 18 89 00 87 78 14.. 	db $87, $7a, $18, $89, $00, $87, $78, $14, $8f, $00, $81, $7a, $16, $87, $00, $89, $7b, $16, $87, $00, $87, $7a, $16, $87
08590 00 77 12 00 85 78 12 8F.. 	db $00, $77, $12, $00, $85, $78, $12, $8f, $00, $81, $77, $11, $87, $00, $89, $78, $11, $87, $00, $87, $77, $11, $89, $00
085A8 87 78 11 8D 00 83 0F 8D.. 	db $87, $78, $11, $8d, $00, $83, $0f, $8d, $00, $83, $11, $8b, $00, $83, $12, $8d, $00, $83, $14, $8d, $00, $83, $12, $8d
085C0 00 81 14 8D 00 83 16 8D.. 	db $00, $81, $14, $8d, $00, $83, $16, $8d, $00, $83, $79, $18, $8d, $00, $83, $78, $19, $87, $85, $00, $81, $79, $1b, $8d
085D8 00 83 78 1D 8D 00 83 79.. 	db $00, $83, $78, $1d, $8d, $00, $83, $79, $1e, $8d, $00, $83, $78, $20, $8d, $00, $81, $22, $8d, $00, $99, $7a, $1d, $ff
085F0 A5 00 81 7B 16 85 87 00.. 	db $a5, $00, $81, $7b, $16, $85, $87, $00, $81, $18, $8f, $00, $81, $19, $8f, $00, $81, $1b, $a3, $00, $81, $19, $8f, $00
08608 81 18 81 00 81 19 00 81.. 	db $81, $18, $81, $00, $81, $19, $00, $81, $18, $81, $00, $81, $16, $8f, $00, $7a, $12, $ff, $9b, $89, $00, $81, $14, $cf
08620 00 81 16 CF 00 81 7B 11.. 	db $00, $81, $16, $cf, $00, $81, $7b, $11, $fb, $00, $81, $0d, $81, $8b, $00, $81, $0f, $8f, $00, $81, $11, $fb, $00, $0d
08638 8F 00 81 0F 8F 00 81 11.. 	db $8f, $00, $81, $0f, $8f, $00, $81, $11, $eb, $b9, $00, $81, $7a, $11, $8f, $00, $81, $1b, $8d, $00, $81, $79, $1a, $8f
08650 00 81 16 CF 00 81 7B 14.. 	db $00, $81, $16, $cf, $00, $81, $7b, $14, $8f, $00, $81, $14, $a3, $00, $81, $12, $8f, $00, $81, $12, $93, $fb, $00, $81
08668 11 A5 00 12 A5 00 81 14.. 	db $11, $a5, $00, $12, $a5, $00, $81, $14, $a3, $00, $81, $16, $bd, $e7, $00, $81, $18, $cf, $00, $81, $16, $cf, $00, $81
08680 11 A5 FF 00 81 0F CF 00.. 	db $11, $a5, $ff, $00, $81, $0f, $cf, $00, $81, $11, $e3, $ff, $e3, $00, $7c, $1d, $cf, $00, $81, $79, $1f, $81, $83, $00
08698 7D 0A A5 00 77 22 93 00.. 	db $7d, $0a, $a5, $00, $77, $22, $93, $00, $7d, $0a, $87, $00, $77, $22, $83, $00, $7d, $0d, $89, $00, $77, $22, $83, $00
086B0 7D 11 87 00 77 22 83 00.. 	db $7d, $11, $87, $00, $77, $22, $83, $00, $81, $7d, $0f, $a3, $00, $77, $20, $93, $00, $7d, $0f, $87, $00, $77, $20, $85
086C8 00 7D 0D 87 00 77 20 85.. 	db $00, $7d, $0d, $87, $00, $77, $20, $85, $00, $7d, $0c, $87, $00, $77, $20, $81, $00, $81, $7d, $0d, $87, $00, $0c, $85
086E0 00 0A 9F C5 00 81 0C B9.. 	db $00, $0a, $9f, $c5, $00, $81, $0c, $b9, $00, $77, $24, $7d, $08, $b9, $00, $81, $0a, $b9, $00, $77, $22, $7d, $0a, $8f
086F8 00 77 22 7D 0D 8F 00 77.. 	db $00, $77, $22, $7d, $0d, $8f, $00, $77, $22, $7d, $11, $87, $87, $00, $14, $bb, $00, $81, $0f, $8d, $00, $77, $24, $7d
08710 0C 8F 00 77 24 7D 08 8F.. 	db $0c, $8f, $00, $77, $24, $7d, $08, $8f, $00, $81, $0a, $f9, $00, $8d, $7a, $14, $83, $00, $8b, $7c, $18, $85, $00, $81
08728 18 83 00 A1 18 81 00 8F.. 	db $18, $83, $00, $a1, $18, $81, $00, $8f, $18, $81, $00, $8f, $77, $16, $d1, $00, $14, $a3, $00, $16, $16, $a5, $00, $18
08740 A5 00 18 16 99 89 00 18.. 	db $a5, $00, $18, $16, $99, $89, $00, $18, $14, $a5, $00, $18, $12, $a3, $00, $18, $16, $ff, $a5, $00, $81, $14, $ad, $f7
08758 00 81 7A 1E FB 00 20 8F.. 	db $00, $81, $7a, $1e, $fb, $00, $20, $8f, $00, $81, $22, $8f, $00, $81, $24, $95, $b9, $00, $81, $22, $a3, $00, $81, $20
08770 A5 00 81 22 FF A5 00 77.. 	db $a5, $00, $81, $22, $ff, $a5, $00, $77, $19, $00, $c7, $7a, $18, $85, $00, $81, $19, $a3, $00, $81, $7b, $1b, $a5, $00
08788 7A 1D FB 00 81 77 33 8F.. 	db $7a, $1d, $fb, $00, $81, $77, $33, $8f, $00, $19, $31, $8d, $00, $81, $30, $cf, $00, $81, $2c, $a5, $00, $81, $30, $a3
087A0 00 81 2E FB A9 00 81 79.. 	db $00, $81, $2e, $fb, $a9, $00, $81, $79, $11, $87, $00, $77, $0d, $87, $00, $0f, $85, $00, $11, $83, $00, $79, $12, $89
087B8 00 77 0F 85 00 11 85 00.. 	db $00, $77, $0f, $85, $00, $11, $85, $00, $12, $83, $00, $81, $7a, $14, $87, $00, $77, $11, $87, $00, $12, $85, $00, $14
087D0 83 00 7A 16 89 00 78 14.. 	db $83, $00, $7a, $16, $89, $00, $78, $14, $85, $00, $16, $85, $00, $18, $83, $00, $81, $77, $16, $e3, $95, $00, $81, $14
087E8 8F 00 19 12 8F 00 18 11.. 	db $8f, $00, $19, $12, $8f, $00, $18, $11, $cf, $00, $16, $0c, $cf, $00, $12, $19, $cb, $d9, $00, $16, $ff, $a5, $00, $81
08800 42                        	db $42
08801 4D 84                     	dw @song0ch1loop
08803                           @song0ch2:
08803 87 84                     	db $87, $84
08805                           @song0ref1947:
08805 05 00 85 06 05 00 83 06.. 	db $05, $00, $85, $06, $05, $00, $83, $06, $05, $00, $85, $06, $05, $00, $85, $06
08815 41 10                     	db $41, $10
08817 05 88                     	dw @song0ref1947
08819 0A 00 FF AB 0A 00 83 09.. 	db $0a, $00, $ff, $ab, $0a, $00, $83, $09, $00, $ff, $ab, $09, $00, $85, $08, $00, $ff, $b3, $07, $00, $ff, $b5, $06, $00
08831 FF C1 08 00 FF D7 05 00.. 	db $ff, $c1, $08, $00, $ff, $d7, $05, $00, $81, $05, $00, $83
0883D                           @song0ch2loop:
0883D                           @song0ref2003:
0883D 0A 00 87                  	db $0a, $00, $87
08840                           @song0ref2006:
08840 0A 00 83 0A 00 89 0A 00.. 	db $0a, $00, $83, $0a, $00, $89, $0a, $00, $83
08849                           @song0ref2015:
08849 0A                        	db $0a
0884A                           @song0ref2016:
0884A 00 91 0A 00 8F 0A 00 91.. 	db $00, $91, $0a, $00, $8f, $0a, $00, $91, $0a, $00, $91
08855 41 0C                     	db $41, $0c
08857 49 88                     	dw @song0ref2015
08859 41 0C                     	db $41, $0c
0885B 49 88                     	dw @song0ref2015
0885D 0A 00 8F 81 0A 00 8F 0A.. 	db $0a, $00, $8f, $81, $0a, $00, $8f, $0a, $00, $91
08867 41 0C                     	db $41, $0c
08869 49 88                     	dw @song0ref2015
0886B 41 0C                     	db $41, $0c
0886D 49 88                     	dw @song0ref2015
0886F 41 0C                     	db $41, $0c
08871 49 88                     	dw @song0ref2015
08873 0A 00 8D 81 0A 00 91 0A.. 	db $0a, $00, $8d, $81, $0a, $00, $91, $0a, $00, $87, $0a
0887E                           @song0ref2063:
0887E 00 85                     	db $00, $85
08880                           @song0ref2065:
08880 11 00                     	db $11, $00
08882                           @song0ref2067:
08882 87 11                     	db $87, $11
08884                           @song0ref2069:
08884 00 85 11 00 87 11 00      	db $00, $85, $11, $00, $87, $11, $00
0888B                           @song0ref2076:
0888B 83                        	db $83
0888C                           @song0ref2077:
0888C 11 00 91 11 00 91 11 00.. 	db $11, $00, $91, $11, $00, $91, $11, $00, $91, $11, $00, $8f
08898 41 0C                     	db $41, $0c
0889A 8C 88                     	dw @song0ref2077
0889C 11 00 91 11 00 91 11 00.. 	db $11, $00, $91, $11, $00, $91, $11, $00, $8b
088A5 41 0D                     	db $41, $0d
088A7 8B 88                     	dw @song0ref2076
088A9 41 0C                     	db $41, $0c
088AB 8C 88                     	dw @song0ref2077
088AD 41 0C                     	db $41, $0c
088AF 8C 88                     	dw @song0ref2077
088B1 11 00 91 11 00 91 11 00.. 	db $11, $00, $91, $11, $00, $91, $11, $00, $89, $85
088BB 41 0B                     	db $41, $0b
088BD 8C 88                     	dw @song0ref2077
088BF 87 05 00 83 14 00 89 08.. 	db $87, $05, $00, $83, $14, $00, $89, $08, $00, $83, $14, $00, $87, $08, $00, $85, $14, $00, $91, $14, $00
088D4                           @song0ref2144:
088D4 8F 14 00 91 14 00 91 14.. 	db $8f, $14, $00, $91, $14, $00, $91, $14, $00
088DD                           @song0ref2153:
088DD 8F                        	db $8f
088DE                           @song0ref2154:
088DE 14 00 91 14 00 91 14 00.. 	db $14, $00, $91, $14, $00, $91, $14, $00, $91, $14, $00, $87, $87
088EB 41 0B                     	db $41, $0b
088ED DE 88                     	dw @song0ref2154
088EF 41 0C                     	db $41, $0c
088F1 DD 88                     	dw @song0ref2153
088F3 41 15                     	db $41, $15
088F5 D4 88                     	dw @song0ref2144
088F7 85 89                     	db $85, $89
088F9 41 0B                     	db $41, $0b
088FB DE 88                     	dw @song0ref2154
088FD 8F 14 00 91 14 00 87 08.. 	db $8f, $14, $00, $91, $14, $00, $87, $08, $00, $85, $0a, $00, $87, $0a, $00, $85
0890D 41 0E                     	db $41, $0e
0890F 3D 88                     	dw @song0ref2003
08911                           @song0ref2200:
08911 87 0A 00 85 0A 00 8F 0A.. 	db $87, $0a, $00, $85, $0a, $00, $8f, $0a, $00, $91, $0a, $00, $89, $05, $00, $83, $0a, $00, $87, $05, $00, $85, $0a, $00
08929 83 83                     	db $83, $83
0892B 41 0B                     	db $41, $0b
0892D 40 88                     	dw @song0ref2006
0892F 87 0A 00 85 0A 00         	db $87, $0a, $00, $85, $0a, $00
08935 41 0C                     	db $41, $0c
08937 11 89                     	dw @song0ref2200
08939 91 0A 00 87 05            	db $91, $0a, $00, $87, $05
0893E                           @song0ref2243:
0893E 00 83 0C 00 89 0C 00 83.. 	db $00, $83, $0c, $00, $89, $0c, $00, $83, $0c, $00, $87, $0c, $00, $85, $0c, $00, $87, $0c, $00, $85, $0c, $00, $87, $0c
08956 00 83 0C 00 91 0C 00 91.. 	db $00, $83, $0c, $00, $91, $0c, $00, $91, $0c, $00, $89, $06, $00, $83, $0c, $00, $81, $85, $06
08969 41 22                     	db $41, $22
0896B 3E 89                     	dw @song0ref2243
0896D 8F 0C 00 89 0C            	db $8f, $0c, $00, $89, $0c
08972                           @song0ref2294:
08972 00 83 0D 00 87 0D 00 85.. 	db $00, $83, $0d, $00, $87, $0d, $00, $85, $0d, $00, $87, $0d, $00, $85, $0d, $00, $87, $0d, $00, $83, $0d, $00, $89, $0d
0898A 00 83 0D 00 91 0D 00 91.. 	db $00, $83, $0d, $00, $91, $0d, $00, $91, $0d, $00, $89, $08, $00, $81, $0d, $00, $89, $08
0899C 41 1F                     	db $41, $1f
0899E 72 89                     	dw @song0ref2294
089A0 8F 0D 00 91 0D            	db $8f, $0d, $00, $91, $0d
089A5                           @song0ref2344:
089A5 00 87 08                  	db $00, $87, $08
089A8                           @song0ref2347:
089A8 00 85 0E 00 87 0E 00 85.. 	db $00, $85, $0e, $00, $87, $0e, $00, $85, $0e, $00, $87, $0e, $00, $83, $0e, $00, $89, $0e, $00, $83, $0e, $00, $87, $0e
089C0 00 85 0E 00 91 0E 00 8F.. 	db $00, $85, $0e, $00, $91, $0e, $00, $8f, $0e, $00, $89, $08, $00, $83, $0e
089CF 41 13                     	db $41, $13
089D1 A5 89                     	dw @song0ref2344
089D3 87 0E                     	db $87, $0e
089D5 41 0A                     	db $41, $0a
089D7 A8 89                     	dw @song0ref2347
089D9 8F 0E 00 91 0E 00 89 08.. 	db $8f, $0e, $00, $91, $0e, $00, $89, $08, $00, $83, $0e, $00, $87, $08, $00, $85, $0f, $00, $87, $0f
089ED                           @song0ref2414:
089ED 00 83 0F 00 89 0F 00 83.. 	db $00, $83, $0f, $00, $89, $0f, $00, $83, $0f, $00, $87, $0f, $00, $85, $0f, $00, $87, $0f, $00, $85, $0f, $00, $8f, $0f
08A05 00 91 0F 00 89 0A 00 83.. 	db $00, $91, $0f, $00, $89, $0a, $00, $83, $0f, $00, $87, $0a
08A11 41 16                     	db $41, $16
08A13 ED 89                     	dw @song0ref2414
08A15 87 0F 00 83 0F 00 91 0F.. 	db $87, $0f, $00, $83, $0f, $00, $91, $0f, $00, $91, $0f, $00, $91, $0f, $00, $87, $0a
08A26                           @song0ref2470:
08A26 00 83 10 00 89 10         	db $00, $83, $10, $00, $89, $10
08A2C                           @song0ref2476:
08A2C 00 83 10 00 87 10 00 85.. 	db $00, $83, $10, $00, $87, $10, $00, $85, $10, $00, $87, $10, $00, $83, $81, $10, $00, $87, $10, $00, $83, $10, $00, $91
08A44 10 00 91 10 00 89 0A 00.. 	db $10, $00, $91, $10, $00, $89, $0a, $00, $81, $10, $00, $89, $0a
08A51 41 0D                     	db $41, $0d
08A53 2C 8A                     	dw @song0ref2476
08A55 85 10 00 87 10            	db $85, $10, $00, $87, $10
08A5A 41 0A                     	db $41, $0a
08A5C 26 8A                     	dw @song0ref2470
08A5E 91 10 00 91 10 00 8F 10.. 	db $91, $10, $00, $91, $10, $00, $8f, $10, $00, $89, $10, $00, $83
08A6B 41 0B                     	db $41, $0b
08A6D 80 88                     	dw @song0ref2065
08A6F 81 83 11 00 87 11 00 83.. 	db $81, $83, $11, $00, $87, $11, $00, $83, $11, $00, $89, $11, $00, $83, $11, $00, $91, $11, $00, $8f, $11, $00, $8b, $0c
08A87 00 81 11 00 87 0C         	db $00, $81, $11, $00, $87, $0c
08A8D 41 10                     	db $41, $10
08A8F 7E 88                     	dw @song0ref2063
08A91                           @song0ref2573:
08A91 89 11                     	db $89, $11
08A93                           @song0ref2575:
08A93 00 83 11 00 87 11 00 85.. 	db $00, $83, $11, $00, $87, $11, $00, $85, $11, $00, $91, $11, $00, $8f, $11, $00, $91
08AA4 41 0E                     	db $41, $0e
08AA6 80 88                     	dw @song0ref2065
08AA8 41 0C                     	db $41, $0c
08AAA 91 8A                     	dw @song0ref2573
08AAC 41 0C                     	db $41, $0c
08AAE 82 88                     	dw @song0ref2067
08AB0 41 0C                     	db $41, $0c
08AB2 91 8A                     	dw @song0ref2573
08AB4 41 0C                     	db $41, $0c
08AB6 82 88                     	dw @song0ref2067
08AB8 89 05                     	db $89, $05
08ABA 41 0A                     	db $41, $0a
08ABC 93 8A                     	dw @song0ref2575
08ABE 87 05                     	db $87, $05
08AC0 41 0A                     	db $41, $0a
08AC2 84 88                     	dw @song0ref2069
08AC4 89 05                     	db $89, $05
08AC6 41 0A                     	db $41, $0a
08AC8 93 8A                     	dw @song0ref2575
08ACA 87 11 00 83 0A 00 91      	db $87, $11, $00, $83, $0a, $00, $91
08AD1                           @song0ref2629:
08AD1 0A 00 87 0A 00 85 0A 00.. 	db $0a, $00, $87, $0a, $00, $85, $0a, $00, $87, $0a, $00, $85
08ADD 41 0E                     	db $41, $0e
08ADF 3D 88                     	dw @song0ref2003
08AE1 87 0A 00 85 08 00 91 08.. 	db $87, $0a, $00, $85, $08, $00, $91, $08, $00, $85, $08, $00, $85
08AEE                           @song0ref2657:
08AEE 08 00 89 08 00 83         	db $08, $00, $89, $08, $00, $83
08AF4                           @song0ref2663:
08AF4 08 00 87 08 00 85 08 00.. 	db $08, $00, $87, $08, $00, $85, $08, $00, $87, $08, $00, $85, $08, $00, $87, $08, $00, $83, $06, $00, $91, $06, $00, $85
08B0C 06 00 87                  	db $06, $00, $87
08B0F                           @song0ref2690:
08B0F 06 00 87 06 00 83         	db $06, $00, $87, $06, $00, $83
08B15                           @song0ref2696:
08B15 06 00 89 06 00 83 06 00.. 	db $06, $00, $89, $06, $00, $83, $06, $00, $87, $06, $00, $85, $06, $00, $87, $06, $00, $85, $08, $00, $8f
08B2A 41 11                     	db $41, $11
08B2C F4 8A                     	dw @song0ref2663
08B2E 85 08 00 87 08 00 83 08.. 	db $85, $08, $00, $87, $08, $00, $83, $08, $00, $89, $08, $00, $83, $0a, $00, $91, $0a, $00, $85, $0a, $00, $85, $0a, $00
08B46 89 0A 00 83               	db $89, $0a, $00, $83
08B4A 41 0C                     	db $41, $0c
08B4C D1 8A                     	dw @song0ref2629
08B4E 0A 00 85 81 0A 00 83 08.. 	db $0a, $00, $85, $81, $0a, $00, $83, $08, $00, $91
08B58 41 12                     	db $41, $12
08B5A F4 8A                     	dw @song0ref2663
08B5C 41 0C                     	db $41, $0c
08B5E EE 8A                     	dw @song0ref2657
08B60 06 00 91 06 00 85 06 00.. 	db $06, $00, $91, $06, $00, $85, $06, $00, $85
08B69 41 11                     	db $41, $11
08B6B 15 8B                     	dw @song0ref2696
08B6D 83 06 00 89 06 00 83 08.. 	db $83, $06, $00, $89, $06, $00, $83, $08, $00, $91, $08, $00, $85, $08, $00, $87, $08, $00, $83, $83, $08, $00, $83
08B84 41 12                     	db $41, $12
08B86 EE 8A                     	dw @song0ref2657
08B88 41 18                     	db $41, $18
08B8A 0F 8B                     	dw @song0ref2690
08B8C                           @song0ref2808:
08B8C 06                        	db $06
08B8D                           @song0ref2809:
08B8D 00 8F 06 00 91 06 00 91   	db $00, $8f, $06, $00, $91, $06, $00, $91
08B95                           @song0ref2817:
08B95 06                        	db $06
08B96                           @song0ref2818:
08B96 00                        	db $00
08B97                           @song0ref2819:
08B97 8F                        	db $8f
08B98                           @song0ref2820:
08B98 08                        	db $08
08B99                           @song0ref2821:
08B99 00 91 08 00 91 08 00 91.. 	db $00, $91, $08, $00, $91, $08, $00, $91, $08, $00, $81, $8d
08BA5 41 0B                     	db $41, $0b
08BA7 98 8B                     	dw @song0ref2820
08BA9 8F 0A 00 91 0A 00 91      	db $8f, $0a, $00, $91, $0a, $00, $91
08BB0 41 0C                     	db $41, $0c
08BB2 49 88                     	dw @song0ref2015
08BB4 0A 00 8F 0A               	db $0a, $00, $8f, $0a
08BB8 41 0A                     	db $41, $0a
08BBA 99 8B                     	dw @song0ref2821
08BBC 41 0C                     	db $41, $0c
08BBE 97 8B                     	dw @song0ref2819
08BC0 8F 08 00 91 06 00 91      	db $8f, $08, $00, $91, $06, $00, $91
08BC7 41 0B                     	db $41, $0b
08BC9 8C 8B                     	dw @song0ref2808
08BCB                           @song0ref2866:
08BCB 91                        	db $91
08BCC                           @song0ref2867:
08BCC 06 00 8F 06 00 91 06 00.. 	db $06, $00, $8f, $06, $00, $91, $06, $00, $91, $08, $00, $91, $08
08BD9 41 0D                     	db $41, $0d
08BDB 96 8B                     	dw @song0ref2818
08BDD 8F 08 00 91 08            	db $8f, $08, $00, $91, $08
08BE2 41 0B                     	db $41, $0b
08BE4 4A 88                     	dw @song0ref2016
08BE6 41 0C                     	db $41, $0c
08BE8 49 88                     	dw @song0ref2015
08BEA 0A 00 91 08               	db $0a, $00, $91, $08
08BEE 41 0D                     	db $41, $0d
08BF0 96 8B                     	dw @song0ref2818
08BF2 8F 08 00 91 08 00 91 08   	db $8f, $08, $00, $91, $08, $00, $91, $08
08BFA 41 0A                     	db $41, $0a
08BFC 8D 8B                     	dw @song0ref2809
08BFE 41 0A                     	db $41, $0a
08C00 CB 8B                     	dw @song0ref2866
08C02 06 00 8F 81               	db $06, $00, $8f, $81
08C06 41 0B                     	db $41, $0b
08C08 95 8B                     	dw @song0ref2817
08C0A 41 0C                     	db $41, $0c
08C0C 97 8B                     	dw @song0ref2819
08C0E 8F 08 00 91 0A 00 91      	db $8f, $08, $00, $91, $0a, $00, $91
08C15 41 0C                     	db $41, $0c
08C17 49 88                     	dw @song0ref2015
08C19 0A 00 8D 83 0A 00 8F 0A.. 	db $0a, $00, $8d, $83, $0a, $00, $8f, $0a, $00, $91, $08, $00, $91, $08
08C27 41 0D                     	db $41, $0d
08C29 96 8B                     	dw @song0ref2818
08C2B 8F 08 00 91 08 00 91 06.. 	db $8f, $08, $00, $91, $08, $00, $91, $06, $00
08C34 41 0A                     	db $41, $0a
08C36 CB 8B                     	dw @song0ref2866
08C38 06 00 8B 85               	db $06, $00, $8b, $85
08C3C 41 0B                     	db $41, $0b
08C3E CC 8B                     	dw @song0ref2867
08C40 41 0C                     	db $41, $0c
08C42 97 8B                     	dw @song0ref2819
08C44 8F 08 00 91               	db $8f, $08, $00, $91
08C48 41 0C                     	db $41, $0c
08C4A EE 8A                     	dw @song0ref2657
08C4C 41 11                     	db $41, $11
08C4E 3D 88                     	dw @song0ref2003
08C50 89 87 0A 00 8F 0A 00 91   	db $89, $87, $0a, $00, $8f, $0a, $00, $91
08C58 41 0C                     	db $41, $0c
08C5A 49 88                     	dw @song0ref2015
08C5C 0A 00 91 0A 00 8F 0A 00.. 	db $0a, $00, $91, $0a, $00, $8f, $0a, $00, $89, $0a, $00, $83
08C68 41 0C                     	db $41, $0c
08C6A D1 8A                     	dw @song0ref2629
08C6C 0A 00 87 0A 00 83 42      	db $0a, $00, $87, $0a, $00, $83, $42
08C73 3D 88                     	dw @song0ch2loop
08C75                           @song0ch3:
08C75 87 73 86 1E 00 81 1D 00.. 	db $87, $73, $86, $1e, $00, $81, $1d, $00, $81, $1d, $00, $1c, $00, $81, $74, $1d, $00, $81, $1e, $00, $81, $75, $1d, $00
08C8D 81 76 1E 00 81 1E 00 81.. 	db $81, $76, $1e, $00, $81, $1e, $00, $81, $78, $1f, $00, $81, $1e, $00, $81, $1f, $00, $1f, $00, $81, $20, $00, $81, $1f
08CA5 00 81 20 00 81 1C 00 FF.. 	db $00, $81, $20, $00, $81, $1c, $00, $ff, $ff, $bf, $19, $00, $87, $76, $19, $00, $85, $78, $19, $00, $87, $19, $00, $87
08CBD 19 00 87 76 19 00 85 19.. 	db $19, $00, $87, $76, $19, $00, $85, $19, $00, $ff, $ff, $a9, $78, $1c, $00, $85, $1c, $00, $87, $1c, $00, $87, $1c, $00
08CD5 87 1C 00 FF FF FF 81 1C.. 	db $87, $1c, $00, $ff, $ff, $ff, $81, $1c, $00, $85, $1c, $00, $87, $1c, $00, $85, $1c, $00, $85
08CE8                           @song0ch3loop:
08CE8                           @song0ref3135:
08CE8 7E                        	db $7e
08CE9                           @song0ref3136:
08CE9 1C 87 00 87               	db $1c, $87, $00, $87
08CED                           @song0ref3140:
08CED 78 19 00 87 19 00 85      	db $78, $19, $00, $87, $19, $00, $85
08CF4                           @song0ref3147:
08CF4 7E 19 81 00 77 22 00      	db $7e, $19, $81, $00, $77, $22, $00
08CFB                           @song0ref3154:
08CFB 75 22 00 81 74 22 00      	db $75, $22, $00, $81, $74, $22, $00
08D02                           @song0ref3161:
08D02 81 78 19 00 85 19 00 85.. 	db $81, $78, $19, $00, $85, $19, $00, $85, $7a, $19, $81, $00
08D0E                           @song0ref3173:
08D0E 8F                        	db $8f
08D0F                           @song0ref3174:
08D0F 78 19 00 87               	db $78, $19, $00, $87
08D13                           @song0ref3178:
08D13 19 00 85                  	db $19, $00, $85
08D16                           @song0ref3181:
08D16 7E 19 83 00 8D 78 19 00.. 	db $7e, $19, $83, $00, $8d, $78, $19, $00, $85, $19, $00, $85, $7a
08D23                           @song0ref3194:
08D23 19 81 00                  	db $19, $81, $00
08D26                           @song0ref3197:
08D26 77 22 00 81 75 22 00 74.. 	db $77, $22, $00, $81, $75, $22, $00, $74, $22, $00, $81, $78, $19, $00, $85, $19, $00, $87
08D38 41 17                     	db $41, $17
08D3A F4 8C                     	dw @song0ref3147
08D3C 85 19 00 87 7E 19 83 00.. 	db $85, $19, $00, $87, $7e, $19, $83, $00, $8b
08D45 41 0D                     	db $41, $0d
08D47 02 8D                     	dw @song0ref3161
08D49                           @song0ref3230:
08D49 85 19 00 87 7E 19 83      	db $85, $19, $00, $87, $7e, $19, $83
08D50                           @song0ref3237:
08D50 00 8B                     	db $00, $8b
08D52                           @song0ref3239:
08D52 78 19 00                  	db $78, $19, $00
08D55                           @song0ref3242:
08D55 87 19 00 85 7A 19 81 00.. 	db $87, $19, $00, $85, $7a, $19, $81, $00, $8f, $78, $19, $00
08D61 41 14                     	db $41, $14
08D63 49 8D                     	dw @song0ref3230
08D65 41 14                     	db $41, $14
08D67 49 8D                     	dw @song0ref3230
08D69 85 19 00 83 81            	db $85, $19, $00, $83, $81
08D6E                           @song0ref3265:
08D6E 7E 19 83                  	db $7e, $19, $83
08D71                           @song0ref3268:
08D71 00 8D                     	db $00, $8d
08D73                           @song0ref3270:
08D73 78 19 00 87 19 00 85      	db $78, $19, $00, $87, $19, $00, $85
08D7A                           @song0ref3277:
08D7A 7E                        	db $7e
08D7B                           @song0ref3278:
08D7B 1C 87 00 89 78 19 00 85.. 	db $1c, $87, $00, $89, $78, $19, $00, $85, $19, $00, $85, $7e
08D87 41 0D                     	db $41, $0d
08D89 23 8D                     	dw @song0ref3194
08D8B 41 0A                     	db $41, $0a
08D8D 55 8D                     	dw @song0ref3242
08D8F 85                        	db $85
08D90 41 0C                     	db $41, $0c
08D92 13 8D                     	dw @song0ref3178
08D94 87 7A 19 00 77 22 00 81   	db $87, $7a, $19, $00, $77, $22, $00, $81
08D9C 41 0C                     	db $41, $0c
08D9E FB 8C                     	dw @song0ref3154
08DA0 7E                        	db $7e
08DA1 41 11                     	db $41, $11
08DA3 23 8D                     	dw @song0ref3194
08DA5 7A 19 81 00 89 83         	db $7a, $19, $81, $00, $89, $83
08DAB 41 0F                     	db $41, $0f
08DAD 0F 8D                     	dw @song0ref3174
08DAF 87 7A 19 81 00 8D         	db $87, $7a, $19, $81, $00, $8d
08DB5 41 0F                     	db $41, $0f
08DB7 0F 8D                     	dw @song0ref3174
08DB9 87 7A 19 81 00 8D         	db $87, $7a, $19, $81, $00, $8d
08DBF 41 0F                     	db $41, $0f
08DC1 0F 8D                     	dw @song0ref3174
08DC3 87 7A 19 81 00 8D         	db $87, $7a, $19, $81, $00, $8d
08DC9 41 13                     	db $41, $13
08DCB 0F 8D                     	dw @song0ref3174
08DCD 41 11                     	db $41, $11
08DCF 0E 8D                     	dw @song0ref3173
08DD1                           @song0ref3354:
08DD1 7E                        	db $7e
08DD2                           @song0ref3355:
08DD2 1C 87 00 89 78 19 00 85.. 	db $1c, $87, $00, $89, $78, $19, $00, $85, $19, $00, $87
08DDD 41 17                     	db $41, $17
08DDF F4 8C                     	dw @song0ref3147
08DE1 41 11                     	db $41, $11
08DE3 49 8D                     	dw @song0ref3230
08DE5 41 0E                     	db $41, $0e
08DE7 26 8D                     	dw @song0ref3197
08DE9                           @song0ref3375:
08DE9 7E 19 00 77 22 00 81 75.. 	db $7e, $19, $00, $77, $22, $00, $81, $75, $22, $00, $81, $74, $22, $00
08DF7 41 0C                     	db $41, $0c
08DF9 52 8D                     	dw @song0ref3239
08DFB 41 14                     	db $41, $14
08DFD 49 8D                     	dw @song0ref3230
08DFF 41 14                     	db $41, $14
08E01 49 8D                     	dw @song0ref3230
08E03 85 19 00 85               	db $85, $19, $00, $85
08E07 41 0A                     	db $41, $0a
08E09 6E 8D                     	dw @song0ref3265
08E0B 7A 19 81 00 73 1B 00 1A.. 	db $7a, $19, $81, $00, $73, $1b, $00, $1a, $00, $81, $1b, $00, $81, $78, $19, $00, $73, $1c, $00, $81, $78, $19, $00, $81
08E23 74 1C 00 7E 19 81 00 74.. 	db $74, $1c, $00, $7e, $19, $81, $00, $74, $1d, $00, $81, $75, $1c, $00, $76, $1d, $00, $81, $78, $19, $00, $81, $76, $1e
08E3B 00 78 19 00 81 1E 00 81.. 	db $00, $78, $19, $00, $81, $1e, $00, $81, $7a, $19, $81, $00, $78, $1f, $00, $79, $1e, $00, $81, $7a, $1f, $00, $81, $78
08E53 19 00 7A 20 00 81 78 19.. 	db $19, $00, $7a, $20, $00, $81, $78, $19, $00, $81, $7c, $20, $00, $7e, $19, $81, $00, $7c, $21, $00, $81, $7d, $20, $00
08E6B 7E 21 00 81 78 19 00 81.. 	db $7e, $21, $00, $81, $78, $19, $00, $81, $7e, $22, $00, $78, $19, $00, $81, $7f, $22, $00, $81
08E7E 41 0A                     	db $41, $0a
08E80 7A 8D                     	dw @song0ref3277
08E82 7E                        	db $7e
08E83 41 11                     	db $41, $11
08E85 23 8D                     	dw @song0ref3194
08E87 7A 19 81 00 8D            	db $7a, $19, $81, $00, $8d
08E8C 41 0F                     	db $41, $0f
08E8E 0F 8D                     	dw @song0ref3174
08E90 87 7A 19 81 00 81 8B      	db $87, $7a, $19, $81, $00, $81, $8b
08E97 41 0F                     	db $41, $0f
08E99 0F 8D                     	dw @song0ref3174
08E9B 87 7A 19 81 00 8D         	db $87, $7a, $19, $81, $00, $8d
08EA1 41 10                     	db $41, $10
08EA3 0F 8D                     	dw @song0ref3174
08EA5 7B 1C 87 00 89            	db $7b, $1c, $87, $00, $89
08EAA 41 27                     	db $41, $27
08EAC ED 8C                     	dw @song0ref3140
08EAE 81 83 19 00 85 7A 19 81.. 	db $81, $83, $19, $00, $85, $7a, $19, $81, $00, $8f, $78, $19, $00, $85, $19, $00, $87
08EBF 41 0D                     	db $41, $0d
08EC1 16 8D                     	dw @song0ref3181
08EC3 8F 78 19 00               	db $8f, $78, $19, $00
08EC7 41 0E                     	db $41, $0e
08EC9 49 8D                     	dw @song0ref3230
08ECB 41 0A                     	db $41, $0a
08ECD D1 8D                     	dw @song0ref3354
08ECF 41 0A                     	db $41, $0a
08ED1 E9 8D                     	dw @song0ref3375
08ED3 41 0C                     	db $41, $0c
08ED5 52 8D                     	dw @song0ref3239
08ED7 85 19 00 87 7E 19 81 81   	db $85, $19, $00, $87, $7e, $19, $81, $81
08EDF 41 0E                     	db $41, $0e
08EE1 50 8D                     	dw @song0ref3237
08EE3 41 14                     	db $41, $14
08EE5 49 8D                     	dw @song0ref3230
08EE7 85 19 00 85               	db $85, $19, $00, $85
08EEB 41 0A                     	db $41, $0a
08EED 6E 8D                     	dw @song0ref3265
08EEF 7B                        	db $7b
08EF0 41 0A                     	db $41, $0a
08EF2 7B 8D                     	dw @song0ref3278
08EF4 7E                        	db $7e
08EF5 41 11                     	db $41, $11
08EF7 23 8D                     	dw @song0ref3194
08EF9 7A 19 81 00 8F 78 19 00.. 	db $7a, $19, $81, $00, $8f, $78, $19, $00, $85
08F02 41 0C                     	db $41, $0c
08F04 13 8D                     	dw @song0ref3178
08F06 87 7A 19 81 00 8F 78 19.. 	db $87, $7a, $19, $81, $00, $8f, $78, $19, $00, $85
08F10 41 0C                     	db $41, $0c
08F12 13 8D                     	dw @song0ref3178
08F14 87 7A 19 81 00 8D         	db $87, $7a, $19, $81, $00, $8d
08F1A 41 0F                     	db $41, $0f
08F1C 0F 8D                     	dw @song0ref3174
08F1E 87                        	db $87
08F1F 41 1A                     	db $41, $1a
08F21 E8 8C                     	dw @song0ref3135
08F23 87 7A 19 81 00 8D         	db $87, $7a, $19, $81, $00, $8d
08F29 41 13                     	db $41, $13
08F2B 0F 8D                     	dw @song0ref3174
08F2D 41 14                     	db $41, $14
08F2F 0E 8D                     	dw @song0ref3173
08F31 41 11                     	db $41, $11
08F33 0E 8D                     	dw @song0ref3173
08F35 7B                        	db $7b
08F36 41 0A                     	db $41, $0a
08F38 D2 8D                     	dw @song0ref3355
08F3A 41 0A                     	db $41, $0a
08F3C E9 8D                     	dw @song0ref3375
08F3E 41 0D                     	db $41, $0d
08F40 02 8D                     	dw @song0ref3161
08F42 41 14                     	db $41, $14
08F44 49 8D                     	dw @song0ref3230
08F46 41 14                     	db $41, $14
08F48 49 8D                     	dw @song0ref3230
08F4A 41 0E                     	db $41, $0e
08F4C 49 8D                     	dw @song0ref3230
08F4E 7E 1C 87 00 89 78 19 00.. 	db $7e, $1c, $87, $00, $89, $78, $19, $00, $85, $19, $00, $83, $83
08F5B 41 0A                     	db $41, $0a
08F5D E9 8D                     	dw @song0ref3375
08F5F 41 0C                     	db $41, $0c
08F61 52 8D                     	dw @song0ref3239
08F63 85 19 00 85               	db $85, $19, $00, $85
08F67 41 0A                     	db $41, $0a
08F69 6E 8D                     	dw @song0ref3265
08F6B 7A 19 81 00 8F 78 19 00.. 	db $7a, $19, $81, $00, $8f, $78, $19, $00, $85
08F74 41 0C                     	db $41, $0c
08F76 13 8D                     	dw @song0ref3178
08F78 87 7A 19 81 00 8F 78 19.. 	db $87, $7a, $19, $81, $00, $8f, $78, $19, $00, $85
08F82 41 0C                     	db $41, $0c
08F84 13 8D                     	dw @song0ref3178
08F86 87 7A 19 81 00 89 83      	db $87, $7a, $19, $81, $00, $89, $83
08F8D 41 0F                     	db $41, $0f
08F8F 73 8D                     	dw @song0ref3270
08F91 87 7A 19 81               	db $87, $7a, $19, $81
08F95 41 11                     	db $41, $11
08F97 71 8D                     	dw @song0ref3268
08F99 87 7A 19 81 00 8D 78 19.. 	db $87, $7a, $19, $81, $00, $8d, $78, $19, $00, $87, $19, $00, $85, $7b
08FA7 41 0A                     	db $41, $0a
08FA9 D2 8D                     	dw @song0ref3355
08FAB 7D                        	db $7d
08FAC 41 0A                     	db $41, $0a
08FAE E9 8C                     	dw @song0ref3136
08FB0 7B 1C 87 00 89 1C 85 00.. 	db $7b, $1c, $87, $00, $89, $1c, $85, $00, $1c, $81, $83, $00, $7e, $1c, $87, $00, $76, $19, $00
08FC3                           @song0ref3807:
08FC3 85 78 19 00               	db $85, $78, $19, $00
08FC7                           @song0ref3811:
08FC7 87 19 00 85 19 00 85 77.. 	db $87, $19, $00, $85, $19, $00, $85, $77, $19, $00, $87, $7e
08FD3                           @song0ref3823:
08FD3 19 83 00 81               	db $19, $83, $00, $81
08FD7                           @song0ref3827:
08FD7 76                        	db $76
08FD8                           @song0ref3828:
08FD8 19 00                     	db $19, $00
08FDA                           @song0ref3830:
08FDA 85 78 19 00 87 19 00 85.. 	db $85, $78, $19, $00, $87, $19, $00, $85, $7f, $19, $83, $00, $81, $77, $19, $00, $87
08FEB                           @song0ref3847:
08FEB 7E 1C 85 00 76 19 00 87.. 	db $7e, $1c, $85, $00, $76, $19, $00, $87, $78, $19, $00, $85, $19, $00, $85, $19, $00, $87, $77, $19, $00, $85, $7e
09002                           @song0ref3870:
09002 19 83 00 81 76 19 00 87   	db $19, $83, $00, $81, $76, $19, $00, $87
0900A                           @song0ref3878:
0900A 78 19 00 85 19 00 87 7B.. 	db $78, $19, $00, $85, $19, $00, $87, $7b, $1c, $85, $00, $1c, $85, $00, $7e
09019                           @song0ref3893:
09019 1C 87 00 76 19 00 85 78.. 	db $1c, $87, $00, $76, $19, $00, $85, $78, $19, $00, $85, $19, $00, $87, $19, $00, $85, $77, $19, $00, $85, $7e, $19, $83
09031 00 83                     	db $00, $83
09033 41 15                     	db $41, $15
09035 D7 8F                     	dw @song0ref3827
09037 41 0D                     	db $41, $0d
09039 C3 8F                     	dw @song0ref3807
0903B 41 0C                     	db $41, $0c
0903D EB 8F                     	dw @song0ref3847
0903F 7F 19 83 00 83 77 19 00.. 	db $7f, $19, $83, $00, $83, $77, $19, $00, $85
09048 41 15                     	db $41, $15
0904A EB 8F                     	dw @song0ref3847
0904C 83 76 19 00 85            	db $83, $76, $19, $00, $85
09051 41 14                     	db $41, $14
09053 0A 90                     	dw @song0ref3878
09055 41 17                     	db $41, $17
09057 C7 8F                     	dw @song0ref3811
09059 7B 1C 85 00 1C 87 00      	db $7b, $1c, $85, $00, $1c, $87, $00
09060 41 12                     	db $41, $12
09062 EB 8F                     	dw @song0ref3847
09064 7F                        	db $7f
09065 41 0C                     	db $41, $0c
09067 02 90                     	dw @song0ref3870
09069 85 7A 19 81 00 85 77 19.. 	db $85, $7a, $19, $81, $00, $85, $77, $19, $00, $85, $7b
09074 41 0C                     	db $41, $0c
09076 19 90                     	dw @song0ref3893
09078 7F                        	db $7f
09079 41 10                     	db $41, $10
0907B D3 8F                     	dw @song0ref3823
0907D 83 76 19 00 85 7B 1C 85.. 	db $83, $76, $19, $00, $85, $7b, $1c, $85, $00, $1c, $87, $00, $7e, $1c, $85, $00, $77
0908E 41 10                     	db $41, $10
09090 D8 8F                     	dw @song0ref3828
09092                           @song0ref4003:
09092 78 19 00 85 19 00 87 7A.. 	db $78, $19, $00, $85, $19, $00, $87, $7a, $19, $81, $00, $83, $77
0909F 41 10                     	db $41, $10
090A1 D8 8F                     	dw @song0ref3828
090A3                           @song0ref4019:
090A3 78 19 00 85 19 00 85 7A.. 	db $78, $19, $00, $85, $19, $00, $85, $7a, $19, $81, $00, $85, $77
090B0 41 10                     	db $41, $10
090B2 D8 8F                     	dw @song0ref3828
090B4 78 19 00 81 83            	db $78, $19, $00, $81, $83
090B9                           @song0ref4040:
090B9 19 00 85 7A 19 81 00      	db $19, $00, $85, $7a, $19, $81, $00
090C0                           @song0ref4047:
090C0 85                        	db $85
090C1                           @song0ref4048:
090C1 77 19 00 85 78 19 00 85.. 	db $77, $19, $00, $85, $78, $19, $00, $85, $19, $00, $87, $7f, $19, $83, $00, $81, $77, $19, $00, $87
090D5 41 0A                     	db $41, $0a
090D7 A3 90                     	dw @song0ref4019
090D9 41 10                     	db $41, $10
090DB C1 90                     	dw @song0ref4048
090DD 41 0A                     	db $41, $0a
090DF A3 90                     	dw @song0ref4019
090E1 41 0F                     	db $41, $0f
090E3 C1 90                     	dw @song0ref4048
090E5 85 78 19 00 87            	db $85, $78, $19, $00, $87
090EA 41 11                     	db $41, $11
090EC B9 90                     	dw @song0ref4040
090EE 81 81                     	db $81, $81
090F0                           @song0ref4090:
090F0 00 81 77 19 00 85 7B 1C.. 	db $00, $81, $77, $19, $00, $85, $7b, $1c, $87, $00, $78
090FB                           @song0ref4101:
090FB 19 00 85 7A 19 81 00 83.. 	db $19, $00, $85, $7a, $19, $81, $00, $83, $77, $19, $00, $87, $7b, $1c, $85, $00, $78, $19, $00, $87, $7f, $19, $83
09112 41 0B                     	db $41, $0b
09114 F0 90                     	dw @song0ref4090
09116 7B                        	db $7b
09117                           @song0ref4128:
09117 1C 85 00                  	db $1c, $85, $00
0911A                           @song0ref4131:
0911A 77 19 00 87               	db $77, $19, $00, $87
0911E                           @song0ref4135:
0911E 78 19 00 85 19 00 85 7F.. 	db $78, $19, $00, $85, $19, $00, $85, $7f, $19, $83, $00, $83, $77, $19, $00, $85, $78, $19, $00, $87
09132 41 0A                     	db $41, $0a
09134 FB 90                     	dw @song0ref4101
09136 41 10                     	db $41, $10
09138 1E 91                     	dw @song0ref4135
0913A 41 0A                     	db $41, $0a
0913C FB 90                     	dw @song0ref4101
0913E 41 0F                     	db $41, $0f
09140 1E 91                     	dw @song0ref4135
09142 85 19 00 87 7A 19 81 00.. 	db $85, $19, $00, $87, $7a, $19, $81, $00, $83
0914B 41 12                     	db $41, $12
0914D 1A 91                     	dw @song0ref4131
0914F 85 19 00 87 7A 19 81 00.. 	db $85, $19, $00, $87, $7a, $19, $81, $00, $83, $77
09159 41 0C                     	db $41, $0c
0915B D8 8F                     	dw @song0ref3828
0915D 83 77 19 00 85            	db $83, $77, $19, $00, $85
09162 41 0A                     	db $41, $0a
09164 92 90                     	dw @song0ref4003
09166 77                        	db $77
09167 41 10                     	db $41, $10
09169 D8 8F                     	dw @song0ref3828
0916B 41 0A                     	db $41, $0a
0916D 92 90                     	dw @song0ref4003
0916F 77                        	db $77
09170 41 10                     	db $41, $10
09172 D8 8F                     	dw @song0ref3828
09174 41 0A                     	db $41, $0a
09176 92 90                     	dw @song0ref4003
09178 77                        	db $77
09179 41 10                     	db $41, $10
0917B D8 8F                     	dw @song0ref3828
0917D 78 19 00 85 19 00 85 7D.. 	db $78, $19, $00, $85, $19, $00, $85, $7d, $1c, $87, $00, $77
09189 41 10                     	db $41, $10
0918B D8 8F                     	dw @song0ref3828
0918D 41 0A                     	db $41, $0a
0918F A3 90                     	dw @song0ref4019
09191 41 0F                     	db $41, $0f
09193 C1 90                     	dw @song0ref4048
09195 85                        	db $85
09196 41 0A                     	db $41, $0a
09198 02 8D                     	dw @song0ref3161
0919A 41 10                     	db $41, $10
0919C C0 90                     	dw @song0ref4047
0919E 85 78 19 00 87            	db $85, $78, $19, $00, $87
091A3 41 16                     	db $41, $16
091A5 B9 90                     	dw @song0ref4040
091A7 85 78 19 00 87            	db $85, $78, $19, $00, $87
091AC 41 16                     	db $41, $16
091AE B9 90                     	dw @song0ref4040
091B0 85 78 19 00 87            	db $85, $78, $19, $00, $87
091B5 41 0A                     	db $41, $0a
091B7 FB 90                     	dw @song0ref4101
091B9 78 19 00 85 19 00 83 83.. 	db $78, $19, $00, $85, $19, $00, $83, $83, $7f, $19, $83, $00, $81, $77, $19, $00, $85, $78, $19, $00, $87
091CE 41 0A                     	db $41, $0a
091D0 FB 90                     	dw @song0ref4101
091D2 41 10                     	db $41, $10
091D4 1E 91                     	dw @song0ref4135
091D6 41 0A                     	db $41, $0a
091D8 FB 90                     	dw @song0ref4101
091DA 41 0F                     	db $41, $0f
091DC 1E 91                     	dw @song0ref4135
091DE 85 19 00 87 7D            	db $85, $19, $00, $87, $7d
091E3 41 15                     	db $41, $15
091E5 17 91                     	dw @song0ref4128
091E7                           @song0ref4311:
091E7 85 19 00 87 7A 19 81 00.. 	db $85, $19, $00, $87, $7a, $19, $81, $00, $83, $77, $19, $00, $81, $85
091F5 41 0F                     	db $41, $0f
091F7 1E 91                     	dw @song0ref4135
091F9 41 0A                     	db $41, $0a
091FB E7 91                     	dw @song0ref4311
091FD 41 0A                     	db $41, $0a
091FF DA 8F                     	dw @song0ref3830
09201 83 77 19 00 85            	db $83, $77, $19, $00, $85
09206 41 0A                     	db $41, $0a
09208 92 90                     	dw @song0ref4003
0920A 77 19 00 85 78 19 00 87.. 	db $77, $19, $00, $85, $78, $19, $00, $87, $19, $00, $85, $7d
09216 41 0B                     	db $41, $0b
09218 17 91                     	dw @song0ref4128
0921A 87 7E 1C 85 00 77         	db $87, $7e, $1c, $85, $00, $77
09220 41 10                     	db $41, $10
09222 D8 8F                     	dw @song0ref3828
09224 41 0A                     	db $41, $0a
09226 92 90                     	dw @song0ref4003
09228 77                        	db $77
09229 41 10                     	db $41, $10
0922B D8 8F                     	dw @song0ref3828
0922D 78 19 00 85 19 00 85 7A.. 	db $78, $19, $00, $85, $19, $00, $85, $7a, $19, $81, $00, $73, $1b, $00, $81, $77, $19, $00, $73, $1b, $00, $81, $78, $19
09245 00 81 73 1C 00 81 78 19.. 	db $00, $81, $73, $1c, $00, $81, $78, $19, $00, $74, $1c, $00, $81, $7f, $19, $81, $00, $74, $1d, $00, $77, $19, $00, $81
0925D 76 1D 00 81 78 19 00 76.. 	db $76, $1d, $00, $81, $78, $19, $00, $76, $1e, $00, $81, $78, $19, $00, $81, $1e, $00, $7a, $19, $81, $00, $78, $1f, $00
09275 81 77 19 00 7A 1F 00 81.. 	db $81, $77, $19, $00, $7a, $1f, $00, $81, $78, $19, $00, $81, $7a, $20, $00, $78, $19, $00, $81, $7c, $20, $00, $81, $7f
0928D 19 81 00 7C 21 00 77 19.. 	db $19, $81, $00, $7c, $21, $00, $77, $19, $00, $81, $7e, $21, $00, $81, $78, $19, $00, $7e, $22, $00, $81, $78, $19, $00
092A5 81 7F 22 00 42            	db $81, $7f, $22, $00, $42
092AA E8 8C                     	dw @song0ch3loop
092AC                           @song0ch4:
092AC FF FF FF FF FF FF FF FF.. 	db $ff, $ff, $ff, $ff, $ff, $ff, $ff, $ff, $ff, $f7
092B6                           @song0ch4loop:
092B6                           @song0ref4511:
092B6 FF FF BF FF FF BF FF FF.. 	db $ff, $ff, $bf, $ff, $ff, $bf, $ff, $ff, $bf, $ff, $ff, $bf
092C2 41 0C                     	db $41, $0c
092C4 B6 92                     	dw @song0ref4511
092C6 41 0C                     	db $41, $0c
092C8 B6 92                     	dw @song0ref4511
092CA 41 0C                     	db $41, $0c
092CC B6 92                     	dw @song0ref4511
092CE 41 0C                     	db $41, $0c
092D0 B6 92                     	dw @song0ref4511
092D2 41 0C                     	db $41, $0c
092D4 B6 92                     	dw @song0ref4511
092D6 FF FF BF FF FF BF FF FF.. 	db $ff, $ff, $bf, $ff, $ff, $bf, $ff, $ff, $87, $42
092E0 B6 92                     	dw @song0ch4loop
092E2                           dark_prison_data_end:
092E2 00 00 00 00 00 00 00 00..     .org $a000
